<html>
<body>
<pre>
<h1>礦ision Build Log</h1>
<h2>Project:</h2>
C:\Users\杨勇\Desktop\毕业设计\git工程\j1939-\数据上报及其oled显示\Project\RVMDK（uv4）\STM32.uvproj
Project File Date:  03/31/2023

<h2>Output:</h2>
Rebuild target 'ESP8266'
assembling startup_stm32f10x_hd.s...
compiling core_cm3.c...
compiling system_stm32f10x.c...
compiling misc.c...
compiling stm32f10x_adc.c...
compiling stm32f10x_bkp.c...
compiling stm32f10x_can.c...
compiling stm32f10x_cec.c...
compiling stm32f10x_crc.c...
compiling stm32f10x_dac.c...
compiling stm32f10x_dbgmcu.c...
compiling stm32f10x_dma.c...
compiling stm32f10x_exti.c...
compiling stm32f10x_flash.c...
compiling stm32f10x_fsmc.c...
compiling stm32f10x_gpio.c...
compiling stm32f10x_i2c.c...
compiling stm32f10x_iwdg.c...
compiling stm32f10x_pwr.c...
compiling stm32f10x_rcc.c...
compiling stm32f10x_rtc.c...
compiling stm32f10x_sdio.c...
compiling stm32f10x_spi.c...
compiling stm32f10x_tim.c...
compiling stm32f10x_usart.c...
compiling stm32f10x_wwdg.c...
compiling main.c...
..\..\User\wifi\wifi_function.h(28): warning:  #1295-D: Deprecated declaration ESP8266_Link_Server - give arg types
  bool        ESP8266_Link_Server                 ( );
..\..\User\wifi\wifi_function.h(30): warning:  #1295-D: Deprecated declaration ESP8266_SendString - give arg types
  bool        ESP8266_SendString                  (  );
..\..\User\main.c(32): warning:  #177-D: variable "cCh" was declared but never referenced
    char cCh;   
..\..\User\main.c(33): warning:  #177-D: variable "t" was declared but never referenced
        u8 t;
..\..\User\main.c: 4 warnings, 0 errors
compiling stm32f10x_it.c...
compiling bsp_usart1.c...
compiling bsp_usart2.c...
compiling bsp_gpio.c...
compiling bsp_SysTick.c...
compiling wifi_config.c...
compiling wifi_function.c...
..\..\User\wifi\wifi_function.h(28): warning:  #1295-D: Deprecated declaration ESP8266_Link_Server - give arg types
  bool        ESP8266_Link_Server                 ( );
..\..\User\wifi\wifi_function.h(30): warning:  #1295-D: Deprecated declaration ESP8266_SendString - give arg types
  bool        ESP8266_SendString                  (  );
..\..\User\wifi\wifi_function.c(142): warning:  #223-D: function "delay_ms" declared implicitly
        delay_ms(800000);
..\..\User\wifi\wifi_function.c(146): warning:  #140-D: too many arguments in function call
                ESP8266_Link_Server ( enumTCP,ip, port, Multiple_ID_0 );
..\..\User\wifi\wifi_function.c(150): warning:  #128-D: loop is not reachable
        while (1)
..\..\User\wifi\wifi_function.c(136): warning:  #177-D: variable "wifiname" was declared but never referenced
        char wifiname[]="1702";
..\..\User\wifi\wifi_function.c(137): warning:  #177-D: variable "wifipswd" was declared but never referenced
        char wifipswd[]="12345678";
..\..\User\wifi\wifi_function.c: 7 warnings, 0 errors
compiling oled.c...
compiling delay.c...
compiling sys.c...
compiling usart.c...
linking...
Program Size: Code=7758 RO-data=2410 RW-data=948 ZI-data=2252  
FromELF: creating hex file...
"..\..\Output\Template.axf" - 0 Error(s), 11 Warning(s).
</pre>
</body>
</html>
