Product: MDK-ARM Standard 5.10
Component: ARM Compiler 5.04 update 1 (build 49)
Tool: armlink [5040049]

==============================================================================

Section Cross References

    startup_stm32f10x_hd.o(RESET) refers to startup_stm32f10x_hd.o(STACK) for __initial_sp
    startup_stm32f10x_hd.o(RESET) refers to startup_stm32f10x_hd.o(.text) for Reset_Handler
    startup_stm32f10x_hd.o(RESET) refers to stm32f10x_it.o(.text) for NMI_Handler
    startup_stm32f10x_hd.o(RESET) refers to can.o(.text) for USB_LP_CAN1_RX0_IRQHandler
    startup_stm32f10x_hd.o(.text) refers to system_stm32f10x.o(.text) for SystemInit
    startup_stm32f10x_hd.o(.text) refers to entry.o(.ARM.Collect$$$$00000000) for __main
    system_stm32f10x.o(.text) refers to system_stm32f10x.o(.data) for SystemCoreClock
    stm32f10x_adc.o(.text) refers to stm32f10x_rcc.o(.text) for RCC_APB2PeriphResetCmd
    stm32f10x_bkp.o(.text) refers to stm32f10x_rcc.o(.text) for RCC_BackupResetCmd
    stm32f10x_can.o(.text) refers to stm32f10x_rcc.o(.text) for RCC_APB1PeriphResetCmd
    stm32f10x_cec.o(.text) refers to stm32f10x_rcc.o(.text) for RCC_APB1PeriphResetCmd
    stm32f10x_dac.o(.text) refers to stm32f10x_rcc.o(.text) for RCC_APB1PeriphResetCmd
    stm32f10x_gpio.o(.text) refers to stm32f10x_rcc.o(.text) for RCC_APB2PeriphResetCmd
    stm32f10x_i2c.o(.text) refers to stm32f10x_rcc.o(.text) for RCC_APB1PeriphResetCmd
    stm32f10x_pwr.o(.text) refers to stm32f10x_rcc.o(.text) for RCC_APB1PeriphResetCmd
    stm32f10x_rcc.o(.text) refers to stm32f10x_rcc.o(.data) for APBAHBPrescTable
    stm32f10x_spi.o(.text) refers to stm32f10x_rcc.o(.text) for RCC_APB2PeriphResetCmd
    stm32f10x_tim.o(.text) refers to stm32f10x_rcc.o(.text) for RCC_APB2PeriphResetCmd
    stm32f10x_usart.o(.text) refers to stm32f10x_rcc.o(.text) for RCC_APB2PeriphResetCmd
    stm32f10x_wwdg.o(.text) refers to stm32f10x_rcc.o(.text) for RCC_APB1PeriphResetCmd
    main.o(.text) refers to stm32f10x_rcc.o(.text) for RCC_APB2PeriphClockCmd
    main.o(.text) refers to stm32f10x_gpio.o(.text) for GPIO_Init
    main.o(.text) refers to can.o(.text) for can_tx
    main.o(.text) refers to system_stm32f10x.o(.text) for SystemInit
    main.o(.text) refers to led.o(.text) for LED_GPIO_Config
    main.o(.text) refers to wifi_config.o(.text) for NVIC_Configuration
    main.o(.text) refers to bsp_gpio.o(.text) for GPIO_Config
    main.o(.text) refers to bsp_usart1.o(.text) for USART1_Config
    main.o(.text) refers to bsp_usart2.o(.text) for USART2_Config
    main.o(.text) refers to j1939.o(.text) for J1939_Initialization
    main.o(.text) refers to bsp_systick.o(.text) for SysTick_Init
    main.o(.text) refers to printf3.o(i.__0printf$3) for __2printf
    main.o(.text) refers to wifi_function.o(.text) for ESP8266_STA_TCP_Client
    main.o(.text) refers to testmsg.o(.text) for testallmsg_group1
    main.o(.text) refers to main.o(.bss) for Msg
    stm32f10x_it.o(.text) refers to bsp_systick.o(.text) for TimingDelay_Decrement
    stm32f10x_it.o(.text) refers to stm32f10x_usart.o(.text) for USART_GetITStatus
    stm32f10x_it.o(.text) refers to wifi_config.o(.bss) for strEsp8266_Fram_Record
    bsp_usart1.o(.text) refers to stm32f10x_rcc.o(.text) for RCC_APB2PeriphClockCmd
    bsp_usart1.o(.text) refers to stm32f10x_gpio.o(.text) for GPIO_Init
    bsp_usart1.o(.text) refers to stm32f10x_usart.o(.text) for USART_Init
    bsp_usart2.o(.text) refers to stm32f10x_rcc.o(.text) for RCC_APB2PeriphClockCmd
    bsp_usart2.o(.text) refers to stm32f10x_gpio.o(.text) for GPIO_Init
    bsp_usart2.o(.text) refers to stm32f10x_usart.o(.text) for USART_Init
    bsp_gpio.o(.text) refers to stm32f10x_rcc.o(.text) for RCC_APB2PeriphClockCmd
    bsp_gpio.o(.text) refers to stm32f10x_gpio.o(.text) for GPIO_Init
    bsp_systick.o(.text) refers to system_stm32f10x.o(.data) for SystemCoreClock
    bsp_systick.o(.text) refers to bsp_systick.o(.data) for TimingDelay
    wifi_config.o(.text) refers to misc.o(.text) for NVIC_PriorityGroupConfig
    wifi_config.o(.text) refers to bsp_gpio.o(.text) for GPIO_Config
    wifi_config.o(.text) refers to bsp_usart1.o(.text) for USART1_Config
    wifi_config.o(.text) refers to bsp_usart2.o(.text) for USART2_Config
    wifi_function.o(.text) refers to stm32f10x_gpio.o(.text) for GPIO_SetBits
    wifi_function.o(.text) refers to bsp_systick.o(.text) for Delay_ms
    wifi_function.o(.text) refers to bsp_usart2.o(.text) for USART2_printf
    wifi_function.o(.text) refers to printf3.o(i.__0printf$3) for __2printf
    wifi_function.o(.text) refers to strstr.o(.text) for strstr
    wifi_function.o(.text) refers to printf3.o(i.__0sprintf$3) for __2sprintf
    wifi_function.o(.text) refers to memseta.o(.text) for __aeabi_memclr4
    wifi_function.o(.text) refers to wifi_config.o(.bss) for strEsp8266_Fram_Record
    led.o(.text) refers to stm32f10x_rcc.o(.text) for RCC_APB2PeriphClockCmd
    led.o(.text) refers to stm32f10x_gpio.o(.text) for GPIO_Init
[...]
    CCVS3                                    0x080064bb   Thumb Code    48  msg.o(.text)
    AT2AC3                                   0x080064eb   Thumb Code    24  msg.o(.text)
    AT1AC3                                   0x08006503   Thumb Code    24  msg.o(.text)
    EFL_P12                                  0x0800651b   Thumb Code    30  msg.o(.text)
    DPFC2                                    0x08006539   Thumb Code    54  msg.o(.text)
    LFE2                                     0x0800656f   Thumb Code    36  msg.o(.text)
    SFS                                      0x08006593   Thumb Code   106  msg.o(.text)
    EBCC                                     0x080065fd   Thumb Code    34  msg.o(.text)
    EFP                                      0x0800661f   Thumb Code    54  msg.o(.text)
    HOP                                      0x08006655   Thumb Code    54  msg.o(.text)
    VLS2                                     0x0800668b   Thumb Code    92  msg.o(.text)
    EC3                                      0x080066e7   Thumb Code    42  msg.o(.text)
    IVAC                                     0x08006711   Thumb Code    40  msg.o(.text)
    ARMSWIMC                                 0x08006739   Thumb Code    66  msg.o(.text)
    VEP4                                     0x0800677b   Thumb Code    24  msg.o(.text)
    AFT2NAI                                  0x08006793   Thumb Code    40  msg.o(.text)
    AFT1NAI                                  0x080067bb   Thumb Code    40  msg.o(.text)
    AT2WUDOC                                 0x080067e3   Thumb Code    34  msg.o(.text)
    LLRE                                     0x08006805   Thumb Code    54  msg.o(.text)
    EFL_P11                                  0x0800683b   Thumb Code    34  msg.o(.text)
    EFS2                                     0x0800685d   Thumb Code    18  msg.o(.text)
    Information                              0x0800686f   Thumb Code   114  msg.o(.text)
    EFTVI1                                   0x080068e1   Thumb Code   166  msg.o(.text)
    ETCBI                                    0x08006987   Thumb Code    78  msg.o(.text)
    CAC2                                     0x080069d5   Thumb Code    48  msg.o(.text)
    CAC2P                                    0x08006a05   Thumb Code    38  msg.o(.text)
    CAC1                                     0x08006a2b   Thumb Code    38  msg.o(.text)
    CAC1P                                    0x08006a51   Thumb Code    38  msg.o(.text)
    DPF2S2                                   0x08006a77   Thumb Code    44  msg.o(.text)
    DPF1S2                                   0x08006aa3   Thumb Code    44  msg.o(.text)
    EEC11                                    0x08006acf   Thumb Code    54  msg.o(.text)
    EMAP                                     0x08006b05   Thumb Code    34  msg.o(.text)
    EMAC                                     0x08006b27   Thumb Code    34  msg.o(.text)
    EEC9                                     0x08006b49   Thumb Code    54  msg.o(.text)
    EEC10                                    0x08006b7f   Thumb Code    42  msg.o(.text)
    ET5                                      0x08006ba9   Thumb Code    34  msg.o(.text)
    EFL_P10                                  0x08006bcb   Thumb Code    52  msg.o(.text)
    LVDS                                     0x08006bff   Thumb Code   104  msg.o(.text)
    DLCD2                                    0x08006c67   Thumb Code    78  msg.o(.text)
    DLCD1                                    0x08006cb5   Thumb Code   184  msg.o(.text)
    DLCC2                                    0x08006d6d   Thumb Code    78  msg.o(.text)
    DLCC1                                    0x08006dbb   Thumb Code   170  msg.o(.text)
    EOM                                      0x08006e65   Thumb Code    66  msg.o(.text)
    AT2OGC2                                  0x08006ea7   Thumb Code    34  msg.o(.text)
    AT2OGC1                                  0x08006ec9   Thumb Code    48  msg.o(.text)
    AT2IGC2                                  0x08006ef9   Thumb Code    34  msg.o(.text)
    AT2IGC1                                  0x08006f1b   Thumb Code    48  msg.o(.text)
    AT1OGC2                                  0x08006f4b   Thumb Code    34  msg.o(.text)
    AT1OGC1                                  0x08006f6d   Thumb Code    48  msg.o(.text)
    AT1IGC2                                  0x08006f9d   Thumb Code    34  msg.o(.text)
    AT1IGC1                                  0x08006fbf   Thumb Code    48  msg.o(.text)
    MSI1                                     0x08006fef   Thumb Code   118  msg.o(.text)
    MSCI                                     0x08007065   Thumb Code    28  msg.o(.text)
    BCH2                                     0x08007081   Thumb Code    60  msg.o(.text)
    BCH1                                     0x080070bd   Thumb Code    60  msg.o(.text)
    OCSI                                     0x080070f9   Thumb Code   144  msg.o(.text)
    BDS                                      0x08007189   Thumb Code   158  msg.o(.text)
    CSI                                      0x08007227   Thumb Code   212  msg.o(.text)
    ILI                                      0x080072fb   Thumb Code  1464  msg.o(.text)
    AT1WUDOC                                 0x080078b3   Thumb Code    34  msg.o(.text)
    DPF2S                                    0x080078d5   Thumb Code    58  msg.o(.text)
    DPF1S                                    0x0800790f   Thumb Code    58  msg.o(.text)
    ATDT2                                    0x08007949   Thumb Code    34  msg.o(.text)
    ATDT1                                    0x0800796b   Thumb Code    34  msg.o(.text)
    A2DOC                                    0x0800798d   Thumb Code    94  msg.o(.text)
    A1DOC                                    0x080079eb   Thumb Code    94  msg.o(.text)
    A2GOC                                    0x08007a49   Thumb Code    94  msg.o(.text)
    A1GOC                                    0x08007aa7   Thumb Code    94  msg.o(.text)
    EJM10                                    0x08007b05   Thumb Code   176  msg.o(.text)
    BJM10                                    0x08007bb5   Thumb Code   278  msg.o(.text)
    EJM9                                     0x08007ccb   Thumb Code   176  msg.o(.text)
    BJM9                                     0x08007d7b   Thumb Code   278  msg.o(.text)
    EJM8                                     0x08007e91   Thumb Code   176  msg.o(.text)
    BJM8                                     0x08007f41   Thumb Code   278  msg.o(.text)
    EJM7                                     0x08008057   Thumb Code   176  msg.o(.text)
    BJM7                                     0x08008107   Thumb Code   278  msg.o(.text)
    EJM6                                     0x0800821d   Thumb Code   176  msg.o(.text)
    BJM6                                     0x080082cd   Thumb Code   278  msg.o(.text)
    EJM5                                     0x080083e3   Thumb Code   176  msg.o(.text)
    BJM5                                     0x08008493   Thumb Code   278  msg.o(.text)
    EJM4                                     0x080085a9   Thumb Code   176  msg.o(.text)
    BJM4                                     0x08008659   Thumb Code   278  msg.o(.text)
    FD2                                      0x0800876f   Thumb Code    54  msg.o(.text)
    A2DEFSI                                  0x080087a5   Thumb Code    52  msg.o(.text)
    A2SCRRT2I                                0x080087d9   Thumb Code    72  msg.o(.text)
    A2SCRRT1I                                0x08008821   Thumb Code    72  msg.o(.text)
    A2DEFI                                   0x08008869   Thumb Code    62  msg.o(.text)
    A2SCRSI                                  0x080088a7   Thumb Code    38  msg.o(.text)
    A2SCREGT1                                0x080088cd   Thumb Code    58  msg.o(.text)
    A2SCREGP                                 0x08008907   Thumb Code    36  msg.o(.text)
    A2SCRDSR2                                0x0800892b   Thumb Code   102  msg.o(.text)
    A2SCRDSI2                                0x08008991   Thumb Code   156  msg.o(.text)
    A1DEFSI                                  0x08008a2d   Thumb Code    52  msg.o(.text)
    A1SCRRT2I                                0x08008a61   Thumb Code    72  msg.o(.text)
    A1SCREGT1                                0x08008aa9   Thumb Code    58  msg.o(.text)
    A1SCREGP                                 0x08008ae3   Thumb Code    36  msg.o(.text)
    A1SCRDSR2                                0x08008b07   Thumb Code   106  msg.o(.text)
    A1SCRDSI2                                0x08008b71   Thumb Code   156  msg.o(.text)
    AT2FC2                                   0x08008c0d   Thumb Code    60  msg.o(.text)
    AT2TWCC                                  0x08008c49   Thumb Code    94  msg.o(.text)
    AT1TWCC                                  0x08008ca7   Thumb Code    94  msg.o(.text)
    O2FT2                                    0x08008d05   Thumb Code    46  msg.o(.text)
    O2FT1                                    0x08008d33   Thumb Code    46  msg.o(.text)
    ACCVC                                    0x08008d61   Thumb Code    34  msg.o(.text)
    ECCVC                                    0x08008d83   Thumb Code    42  msg.o(.text)
    EAI                                      0x08008dad   Thumb Code    44  msg.o(.text)
    AT1FC2                                   0x08008dd9   Thumb Code    64  msg.o(.text)
    ET4                                      0x08008e19   Thumb Code    46  msg.o(.text)
    ZNVW                                     0x08008e47   Thumb Code    26  msg.o(.text)
    GCVW                                     0x08008e61   Thumb Code    46  msg.o(.text)
    AGCW                                     0x08008e8f   Thumb Code    46  msg.o(.text)
    AGW                                      0x08008ebd   Thumb Code    36  msg.o(.text)
    AAGW                                     0x08008ee1   Thumb Code   196  msg.o(.text)
    AT2AC2                                   0x08008fa5   Thumb Code    54  msg.o(.text)
    AT1AC2                                   0x08008fdb   Thumb Code    54  msg.o(.text)
    SCR1                                     0x08009011   Thumb Code    48  msg.o(.text)
    EEC8                                     0x08009041   Thumb Code    48  msg.o(.text)
    DRC                                      0x08009071   Thumb Code   214  msg.o(.text)
    BSA                                      0x08009147   Thumb Code   338  msg.o(.text)
    ESV6                                     0x08009299   Thumb Code    54  msg.o(.text)
    ESV5                                     0x080092cf   Thumb Code    54  msg.o(.text)
    ESV4                                     0x08009305   Thumb Code    54  msg.o(.text)
    ESV3                                     0x0800933b   Thumb Code    54  msg.o(.text)
    ESV2                                     0x08009371   Thumb Code    54  msg.o(.text)
    ESV1                                     0x080093a7   Thumb Code    54  msg.o(.text)
    AT2TI                                    0x080093dd   Thumb Code   202  msg.o(.text)
    AT1TI                                    0x080094a7   Thumb Code   202  msg.o(.text)
    AT2S                                     0x08009571   Thumb Code    54  msg.o(.text)
    AT1S                                     0x080095a7   Thumb Code    54  msg.o(.text)
    DPFC1                                    0x080095dd   Thumb Code   338  msg.o(.text)
    AFSS                                     0x0800972f   Thumb Code    64  msg.o(.text)
    EC2                                      0x0800976f   Thumb Code    18  msg.o(.text)
    EGRBV                                    0x08009781   Thumb Code    18  msg.o(.text)
    TCI                                      0x08009793   Thumb Code    26  msg.o(.text)
    EFL_P9                                   0x080097ad   Thumb Code    54  msg.o(.text)
    EFL_P8                                   0x080097e3   Thumb Code    54  msg.o(.text)
    EFL_P7                                   0x08009819   Thumb Code    54  msg.o(.text)
    EFL_P6                                   0x0800984f   Thumb Code    54  msg.o(.text)
    EFL_P5                                   0x08009885   Thumb Code    54  msg.o(.text)
    VDS2                                     0x080098bb   Thumb Code    24  msg.o(.text)
    J2012                                    0x080098d3   Thumb Code    88  msg.o(.text)
    AT2GP                                    0x0800992b   Thumb Code    34  msg.o(.text)
    AT1GP                                    0x0800994d   Thumb Code    34  msg.o(.text)
    AETC                                     0x0800996f   Thumb Code    32  msg.o(.text)
    EOI                                      0x0800998f   Thumb Code   198  msg.o(.text)
    EEC7                                     0x08009a55   Thumb Code    54  msg.o(.text)
    TRF2                                     0x08009a8b   Thumb Code   106  msg.o(.text)
    AT1HI                                    0x08009af5   Thumb Code   260  msg.o(.text)
    AT2HI                                    0x08009bf9   Thumb Code   260  msg.o(.text)
    A1DEFI                                   0x08009cfd   Thumb Code    62  msg.o(.text)
    SEP2                                     0x08009d3b   Thumb Code    54  msg.o(.text)
    SEP1                                     0x08009d71   Thumb Code    54  msg.o(.text)
    AT2AC1                                   0x08009da7   Thumb Code   112  msg.o(.text)
    AT1AC1                                   0x08009e17   Thumb Code   112  msg.o(.text)
    AT2FC1                                   0x08009e87   Thumb Code   100  msg.o(.text)
    AT1FC1                                   0x08009eeb   Thumb Code   100  msg.o(.text)
    GFI                                      0x08009f4f   Thumb Code    48  msg.o(.text)
    EEC6                                     0x08009f7f   Thumb Code    70  msg.o(.text)
    PTODE                                    0x08009fc5   Thumb Code   302  msg.o(.text)
    DC2                                      0x0800a0f3   Thumb Code   404  msg.o(.text)
    WCM2                                     0x0800a287   Thumb Code    50  msg.o(.text)
    WCM1                                     0x0800a2b9   Thumb Code    50  msg.o(.text)
    EFL_P4                                   0x0800a2eb   Thumb Code    44  msg.o(.text)
    FWSS2                                    0x0800a317   Thumb Code    68  msg.o(.text)
    AT2IMG                                   0x0800a35b   Thumb Code    94  msg.o(.text)
    AT2OG2                                   0x0800a3b9   Thumb Code    58  msg.o(.text)
    AT2IG2                                   0x0800a3f3   Thumb Code    58  msg.o(.text)
    AT1IMG                                   0x0800a42d   Thumb Code    94  msg.o(.text)
    AT1OG2                                   0x0800a48b   Thumb Code    58  msg.o(.text)
    AT1IG2                                   0x0800a4c5   Thumb Code    58  msg.o(.text)
    TPRI                                     0x0800a4ff   Thumb Code    26  msg.o(.text)
    TR6                                      0x0800a519   Thumb Code    38  msg.o(.text)
    TR5                                      0x0800a53f   Thumb Code   126  msg.o(.text)
    TR3                                      0x0800a5bd   Thumb Code   104  msg.o(.text)
    TR1                                      0x0800a625   Thumb Code    24  msg.o(.text)
    TR2                                      0x0800a63d   Thumb Code    12  msg.o(.text)
    TR7                                      0x0800a649   Thumb Code    66  msg.o(.text)
    EFL_P3                                   0x0800a68b   Thumb Code    52  msg.o(.text)
    EEC14                                    0x0800a6bf   Thumb Code    52  msg.o(.text)
    EEC15                                    0x0800a6f3   Thumb Code    30  msg.o(.text)
    EBC5                                     0x0800a711   Thumb Code   120  msg.o(.text)
    CSA                                      0x0800a789   Thumb Code    94  msg.o(.text)
    OHCSS                                    0x0800a7e7   Thumb Code   110  msg.o(.text)
    ISCS                                     0x0800a855   Thumb Code    26  msg.o(.text)
    CMI                                      0x0800a86f   Thumb Code    24  msg.o(.text)
    ISC                                      0x0800a887   Thumb Code    26  msg.o(.text)
    OHECS                                    0x0800a8a1   Thumb Code   106  msg.o(.text)
    OEL                                      0x0800a90b   Thumb Code    90  msg.o(.text)
    OWW                                      0x0800a965   Thumb Code   106  msg.o(.text)
    IC2                                      0x0800a9cf   Thumb Code    48  msg.o(.text)
    FMS                                      0x0800a9ff   Thumb Code    62  msg.o(.text)
    EP                                       0x0800aa3d   Thumb Code    28  msg.o(.text)
    TCI6                                     0x0800aa59   Thumb Code    54  msg.o(.text)
    CM3                                      0x0800aa8f   Thumb Code    64  msg.o(.text)
    EEC5                                     0x0800aacf   Thumb Code    88  msg.o(.text)
    BJM1                                     0x0800ab27   Thumb Code   278  msg.o(.text)
    EJM1                                     0x0800ac3d   Thumb Code   176  msg.o(.text)
    BJM2                                     0x0800aced   Thumb Code   278  msg.o(.text)
    EJM2                                     0x0800ae03   Thumb Code   176  msg.o(.text)
    BJM3                                     0x0800aeb3   Thumb Code   278  msg.o(.text)
    EJM3                                     0x0800afc9   Thumb Code   176  msg.o(.text)
    MCI                                      0x0800b079   Thumb Code    52  msg.o(.text)
    FWD                                      0x0800b0ad   Thumb Code    26  msg.o(.text)
    AMB2                                     0x0800b0c7   Thumb Code    52  msg.o(.text)
    CACI                                     0x0800b0fb   Thumb Code    18  msg.o(.text)
    SPR                                      0x0800b10d   Thumb Code    38  msg.o(.text)
    EOAC                                     0x0800b133   Thumb Code    18  msg.o(.text)
    EPD                                      0x0800b145   Thumb Code    18  msg.o(.text)
    MVS                                      0x0800b157   Thumb Code    46  msg.o(.text)
    HBS                                      0x0800b185   Thumb Code   100  msg.o(.text)
    ET                                       0x0800b1e9   Thumb Code    34  msg.o(.text)
    LD                                       0x0800b20b   Thumb Code   420  msg.o(.text)
    LCMD                                     0x0800b3af   Thumb Code   430  msg.o(.text)
    ETC7                                     0x0800b55d   Thumb Code   252  msg.o(.text)
    TCFG2                                    0x0800b659   Thumb Code    18  msg.o(.text)
    ML                                       0x0800b66b   Thumb Code   110  msg.o(.text)
    TAVG                                     0x0800b6d9   Thumb Code    34  msg.o(.text)
    DC1                                      0x0800b6fb   Thumb Code    52  msg.o(.text)
    VDC1                                     0x0800b72f   Thumb Code   118  msg.o(.text)
    BT1                                      0x0800b7a5   Thumb Code    22  msg.o(.text)
    ACC2                                     0x0800b7bb   Thumb Code    40  msg.o(.text)
    VEP3                                     0x0800b7e3   Thumb Code    34  msg.o(.text)
    RTC1                                     0x0800b805   Thumb Code    46  msg.o(.text)
    ECT1                                     0x0800b833   Thumb Code    46  msg.o(.text)
    GFD                                      0x0800b861   Thumb Code    44  msg.o(.text)
    AT1T1I                                   0x0800b88d   Thumb Code    96  msg.o(.text)
    ASC5                                     0x0800b8ed   Thumb Code    66  msg.o(.text)
    ASC4                                     0x0800b92f   Thumb Code    84  msg.o(.text)
    ASC1                                     0x0800b983   Thumb Code   334  msg.o(.text)
    FLI2                                     0x0800bad1   Thumb Code    56  msg.o(.text)
    BM                                       0x0800bb09   Thumb Code    26  msg.o(.text)
    CCC                                      0x0800bb23   Thumb Code    24  msg.o(.text)
    VF                                       0x0800bb3b   Thumb Code    48  msg.o(.text)
    ET3                                      0x0800bb6b   Thumb Code    54  msg.o(.text)
    EFS                                      0x0800bba1   Thumb Code   112  msg.o(.text)
    TCO1                                     0x0800bc11   Thumb Code   188  msg.o(.text)
    HTR                                      0x0800bccd   Thumb Code    90  msg.o(.text)
    HRW                                      0x0800bd27   Thumb Code    54  msg.o(.text)
    ACC1                                     0x0800bd5d   Thumb Code   114  msg.o(.text)
    CVW                                      0x0800bdcf   Thumb Code    28  msg.o(.text)
    LTP                                      0x0800bdeb   Thumb Code    54  msg.o(.text)
    LBC                                      0x0800be21   Thumb Code    68  msg.o(.text)
    LMP                                      0x0800be65   Thumb Code    24  msg.o(.text)
    LSP                                      0x0800be7d   Thumb Code    46  msg.o(.text)
    LVD                                      0x0800beab   Thumb Code    48  msg.o(.text)
    LVDD                                     0x0800bedb   Thumb Code    70  msg.o(.text)
    AP                                       0x0800bf21   Thumb Code    44  msg.o(.text)
    TP1                                      0x0800bf4d   Thumb Code   146  msg.o(.text)
    TP2                                      0x0800bfdf   Thumb Code    44  msg.o(.text)
    TP3                                      0x0800c00b   Thumb Code    44  msg.o(.text)
    CT1                                      0x0800c037   Thumb Code    54  msg.o(.text)
    CT2                                      0x0800c06d   Thumb Code    54  msg.o(.text)
    CT3                                      0x0800c0a3   Thumb Code    54  msg.o(.text)
    CT4                                      0x0800c0d9   Thumb Code    54  msg.o(.text)
    CT5                                      0x0800c10f   Thumb Code    54  msg.o(.text)
    CT6                                      0x0800c145   Thumb Code    34  msg.o(.text)
    GFI2                                     0x0800c167   Thumb Code    50  msg.o(.text)
    IT1                                      0x0800c199   Thumb Code    54  msg.o(.text)
    IT2                                      0x0800c1cf   Thumb Code    54  msg.o(.text)
    IT3                                      0x0800c205   Thumb Code    54  msg.o(.text)
    IT4                                      0x0800c23b   Thumb Code    54  msg.o(.text)
    IT5                                      0x0800c271   Thumb Code    54  msg.o(.text)
    IT6                                      0x0800c2a7   Thumb Code    54  msg.o(.text)
    ISO1                                     0x0800c2dd   Thumb Code    46  msg.o(.text)
    ISO2                                     0x0800c30b   Thumb Code    46  msg.o(.text)
    ISO3                                     0x0800c339   Thumb Code    30  msg.o(.text)
    GFP                                      0x0800c357   Thumb Code    54  msg.o(.text)
    AAI                                      0x0800c38d   Thumb Code    44  msg.o(.text)
    VEP2                                     0x0800c3b9   Thumb Code    54  msg.o(.text)
    SP2                                      0x0800c3ef   Thumb Code    24  msg.o(.text)
    FL                                       0x0800c407   Thumb Code    40  msg.o(.text)
    EI                                       0x0800c42f   Thumb Code    52  msg.o(.text)
    EES                                      0x0800c463   Thumb Code    36  msg.o(.text)
    EAC                                      0x0800c487   Thumb Code    30  msg.o(.text)
    RBI                                      0x0800c4a5   Thumb Code    36  msg.o(.text)
    TCW                                      0x0800c4c9   Thumb Code    66  msg.o(.text)
    TCI5                                     0x0800c50b   Thumb Code    54  msg.o(.text)
    TCI4                                     0x0800c541   Thumb Code    54  msg.o(.text)
    TCI3                                     0x0800c577   Thumb Code    54  msg.o(.text)
    TCI2                                     0x0800c5ad   Thumb Code    54  msg.o(.text)
    TCI1                                     0x0800c5e3   Thumb Code    48  msg.o(.text)
    MBT3                                     0x0800c613   Thumb Code    44  msg.o(.text)
    MBT2                                     0x0800c63f   Thumb Code    54  msg.o(.text)
    MBT1                                     0x0800c675   Thumb Code    54  msg.o(.text)
    EPT5                                     0x0800c6ab   Thumb Code    54  msg.o(.text)
    EPT4                                     0x0800c6e1   Thumb Code    54  msg.o(.text)
    EPT3                                     0x0800c717   Thumb Code    54  msg.o(.text)
    EPT2                                     0x0800c74d   Thumb Code    54  msg.o(.text)
    EPT1                                     0x0800c783   Thumb Code    54  msg.o(.text)
    ET2                                      0x0800c7b9   Thumb Code    54  msg.o(.text)
    IMT2                                     0x0800c7ef   Thumb Code    34  msg.o(.text)
    IMT1                                     0x0800c811   Thumb Code    54  msg.o(.text)
    AT                                       0x0800c847   Thumb Code    34  msg.o(.text)
    ACTL                                     0x0800c869   Thumb Code    18  msg.o(.text)
    EO1                                      0x0800c87b   Thumb Code    62  msg.o(.text)
    AF2                                      0x0800c8b9   Thumb Code    36  msg.o(.text)
    ETC6                                     0x0800c8dd   Thumb Code    30  msg.o(.text)
    EBC4                                     0x0800c8fb   Thumb Code    46  msg.o(.text)
    EBC3                                     0x0800c929   Thumb Code    46  msg.o(.text)
    AIR1                                     0x0800c957   Thumb Code    50  msg.o(.text)
    GFC                                      0x0800c989   Thumb Code    58  msg.o(.text)
    TTI2                                     0x0800c9c3   Thumb Code   124  msg.o(.text)
    EH                                       0x0800ca3f   Thumb Code    58  msg.o(.text)
    GFI1                                     0x0800ca79   Thumb Code    56  msg.o(.text)
    LFI                                      0x0800cab1   Thumb Code    56  msg.o(.text)
    TTI1                                     0x0800cae9   Thumb Code   102  msg.o(.text)
    TSI                                      0x0800cb4f   Thumb Code    54  msg.o(.text)
    TVI                                      0x0800cb85   Thumb Code    46  msg.o(.text)
    LF                                       0x0800cbb3   Thumb Code    64  msg.o(.text)
    GTFI                                     0x0800cbf3   Thumb Code   134  msg.o(.text)
    LTFI                                     0x0800cc79   Thumb Code   134  msg.o(.text)
    TDI                                      0x0800ccff   Thumb Code    80  msg.o(.text)
    TFI                                      0x0800cd4f   Thumb Code   102  msg.o(.text)
    CBI                                      0x0800cdb5   Thumb Code   102  msg.o(.text)
    FD1                                      0x0800ce1b   Thumb Code    54  msg.o(.text)
    EEC4                                     0x0800ce51   Thumb Code    64  msg.o(.text)
    EBC2                                     0x0800ce91   Thumb Code    48  msg.o(.text)
    VDHR                                     0x0800cec1   Thumb Code    58  msg.o(.text)
    ERC2                                     0x0800cefb   Thumb Code    26  msg.o(.text)
    ETC5                                     0x0800cf15   Thumb Code    80  msg.o(.text)
    ETC4                                     0x0800cf65   Thumb Code    22  msg.o(.text)
    ETC3                                     0x0800cf7b   Thumb Code   218  msg.o(.text)
    AS                                       0x0800d055   Thumb Code    76  msg.o(.text)
    AUXIO1                                   0x0800d0a1   Thumb Code   242  msg.o(.text)
    SOFT                                     0x0800d193   Thumb Code    12  msg.o(.text)
    EFL_P2                                   0x0800d19f   Thumb Code    54  msg.o(.text)
    IO                                       0x0800d1d5   Thumb Code    52  msg.o(.text)
    TC                                       0x0800d209   Thumb Code    42  msg.o(.text)
    AIR2                                     0x0800d233   Thumb Code    18  msg.o(.text)
    EEC3                                     0x0800d245   Thumb Code    98  msg.o(.text)
    VD                                       0x0800d2a7   Thumb Code    58  msg.o(.text)
    TCFG                                     0x0800d2e1   Thumb Code    26  msg.o(.text)
    SHUTDN                                   0x0800d2fb   Thumb Code   290  msg.o(.text)
    HOURS                                    0x0800d41d   Thumb Code    58  msg.o(.text)
    TD                                       0x0800d457   Thumb Code    46  msg.o(.text)
    VH                                       0x0800d485   Thumb Code    58  msg.o(.text)
    VDS                                      0x0800d4bf   Thumb Code    54  msg.o(.text)
    LFC                                      0x0800d4f5   Thumb Code    58  msg.o(.text)
    VW                                       0x0800d52f   Thumb Code    52  msg.o(.text)
    CCSS                                     0x0800d563   Thumb Code    26  msg.o(.text)
    ET1                                      0x0800d57d   Thumb Code    50  msg.o(.text)
    EFL_P1                                   0x0800d5af   Thumb Code    48  msg.o(.text)
    PTO                                      0x0800d5df   Thumb Code   170  msg.o(.text)
    CCVS1                                    0x0800d689   Thumb Code   260  msg.o(.text)
    LFE1                                     0x0800d78d   Thumb Code    52  msg.o(.text)
    VP                                       0x0800d7c1   Thumb Code    58  msg.o(.text)
    TIRE                                     0x0800d7fb   Thumb Code   100  msg.o(.text)
    AMB                                      0x0800d85f   Thumb Code    52  msg.o(.text)
    IC1                                      0x0800d893   Thumb Code    48  msg.o(.text)
    VEP1                                     0x0800d8c3   Thumb Code    52  msg.o(.text)
    TRF1                                     0x0800d8f7   Thumb Code    68  msg.o(.text)
    AI                                       0x0800d93b   Thumb Code    42  msg.o(.text)
    B                                        0x0800d965   Thumb Code    66  msg.o(.text)
    RF                                       0x0800d9a7   Thumb Code    34  msg.o(.text)
    DD                                       0x0800d9c9   Thumb Code    44  msg.o(.text)
    A1                                       0x0800d9f5   Thumb Code    28  msg.o(.text)
    AWPP                                     0x0800da11   Thumb Code    18  msg.o(.text)
    config_TSC1                              0x0800da23   Thumb Code   112  msg.o(.text)
    config_TC1                               0x0800da93   Thumb Code   246  msg.o(.text)
    config_XBR                               0x0800db89   Thumb Code    86  msg.o(.text)
    config_GPV4                              0x0800dbdf   Thumb Code    64  msg.o(.text)
    config_AUXIO5                            0x0800dc1f   Thumb Code    70  msg.o(.text)
    config_SRASI                             0x0800dc65   Thumb Code    26  msg.o(.text)
    config_CCVS2                             0x0800dc7f   Thumb Code    32  msg.o(.text)
    config_AEBS2                             0x0800dc9f   Thumb Code    26  msg.o(.text)
    config_ESR                               0x0800dcb9   Thumb Code     6  msg.o(.text)
    config_RBR                               0x0800dcbf   Thumb Code    58  msg.o(.text)
    config_ECC                               0x0800dcf9   Thumb Code     6  msg.o(.text)
    config_SFC                               0x0800dcff   Thumb Code    46  msg.o(.text)
    config_VLS1                              0x0800dd2d   Thumb Code    52  msg.o(.text)
    config_HCDI1                             0x0800dd61   Thumb Code    54  msg.o(.text)
    config_AT1DPFSSC                         0x0800dd97   Thumb Code    38  msg.o(.text)
    config_AT2DPFSSC                         0x0800ddbd   Thumb Code    38  msg.o(.text)
    config_LVDSOM                            0x0800dde3   Thumb Code     6  msg.o(.text)
    config_NCS                               0x0800dde9   Thumb Code    22  msg.o(.text)
    config_NC1                               0x0800ddff   Thumb Code    22  msg.o(.text)
    config_JLCM                              0x0800de15   Thumb Code   376  msg.o(.text)
    config_AUXIO7                            0x0800df8d   Thumb Code   134  msg.o(.text)
    config_AUXIO6                            0x0800e013   Thumb Code   134  msg.o(.text)
    config_AUXIO4                            0x0800e099   Thumb Code   322  msg.o(.text)
    config_AUXIO3                            0x0800e1db   Thumb Code   322  msg.o(.text)
    config_AUXIO2                            0x0800e31d   Thumb Code   328  msg.o(.text)
    config_DISP1                             0x0800e465   Thumb Code    26  msg.o(.text)
    config_FLIC                              0x0800e47f   Thumb Code     6  msg.o(.text)
    config_TPRS                              0x0800e485   Thumb Code    26  msg.o(.text)
    config_CTL                               0x0800e49f   Thumb Code   134  msg.o(.text)
    config_CL                                0x0800e525   Thumb Code    34  msg.o(.text)
    config_ASC6                              0x0800e547   Thumb Code    62  msg.o(.text)
    config_ASC2                              0x0800e585   Thumb Code   208  msg.o(.text)
    config_TDA                               0x0800e655   Thumb Code   134  msg.o(.text)
    config_ATS                               0x0800e6db   Thumb Code    66  msg.o(.text)
    config_ATR                               0x0800e71d   Thumb Code    56  msg.o(.text)
    config_CM1                               0x0800e755   Thumb Code   192  msg.o(.text)
    config_ERC1                              0x0800e815   Thumb Code   238  msg.o(.text)
    config_EBC1                              0x0800e903   Thumb Code   240  msg.o(.text)
    config_ETC1                              0x0800e9f3   Thumb Code   138  msg.o(.text)
    config_EEC2                              0x0800ea7d   Thumb Code   174  msg.o(.text)
    config_EEC1                              0x0800eb2b   Thumb Code   108  msg.o(.text)
    config_ETC2                              0x0800eb97   Thumb Code    84  msg.o(.text)
    config_EAC1                              0x0800ebeb   Thumb Code    96  msg.o(.text)
    config_FLI1                              0x0800ec4b   Thumb Code    42  msg.o(.text)
    config_HPG                               0x0800ec75   Thumb Code   100  msg.o(.text)
    config_VDC2                              0x0800ecd9   Thumb Code    86  msg.o(.text)
    config_EGF1                              0x0800ed2f   Thumb Code    48  msg.o(.text)
    config_ESC1                              0x0800ed5f   Thumb Code    70  msg.o(.text)
    config_ETC8                              0x0800eda5   Thumb Code    36  msg.o(.text)
    config_LOI                               0x0800edc9   Thumb Code   112  msg.o(.text)
    config_AT1IG1                            0x0800ee39   Thumb Code   118  msg.o(.text)
    config_AT1OG1                            0x0800eeaf   Thumb Code   118  msg.o(.text)
    config_AT2IG1                            0x0800ef25   Thumb Code   118  msg.o(.text)
    config_AT2OG1                            0x0800ef9b   Thumb Code   118  msg.o(.text)
    config_FWSS1                             0x0800f011   Thumb Code    52  msg.o(.text)
    config_SSI                               0x0800f045   Thumb Code   104  msg.o(.text)
    config_BI                                0x0800f0ad   Thumb Code   224  msg.o(.text)
    config_CCS                               0x0800f18d   Thumb Code   242  msg.o(.text)
    config_KL1                               0x0800f27f   Thumb Code   134  msg.o(.text)
    config_KL2                               0x0800f305   Thumb Code   134  msg.o(.text)
    config_KL3                               0x0800f38b   Thumb Code   134  msg.o(.text)
    config_TFAC                              0x0800f411   Thumb Code    70  msg.o(.text)
    config_SAS                               0x0800f457   Thumb Code    98  msg.o(.text)
    config_ESSI                              0x0800f4b9   Thumb Code    84  msg.o(.text)
    config_A1SCRDSI1                         0x0800f50d   Thumb Code    54  msg.o(.text)
    config_A1SCRDSR1                         0x0800f543   Thumb Code    90  msg.o(.text)
    config_A1SCRAI                           0x0800f59d   Thumb Code    62  msg.o(.text)
    config_A2SCRDSI1                         0x0800f5db   Thumb Code    54  msg.o(.text)
    config_A2SCRDSR1                         0x0800f611   Thumb Code    38  msg.o(.text)
    config_A2SCRAI                           0x0800f637   Thumb Code    62  msg.o(.text)
    config_SSI2                              0x0800f675   Thumb Code    94  msg.o(.text)
    config_ARI                               0x0800f6d3   Thumb Code   106  msg.o(.text)
    config_CN                                0x0800f73d   Thumb Code    22  msg.o(.text)
    config_MSI2                              0x0800f753   Thumb Code   118  msg.o(.text)
    config_ACCS                              0x0800f7c9   Thumb Code    90  msg.o(.text)
    config_Command                           0x0800f823   Thumb Code    54  msg.o(.text)
    config_AEBS1                             0x0800f859   Thumb Code    60  msg.o(.text)
    config_WS                                0x0800f895   Thumb Code    60  msg.o(.text)
    config_WAND                              0x0800f8d1   Thumb Code    24  msg.o(.text)
    config_LDISP                             0x0800f8e9   Thumb Code    24  msg.o(.text)
    config_A1SCRAI2                          0x0800f901   Thumb Code    62  msg.o(.text)
    config_A2SCRAI2                          0x0800f93f   Thumb Code   182  msg.o(.text)
    config_HSS                               0x0800f9f5   Thumb Code    32  msg.o(.text)
    config_GFI4                              0x0800fa15   Thumb Code    22  msg.o(.text)
    config_A2SCREGT2                         0x0800fa2b   Thumb Code    26  msg.o(.text)
    config_A1SCREGT2                         0x0800fa45   Thumb Code    26  msg.o(.text)
    config_EEC13                             0x0800fa5f   Thumb Code    32  msg.o(.text)
    config_EF_TVI2                           0x0800fa7f   Thumb Code    86  msg.o(.text)
    config_EEGR1A                            0x0800fad5   Thumb Code   126  msg.o(.text)
    config_EEGR1B                            0x0800fb53   Thumb Code   126  msg.o(.text)
    config_EEC12                             0x0800fbd1   Thumb Code    42  msg.o(.text)
    config_NSSR                              0x0800fbfb   Thumb Code    42  msg.o(.text)
    config_EPSI                              0x0800fc25   Thumb Code    34  msg.o(.text)
    config_AT1P1I                            0x0800fc47   Thumb Code    20  msg.o(.text)
    config_AT1DPF2S5                         0x0800fc5b   Thumb Code    66  msg.o(.text)
    config_AT1DPF2S4                         0x0800fc9d   Thumb Code    66  msg.o(.text)
    config_AT1DPF2S3                         0x0800fcdf   Thumb Code    62  msg.o(.text)
    config_AT1DPF1S5                         0x0800fd1d   Thumb Code    66  msg.o(.text)
    config_AT1DPF1S4                         0x0800fd5f   Thumb Code    66  msg.o(.text)
    config_AT1DPF1S3                         0x0800fda1   Thumb Code    62  msg.o(.text)
    config_CCVS3                             0x0800fddf   Thumb Code   114  msg.o(.text)
    config_AT2AC3                            0x0800fe51   Thumb Code    20  msg.o(.text)
    config_AT1AC3                            0x0800fe65   Thumb Code    20  msg.o(.text)
    config_EFL_P12                           0x0800fe79   Thumb Code    70  msg.o(.text)
    config_DPFC2                             0x0800febf   Thumb Code    66  msg.o(.text)
    config_LFE2                              0x0800ff01   Thumb Code    20  msg.o(.text)
    config_SFS                               0x0800ff15   Thumb Code   120  msg.o(.text)
    config_EBCC                              0x0800ff8d   Thumb Code    84  msg.o(.text)
    config_EFP                               0x0800ffe1   Thumb Code    68  msg.o(.text)
    config_HOP                               0x08010025   Thumb Code    68  msg.o(.text)
    config_VLS2                              0x08010069   Thumb Code    62  msg.o(.text)
    config_EC3                               0x080100a7   Thumb Code   118  msg.o(.text)
    config_IVAC                              0x0801011d   Thumb Code    22  msg.o(.text)
    config_ARMSWIMC                          0x08010133   Thumb Code    42  msg.o(.text)
    config_VEP4                              0x0801015d   Thumb Code    22  msg.o(.text)
    config_AFT2NAI                           0x08010173   Thumb Code    22  msg.o(.text)
    config_AFT1NAI                           0x08010189   Thumb Code    22  msg.o(.text)
    config_AT2WUDOC                          0x0801019f   Thumb Code    38  msg.o(.text)
    config_LLRE                              0x080101c5   Thumb Code    70  msg.o(.text)
    config_EFL_P11                           0x0801020b   Thumb Code    34  msg.o(.text)
    config_EFS2                              0x0801022d   Thumb Code   136  msg.o(.text)
    config_Information                       0x080102b5   Thumb Code   130  msg.o(.text)
    config_EFTVI1                            0x08010337   Thumb Code   154  msg.o(.text)
    config_ETCBI                             0x080103d1   Thumb Code   106  msg.o(.text)
    config_CAC2                              0x0801043b   Thumb Code    68  msg.o(.text)
    config_CAC2P                             0x0801047f   Thumb Code    52  msg.o(.text)
    config_CAC1                              0x080104b3   Thumb Code    52  msg.o(.text)
    config_CAC1P                             0x080104e7   Thumb Code    52  msg.o(.text)
    config_DPF2S2                            0x0801051b   Thumb Code    54  msg.o(.text)
    config_DPF1S2                            0x08010551   Thumb Code    54  msg.o(.text)
    config_EEC11                             0x08010587   Thumb Code    66  msg.o(.text)
    config_EMAP                              0x080105c9   Thumb Code    38  msg.o(.text)
    config_EMAC                              0x080105ef   Thumb Code    38  msg.o(.text)
    config_EEC9                              0x08010615   Thumb Code    70  msg.o(.text)
    config_EEC10                             0x0801065b   Thumb Code    66  msg.o(.text)
    config_ET5                               0x0801069d   Thumb Code   100  msg.o(.text)
    config_EFL_P10                           0x08010701   Thumb Code    82  msg.o(.text)
    config_LVDS                              0x08010753   Thumb Code    92  msg.o(.text)
    config_DLCD2                             0x080107af   Thumb Code    46  msg.o(.text)
    config_DLCD1                             0x080107dd   Thumb Code   126  msg.o(.text)
    config_DLCC2                             0x0801085b   Thumb Code    46  msg.o(.text)
    config_DLCC1                             0x08010889   Thumb Code   122  msg.o(.text)
    config_EOM                               0x08010903   Thumb Code    66  msg.o(.text)
    config_AT2OGC2                           0x08010945   Thumb Code    86  msg.o(.text)
    config_AT2OGC1                           0x0801099b   Thumb Code    68  msg.o(.text)
    config_AT2IGC2                           0x080109df   Thumb Code    86  msg.o(.text)
    config_AT2IGC1                           0x08010a35   Thumb Code    68  msg.o(.text)
    config_AT1OGC2                           0x08010a79   Thumb Code    86  msg.o(.text)
    config_AT1OGC1                           0x08010acf   Thumb Code   162  msg.o(.text)
    config_AT1IGC2                           0x08010b71   Thumb Code    86  msg.o(.text)
    config_AT1IGC1                           0x08010bc7   Thumb Code    66  msg.o(.text)
    config_MSI1                              0x08010c09   Thumb Code    76  msg.o(.text)
    config_MSCI                              0x08010c55   Thumb Code    38  msg.o(.text)
    config_BCH2                              0x08010c7b   Thumb Code    54  msg.o(.text)
    config_BCH1                              0x08010cb1   Thumb Code    54  msg.o(.text)
    config_OCSI                              0x08010ce7   Thumb Code   102  msg.o(.text)
    config_BDS                               0x08010d4d   Thumb Code   112  msg.o(.text)
    config_CSI                               0x08010dbd   Thumb Code   166  msg.o(.text)
    config_ILI                               0x08010e63   Thumb Code  1556  msg.o(.text)
    config_AT1WUDOC                          0x08011477   Thumb Code    38  msg.o(.text)
    config_DPF2S                             0x0801149d   Thumb Code    88  msg.o(.text)
    config_DPF1S                             0x080114f5   Thumb Code    88  msg.o(.text)
    config_ATDT2                             0x0801154d   Thumb Code    38  msg.o(.text)
    config_ATDT1                             0x08011573   Thumb Code    38  msg.o(.text)
    config_A2DOC                             0x08011599   Thumb Code    64  msg.o(.text)
    config_A1DOC                             0x080115d9   Thumb Code    62  msg.o(.text)
    config_A2GOC                             0x08011617   Thumb Code    62  msg.o(.text)
    config_A1GOC                             0x08011655   Thumb Code    62  msg.o(.text)
    config_EJM10                             0x08011693   Thumb Code   146  msg.o(.text)
    config_BJM10                             0x08011725   Thumb Code   268  msg.o(.text)
    config_EJM9                              0x08011831   Thumb Code   146  msg.o(.text)
    config_BJM9                              0x080118c3   Thumb Code   218  msg.o(.text)
    config_EJM8                              0x0801199d   Thumb Code   146  msg.o(.text)
    config_BJM8                              0x08011a2f   Thumb Code   218  msg.o(.text)
    config_EJM7                              0x08011b09   Thumb Code   146  msg.o(.text)
    config_BJM7                              0x08011b9b   Thumb Code   218  msg.o(.text)
    config_EJM6                              0x08011c75   Thumb Code   146  msg.o(.text)
    config_BJM6                              0x08011d07   Thumb Code   218  msg.o(.text)
    config_EJM5                              0x08011de1   Thumb Code   146  msg.o(.text)
    config_BJM5                              0x08011e73   Thumb Code   218  msg.o(.text)
    config_EJM4                              0x08011f4d   Thumb Code   146  msg.o(.text)
    config_BJM4                              0x08011fdf   Thumb Code   218  msg.o(.text)
    config_FD2                               0x080120b9   Thumb Code    70  msg.o(.text)
    config_A2DEFSI                           0x080120ff   Thumb Code    82  msg.o(.text)
    config_A2SCRRT2I                         0x08012151   Thumb Code    64  msg.o(.text)
    config_A2SCRRT1I                         0x08012191   Thumb Code    74  msg.o(.text)
    config_A2DEFI                            0x080121db   Thumb Code    62  msg.o(.text)
    config_A2SCRSI                           0x08012219   Thumb Code    48  msg.o(.text)
    config_A2SCREGT1                         0x08012249   Thumb Code    46  msg.o(.text)
    config_A2SCREGP                          0x08012277   Thumb Code    24  msg.o(.text)
    config_A2SCRDSR2                         0x0801228f   Thumb Code    94  msg.o(.text)
    config_A2SCRDSI2                         0x080122ed   Thumb Code   152  msg.o(.text)
    config_A1DEFSI                           0x08012385   Thumb Code    82  msg.o(.text)
    config_A1SCRRT2I                         0x080123d7   Thumb Code    74  msg.o(.text)
    config_A1SCREGT1                         0x08012421   Thumb Code    46  msg.o(.text)
    config_A1SCREGP                          0x0801244f   Thumb Code    24  msg.o(.text)
    config_A1SCRDSR2                         0x08012467   Thumb Code   174  msg.o(.text)
    config_A1SCRDSI2                         0x08012515   Thumb Code   152  msg.o(.text)
    config_AT2FC2                            0x080125ad   Thumb Code    56  msg.o(.text)
    config_AT2TWCC                           0x080125e5   Thumb Code    62  msg.o(.text)
    config_AT1TWCC                           0x08012623   Thumb Code    62  msg.o(.text)
    config_O2FT2                             0x08012661   Thumb Code    38  msg.o(.text)
    config_O2FT1                             0x08012687   Thumb Code    38  msg.o(.text)
    config_ACCVC                             0x080126ad   Thumb Code    40  msg.o(.text)
    config_ECCVC                             0x080126d5   Thumb Code    68  msg.o(.text)
    config_EAI                               0x08012719   Thumb Code    54  msg.o(.text)
    config_AT1FC2                            0x0801274f   Thumb Code    72  msg.o(.text)
    config_ET4                               0x08012797   Thumb Code    84  msg.o(.text)
    config_ZNVW                              0x080127eb   Thumb Code     6  msg.o(.text)
    config_GCVW                              0x080127f1   Thumb Code    40  msg.o(.text)
    config_AGCW                              0x08012819   Thumb Code    42  msg.o(.text)
    config_AGW                               0x08012843   Thumb Code    26  msg.o(.text)
    config_AAGW                              0x0801285d   Thumb Code   208  msg.o(.text)
    config_AT2AC2                            0x0801292d   Thumb Code    66  msg.o(.text)
    config_AT1AC2                            0x0801296f   Thumb Code    66  msg.o(.text)
    config_SCR1                              0x080129b1   Thumb Code    64  msg.o(.text)
    config_EEC8                              0x080129f1   Thumb Code    68  msg.o(.text)
    config_DRC                               0x08012a35   Thumb Code   152  msg.o(.text)
    config_BSA                               0x08012acd   Thumb Code   158  msg.o(.text)
    config_ESV6                              0x08012b6b   Thumb Code    70  msg.o(.text)
    config_ESV5                              0x08012bb1   Thumb Code    70  msg.o(.text)
    config_ESV4                              0x08012bf7   Thumb Code    70  msg.o(.text)
    config_ESV3                              0x08012c3d   Thumb Code    70  msg.o(.text)
    config_ESV2                              0x08012c83   Thumb Code    70  msg.o(.text)
    config_ESV1                              0x08012cc9   Thumb Code   140  msg.o(.text)
    config_AT2TI                             0x08012d55   Thumb Code   134  msg.o(.text)
    config_AT1TI                             0x08012ddb   Thumb Code   134  msg.o(.text)
    config_AT2S                              0x08012e61   Thumb Code    70  msg.o(.text)
    config_AT1S                              0x08012ea7   Thumb Code    70  msg.o(.text)
    config_DPFC1                             0x08012eed   Thumb Code   246  msg.o(.text)
    config_AFSS                              0x08012fe3   Thumb Code    42  msg.o(.text)
    config_EC2                               0x0801300d   Thumb Code    22  msg.o(.text)
    config_EGRBV                             0x08013023   Thumb Code    20  msg.o(.text)
    config_TCI                               0x08013037   Thumb Code     6  msg.o(.text)
    config_EFL_P9                            0x0801303d   Thumb Code    62  msg.o(.text)
    config_EFL_P8                            0x0801307b   Thumb Code    62  msg.o(.text)
    config_EFL_P7                            0x080130b9   Thumb Code    62  msg.o(.text)
    config_EFL_P6                            0x080130f7   Thumb Code    62  msg.o(.text)
    config_EFL_P5                            0x08013135   Thumb Code   104  msg.o(.text)
    config_VDS2                              0x0801319d   Thumb Code    22  msg.o(.text)
    config_J2012                             0x080131b3   Thumb Code    62  msg.o(.text)
    config_AT2GP                             0x080131f1   Thumb Code    34  msg.o(.text)
    config_AT1GP                             0x08013213   Thumb Code    34  msg.o(.text)
    config_AETC                              0x08013235   Thumb Code    22  msg.o(.text)
    config_EOI                               0x0801324b   Thumb Code   166  msg.o(.text)
    config_EEC7                              0x080132f1   Thumb Code    70  msg.o(.text)
    config_TRF2                              0x08013337   Thumb Code   118  msg.o(.text)
    config_AT1HI                             0x080133ad   Thumb Code   166  msg.o(.text)
    config_AT2HI                             0x08013453   Thumb Code   166  msg.o(.text)
    config_A1DEFI                            0x080134f9   Thumb Code    62  msg.o(.text)
    config_SEP2                              0x08013537   Thumb Code   174  msg.o(.text)
    config_SEP1                              0x080135e5   Thumb Code    62  msg.o(.text)
    config_AT2AC1                            0x08013623   Thumb Code   104  msg.o(.text)
    config_AT1AC1                            0x0801368b   Thumb Code   104  msg.o(.text)
    config_AT2FC1                            0x080136f3   Thumb Code   104  msg.o(.text)
    config_AT1FC1                            0x0801375b   Thumb Code   104  msg.o(.text)
    config_GFI                               0x080137c3   Thumb Code    64  msg.o(.text)
    config_EEC6                              0x08013803   Thumb Code   100  msg.o(.text)
    config_PTODE                             0x08013867   Thumb Code   216  msg.o(.text)
    config_DC2                               0x0801393f   Thumb Code   346  msg.o(.text)
    config_WCM2                              0x08013a99   Thumb Code    32  msg.o(.text)
    config_WCM1                              0x08013ab9   Thumb Code    32  msg.o(.text)
    config_EFL_P4                            0x08013ad9   Thumb Code    98  msg.o(.text)
    config_FWSS2                             0x08013b3b   Thumb Code    54  msg.o(.text)
    config_AT2IMG                            0x08013b71   Thumb Code    62  msg.o(.text)
    config_AT2OG2                            0x08013baf   Thumb Code    44  msg.o(.text)
    config_AT2IG2                            0x08013bdb   Thumb Code    44  msg.o(.text)
    config_AT1IMG                            0x08013c07   Thumb Code    62  msg.o(.text)
    config_AT1OG2                            0x08013c45   Thumb Code    44  msg.o(.text)
    config_AT1IG2                            0x08013c71   Thumb Code    44  msg.o(.text)
    config_TPRI                              0x08013c9d   Thumb Code    26  msg.o(.text)
    config_TR6                               0x08013cb7   Thumb Code    10  msg.o(.text)
    config_TR5                               0x08013cc1   Thumb Code   116  msg.o(.text)
    config_TR3                               0x08013d35   Thumb Code    82  msg.o(.text)
    config_TR1                               0x08013d87   Thumb Code    70  msg.o(.text)
    config_TR2                               0x08013dcd   Thumb Code    22  msg.o(.text)
    config_TR7                               0x08013de3   Thumb Code    56  msg.o(.text)
    config_EFL_P3                            0x08013e1b   Thumb Code    84  msg.o(.text)
    config_EEC14                             0x08013e6f   Thumb Code   160  msg.o(.text)
    config_EEC15                             0x08013f0f   Thumb Code    62  msg.o(.text)
    config_EBC5                              0x08013f4d   Thumb Code   100  msg.o(.text)
    config_CSA                               0x08013fb1   Thumb Code    80  msg.o(.text)
    config_OHCSS                             0x08014001   Thumb Code    76  msg.o(.text)
    config_ISCS                              0x0801404d   Thumb Code     6  msg.o(.text)
    config_CMI                               0x08014053   Thumb Code    22  msg.o(.text)
    config_ISC                               0x08014069   Thumb Code     6  msg.o(.text)
    config_OHECS                             0x0801406f   Thumb Code    92  msg.o(.text)
    config_OEL                               0x080140cb   Thumb Code    86  msg.o(.text)
    config_OWW                               0x08014121   Thumb Code    96  msg.o(.text)
    config_IC2                               0x08014181   Thumb Code   110  msg.o(.text)
    config_FMS                               0x080141ef   Thumb Code    42  msg.o(.text)
    config_EP                                0x08014219   Thumb Code    36  msg.o(.text)
    config_TCI6                              0x0801423d   Thumb Code    70  msg.o(.text)
    config_CM3                               0x08014283   Thumb Code    30  msg.o(.text)
    config_EEC5                              0x080142a1   Thumb Code   156  msg.o(.text)
    config_BJM1                              0x0801433d   Thumb Code   218  msg.o(.text)
    config_EJM1                              0x08014417   Thumb Code   146  msg.o(.text)
    config_BJM2                              0x080144a9   Thumb Code   218  msg.o(.text)
    config_EJM2                              0x08014583   Thumb Code   146  msg.o(.text)
    config_BJM3                              0x08014615   Thumb Code   218  msg.o(.text)
    config_EJM3                              0x080146ef   Thumb Code   146  msg.o(.text)
    config_MCI                               0x08014781   Thumb Code    32  msg.o(.text)
    config_FWD                               0x080147a1   Thumb Code     6  msg.o(.text)
    config_AMB2                              0x080147a7   Thumb Code    80  msg.o(.text)
    config_CACI                              0x080147f7   Thumb Code    22  msg.o(.text)
    config_SPR                               0x0801480d   Thumb Code   102  msg.o(.text)
    config_EOAC                              0x08014873   Thumb Code    22  msg.o(.text)
    config_EPD                               0x08014889   Thumb Code    22  msg.o(.text)
    config_MVS                               0x0801489f   Thumb Code   134  msg.o(.text)
    config_HBS                               0x08014925   Thumb Code    94  msg.o(.text)
    config_ET                                0x08014983   Thumb Code    38  msg.o(.text)
    config_LD                                0x080149a9   Thumb Code   312  msg.o(.text)
    config_LCMD                              0x08014ae1   Thumb Code   384  msg.o(.text)
    config_ETC7                              0x08014c61   Thumb Code   202  msg.o(.text)
    config_TCFG2                             0x08014d2b   Thumb Code    22  msg.o(.text)
    config_ML                                0x08014d41   Thumb Code    84  msg.o(.text)
    config_TAVG                              0x08014d95   Thumb Code    36  msg.o(.text)
    config_DC1                               0x08014db9   Thumb Code    32  msg.o(.text)
    config_VDC1                              0x08014dd9   Thumb Code    76  msg.o(.text)
    config_BT1                               0x08014e25   Thumb Code    38  msg.o(.text)
    config_ACC2                              0x08014e4b   Thumb Code    22  msg.o(.text)
    config_VEP3                              0x08014e61   Thumb Code    34  msg.o(.text)
    config_RTC1                              0x08014e83   Thumb Code   134  msg.o(.text)
    config_ECT1                              0x08014f09   Thumb Code   134  msg.o(.text)
    config_GFD                               0x08014f8f   Thumb Code    50  msg.o(.text)
    config_AT1T1I                            0x08014fc1   Thumb Code   108  msg.o(.text)
    config_ASC5                              0x0801502d   Thumb Code    78  msg.o(.text)
    config_ASC4                              0x0801507b   Thumb Code   194  msg.o(.text)
    config_ASC1                              0x0801513d   Thumb Code   252  msg.o(.text)
    config_FLI2                              0x08015239   Thumb Code    32  msg.o(.text)
    config_BM                                0x08015259   Thumb Code     6  msg.o(.text)
    config_CCC                               0x0801525f   Thumb Code    22  msg.o(.text)
    config_VF                                0x08015275   Thumb Code    56  msg.o(.text)
    config_ET3                               0x080152ad   Thumb Code    70  msg.o(.text)
    config_EFS                               0x080152f3   Thumb Code   142  msg.o(.text)
    config_TCO1                              0x08015381   Thumb Code   158  msg.o(.text)
    config_HTR                               0x0801541f   Thumb Code    96  msg.o(.text)
    config_HRW                               0x0801547f   Thumb Code    70  msg.o(.text)
    config_ACC1                              0x080154c5   Thumb Code   198  msg.o(.text)
    config_CVW                               0x0801558b   Thumb Code    34  msg.o(.text)
    config_LTP                               0x080155ad   Thumb Code    56  msg.o(.text)
    config_LBC                               0x080155e5   Thumb Code    50  msg.o(.text)
    config_LMP                               0x08015617   Thumb Code    20  msg.o(.text)
    config_LSP                               0x0801562b   Thumb Code    34  msg.o(.text)
    config_LVD                               0x0801564d   Thumb Code    64  msg.o(.text)
    config_LVDD                              0x0801568d   Thumb Code    46  msg.o(.text)
    config_AP                                0x080156bb   Thumb Code    54  msg.o(.text)
    config_TP1                               0x080156f1   Thumb Code   116  msg.o(.text)
    config_TP2                               0x08015765   Thumb Code    54  msg.o(.text)
    config_TP3                               0x0801579b   Thumb Code    54  msg.o(.text)
    config_CT1                               0x080157d1   Thumb Code    70  msg.o(.text)
    config_CT2                               0x08015817   Thumb Code    70  msg.o(.text)
    config_CT3                               0x0801585d   Thumb Code    70  msg.o(.text)
    config_CT4                               0x080158a3   Thumb Code    70  msg.o(.text)
    config_CT5                               0x080158e9   Thumb Code    70  msg.o(.text)
    config_CT6                               0x0801592f   Thumb Code    38  msg.o(.text)
    config_GFI2                              0x08015955   Thumb Code   176  msg.o(.text)
    config_IT1                               0x08015a05   Thumb Code    70  msg.o(.text)
    config_IT2                               0x08015a4b   Thumb Code    70  msg.o(.text)
    config_IT3                               0x08015a91   Thumb Code    70  msg.o(.text)
    config_IT4                               0x08015ad7   Thumb Code    70  msg.o(.text)
    config_IT5                               0x08015b1d   Thumb Code    70  msg.o(.text)
    config_IT6                               0x08015b63   Thumb Code    70  msg.o(.text)
    config_ISO1                              0x08015ba9   Thumb Code   134  msg.o(.text)
    config_ISO2                              0x08015c2f   Thumb Code   134  msg.o(.text)
    config_ISO3                              0x08015cb5   Thumb Code    70  msg.o(.text)
    config_GFP                               0x08015cfb   Thumb Code    62  msg.o(.text)
    config_AAI                               0x08015d39   Thumb Code    98  msg.o(.text)
    config_VEP2                              0x08015d9b   Thumb Code   118  msg.o(.text)
    config_SP2                               0x08015e11   Thumb Code    22  msg.o(.text)
    config_FL                                0x08015e27   Thumb Code    22  msg.o(.text)
    config_EI                                0x08015e3d   Thumb Code    82  msg.o(.text)
    config_EES                               0x08015e8f   Thumb Code    26  msg.o(.text)
    config_EAC                               0x08015ea9   Thumb Code    70  msg.o(.text)
    config_RBI                               0x08015eef   Thumb Code    22  msg.o(.text)
    config_TCW                               0x08015f05   Thumb Code   126  msg.o(.text)
    config_TCI5                              0x08015f83   Thumb Code    70  msg.o(.text)
    config_TCI4                              0x08015fc9   Thumb Code    70  msg.o(.text)
    config_TCI3                              0x0801600f   Thumb Code    70  msg.o(.text)
    config_TCI2                              0x08016055   Thumb Code    70  msg.o(.text)
    config_TCI1                              0x0801609b   Thumb Code    70  msg.o(.text)
    config_MBT3                              0x080160e1   Thumb Code    54  msg.o(.text)
    config_MBT2                              0x08016117   Thumb Code    70  msg.o(.text)
    config_MBT1                              0x0801615d   Thumb Code    70  msg.o(.text)
    config_EPT5                              0x080161a3   Thumb Code    70  msg.o(.text)
    config_EPT4                              0x080161e9   Thumb Code   140  msg.o(.text)
    config_EPT3                              0x08016275   Thumb Code    70  msg.o(.text)
    config_EPT2                              0x080162bb   Thumb Code    70  msg.o(.text)
    config_EPT1                              0x08016301   Thumb Code    70  msg.o(.text)
    config_ET2                               0x08016347   Thumb Code    70  msg.o(.text)
    config_IMT2                              0x0801638d   Thumb Code    86  msg.o(.text)
    config_IMT1                              0x080163e3   Thumb Code    70  msg.o(.text)
    config_AT                                0x08016429   Thumb Code    86  msg.o(.text)
    config_ACTL                              0x0801647f   Thumb Code    22  msg.o(.text)
    config_EO1                               0x08016495   Thumb Code    74  msg.o(.text)
    config_AF2                               0x080164df   Thumb Code    66  msg.o(.text)
    config_ETC6                              0x08016521   Thumb Code    68  msg.o(.text)
    config_EBC4                              0x08016565   Thumb Code   118  msg.o(.text)
    config_EBC3                              0x080165db   Thumb Code   194  msg.o(.text)
    config_AIR1                              0x0801669d   Thumb Code   106  msg.o(.text)
    config_GFC                               0x08016707   Thumb Code    38  msg.o(.text)
    config_TTI2                              0x0801672d   Thumb Code    76  msg.o(.text)
    config_EH                                0x08016779   Thumb Code    36  msg.o(.text)
    config_GFI1                              0x0801679d   Thumb Code    50  msg.o(.text)
    config_LFI                               0x080167cf   Thumb Code    52  msg.o(.text)
    config_TTI1                              0x08016803   Thumb Code    62  msg.o(.text)
    config_TSI                               0x08016841   Thumb Code    70  msg.o(.text)
    config_TVI                               0x08016887   Thumb Code    38  msg.o(.text)
    config_LF                                0x080168ad   Thumb Code    80  msg.o(.text)
    config_GTFI                              0x080168fd   Thumb Code   102  msg.o(.text)
    config_LTFI                              0x08016963   Thumb Code   102  msg.o(.text)
    config_TDI                               0x080169c9   Thumb Code    54  msg.o(.text)
    config_TFI                               0x080169ff   Thumb Code    62  msg.o(.text)
    config_CBI                               0x08016a3d   Thumb Code    70  msg.o(.text)
    config_FD1                               0x08016a83   Thumb Code   160  msg.o(.text)
    config_EEC4                              0x08016b23   Thumb Code    74  msg.o(.text)
    config_EBC2                              0x08016b6d   Thumb Code   118  msg.o(.text)
    config_VDHR                              0x08016be3   Thumb Code    38  msg.o(.text)
    config_ERC2                              0x08016c09   Thumb Code     6  msg.o(.text)
    config_ETC5                              0x08016c0f   Thumb Code    52  msg.o(.text)
    config_ETC4                              0x08016c43   Thumb Code    34  msg.o(.text)
    config_ETC3                              0x08016c65   Thumb Code   184  msg.o(.text)
    config_AS                                0x08016d1d   Thumb Code    62  msg.o(.text)
    config_AUXIO1                            0x08016d5b   Thumb Code   198  msg.o(.text)
    config_SOFT                              0x08016e21   Thumb Code    22  msg.o(.text)
    config_EFL_P2                            0x08016e37   Thumb Code    70  msg.o(.text)
    config_IO                                0x08016e7d   Thumb Code    36  msg.o(.text)
    config_TC                                0x08016ea1   Thumb Code    42  msg.o(.text)
    config_AIR2                              0x08016ecb   Thumb Code    22  msg.o(.text)
    config_EEC3                              0x08016ee1   Thumb Code   210  msg.o(.text)
    config_VD                                0x08016fb3   Thumb Code    38  msg.o(.text)
    config_TCFG                              0x08016fd9   Thumb Code    52  msg.o(.text)
    config_SHUTDN                            0x0801700d   Thumb Code   194  msg.o(.text)
    config_HOURS                             0x080170cf   Thumb Code    34  msg.o(.text)
    config_TD                                0x080170f1   Thumb Code   134  msg.o(.text)
    config_VH                                0x08017177   Thumb Code    34  msg.o(.text)
    config_VDS                               0x08017199   Thumb Code    70  msg.o(.text)
    config_LFC                               0x080171df   Thumb Code    36  msg.o(.text)
    config_VW                                0x08017203   Thumb Code    58  msg.o(.text)
    config_CCSS                              0x0801723d   Thumb Code    54  msg.o(.text)
    config_ET1                               0x08017273   Thumb Code   100  msg.o(.text)
    config_EFL_P1                            0x080172d7   Thumb Code   290  msg.o(.text)
    config_PTO                               0x080173f9   Thumb Code   154  msg.o(.text)
    config_CCVS1                             0x08017493   Thumb Code   218  msg.o(.text)
    config_LFE1                              0x0801756d   Thumb Code    80  msg.o(.text)
    config_VP                                0x080175bd   Thumb Code    34  msg.o(.text)
    config_TIRE                              0x080175df   Thumb Code    90  msg.o(.text)
    config_AMB                               0x08017639   Thumb Code    86  msg.o(.text)
    config_IC1                               0x0801768f   Thumb Code   116  msg.o(.text)
    config_VEP1                              0x08017703   Thumb Code    80  msg.o(.text)
    config_TRF1                              0x08017753   Thumb Code   120  msg.o(.text)
    config_AI                                0x080177cb   Thumb Code   202  msg.o(.text)
    config_B                                 0x08017895   Thumb Code    84  msg.o(.text)
    config_RF                                0x080178e9   Thumb Code    42  msg.o(.text)
    config_DD                                0x08017913   Thumb Code    96  msg.o(.text)
    config_A1                                0x08017973   Thumb Code    36  msg.o(.text)
    config_AWPP                              0x08017997   Thumb Code    22  msg.o(.text)
    testallmsg_group1                        0x080179d9   Thumb Code   164  testmsg.o(.text)
    __aeabi_memcpy                           0x08017a81   Thumb Code    36  memcpya.o(.text)
    __aeabi_memcpy4                          0x08017a81   Thumb Code     0  memcpya.o(.text)
    __aeabi_memcpy8                          0x08017a81   Thumb Code     0  memcpya.o(.text)
    __aeabi_memset                           0x08017aa5   Thumb Code    14  memseta.o(.text)
    __aeabi_memset4                          0x08017aa5   Thumb Code     0  memseta.o(.text)
    __aeabi_memset8                          0x08017aa5   Thumb Code     0  memseta.o(.text)
    __aeabi_memclr                           0x08017ab3   Thumb Code     4  memseta.o(.text)
    __aeabi_memclr4                          0x08017ab3   Thumb Code     0  memseta.o(.text)
    __aeabi_memclr8                          0x08017ab3   Thumb Code     0  memseta.o(.text)
    _memset$wrapper                          0x08017ab7   Thumb Code    18  memseta.o(.text)
    strstr                                   0x08017ac9   Thumb Code    36  strstr.o(.text)
    __aeabi_dadd                             0x08017aed   Thumb Code   322  dadd.o(.text)
    __aeabi_dsub                             0x08017c2f   Thumb Code     6  dadd.o(.text)
    __aeabi_drsub                            0x08017c35   Thumb Code     6  dadd.o(.text)
    __aeabi_ddiv                             0x08017c3b   Thumb Code   222  ddiv.o(.text)
    __aeabi_i2d                              0x08017d19   Thumb Code    34  dflti.o(.text)
    __aeabi_f2iz                             0x08017d3b   Thumb Code    50  ffixi.o(.text)
    __aeabi_d2uiz                            0x08017d6d   Thumb Code    50  dfixui.o(.text)
    __aeabi_f2d                              0x08017d9f   Thumb Code    38  f2d.o(.text)
    __aeabi_uidiv                            0x08017dc5   Thumb Code     0  uidiv.o(.text)
    __aeabi_uidivmod                         0x08017dc5   Thumb Code    44  uidiv.o(.text)
    __aeabi_llsl                             0x08017df1   Thumb Code    30  llshl.o(.text)
    _ll_shift_l                              0x08017df1   Thumb Code     0  llshl.o(.text)
    __aeabi_llsr                             0x08017e0f   Thumb Code    32  llushr.o(.text)
    _ll_ushift_r                             0x08017e0f   Thumb Code     0  llushr.o(.text)
    __aeabi_lasr                             0x08017e2f   Thumb Code    36  llsshr.o(.text)
    _ll_sshift_r                             0x08017e2f   Thumb Code     0  llsshr.o(.text)
    __I$use$fp                               0x08017e53   Thumb Code     0  iusefp.o(.text)
    _double_round                            0x08017e53   Thumb Code    26  depilogue.o(.text)
    _double_epilogue                         0x08017e6d   Thumb Code   156  depilogue.o(.text)
    __scatterload                            0x08017f09   Thumb Code    28  init.o(.text)
    __scatterload_rt2                        0x08017f09   Thumb Code     0  init.o(.text)
    __0printf$3                              0x08017f2d   Thumb Code    22  printf3.o(i.__0printf$3)
    __1printf$3                              0x08017f2d   Thumb Code     0  printf3.o(i.__0printf$3)
    __2printf                                0x08017f2d   Thumb Code     0  printf3.o(i.__0printf$3)
    __0sprintf$3                             0x08017f4d   Thumb Code    34  printf3.o(i.__0sprintf$3)
    __1sprintf$3                             0x08017f4d   Thumb Code     0  printf3.o(i.__0sprintf$3)
    __2sprintf                               0x08017f4d   Thumb Code     0  printf3.o(i.__0sprintf$3)
    __scatterload_copy                       0x08017f75   Thumb Code    14  handlers.o(i.__scatterload_copy)
    __scatterload_null                       0x08017f83   Thumb Code     2  handlers.o(i.__scatterload_null)
    __scatterload_zeroinit                   0x08017f85   Thumb Code    14  handlers.o(i.__scatterload_zeroinit)
    malloc                                   0x08018159   Thumb Code    92  malloc.o(i.malloc)
    Region$$Table$$Base                      0x080181c4   Number         0  anon$$obj.o(Region$$Table)
    Region$$Table$$Limit                     0x080181e4   Number         0  anon$$obj.o(Region$$Table)
    SystemCoreClock                          0x20000000   Data           4  system_stm32f10x.o(.data)
    AHBPrescTable                            0x20000004   Data          16  system_stm32f10x.o(.data)
    CA_Name                                  0x2000002c   Data           8  j1939.o(.data)
    CommandedAddress                         0x20000034   Data           1  j1939.o(.data)
    J1939_Address                            0x20000035   Data           1  j1939.o(.data)
    J1939_Flags                              0x20000036   Data           1  j1939.o(.data)
    Can_Node                                 0x20000037   Data           1  j1939.o(.data)
    NodeAddress_1                            0x20000038   Data           1  j1939.o(.data)
    NodeAddress_2                            0x20000039   Data           1  j1939.o(.data)
    NodeAddress_3                            0x2000003a   Data           1  j1939.o(.data)
    NodeAddress_4                            0x2000003b   Data           1  j1939.o(.data)
    RXHead_1                                 0x2000003c   Data           1  j1939.o(.data)
    RXTail_1                                 0x2000003d   Data           1  j1939.o(.data)
    RXQueueCount_1                           0x2000003e   Data           1  j1939.o(.data)
    TXHead_1                                 0x2000003f   Data           1  j1939.o(.data)
    TXTail_1                                 0x20000040   Data           1  j1939.o(.data)
    TXQueueCount_1                           0x20000041   Data           1  j1939.o(.data)
    RXHead_2                                 0x20000042   Data           1  j1939.o(.data)
    RXTail_2                                 0x20000043   Data           1  j1939.o(.data)
    RXQueueCount_2                           0x20000044   Data           1  j1939.o(.data)
    TXHead_2                                 0x20000045   Data           1  j1939.o(.data)
    TXTail_2                                 0x20000046   Data           1  j1939.o(.data)
    TXQueueCount_2                           0x20000047   Data           1  j1939.o(.data)
    RXHead_3                                 0x20000048   Data           1  j1939.o(.data)
    RXTail_3                                 0x20000049   Data           1  j1939.o(.data)
    RXQueueCount_3                           0x2000004a   Data           1  j1939.o(.data)
    TXHead_3                                 0x2000004b   Data           1  j1939.o(.data)
    TXTail_3                                 0x2000004c   Data           1  j1939.o(.data)
    TXQueueCount_3                           0x2000004d   Data           1  j1939.o(.data)
    RXHead_4                                 0x2000004e   Data           1  j1939.o(.data)
    RXTail_4                                 0x2000004f   Data           1  j1939.o(.data)
    RXQueueCount_4                           0x20000050   Data           1  j1939.o(.data)
    TXHead_4                                 0x20000051   Data           1  j1939.o(.data)
    TXTail_4                                 0x20000052   Data           1  j1939.o(.data)
    TXQueueCount_4                           0x20000053   Data           1  j1939.o(.data)
    J1939_TP_Flags_t                         0x20000054   Data           3  j1939.o(.data)
    __stdout                                 0x20000058   Data           4  stdout.o(.data)
    __microlib_freelist                      0x2000005c   Data           4  mvars.o(.data)
    __microlib_freelist_initialised          0x20000060   Data           4  mvars.o(.data)
    Msg                                      0x20000064   Data          20  main.o(.bss)
    strEsp8266_Fram_Record                   0x20000078   Data        1026  wifi_config.o(.bss)
    OneMessage                               0x2000047c   Data          20  j1939.o(.bss)
    RXQueue_1                                0x20000490   Data          60  j1939.o(.bss)
    TXQueue_1                                0x200004cc   Data          60  j1939.o(.bss)
    RXQueue_2                                0x20000508   Data          60  j1939.o(.bss)
    TXQueue_2                                0x20000544   Data          60  j1939.o(.bss)
    RXQueue_3                                0x20000580   Data          60  j1939.o(.bss)
    TXQueue_3                                0x200005bc   Data          60  j1939.o(.bss)
    RXQueue_4                                0x200005f8   Data          60  j1939.o(.bss)
    TXQueue_4                                0x20000634   Data          60  j1939.o(.bss)
    REQUEST_LIST                             0x20000670   Data          24  j1939.o(.bss)
    TP_RX_MSG                                0x20000688   Data         256  j1939.o(.bss)
    TP_TX_MSG                                0x20000788   Data         256  j1939.o(.bss)
    __heap_base                              0x20000888   Data           0  startup_stm32f10x_hd.o(HEAP)
    __heap_limit                             0x20000a88   Data           0  startup_stm32f10x_hd.o(HEAP)
    __initial_sp                             0x20000e88   Data           0  startup_stm32f10x_hd.o(STACK)



==============================================================================

Memory Map of the image

  Image Entry point : 0x08000131

  Load Region LR_IROM1 (Base: 0x08000000, Size: 0x00018248, Max: 0x00080000, ABSOLUTE)

    Execution Region ER_IROM1 (Base: 0x08000000, Size: 0x000181e4, Max: 0x00080000, ABSOLUTE)

    Base Addr    Size         Type   Attr      Idx    E Section Name        Object

    0x08000000   0x00000130   Data   RO            3    RESET               startup_stm32f10x_hd.o
    0x08000130   0x00000000   Code   RO          670  * .ARM.Collect$$$$00000000  mc_w.l(entry.o)
    0x08000130   0x00000004   Code   RO          982    .ARM.Collect$$$$00000001  mc_w.l(entry2.o)
    0x08000134   0x00000004   Code   RO          985    .ARM.Collect$$$$00000004  mc_w.l(entry5.o)
    0x08000138   0x00000000   Code   RO          987    .ARM.Collect$$$$00000008  mc_w.l(entry7b.o)
    0x08000138   0x00000000   Code   RO          989    .ARM.Collect$$$$0000000A  mc_w.l(entry8b.o)
    0x08000138   0x00000008   Code   RO          990    .ARM.Collect$$$$0000000B  mc_w.l(entry9a.o)
    0x08000140   0x00000000   Code   RO          992    .ARM.Collect$$$$0000000D  mc_w.l(entry10a.o)
    0x08000140   0x00000000   Code   RO          994    .ARM.Collect$$$$0000000F  mc_w.l(entry11a.o)
    0x08000140   0x00000004   Code   RO          983    .ARM.Collect$$$$00002712  mc_w.l(entry2.o)
    0x08000144   0x00000024   Code   RO            4    .text               startup_stm32f10x_hd.o
    0x08000168   0x000001e0   Code   RO           24    .text               system_stm32f10x.o
    0x08000348   0x000000dc   Code   RO           67    .text               misc.o
    0x08000424   0x000009f0   Code   RO          113    .text               stm32f10x_can.o
    0x08000e14   0x0000035c   Code   RO          248    .text               stm32f10x_gpio.o
    0x08001170   0x000003a4   Code   RO          305    .text               stm32f10x_rcc.o
    0x08001514   0x00000408   Code   RO          376    .text               stm32f10x_usart.o
    0x0800191c   0x00000250   Code   RO          403    .text               main.o
    0x08001b6c   0x0000009c   Code   RO          462    .text               stm32f10x_it.o
    0x08001c08   0x000000b4   Code   RO          481    .text               bsp_usart1.o
    0x08001cbc   0x000001fc   Code   RO          497    .text               bsp_usart2.o
    0x08001eb8   0x00000040   Code   RO          516    .text               bsp_gpio.o
    0x08001ef8   0x000000b4   Code   RO          528    .text               bsp_systick.o
    0x08001fac   0x0000003e   Code   RO          546    .text               wifi_config.o
    0x08001fea   0x00000002   PAD
    0x08001fec   0x00000580   Code   RO          569    .text               wifi_function.o
    0x0800256c   0x00000038   Code   RO          589    .text               led.o
    0x080025a4   0x00000148   Code   RO          601    .text               can.o
    0x080026ec   0x00001994   Code   RO          620    .text               j1939.o
    0x08004080   0x00013958   Code   RO          646    .text               msg.o
    0x080179d8   0x000000a8   Code   RO          658    .text               testmsg.o
    0x08017a80   0x00000024   Code   RO          673    .text               mc_w.l(memcpya.o)
    0x08017aa4   0x00000024   Code   RO          675    .text               mc_w.l(memseta.o)
    0x08017ac8   0x00000024   Code   RO          677    .text               mc_w.l(strstr.o)
    0x08017aec   0x0000014e   Code   RO          970    .text               mf_w.l(dadd.o)
    0x08017c3a   0x000000de   Code   RO          972    .text               mf_w.l(ddiv.o)
    0x08017d18   0x00000022   Code   RO          974    .text               mf_w.l(dflti.o)
    0x08017d3a   0x00000032   Code   RO          976    .text               mf_w.l(ffixi.o)
    0x08017d6c   0x00000032   Code   RO          978    .text               mf_w.l(dfixui.o)
    0x08017d9e   0x00000026   Code   RO          980    .text               mf_w.l(f2d.o)
    0x08017dc4   0x0000002c   Code   RO          997    .text               mc_w.l(uidiv.o)
    0x08017df0   0x0000001e   Code   RO         1001    .text               mc_w.l(llshl.o)
    0x08017e0e   0x00000020   Code   RO         1003    .text               mc_w.l(llushr.o)
    0x08017e2e   0x00000024   Code   RO         1005    .text               mc_w.l(llsshr.o)
    0x08017e52   0x00000000   Code   RO         1009    .text               mc_w.l(iusefp.o)
    0x08017e52   0x000000b6   Code   RO         1010    .text               mf_w.l(depilogue.o)
    0x08017f08   0x00000024   Code   RO         1018    .text               mc_w.l(init.o)
    0x08017f2c   0x00000020   Code   RO          770    i.__0printf$3       mc_w.l(printf3.o)
    0x08017f4c   0x00000028   Code   RO          772    i.__0sprintf$3      mc_w.l(printf3.o)
    0x08017f74   0x0000000e   Code   RO         1022    i.__scatterload_copy  mc_w.l(handlers.o)
    0x08017f82   0x00000002   Code   RO         1023    i.__scatterload_null  mc_w.l(handlers.o)
    0x08017f84   0x0000000e   Code   RO         1024    i.__scatterload_zeroinit  mc_w.l(handlers.o)
    0x08017f92   0x00000002   PAD
    0x08017f94   0x000001b8   Code   RO          777    i._printf_core      mc_w.l(printf3.o)
    0x0801814c   0x0000000a   Code   RO          779    i._sputc            mc_w.l(printf3.o)
    0x08018156   0x00000002   PAD
    0x08018158   0x0000006c   Code   RO          943    i.malloc            mc_w.l(malloc.o)
    0x080181c4   0x00000020   Data   RO         1020    Region$$Table       anon$$obj.o


    Execution Region RW_IRAM1 (Base: 0x20000000, Size: 0x00000e88, Max: 0x00010000, ABSOLUTE)

    Base Addr    Size         Type   Attr      Idx    E Section Name        Object

    0x20000000   0x00000014   Data   RW           25    .data               system_stm32f10x.o
    0x20000014   0x00000014   Data   RW          306    .data               stm32f10x_rcc.o
    0x20000028   0x00000004   Data   RW          529    .data               bsp_systick.o
    0x2000002c   0x0000002b   Data   RW          622    .data               j1939.o
    0x20000057   0x00000001   PAD
    0x20000058   0x00000004   Data   RW          996    .data               mc_w.l(stdout.o)
    0x2000005c   0x00000004   Data   RW         1007    .data               mc_w.l(mvars.o)
    0x20000060   0x00000004   Data   RW         1008    .data               mc_w.l(mvars.o)
    0x20000064   0x00000014   Zero   RW          404    .bss                main.o
    0x20000078   0x00000402   Zero   RW          547    .bss                wifi_config.o
    0x2000047a   0x00000002   PAD
    0x2000047c   0x0000040c   Zero   RW          621    .bss                j1939.o
    0x20000888   0x00000200   Zero   RW            2    HEAP                startup_stm32f10x_hd.o
    0x20000a88   0x00000400   Zero   RW            1    STACK               startup_stm32f10x_hd.o


==============================================================================

Image component sizes


      Code (inc. data)   RO Data    RW Data    ZI Data      Debug   Object Name

        64          6          0          0          0        554   bsp_gpio.o
       180         18          0          4          0      16997   bsp_systick.o
       180          8          0          0          0       2728   bsp_usart1.o
       508          8          0          0          0       2834   bsp_usart2.o
       328         10          0          0          0       1460   can.o
         0          0          0          0          0       4272   core_cm3.o
      6548        488          0         43       1036      33948   j1939.o
        56          6          0          0          0        542   led.o
       592         88          0          0         20     201451   main.o
       220         22          0          0          0       2029   misc.o
     80216       2514          0          0          0     173443   msg.o
        36          8        304          0       1536        888   startup_stm32f10x_hd.o
      2544         38          0          0          0      16528   stm32f10x_can.o
       860         38          0          0          0       5869   stm32f10x_gpio.o
       156         10          0          0          0       1544   stm32f10x_it.o
       932         36          0         20          0       9088   stm32f10x_rcc.o
      1032         22          0          0          0       8600   stm32f10x_usart.o
       480         38          0         20          0     230391   system_stm32f10x.o
       168          4          0          0          0        736   testmsg.o
        62          0          0          0       1026       2106   wifi_config.o
      1408        476          0          0          0       5259   wifi_function.o

    ----------------------------------------------------------------------
     96572       3838        336         88       3620     721267   Object Totals
         0          0         32          0          0          0   (incl. Generated)
         2          0          0          1          2          0   (incl. Padding)

    ----------------------------------------------------------------------

      Code (inc. data)   RO Data    RW Data    ZI Data      Debug   Library Member Name

         0          0          0          0          0          0   entry.o
         0          0          0          0          0          0   entry10a.o
         0          0          0          0          0          0   entry11a.o
         8          4          0          0          0          0   entry2.o
         4          0          0          0          0          0   entry5.o
         0          0          0          0          0          0   entry7b.o
         0          0          0          0          0          0   entry8b.o
         8          4          0          0          0          0   entry9a.o
        30          0          0          0          0          0   handlers.o
        36          8          0          0          0         68   init.o
         0          0          0          0          0          0   iusefp.o
        30          0          0          0          0         68   llshl.o
        36          0          0          0          0         68   llsshr.o
        32          0          0          0          0         68   llushr.o
       108         16          0          0          0         84   malloc.o
        36          0          0          0          0         68   memcpya.o
        36          0          0          0          0        108   memseta.o
         0          0          0          8          0          0   mvars.o
       522         20          0          0          0        336   printf3.o
         0          0          0          4          0          0   stdout.o
        36          0          0          0          0         80   strstr.o
        44          0          0          0          0         80   uidiv.o
       334          0          0          0          0        148   dadd.o
       222          0          0          0          0        100   ddiv.o
       182          0          0          0          0        176   depilogue.o
        50          0          0          0          0         76   dfixui.o
        34          0          0          0          0         76   dflti.o
        38          0          0          0          0         68   f2d.o
        50          0          0          0          0         68   ffixi.o

    ----------------------------------------------------------------------
      1880         52          0         12          0       1740   Library Totals
         4          0          0          0          0          0   (incl. Padding)

    ----------------------------------------------------------------------

      Code (inc. data)   RO Data    RW Data    ZI Data      Debug   Library Name

       966         52          0         12          0       1028   mc_w.l
       910          0          0          0          0        712   mf_w.l

    ----------------------------------------------------------------------
      1880         52          0         12          0       1740   Library Totals

    ----------------------------------------------------------------------

==============================================================================


      Code (inc. data)   RO Data    RW Data    ZI Data      Debug   

     98452       3890        336        100       3620     720611   Grand Totals
     98452       3890        336        100       3620     720611   ELF Image Totals
     98452       3890        336        100          0          0   ROM Totals

==============================================================================

    Total RO  Size (Code + RO Data)                98788 (  96.47kB)
    Total RW  Size (RW Data + ZI Data)              3720 (   3.63kB)
    Total ROM Size (Code + RO Data + RW Data)      98888 (  96.57kB)

==============================================================================

