Product: MDK-ARM Standard 5.10
Component: ARM Compiler 5.04 update 1 (build 49)
Tool: armlink [5040049]

==============================================================================

Section Cross References

    startup_stm32f10x_hd.o(RESET) refers to startup_stm32f10x_hd.o(.text) for Reset_Handler
    startup_stm32f10x_hd.o(RESET) refers to stm32f10x_it.o(.text) for NMI_Handler
    startup_stm32f10x_hd.o(RESET) refers to can.o(.text) for USB_LP_CAN1_RX0_IRQHandler
    startup_stm32f10x_hd.o(.text) refers to startup_stm32f10x_hd.o(STACK) for __initial_sp
    startup_stm32f10x_hd.o(.text) refers to entry.o(.ARM.Collect$$$$00000000) for __main
    main.o(.text) refers to stm32f10x_rcc.o(.text) for RCC_APB2PeriphClockCmd
    main.o(.text) refers to stm32f10x_gpio.o(.text) for GPIO_Init
    main.o(.text) refers to can.o(.text) for can_tx
    main.o(.text) refers to system_stm32f10x.o(.text) for SystemInit
    main.o(.text) refers to led.o(.text) for LED_GPIO_Config
    main.o(.text) refers to j1939.o(.text) for J1939_Initialization
    usart1.o(.text) refers to stm32f10x_rcc.o(.text) for RCC_APB2PeriphClockCmd
    usart1.o(.text) refers to stm32f10x_gpio.o(.text) for GPIO_Init
    usart1.o(.text) refers to stm32f10x_usart.o(.text) for USART_Init
    can.o(.text) refers to misc.o(.text) for NVIC_PriorityGroupConfig
    can.o(.text) refers to stm32f10x_rcc.o(.text) for RCC_APB2PeriphClockCmd
    can.o(.text) refers to stm32f10x_gpio.o(.text) for GPIO_Init
    can.o(.text) refers to stm32f10x_can.o(.text) for CAN_DeInit
    can.o(.text) refers to j1939.o(.text) for J1939_ISR
    led.o(.text) refers to stm32f10x_rcc.o(.text) for RCC_APB2PeriphClockCmd
    led.o(.text) refers to stm32f10x_gpio.o(.text) for GPIO_Init
    stm32f10x_gpio.o(.text) refers to stm32f10x_rcc.o(.text) for RCC_APB2PeriphResetCmd
    stm32f10x_rcc.o(.text) refers to stm32f10x_rcc.o(.data) for APBAHBPrescTable
    stm32f10x_usart.o(.text) refers to stm32f10x_rcc.o(.text) for RCC_APB2PeriphResetCmd
    stm32f10x_can.o(.text) refers to stm32f10x_rcc.o(.text) for RCC_APB1PeriphResetCmd
    j1939.o(.text) refers to stm32f10x_can.o(.text) for CAN_Transmit
    j1939.o(.text) refers to j1939.o(.data) for Can_Node
    j1939.o(.text) refers to j1939.o(.bss) for TXQueue_1
    j1939.o(.text) refers to memcpya.o(.text) for __aeabi_memcpy4
    j1939.o(.text) refers to malloc.o(i.malloc) for malloc
    entry.o(.ARM.Collect$$$$00000000) refers (Special) to entry10a.o(.ARM.Collect$$$$0000000D) for __rt_final_cpp
    entry.o(.ARM.Collect$$$$00000000) refers (Special) to entry11a.o(.ARM.Collect$$$$0000000F) for __rt_final_exit
    entry.o(.ARM.Collect$$$$00000000) refers (Special) to entry7b.o(.ARM.Collect$$$$00000008) for _main_clock
    entry.o(.ARM.Collect$$$$00000000) refers (Special) to entry8b.o(.ARM.Collect$$$$0000000A) for _main_cpp_init
    entry.o(.ARM.Collect$$$$00000000) refers (Special) to entry9a.o(.ARM.Collect$$$$0000000B) for _main_init
    entry.o(.ARM.Collect$$$$00000000) refers (Special) to entry5.o(.ARM.Collect$$$$00000004) for _main_scatterload
    entry.o(.ARM.Collect$$$$00000000) refers (Special) to entry2.o(.ARM.Collect$$$$00000001) for _main_stk
    malloc.o(i.free) refers to mvars.o(.data) for __microlib_freelist
    malloc.o(i.malloc) refers to mvars.o(.data) for __microlib_freelist_initialised
    malloc.o(i.malloc) refers to mvars.o(.data) for __microlib_freelist
    malloc.o(i.malloc) refers to startup_stm32f10x_hd.o(HEAP) for __heap_base
    mallocr.o(i.__free$realloc) refers to mvars.o(.data) for __microlib_freelist
    mallocr.o(i.__malloc$realloc) refers to mallocr.o(i.internal_alloc) for internal_alloc
    mallocr.o(i.__malloc$realloc) refers to mvars.o(.data) for __microlib_freelist_initialised
    mallocr.o(i.__malloc$realloc) refers to startup_stm32f10x_hd.o(HEAP) for __heap_base
    mallocr.o(i.__malloc$realloc) refers to mvars.o(.data) for __microlib_freelist
    mallocr.o(i.internal_alloc) refers to memcpya.o(.text) for __aeabi_memcpy
    mallocr.o(i.internal_alloc) refers to mvars.o(.data) for __microlib_freelist
    mallocr.o(i.realloc) refers to mallocr.o(i.__free$realloc) for __free$realloc
    mallocr.o(i.realloc) refers to mallocr.o(i.internal_alloc) for internal_alloc
    mallocr.o(i.realloc) refers to mallocr.o(i.__malloc$realloc) for __malloc$realloc
    mallocr.o(i.realloc) refers to mvars.o(.data) for __microlib_freelist
    malloca.o(i.__aligned_malloc) refers to mvars.o(.data) for __microlib_freelist_initialised
    malloca.o(i.__aligned_malloc) refers to mvars.o(.data) for __microlib_freelist
    malloca.o(i.__aligned_malloc) refers to startup_stm32f10x_hd.o(HEAP) for __heap_base
    malloca.o(i.__free$memalign) refers to mvars.o(.data) for __microlib_freelist
    malloca.o(i.__malloc$memalign) refers to malloca.o(i.__aligned_malloc) for __aligned_malloc
    mallocra.o(i.__aligned_malloc$realloc) refers to mallocra.o(i.internal_alloc) for internal_alloc
    mallocra.o(i.__aligned_malloc$realloc) refers to mvars.o(.data) for __microlib_freelist_initialised
    mallocra.o(i.__aligned_malloc$realloc) refers to startup_stm32f10x_hd.o(HEAP) for __heap_base
    mallocra.o(i.__aligned_malloc$realloc) refers to mvars.o(.data) for __microlib_freelist
    mallocra.o(i.__free$realloc$memalign) refers to mvars.o(.data) for __microlib_freelist
    mallocra.o(i.__malloc$realloc$memalign) refers to mallocra.o(i.__aligned_malloc$realloc) for __aligned_malloc$realloc
    mallocra.o(i.__realloc$memalign) refers to mallocra.o(i.__free$realloc$memalign) for __free$realloc$memalign
    mallocra.o(i.__realloc$memalign) refers to mallocra.o(i.internal_alloc) for internal_alloc
    mallocra.o(i.__realloc$memalign) refers to mallocra.o(i.__malloc$realloc$memalign) for __malloc$realloc$memalign
    mallocra.o(i.__realloc$memalign) refers to mvars.o(.data) for __microlib_freelist
    mallocra.o(i.internal_alloc) refers to memcpya.o(.text) for __aeabi_memcpy
    mallocra.o(i.internal_alloc) refers to mvars.o(.data) for __microlib_freelist
    entry2.o(.ARM.Collect$$$$00000001) refers to entry2.o(.ARM.Collect$$$$00002712) for __lit__00000000
    entry2.o(.ARM.Collect$$$$00002712) refers to startup_stm32f10x_hd.o(STACK) for __initial_sp
    entry2.o(__vectab_stack_and_reset_area) refers to startup_stm32f10x_hd.o(STACK) for __initial_sp
    entry2.o(__vectab_stack_and_reset_area) refers to entry.o(.ARM.Collect$$$$00000000) for __main
    entry5.o(.ARM.Collect$$$$00000004) refers to init.o(.text) for __scatterload
    entry9a.o(.ARM.Collect$$$$0000000B) refers to main.o(.text) for main
    entry9b.o(.ARM.Collect$$$$0000000C) refers to main.o(.text) for main
    init.o(.text) refers to entry5.o(.ARM.Collect$$$$00000004) for __main_after_scatterload


==============================================================================

Removing Unused input sections from the image.

    Removing main.o(.bss), (20 bytes).
    Removing usart1.o(.text), (516 bytes).
    Removing can.o(.data), (5 bytes).
    Removing stm32f10x_usart.o(.text), (880 bytes).
    Removing core_cm3.o(.emb_text), (32 bytes).
    Removing system_stm32f10x.o(.constdata), (20 bytes).

6 unused section(s) (total 1473 bytes) removed from the image.

==============================================================================

Image Symbol Table

    Local Symbols

    Symbol Name                              Value     Ov Type        Size  Object(Section)

    ../clib/microlib/init/entry.s            0x00000000   Number         0  entry8b.o ABSOLUTE
    ../clib/microlib/init/entry.s            0x00000000   Number         0  entry.o ABSOLUTE
    ../clib/microlib/init/entry.s            0x00000000   Number         0  entry2.o ABSOLUTE
    ../clib/microlib/init/entry.s            0x00000000   Number         0  entry11b.o ABSOLUTE
    ../clib/microlib/init/entry.s            0x00000000   Number         0  entry5.o ABSOLUTE
    ../clib/microlib/init/entry.s            0x00000000   Number         0  entry11a.o ABSOLUTE
    ../clib/microlib/init/entry.s            0x00000000   Number         0  entry7a.o ABSOLUTE
    ../clib/microlib/init/entry.s            0x00000000   Number         0  entry10b.o ABSOLUTE
    ../clib/microlib/init/entry.s            0x00000000   Number         0  entry7b.o ABSOLUTE
    ../clib/microlib/init/entry.s            0x00000000   Number         0  entry10a.o ABSOLUTE
    ../clib/microlib/init/entry.s            0x00000000   Number         0  entry8a.o ABSOLUTE
    ../clib/microlib/init/entry.s            0x00000000   Number         0  entry9b.o ABSOLUTE
    ../clib/microlib/init/entry.s            0x00000000   Number         0  entry9a.o ABSOLUTE
    ../clib/microlib/malloc/malloc.c         0x00000000   Number         0  malloc.o ABSOLUTE
    ../clib/microlib/malloc/malloc.c         0x00000000   Number         0  mallocr.o ABSOLUTE
    ../clib/microlib/malloc/malloc.c         0x00000000   Number         0  malloca.o ABSOLUTE
    ../clib/microlib/malloc/malloc.c         0x00000000   Number         0  mallocra.o ABSOLUTE
    ../clib/microlib/malloc/mvars.c          0x00000000   Number         0  mvars.o ABSOLUTE
    ../clib/microlib/string/memcpy.c         0x00000000   Number         0  memcpyb.o ABSOLUTE
    ../clib/microlib/string/memcpy.c         0x00000000   Number         0  memcpya.o ABSOLUTE
    ..\CMSIS\core_cm3.c                      0x00000000   Number         0  core_cm3.o ABSOLUTE
    ..\CMSIS\startup\startup_stm32f10x_hd.s  0x00000000   Number         0  startup_stm32f10x_hd.o ABSOLUTE
    ..\CMSIS\system_stm32f10x.c              0x00000000   Number         0  system_stm32f10x.o ABSOLUTE
    ..\FWlib\src\misc.c                      0x00000000   Number         0  misc.o ABSOLUTE
    ..\FWlib\src\stm32f10x_can.c             0x00000000   Number         0  stm32f10x_can.o ABSOLUTE
    ..\FWlib\src\stm32f10x_gpio.c            0x00000000   Number         0  stm32f10x_gpio.o ABSOLUTE
    ..\FWlib\src\stm32f10x_rcc.c             0x00000000   Number         0  stm32f10x_rcc.o ABSOLUTE
    ..\FWlib\src\stm32f10x_usart.c           0x00000000   Number         0  stm32f10x_usart.o ABSOLUTE
    ..\J1939\J1939.c                         0x00000000   Number         0  j1939.o ABSOLUTE
    ..\\CMSIS\\core_cm3.c                    0x00000000   Number         0  core_cm3.o ABSOLUTE
    can.c                                    0x00000000   Number         0  can.o ABSOLUTE
    dc.s                                     0x00000000   Number         0  dc.o ABSOLUTE
    handlers.s                               0x00000000   Number         0  handlers.o ABSOLUTE
    init.s                                   0x00000000   Number         0  init.o ABSOLUTE
    led.c                                    0x00000000   Number         0  led.o ABSOLUTE
    main.c                                   0x00000000   Number         0  main.o ABSOLUTE
    stm32f10x_it.c                           0x00000000   Number         0  stm32f10x_it.o ABSOLUTE
    usart1.c                                 0x00000000   Number         0  usart1.o ABSOLUTE
    RESET                                    0x08000000   Section      304  startup_stm32f10x_hd.o(RESET)
    .ARM.Collect$$$$00000000                 0x08000130   Section        0  entry.o(.ARM.Collect$$$$00000000)
    .ARM.Collect$$$$00000001                 0x08000130   Section        4  entry2.o(.ARM.Collect$$$$00000001)
    .ARM.Collect$$$$00000004                 0x08000134   Section        4  entry5.o(.ARM.Collect$$$$00000004)
    .ARM.Collect$$$$00000008                 0x08000138   Section        0  entry7b.o(.ARM.Collect$$$$00000008)
    .ARM.Collect$$$$0000000A                 0x08000138   Section        0  entry8b.o(.ARM.Collect$$$$0000000A)
    .ARM.Collect$$$$0000000B                 0x08000138   Section        8  entry9a.o(.ARM.Collect$$$$0000000B)
    .ARM.Collect$$$$0000000D                 0x08000140   Section        0  entry10a.o(.ARM.Collect$$$$0000000D)
    .ARM.Collect$$$$0000000F                 0x08000140   Section        0  entry11a.o(.ARM.Collect$$$$0000000F)
    .ARM.Collect$$$$00002712                 0x08000140   Section        4  entry2.o(.ARM.Collect$$$$00002712)
    __lit__00000000                          0x08000140   Data           4  entry2.o(.ARM.Collect$$$$00002712)
    .text                                    0x08000144   Section       48  startup_stm32f10x_hd.o(.text)
    .text                                    0x08000174   Section        0  main.o(.text)
    .text                                    0x0800035c   Section        0  stm32f10x_it.o(.text)
    .text                                    0x08000378   Section        0  can.o(.text)
    .text                                    0x080004c8   Section        0  led.o(.text)
    .text                                    0x08000500   Section        0  stm32f10x_gpio.o(.text)
    .text                                    0x08000830   Section        0  stm32f10x_rcc.o(.text)
    .text                                    0x08000bd0   Section        0  stm32f10x_can.o(.text)
    CheckITStatus                            0x080011c3   Thumb Code    18  stm32f10x_can.o(.text)
    .text                                    0x08001368   Section        0  misc.o(.text)
    .text                                    0x08001444   Section        0  system_stm32f10x.o(.text)
    SetSysClockTo72                          0x08001445   Thumb Code   220  system_stm32f10x.o(.text)
    SetSysClock                              0x08001521   Thumb Code     8  system_stm32f10x.o(.text)
    .text                                    0x0800157c   Section        0  j1939.o(.text)
    J1939_TransmitMessages                   0x08001727   Thumb Code   430  j1939.o(.text)
    J1939_ReceiveMessages                    0x08001d17   Thumb Code  1456  j1939.o(.text)
    .text                                    0x08002f10   Section        0  memcpya.o(.text)
    .text                                    0x08002f34   Section       36  init.o(.text)
    i.__scatterload_copy                     0x08002f58   Section       14  handlers.o(i.__scatterload_copy)
    i.__scatterload_null                     0x08002f66   Section        2  handlers.o(i.__scatterload_null)
    i.__scatterload_zeroinit                 0x08002f68   Section       14  handlers.o(i.__scatterload_zeroinit)
    i.malloc                                 0x08002f78   Section        0  malloc.o(i.malloc)
    .data                                    0x20000000   Section       20  stm32f10x_rcc.o(.data)
    APBAHBPrescTable                         0x20000000   Data          16  stm32f10x_rcc.o(.data)
    ADCPrescTable                            0x20000010   Data           4  stm32f10x_rcc.o(.data)
    .data                                    0x20000014   Section       43  j1939.o(.data)
    .data                                    0x20000040   Section        4  mvars.o(.data)
    .data                                    0x20000044   Section        4  mvars.o(.data)
    .bss                                     0x20000048   Section     1036  j1939.o(.bss)
    HEAP                                     0x20000458   Section        0  startup_stm32f10x_hd.o(HEAP)
    STACK                                    0x20000458   Section      512  startup_stm32f10x_hd.o(STACK)

    Global Symbols

    Symbol Name                              Value     Ov Type        Size  Object(Section)

    BuildAttributes$$THM_ISAv4$P$D$K$B$S$PE$A:L22UL41UL21$X:L11$S22US41US21$IEEE1$IW$USESV6$~STKCKD$USESV7$~SHL$OSPACE$EBA8$MICROLIB$REQ8$PRES8$EABIv2 0x00000000   Number         0  anon$$obj.o ABSOLUTE
    __ARM_use_no_argv                        0x00000000   Number         0  main.o ABSOLUTE
    __cpp_initialize__aeabi_                  - Undefined Weak Reference
    __cxa_finalize                            - Undefined Weak Reference
    __decompress                              - Undefined Weak Reference
    _clock_init                               - Undefined Weak Reference
    _microlib_exit                            - Undefined Weak Reference
    __Vectors_Size                           0x00000130   Number         0  startup_stm32f10x_hd.o ABSOLUTE
    __Vectors                                0x08000000   Data           4  startup_stm32f10x_hd.o(RESET)
    __Vectors_End                            0x08000130   Data           0  startup_stm32f10x_hd.o(RESET)
    __main                                   0x08000131   Thumb Code     0  entry.o(.ARM.Collect$$$$00000000)
    _main_stk                                0x08000131   Thumb Code     0  entry2.o(.ARM.Collect$$$$00000001)
    _main_scatterload                        0x08000135   Thumb Code     0  entry5.o(.ARM.Collect$$$$00000004)
    __main_after_scatterload                 0x08000139   Thumb Code     0  entry5.o(.ARM.Collect$$$$00000004)
    _main_clock                              0x08000139   Thumb Code     0  entry7b.o(.ARM.Collect$$$$00000008)
    _main_cpp_init                           0x08000139   Thumb Code     0  entry8b.o(.ARM.Collect$$$$0000000A)
    _main_init                               0x08000139   Thumb Code     0  entry9a.o(.ARM.Collect$$$$0000000B)
    __rt_final_cpp                           0x08000141   Thumb Code     0  entry10a.o(.ARM.Collect$$$$0000000D)
    __rt_final_exit                          0x08000141   Thumb Code     0  entry11a.o(.ARM.Collect$$$$0000000F)
    SystemInit_ExtMemCtl                     0x08000145   Thumb Code     2  startup_stm32f10x_hd.o(.text)
    Reset_Handler                            0x08000147   Thumb Code    14  startup_stm32f10x_hd.o(.text)
    ADC1_2_IRQHandler                        0x08000167   Thumb Code     0  startup_stm32f10x_hd.o(.text)
    ADC3_IRQHandler                          0x08000167   Thumb Code     0  startup_stm32f10x_hd.o(.text)
    CAN1_RX1_IRQHandler                      0x08000167   Thumb Code     0  startup_stm32f10x_hd.o(.text)
    CAN1_SCE_IRQHandler                      0x08000167   Thumb Code     0  startup_stm32f10x_hd.o(.text)
    DMA1_Channel1_IRQHandler                 0x08000167   Thumb Code     0  startup_stm32f10x_hd.o(.text)
    DMA1_Channel2_IRQHandler                 0x08000167   Thumb Code     0  startup_stm32f10x_hd.o(.text)
    DMA1_Channel3_IRQHandler                 0x08000167   Thumb Code     0  startup_stm32f10x_hd.o(.text)
    DMA1_Channel4_IRQHandler                 0x08000167   Thumb Code     0  startup_stm32f10x_hd.o(.text)
    DMA1_Channel5_IRQHandler                 0x08000167   Thumb Code     0  startup_stm32f10x_hd.o(.text)
    DMA1_Channel6_IRQHandler                 0x08000167   Thumb Code     0  startup_stm32f10x_hd.o(.text)
    DMA1_Channel7_IRQHandler                 0x08000167   Thumb Code     0  startup_stm32f10x_hd.o(.text)
    DMA2_Channel1_IRQHandler                 0x08000167   Thumb Code     0  startup_stm32f10x_hd.o(.text)
    DMA2_Channel2_IRQHandler                 0x08000167   Thumb Code     0  startup_stm32f10x_hd.o(.text)
    DMA2_Channel3_IRQHandler                 0x08000167   Thumb Code     0  startup_stm32f10x_hd.o(.text)
    DMA2_Channel4_5_IRQHandler               0x08000167   Thumb Code     0  startup_stm32f10x_hd.o(.text)
    EXTI0_IRQHandler                         0x08000167   Thumb Code     0  startup_stm32f10x_hd.o(.text)
    EXTI15_10_IRQHandler                     0x08000167   Thumb Code     0  startup_stm32f10x_hd.o(.text)
    EXTI1_IRQHandler                         0x08000167   Thumb Code     0  startup_stm32f10x_hd.o(.text)
    EXTI2_IRQHandler                         0x08000167   Thumb Code     0  startup_stm32f10x_hd.o(.text)
    EXTI3_IRQHandler                         0x08000167   Thumb Code     0  startup_stm32f10x_hd.o(.text)
    EXTI4_IRQHandler                         0x08000167   Thumb Code     0  startup_stm32f10x_hd.o(.text)
    EXTI9_5_IRQHandler                       0x08000167   Thumb Code     0  startup_stm32f10x_hd.o(.text)
    FLASH_IRQHandler                         0x08000167   Thumb Code     0  startup_stm32f10x_hd.o(.text)
    FSMC_IRQHandler                          0x08000167   Thumb Code     0  startup_stm32f10x_hd.o(.text)
    I2C1_ER_IRQHandler                       0x08000167   Thumb Code     0  startup_stm32f10x_hd.o(.text)
    I2C1_EV_IRQHandler                       0x08000167   Thumb Code     0  startup_stm32f10x_hd.o(.text)
    I2C2_ER_IRQHandler                       0x08000167   Thumb Code     0  startup_stm32f10x_hd.o(.text)
    I2C2_EV_IRQHandler                       0x08000167   Thumb Code     0  startup_stm32f10x_hd.o(.text)
    PVD_IRQHandler                           0x08000167   Thumb Code     0  startup_stm32f10x_hd.o(.text)
    RCC_IRQHandler                           0x08000167   Thumb Code     0  startup_stm32f10x_hd.o(.text)
    RTCAlarm_IRQHandler                      0x08000167   Thumb Code     0  startup_stm32f10x_hd.o(.text)
    RTC_IRQHandler                           0x08000167   Thumb Code     0  startup_stm32f10x_hd.o(.text)
    SDIO_IRQHandler                          0x08000167   Thumb Code     0  startup_stm32f10x_hd.o(.text)
    SPI1_IRQHandler                          0x08000167   Thumb Code     0  startup_stm32f10x_hd.o(.text)
    SPI2_IRQHandler                          0x08000167   Thumb Code     0  startup_stm32f10x_hd.o(.text)
    SPI3_IRQHandler                          0x08000167   Thumb Code     0  startup_stm32f10x_hd.o(.text)
    TAMPER_IRQHandler                        0x08000167   Thumb Code     0  startup_stm32f10x_hd.o(.text)
    TIM1_BRK_IRQHandler                      0x08000167   Thumb Code     0  startup_stm32f10x_hd.o(.text)
    TIM1_CC_IRQHandler                       0x08000167   Thumb Code     0  startup_stm32f10x_hd.o(.text)
    TIM1_TRG_COM_IRQHandler                  0x08000167   Thumb Code     0  startup_stm32f10x_hd.o(.text)
    TIM1_UP_IRQHandler                       0x08000167   Thumb Code     0  startup_stm32f10x_hd.o(.text)
    TIM2_IRQHandler                          0x08000167   Thumb Code     0  startup_stm32f10x_hd.o(.text)
    TIM3_IRQHandler                          0x08000167   Thumb Code     0  startup_stm32f10x_hd.o(.text)
    TIM4_IRQHandler                          0x08000167   Thumb Code     0  startup_stm32f10x_hd.o(.text)
    TIM5_IRQHandler                          0x08000167   Thumb Code     0  startup_stm32f10x_hd.o(.text)
    TIM6_IRQHandler                          0x08000167   Thumb Code     0  startup_stm32f10x_hd.o(.text)
    TIM7_IRQHandler                          0x08000167   Thumb Code     0  startup_stm32f10x_hd.o(.text)
    TIM8_BRK_IRQHandler                      0x08000167   Thumb Code     0  startup_stm32f10x_hd.o(.text)
    TIM8_CC_IRQHandler                       0x08000167   Thumb Code     0  startup_stm32f10x_hd.o(.text)
    TIM8_TRG_COM_IRQHandler                  0x08000167   Thumb Code     0  startup_stm32f10x_hd.o(.text)
    TIM8_UP_IRQHandler                       0x08000167   Thumb Code     0  startup_stm32f10x_hd.o(.text)
    UART4_IRQHandler                         0x08000167   Thumb Code     0  startup_stm32f10x_hd.o(.text)
    UART5_IRQHandler                         0x08000167   Thumb Code     0  startup_stm32f10x_hd.o(.text)
    USART1_IRQHandler                        0x08000167   Thumb Code     0  startup_stm32f10x_hd.o(.text)
    USART2_IRQHandler                        0x08000167   Thumb Code     0  startup_stm32f10x_hd.o(.text)
    USART3_IRQHandler                        0x08000167   Thumb Code     0  startup_stm32f10x_hd.o(.text)
    USBWakeUp_IRQHandler                     0x08000167   Thumb Code     0  startup_stm32f10x_hd.o(.text)
    USB_HP_CAN1_TX_IRQHandler                0x08000167   Thumb Code     0  startup_stm32f10x_hd.o(.text)
    WWDG_IRQHandler                          0x08000167   Thumb Code     0  startup_stm32f10x_hd.o(.text)
    Delay                                    0x08000175   Thumb Code    18  main.o(.text)
    KeyInit                                  0x08000187   Thumb Code    76  main.o(.text)
    GetKey                                   0x080001d3   Thumb Code   152  main.o(.text)
    main                                     0x0800026b   Thumb Code   100  main.o(.text)
    send_massage                             0x080002cf   Thumb Code   122  main.o(.text)
    NMI_Handler                              0x0800035d   Thumb Code     2  stm32f10x_it.o(.text)
    HardFault_Handler                        0x0800035f   Thumb Code     4  stm32f10x_it.o(.text)
    MemManage_Handler                        0x08000363   Thumb Code     4  stm32f10x_it.o(.text)
    BusFault_Handler                         0x08000367   Thumb Code     4  stm32f10x_it.o(.text)
    UsageFault_Handler                       0x0800036b   Thumb Code     4  stm32f10x_it.o(.text)
    SVC_Handler                              0x0800036f   Thumb Code     2  stm32f10x_it.o(.text)
    DebugMon_Handler                         0x08000371   Thumb Code     2  stm32f10x_it.o(.text)
    PendSV_Handler                           0x08000373   Thumb Code     2  stm32f10x_it.o(.text)
    SysTick_Handler                          0x08000375   Thumb Code     2  stm32f10x_it.o(.text)
    CAN_NVIC_Configuration                   0x08000379   Thumb Code    50  can.o(.text)
    CAN_GPIO_Config                          0x080003ab   Thumb Code    74  can.o(.text)
    CAN_INIT                                 0x080003f5   Thumb Code   142  can.o(.text)
    can_tx                                   0x08000483   Thumb Code    52  can.o(.text)
    USB_LP_CAN1_RX0_IRQHandler               0x080004b7   Thumb Code     8  can.o(.text)
    LED_GPIO_Config                          0x080004c9   Thumb Code    50  led.o(.text)
    GPIO_DeInit                              0x08000501   Thumb Code   188  stm32f10x_gpio.o(.text)
    GPIO_AFIODeInit                          0x080005bd   Thumb Code    20  stm32f10x_gpio.o(.text)
    GPIO_Init                                0x080005d1   Thumb Code   278  stm32f10x_gpio.o(.text)
    GPIO_StructInit                          0x080006e7   Thumb Code    16  stm32f10x_gpio.o(.text)
    GPIO_ReadInputDataBit                    0x080006f7   Thumb Code    18  stm32f10x_gpio.o(.text)
    GPIO_ReadInputData                       0x08000709   Thumb Code     8  stm32f10x_gpio.o(.text)
    GPIO_ReadOutputDataBit                   0x08000711   Thumb Code    18  stm32f10x_gpio.o(.text)
    GPIO_ReadOutputData                      0x08000723   Thumb Code     8  stm32f10x_gpio.o(.text)
    GPIO_SetBits                             0x0800072b   Thumb Code     4  stm32f10x_gpio.o(.text)
    GPIO_ResetBits                           0x0800072f   Thumb Code     4  stm32f10x_gpio.o(.text)
    GPIO_WriteBit                            0x08000733   Thumb Code    10  stm32f10x_gpio.o(.text)
    GPIO_Write                               0x0800073d   Thumb Code     4  stm32f10x_gpio.o(.text)
    GPIO_PinLockConfig                       0x08000741   Thumb Code    18  stm32f10x_gpio.o(.text)
    GPIO_EventOutputConfig                   0x08000753   Thumb Code    26  stm32f10x_gpio.o(.text)
    GPIO_EventOutputCmd                      0x0800076d   Thumb Code     6  stm32f10x_gpio.o(.text)
    GPIO_PinRemapConfig                      0x08000773   Thumb Code   106  stm32f10x_gpio.o(.text)
    GPIO_EXTILineConfig                      0x080007dd   Thumb Code    66  stm32f10x_gpio.o(.text)
    RCC_DeInit                               0x08000831   Thumb Code    62  stm32f10x_rcc.o(.text)
    RCC_HSEConfig                            0x0800086f   Thumb Code    70  stm32f10x_rcc.o(.text)
    RCC_GetFlagStatus                        0x080008b5   Thumb Code    56  stm32f10x_rcc.o(.text)
    RCC_WaitForHSEStartUp                    0x080008ed   Thumb Code    54  stm32f10x_rcc.o(.text)
    RCC_AdjustHSICalibrationValue            0x08000923   Thumb Code    20  stm32f10x_rcc.o(.text)
    RCC_HSICmd                               0x08000937   Thumb Code     6  stm32f10x_rcc.o(.text)
    RCC_PLLConfig                            0x0800093d   Thumb Code    24  stm32f10x_rcc.o(.text)
    RCC_PLLCmd                               0x08000955   Thumb Code     6  stm32f10x_rcc.o(.text)
    RCC_SYSCLKConfig                         0x0800095b   Thumb Code    18  stm32f10x_rcc.o(.text)
    RCC_GetSYSCLKSource                      0x0800096d   Thumb Code    10  stm32f10x_rcc.o(.text)
    RCC_HCLKConfig                           0x08000977   Thumb Code    18  stm32f10x_rcc.o(.text)
    RCC_PCLK1Config                          0x08000989   Thumb Code    18  stm32f10x_rcc.o(.text)
    RCC_PCLK2Config                          0x0800099b   Thumb Code    20  stm32f10x_rcc.o(.text)
    RCC_ITConfig                             0x080009af   Thumb Code    26  stm32f10x_rcc.o(.text)
    RCC_USBCLKConfig                         0x080009c9   Thumb Code     8  stm32f10x_rcc.o(.text)
    RCC_ADCCLKConfig                         0x080009d1   Thumb Code    18  stm32f10x_rcc.o(.text)
    RCC_LSEConfig                            0x080009e3   Thumb Code    50  stm32f10x_rcc.o(.text)
    RCC_LSICmd                               0x08000a15   Thumb Code     6  stm32f10x_rcc.o(.text)
    RCC_RTCCLKConfig                         0x08000a1b   Thumb Code    12  stm32f10x_rcc.o(.text)
    RCC_RTCCLKCmd                            0x08000a27   Thumb Code     8  stm32f10x_rcc.o(.text)
    RCC_GetClocksFreq                        0x08000a2f   Thumb Code   192  stm32f10x_rcc.o(.text)
    RCC_AHBPeriphClockCmd                    0x08000aef   Thumb Code    26  stm32f10x_rcc.o(.text)
    RCC_APB2PeriphClockCmd                   0x08000b09   Thumb Code    26  stm32f10x_rcc.o(.text)
    RCC_APB1PeriphClockCmd                   0x08000b23   Thumb Code    26  stm32f10x_rcc.o(.text)
    RCC_APB2PeriphResetCmd                   0x08000b3d   Thumb Code    26  stm32f10x_rcc.o(.text)
    RCC_APB1PeriphResetCmd                   0x08000b57   Thumb Code    26  stm32f10x_rcc.o(.text)
    RCC_BackupResetCmd                       0x08000b71   Thumb Code     8  stm32f10x_rcc.o(.text)
    RCC_ClockSecuritySystemCmd               0x08000b79   Thumb Code     6  stm32f10x_rcc.o(.text)
    RCC_MCOConfig                            0x08000b7f   Thumb Code     6  stm32f10x_rcc.o(.text)
    RCC_ClearFlag                            0x08000b85   Thumb Code    14  stm32f10x_rcc.o(.text)
    RCC_GetITStatus                          0x08000b93   Thumb Code    20  stm32f10x_rcc.o(.text)
    RCC_ClearITPendingBit                    0x08000ba7   Thumb Code     6  stm32f10x_rcc.o(.text)
    CAN_DeInit                               0x08000bd1   Thumb Code    36  stm32f10x_can.o(.text)
    CAN_Init                                 0x08000bf5   Thumb Code   280  stm32f10x_can.o(.text)
    CAN_FilterInit                           0x08000d0d   Thumb Code   258  stm32f10x_can.o(.text)
    CAN_StructInit                           0x08000e0f   Thumb Code    32  stm32f10x_can.o(.text)
    CAN_ITConfig                             0x08000e2f   Thumb Code    18  stm32f10x_can.o(.text)
    CAN_Transmit                             0x08000e41   Thumb Code   294  stm32f10x_can.o(.text)
    CAN_TransmitStatus                       0x08000f67   Thumb Code   152  stm32f10x_can.o(.text)
    CAN_CancelTransmit                       0x08000fff   Thumb Code    48  stm32f10x_can.o(.text)
    CAN_FIFORelease                          0x0800102f   Thumb Code    14  stm32f10x_can.o(.text)
    CAN_MessagePending                       0x0800103d   Thumb Code    30  stm32f10x_can.o(.text)
    CAN_Receive                              0x0800105b   Thumb Code   234  stm32f10x_can.o(.text)
    CAN_DBGFreeze                            0x08001145   Thumb Code    22  stm32f10x_can.o(.text)
    CAN_Sleep                                0x0800115b   Thumb Code    30  stm32f10x_can.o(.text)
    CAN_WakeUp                               0x08001179   Thumb Code    48  stm32f10x_can.o(.text)
    CAN_GetFlagStatus                        0x080011a9   Thumb Code    18  stm32f10x_can.o(.text)
    CAN_ClearFlag                            0x080011bb   Thumb Code     8  stm32f10x_can.o(.text)
    CAN_GetITStatus                          0x080011d5   Thumb Code   238  stm32f10x_can.o(.text)
    CAN_ClearITPendingBit                    0x080012c3   Thumb Code   166  stm32f10x_can.o(.text)
    NVIC_PriorityGroupConfig                 0x08001369   Thumb Code    10  misc.o(.text)
    NVIC_Init                                0x08001373   Thumb Code   100  misc.o(.text)
    NVIC_SetVectorTable                      0x080013d7   Thumb Code    14  misc.o(.text)
    NVIC_SystemLPConfig                      0x080013e5   Thumb Code    34  misc.o(.text)
    SysTick_CLKSourceConfig                  0x08001407   Thumb Code    40  misc.o(.text)
    SystemInit                               0x08001529   Thumb Code    68  system_stm32f10x.o(.text)
    J1939_SetAddressFilter                   0x0800157d   Thumb Code    36  j1939.o(.text)
    J1939_CAN_Transmit                       0x080015a1   Thumb Code   162  j1939.o(.text)
    J1939_CAN_Receive                        0x08001643   Thumb Code   178  j1939.o(.text)
    J1939_TXinterruptEnable                  0x080016f5   Thumb Code     2  j1939.o(.text)
    SendOneMessage                           0x080016f7   Thumb Code    48  j1939.o(.text)
    J1939_TP_TX_Message                      0x080018d5   Thumb Code   212  j1939.o(.text)
    J1939_Response                           0x080019a9   Thumb Code   732  j1939.o(.text)
    J1939_Messages_Filter                    0x08001c85   Thumb Code   146  j1939.o(.text)
    CAN_identifier_clc                       0x080022c7   Thumb Code     2  j1939.o(.text)
    J1939_ISR                                0x080022c9   Thumb Code    20  j1939.o(.text)
    J1939_RXinterruptEnable                  0x080022dd   Thumb Code     8  j1939.o(.text)
    J1939_RXinterruptDisable                 0x080022e5   Thumb Code     2  j1939.o(.text)
    J1939_TXinterruptDisable                 0x080022e7   Thumb Code     2  j1939.o(.text)
    J1939_TXinterruptOk                      0x080022e9   Thumb Code    18  j1939.o(.text)
    SetAddressFilter                         0x080022fb   Thumb Code    62  j1939.o(.text)
    J1939_DequeueMessage                     0x08002339   Thumb Code   312  j1939.o(.text)
    J1939_Read_Message                       0x08002471   Thumb Code    16  j1939.o(.text)
    J1939_EnqueueMessage                     0x08002481   Thumb Code   550  j1939.o(.text)
    J1939_Send_Message                       0x080026a7   Thumb Code    16  j1939.o(.text)
    J1939_Initialization                     0x080026b7   Thumb Code   206  j1939.o(.text)
    J1939_Poll                               0x08002785   Thumb Code     2  j1939.o(.text)
    J1939_TP_DT_Packet_send                  0x08002787   Thumb Code   284  j1939.o(.text)
    J1939_CM_Start                           0x080028a3   Thumb Code   152  j1939.o(.text)
    J1939_TP_TX_Abort                        0x0800293b   Thumb Code   126  j1939.o(.text)
    J1939_TP_RX_Abort                        0x080029b9   Thumb Code   126  j1939.o(.text)
    J1939_TP_TX_RefreshCMTimer               0x08002a37   Thumb Code   206  j1939.o(.text)
    J1939_TP_RX_RefreshCMTimer               0x08002b05   Thumb Code    56  j1939.o(.text)
    J1939_read_DT_Packet                     0x08002b3d   Thumb Code   382  j1939.o(.text)
    J1939_TP_Poll                            0x08002cbb   Thumb Code   272  j1939.o(.text)
    J1939_TP_RX_Message                      0x08002dcb   Thumb Code   148  j1939.o(.text)
    J1939_Request_PGN                        0x08002e5f   Thumb Code    96  j1939.o(.text)
    J1939_Create_Response                    0x08002ebf   Thumb Code    82  j1939.o(.text)
    __aeabi_memcpy                           0x08002f11   Thumb Code    36  memcpya.o(.text)
    __aeabi_memcpy4                          0x08002f11   Thumb Code     0  memcpya.o(.text)
    __aeabi_memcpy8                          0x08002f11   Thumb Code     0  memcpya.o(.text)
    __scatterload                            0x08002f35   Thumb Code    28  init.o(.text)
    __scatterload_rt2                        0x08002f35   Thumb Code     0  init.o(.text)
    __scatterload_copy                       0x08002f59   Thumb Code    14  handlers.o(i.__scatterload_copy)
    __scatterload_null                       0x08002f67   Thumb Code     2  handlers.o(i.__scatterload_null)
    __scatterload_zeroinit                   0x08002f69   Thumb Code    14  handlers.o(i.__scatterload_zeroinit)
    malloc                                   0x08002f79   Thumb Code    92  malloc.o(i.malloc)
    Region$$Table$$Base                      0x08002fe4   Number         0  anon$$obj.o(Region$$Table)
    Region$$Table$$Limit                     0x08003004   Number         0  anon$$obj.o(Region$$Table)
    CA_Name                                  0x20000014   Data           8  j1939.o(.data)
    CommandedAddress                         0x2000001c   Data           1  j1939.o(.data)
    J1939_Address                            0x2000001d   Data           1  j1939.o(.data)
    J1939_Flags                              0x2000001e   Data           1  j1939.o(.data)
    Can_Node                                 0x2000001f   Data           1  j1939.o(.data)
    NodeAddress_1                            0x20000020   Data           1  j1939.o(.data)
    NodeAddress_2                            0x20000021   Data           1  j1939.o(.data)
    NodeAddress_3                            0x20000022   Data           1  j1939.o(.data)
    NodeAddress_4                            0x20000023   Data           1  j1939.o(.data)
    RXHead_1                                 0x20000024   Data           1  j1939.o(.data)
    RXTail_1                                 0x20000025   Data           1  j1939.o(.data)
    RXQueueCount_1                           0x20000026   Data           1  j1939.o(.data)
    TXHead_1                                 0x20000027   Data           1  j1939.o(.data)
    TXTail_1                                 0x20000028   Data           1  j1939.o(.data)
    TXQueueCount_1                           0x20000029   Data           1  j1939.o(.data)
    RXHead_2                                 0x2000002a   Data           1  j1939.o(.data)
    RXTail_2                                 0x2000002b   Data           1  j1939.o(.data)
    RXQueueCount_2                           0x2000002c   Data           1  j1939.o(.data)
    TXHead_2                                 0x2000002d   Data           1  j1939.o(.data)
    TXTail_2                                 0x2000002e   Data           1  j1939.o(.data)
    TXQueueCount_2                           0x2000002f   Data           1  j1939.o(.data)
    RXHead_3                                 0x20000030   Data           1  j1939.o(.data)
    RXTail_3                                 0x20000031   Data           1  j1939.o(.data)
    RXQueueCount_3                           0x20000032   Data           1  j1939.o(.data)
    TXHead_3                                 0x20000033   Data           1  j1939.o(.data)
    TXTail_3                                 0x20000034   Data           1  j1939.o(.data)
    TXQueueCount_3                           0x20000035   Data           1  j1939.o(.data)
    RXHead_4                                 0x20000036   Data           1  j1939.o(.data)
    RXTail_4                                 0x20000037   Data           1  j1939.o(.data)
    RXQueueCount_4                           0x20000038   Data           1  j1939.o(.data)
    TXHead_4                                 0x20000039   Data           1  j1939.o(.data)
    TXTail_4                                 0x2000003a   Data           1  j1939.o(.data)
    TXQueueCount_4                           0x2000003b   Data           1  j1939.o(.data)
    J1939_TP_Flags_t                         0x2000003c   Data           3  j1939.o(.data)
    __microlib_freelist                      0x20000040   Data           4  mvars.o(.data)
    __microlib_freelist_initialised          0x20000044   Data           4  mvars.o(.data)
    OneMessage                               0x20000048   Data          20  j1939.o(.bss)
    RXQueue_1                                0x2000005c   Data          60  j1939.o(.bss)
    TXQueue_1                                0x20000098   Data          60  j1939.o(.bss)
    RXQueue_2                                0x200000d4   Data          60  j1939.o(.bss)
    TXQueue_2                                0x20000110   Data          60  j1939.o(.bss)
    RXQueue_3                                0x2000014c   Data          60  j1939.o(.bss)
    TXQueue_3                                0x20000188   Data          60  j1939.o(.bss)
    RXQueue_4                                0x200001c4   Data          60  j1939.o(.bss)
    TXQueue_4                                0x20000200   Data          60  j1939.o(.bss)
    REQUEST_LIST                             0x2000023c   Data          24  j1939.o(.bss)
    TP_RX_MSG                                0x20000254   Data         256  j1939.o(.bss)
    TP_TX_MSG                                0x20000354   Data         256  j1939.o(.bss)
    __heap_base                              0x20000458   Data           0  startup_stm32f10x_hd.o(HEAP)
    __heap_limit                             0x20000458   Data           0  startup_stm32f10x_hd.o(HEAP)
    __initial_sp                             0x20000658   Data           0  startup_stm32f10x_hd.o(STACK)



==============================================================================

Memory Map of the image

  Image Entry point : 0x08000147

  Load Region LR_1 (Base: 0x08000000, Size: 0x0000304c, Max: 0xffffffff, ABSOLUTE)

    Execution Region ER_RO (Base: 0x08000000, Size: 0x00003004, Max: 0xffffffff, ABSOLUTE)

    Base Addr    Size         Type   Attr      Idx    E Section Name        Object

    0x08000000   0x00000130   Data   RO            3    RESET               startup_stm32f10x_hd.o
    0x08000130   0x00000000   Code   RO          252  * .ARM.Collect$$$$00000000  mc_w.l(entry.o)
    0x08000130   0x00000004   Code   RO          287    .ARM.Collect$$$$00000001  mc_w.l(entry2.o)
    0x08000134   0x00000004   Code   RO          290    .ARM.Collect$$$$00000004  mc_w.l(entry5.o)
    0x08000138   0x00000000   Code   RO          292    .ARM.Collect$$$$00000008  mc_w.l(entry7b.o)
    0x08000138   0x00000000   Code   RO          294    .ARM.Collect$$$$0000000A  mc_w.l(entry8b.o)
    0x08000138   0x00000008   Code   RO          295    .ARM.Collect$$$$0000000B  mc_w.l(entry9a.o)
    0x08000140   0x00000000   Code   RO          297    .ARM.Collect$$$$0000000D  mc_w.l(entry10a.o)
    0x08000140   0x00000000   Code   RO          299    .ARM.Collect$$$$0000000F  mc_w.l(entry11a.o)
    0x08000140   0x00000004   Code   RO          288    .ARM.Collect$$$$00002712  mc_w.l(entry2.o)
    0x08000144   0x00000030   Code   RO            4  * .text               startup_stm32f10x_hd.o
    0x08000174   0x000001e8   Code   RO           10    .text               main.o
    0x0800035c   0x0000001a   Code   RO           66    .text               stm32f10x_it.o
    0x08000376   0x00000002   PAD
    0x08000378   0x00000150   Code   RO          103    .text               can.o
    0x080004c8   0x00000038   Code   RO          122    .text               led.o
    0x08000500   0x00000330   Code   RO          134    .text               stm32f10x_gpio.o
    0x08000830   0x000003a0   Code   RO          146    .text               stm32f10x_rcc.o
    0x08000bd0   0x00000798   Code   RO          172    .text               stm32f10x_can.o
    0x08001368   0x000000dc   Code   RO          184    .text               misc.o
    0x08001444   0x00000138   Code   RO          206    .text               system_stm32f10x.o
    0x0800157c   0x00001994   Code   RO          224    .text               j1939.o
    0x08002f10   0x00000024   Code   RO          255    .text               mc_w.l(memcpya.o)
    0x08002f34   0x00000024   Code   RO          303    .text               mc_w.l(init.o)
    0x08002f58   0x0000000e   Code   RO          307    i.__scatterload_copy  mc_w.l(handlers.o)
    0x08002f66   0x00000002   Code   RO          308    i.__scatterload_null  mc_w.l(handlers.o)
    0x08002f68   0x0000000e   Code   RO          309    i.__scatterload_zeroinit  mc_w.l(handlers.o)
    0x08002f76   0x00000002   PAD
    0x08002f78   0x0000006c   Code   RO          260    i.malloc            mc_w.l(malloc.o)
    0x08002fe4   0x00000020   Data   RO          305    Region$$Table       anon$$obj.o


    Execution Region ER_RW (Base: 0x20000000, Size: 0x00000048, Max: 0xffffffff, ABSOLUTE)

    Base Addr    Size         Type   Attr      Idx    E Section Name        Object

    0x20000000   0x00000014   Data   RW          147    .data               stm32f10x_rcc.o
    0x20000014   0x0000002b   Data   RW          226    .data               j1939.o
    0x2000003f   0x00000001   PAD
    0x20000040   0x00000004   Data   RW          301    .data               mc_w.l(mvars.o)
    0x20000044   0x00000004   Data   RW          302    .data               mc_w.l(mvars.o)


    Execution Region ER_ZI (Base: 0x20000048, Size: 0x00000610, Max: 0xffffffff, ABSOLUTE)

    Base Addr    Size         Type   Attr      Idx    E Section Name        Object

    0x20000048   0x0000040c   Zero   RW          225    .bss                j1939.o
    0x20000454   0x00000004   PAD
    0x20000458   0x00000000   Zero   RW            2    HEAP                startup_stm32f10x_hd.o
    0x20000458   0x00000200   Zero   RW            1    STACK               startup_stm32f10x_hd.o


==============================================================================

Image component sizes


      Code (inc. data)   RO Data    RW Data    ZI Data      Debug   Object Name

       336         10          0          0          0       1400   can.o
      6548        488          0         43       1036      22761   j1939.o
        56          6          0          0          0        482   led.o
       488         20          0          0          0     229861   main.o
       220         22          0          0          0       1897   misc.o
        48         12        304          0        512        888   startup_stm32f10x_hd.o
      1944         10          0          0          0       7000   stm32f10x_can.o
       816         18          0          0          0       5267   stm32f10x_gpio.o
        26          0          0          0          0       1202   stm32f10x_it.o
       928         36          0         20          0       8916   stm32f10x_rcc.o
       312         16          0          0          0       1329   system_stm32f10x.o

    ----------------------------------------------------------------------
     11724        638        336         64       1552     281003   Object Totals
         0          0         32          0          0          0   (incl. Generated)
         2          0          0          1          4          0   (incl. Padding)

    ----------------------------------------------------------------------

      Code (inc. data)   RO Data    RW Data    ZI Data      Debug   Library Member Name

         0          0          0          0          0          0   entry.o
         0          0          0          0          0          0   entry10a.o
         0          0          0          0          0          0   entry11a.o
         8          4          0          0          0          0   entry2.o
         4          0          0          0          0          0   entry5.o
         0          0          0          0          0          0   entry7b.o
         0          0          0          0          0          0   entry8b.o
         8          4          0          0          0          0   entry9a.o
        30          0          0          0          0          0   handlers.o
        36          8          0          0          0         68   init.o
       108         16          0          0          0         84   malloc.o
        36          0          0          0          0         68   memcpya.o
         0          0          0          8          0          0   mvars.o

    ----------------------------------------------------------------------
       232         32          0          8          0        220   Library Totals
         2          0          0          0          0          0   (incl. Padding)

    ----------------------------------------------------------------------

      Code (inc. data)   RO Data    RW Data    ZI Data      Debug   Library Name

       230         32          0          8          0        220   mc_w.l

    ----------------------------------------------------------------------
       232         32          0          8          0        220   Library Totals

    ----------------------------------------------------------------------

==============================================================================


      Code (inc. data)   RO Data    RW Data    ZI Data      Debug   

     11956        670        336         72       1552     280491   Grand Totals
     11956        670        336         72       1552     280491   ELF Image Totals
     11956        670        336         72          0          0   ROM Totals

==============================================================================

    Total RO  Size (Code + RO Data)                12292 (  12.00kB)
    Total RW  Size (RW Data + ZI Data)              1624 (   1.59kB)
    Total ROM Size (Code + RO Data + RW Data)      12364 (  12.07kB)

==============================================================================

