Product: MDK-ARM Standard 5.10
Component: ARM Compiler 5.04 update 1 (build 49)
Tool: armlink [5040049]

==============================================================================

Section Cross References

    startup_stm32f10x_hd.o(RESET) refers to startup_stm32f10x_hd.o(STACK) for __initial_sp
    startup_stm32f10x_hd.o(RESET) refers to startup_stm32f10x_hd.o(.text) for Reset_Handler
    startup_stm32f10x_hd.o(RESET) refers to stm32f10x_it.o(.text) for NMI_Handler
    startup_stm32f10x_hd.o(RESET) refers to can.o(.text) for USB_LP_CAN1_RX0_IRQHandler
    startup_stm32f10x_hd.o(RESET) refers to time_test.o(.text) for TIM2_IRQHandler
    startup_stm32f10x_hd.o(.text) refers to system_stm32f10x.o(.text) for SystemInit
    startup_stm32f10x_hd.o(.text) refers to entry.o(.ARM.Collect$$$$00000000) for __main
    system_stm32f10x.o(.text) refers to system_stm32f10x.o(.data) for SystemCoreClock
    stm32f10x_adc.o(.text) refers to stm32f10x_rcc.o(.text) for RCC_APB2PeriphResetCmd
    stm32f10x_bkp.o(.text) refers to stm32f10x_rcc.o(.text) for RCC_BackupResetCmd
    stm32f10x_can.o(.text) refers to stm32f10x_rcc.o(.text) for RCC_APB1PeriphResetCmd
    stm32f10x_cec.o(.text) refers to stm32f10x_rcc.o(.text) for RCC_APB1PeriphResetCmd
    stm32f10x_dac.o(.text) refers to stm32f10x_rcc.o(.text) for RCC_APB1PeriphResetCmd
    stm32f10x_gpio.o(.text) refers to stm32f10x_rcc.o(.text) for RCC_APB2PeriphResetCmd
    stm32f10x_i2c.o(.text) refers to stm32f10x_rcc.o(.text) for RCC_APB1PeriphResetCmd
    stm32f10x_pwr.o(.text) refers to stm32f10x_rcc.o(.text) for RCC_APB1PeriphResetCmd
    stm32f10x_rcc.o(.text) refers to stm32f10x_rcc.o(.data) for APBAHBPrescTable
    stm32f10x_spi.o(.text) refers to stm32f10x_rcc.o(.text) for RCC_APB2PeriphResetCmd
    stm32f10x_tim.o(.text) refers to stm32f10x_rcc.o(.text) for RCC_APB2PeriphResetCmd
    stm32f10x_usart.o(.text) refers to stm32f10x_rcc.o(.text) for RCC_APB2PeriphResetCmd
    stm32f10x_wwdg.o(.text) refers to stm32f10x_rcc.o(.text) for RCC_APB1PeriphResetCmd
    main.o(.text) refers to stm32f10x_rcc.o(.text) for RCC_APB2PeriphClockCmd
    main.o(.text) refers to stm32f10x_gpio.o(.text) for GPIO_Init
    main.o(.text) refers to can.o(.text) for can_tx
    main.o(.text) refers to system_stm32f10x.o(.text) for SystemInit
    main.o(.text) refers to led.o(.text) for LED_GPIO_Config
    main.o(.text) refers to wifi_config.o(.text) for NVIC_Configuration
    main.o(.text) refers to bsp_gpio.o(.text) for GPIO_Config
    main.o(.text) refers to bsp_usart1.o(.text) for USART1_Config
    main.o(.text) refers to bsp_usart2.o(.text) for USART2_Config
    main.o(.text) refers to j1939.o(.text) for J1939_Initialization
    main.o(.text) refers to time_test.o(.text) for TIM2_NVIC_Configuration
    main.o(.text) refers to bsp_systick.o(.text) for SysTick_Init
    main.o(.text) refers to bsp_ds18b20.o(.text) for DS18B20_Init
    main.o(.text) refers to printf5.o(i.__0printf$5) for __2printf
    main.o(.text) refers to wifi_function.o(.text) for ESP8266_STA_TCP_Client
    main.o(.text) refers to testmsg.o(.text) for testallmsg_group1
    stm32f10x_it.o(.text) refers to bsp_systick.o(.text) for TimingDelay_Decrement
    stm32f10x_it.o(.text) refers to stm32f10x_usart.o(.text) for USART_GetITStatus
    stm32f10x_it.o(.text) refers to wifi_config.o(.bss) for strEsp8266_Fram_Record
    bsp_usart1.o(.text) refers to stm32f10x_rcc.o(.text) for RCC_APB2PeriphClockCmd
    bsp_usart1.o(.text) refers to stm32f10x_gpio.o(.text) for GPIO_Init
    bsp_usart1.o(.text) refers to stm32f10x_usart.o(.text) for USART_Init
    bsp_usart2.o(.text) refers to stm32f10x_rcc.o(.text) for RCC_APB2PeriphClockCmd
    bsp_usart2.o(.text) refers to stm32f10x_gpio.o(.text) for GPIO_Init
    bsp_usart2.o(.text) refers to stm32f10x_usart.o(.text) for USART_Init
    bsp_gpio.o(.text) refers to stm32f10x_rcc.o(.text) for RCC_APB2PeriphClockCmd
    bsp_gpio.o(.text) refers to stm32f10x_gpio.o(.text) for GPIO_Init
    bsp_systick.o(.text) refers to system_stm32f10x.o(.data) for SystemCoreClock
    bsp_systick.o(.text) refers to bsp_systick.o(.data) for TimingDelay
    wifi_config.o(.text) refers to misc.o(.text) for NVIC_PriorityGroupConfig
    wifi_config.o(.text) refers to bsp_gpio.o(.text) for GPIO_Config
    wifi_config.o(.text) refers to bsp_usart1.o(.text) for USART1_Config
    wifi_config.o(.text) refers to bsp_usart2.o(.text) for USART2_Config
    wifi_function.o(.text) refers to stm32f10x_gpio.o(.text) for GPIO_SetBits
    wifi_function.o(.text) refers to bsp_systick.o(.text) for Delay_us
    wifi_function.o(.text) refers to bsp_usart2.o(.text) for USART2_printf
    wifi_function.o(.text) refers to strstr.o(.text) for strstr
    wifi_function.o(.text) refers to printf5.o(i.__0sprintf$5) for __2sprintf
    wifi_function.o(.text) refers to memseta.o(.text) for __aeabi_memclr4
    wifi_function.o(.text) refers to printf5.o(i.__0printf$5) for __2printf
    wifi_function.o(.text) refers to strlen.o(.text) for strlen
[...]
    AT1IGC1                                  0x08007db7   Thumb Code    48  msg.o(.text)
    MSI1                                     0x08007de7   Thumb Code   118  msg.o(.text)
    MSCI                                     0x08007e5d   Thumb Code    28  msg.o(.text)
    BCH2                                     0x08007e79   Thumb Code    60  msg.o(.text)
    BCH1                                     0x08007eb5   Thumb Code    60  msg.o(.text)
    OCSI                                     0x08007ef1   Thumb Code   144  msg.o(.text)
    BDS                                      0x08007f81   Thumb Code   158  msg.o(.text)
    CSI                                      0x0800801f   Thumb Code   212  msg.o(.text)
    ILI                                      0x080080f3   Thumb Code  1464  msg.o(.text)
    AT1WUDOC                                 0x080086ab   Thumb Code    34  msg.o(.text)
    DPF2S                                    0x080086cd   Thumb Code    58  msg.o(.text)
    DPF1S                                    0x08008707   Thumb Code    58  msg.o(.text)
    ATDT2                                    0x08008741   Thumb Code    34  msg.o(.text)
    ATDT1                                    0x08008763   Thumb Code    34  msg.o(.text)
    A2DOC                                    0x08008785   Thumb Code    94  msg.o(.text)
    A1DOC                                    0x080087e3   Thumb Code    94  msg.o(.text)
    A2GOC                                    0x08008841   Thumb Code    94  msg.o(.text)
    A1GOC                                    0x0800889f   Thumb Code    94  msg.o(.text)
    EJM10                                    0x080088fd   Thumb Code   176  msg.o(.text)
    BJM10                                    0x080089ad   Thumb Code   278  msg.o(.text)
    EJM9                                     0x08008ac3   Thumb Code   176  msg.o(.text)
    BJM9                                     0x08008b73   Thumb Code   278  msg.o(.text)
    EJM8                                     0x08008c89   Thumb Code   176  msg.o(.text)
    BJM8                                     0x08008d39   Thumb Code   278  msg.o(.text)
    EJM7                                     0x08008e4f   Thumb Code   176  msg.o(.text)
    BJM7                                     0x08008eff   Thumb Code   278  msg.o(.text)
    EJM6                                     0x08009015   Thumb Code   176  msg.o(.text)
    BJM6                                     0x080090c5   Thumb Code   278  msg.o(.text)
    EJM5                                     0x080091db   Thumb Code   176  msg.o(.text)
    BJM5                                     0x0800928b   Thumb Code   278  msg.o(.text)
    EJM4                                     0x080093a1   Thumb Code   176  msg.o(.text)
    BJM4                                     0x08009451   Thumb Code   278  msg.o(.text)
    FD2                                      0x08009567   Thumb Code    54  msg.o(.text)
    A2DEFSI                                  0x0800959d   Thumb Code    52  msg.o(.text)
    A2SCRRT2I                                0x080095d1   Thumb Code    72  msg.o(.text)
    A2SCRRT1I                                0x08009619   Thumb Code    72  msg.o(.text)
    A2DEFI                                   0x08009661   Thumb Code    62  msg.o(.text)
    A2SCRSI                                  0x0800969f   Thumb Code    38  msg.o(.text)
    A2SCREGT1                                0x080096c5   Thumb Code    58  msg.o(.text)
    A2SCREGP                                 0x080096ff   Thumb Code    36  msg.o(.text)
    A2SCRDSR2                                0x08009723   Thumb Code   102  msg.o(.text)
    A2SCRDSI2                                0x08009789   Thumb Code   156  msg.o(.text)
    A1DEFSI                                  0x08009825   Thumb Code    52  msg.o(.text)
    A1SCRRT2I                                0x08009859   Thumb Code    72  msg.o(.text)
    A1SCREGT1                                0x080098a1   Thumb Code    58  msg.o(.text)
    A1SCREGP                                 0x080098db   Thumb Code    36  msg.o(.text)
    A1SCRDSR2                                0x080098ff   Thumb Code   106  msg.o(.text)
    A1SCRDSI2                                0x08009969   Thumb Code   156  msg.o(.text)
    AT2FC2                                   0x08009a05   Thumb Code    60  msg.o(.text)
    AT2TWCC                                  0x08009a41   Thumb Code    94  msg.o(.text)
    AT1TWCC                                  0x08009a9f   Thumb Code    94  msg.o(.text)
    O2FT2                                    0x08009afd   Thumb Code    46  msg.o(.text)
    O2FT1                                    0x08009b2b   Thumb Code    46  msg.o(.text)
    ACCVC                                    0x08009b59   Thumb Code    34  msg.o(.text)
    ECCVC                                    0x08009b7b   Thumb Code    42  msg.o(.text)
    EAI                                      0x08009ba5   Thumb Code    44  msg.o(.text)
    AT1FC2                                   0x08009bd1   Thumb Code    64  msg.o(.text)
    ET4                                      0x08009c11   Thumb Code    46  msg.o(.text)
    ZNVW                                     0x08009c3f   Thumb Code    26  msg.o(.text)
    GCVW                                     0x08009c59   Thumb Code    46  msg.o(.text)
    AGCW                                     0x08009c87   Thumb Code    46  msg.o(.text)
    AGW                                      0x08009cb5   Thumb Code    36  msg.o(.text)
    AAGW                                     0x08009cd9   Thumb Code   196  msg.o(.text)
    AT2AC2                                   0x08009d9d   Thumb Code    54  msg.o(.text)
    AT1AC2                                   0x08009dd3   Thumb Code    54  msg.o(.text)
    SCR1                                     0x08009e09   Thumb Code    48  msg.o(.text)
    EEC8                                     0x08009e39   Thumb Code    48  msg.o(.text)
    DRC                                      0x08009e69   Thumb Code   214  msg.o(.text)
    BSA                                      0x08009f3f   Thumb Code   338  msg.o(.text)
    ESV6                                     0x0800a091   Thumb Code    54  msg.o(.text)
    ESV5                                     0x0800a0c7   Thumb Code    54  msg.o(.text)
    ESV4                                     0x0800a0fd   Thumb Code    54  msg.o(.text)
    ESV3                                     0x0800a133   Thumb Code    54  msg.o(.text)
    ESV2                                     0x0800a169   Thumb Code    54  msg.o(.text)
    ESV1                                     0x0800a19f   Thumb Code    54  msg.o(.text)
    AT2TI                                    0x0800a1d5   Thumb Code   202  msg.o(.text)
    AT1TI                                    0x0800a29f   Thumb Code   202  msg.o(.text)
    AT2S                                     0x0800a369   Thumb Code    54  msg.o(.text)
    AT1S                                     0x0800a39f   Thumb Code    54  msg.o(.text)
    DPFC1                                    0x0800a3d5   Thumb Code   338  msg.o(.text)
    AFSS                                     0x0800a527   Thumb Code    64  msg.o(.text)
    EC2                                      0x0800a567   Thumb Code    18  msg.o(.text)
    EGRBV                                    0x0800a579   Thumb Code    18  msg.o(.text)
    TCI                                      0x0800a58b   Thumb Code    26  msg.o(.text)
    EFL_P9                                   0x0800a5a5   Thumb Code    54  msg.o(.text)
    EFL_P8                                   0x0800a5db   Thumb Code    54  msg.o(.text)
    EFL_P7                                   0x0800a611   Thumb Code    54  msg.o(.text)
    EFL_P6                                   0x0800a647   Thumb Code    54  msg.o(.text)
    EFL_P5                                   0x0800a67d   Thumb Code    54  msg.o(.text)
    VDS2                                     0x0800a6b3   Thumb Code    24  msg.o(.text)
    J2012                                    0x0800a6cb   Thumb Code    88  msg.o(.text)
    AT2GP                                    0x0800a723   Thumb Code    34  msg.o(.text)
    AT1GP                                    0x0800a745   Thumb Code    34  msg.o(.text)
    AETC                                     0x0800a767   Thumb Code    32  msg.o(.text)
    EOI                                      0x0800a787   Thumb Code   198  msg.o(.text)
    EEC7                                     0x0800a84d   Thumb Code    54  msg.o(.text)
    TRF2                                     0x0800a883   Thumb Code   106  msg.o(.text)
    AT1HI                                    0x0800a8ed   Thumb Code   260  msg.o(.text)
    AT2HI                                    0x0800a9f1   Thumb Code   260  msg.o(.text)
    A1DEFI                                   0x0800aaf5   Thumb Code    62  msg.o(.text)
    SEP2                                     0x0800ab33   Thumb Code    54  msg.o(.text)
    SEP1                                     0x0800ab69   Thumb Code    54  msg.o(.text)
    AT2AC1                                   0x0800ab9f   Thumb Code   112  msg.o(.text)
    AT1AC1                                   0x0800ac0f   Thumb Code   112  msg.o(.text)
    AT2FC1                                   0x0800ac7f   Thumb Code   100  msg.o(.text)
    AT1FC1                                   0x0800ace3   Thumb Code   100  msg.o(.text)
    GFI                                      0x0800ad47   Thumb Code    48  msg.o(.text)
    EEC6                                     0x0800ad77   Thumb Code    70  msg.o(.text)
    PTODE                                    0x0800adbd   Thumb Code   302  msg.o(.text)
    DC2                                      0x0800aeeb   Thumb Code   404  msg.o(.text)
    WCM2                                     0x0800b07f   Thumb Code    50  msg.o(.text)
    WCM1                                     0x0800b0b1   Thumb Code    50  msg.o(.text)
    EFL_P4                                   0x0800b0e3   Thumb Code    44  msg.o(.text)
    FWSS2                                    0x0800b10f   Thumb Code    68  msg.o(.text)
    AT2IMG                                   0x0800b153   Thumb Code    94  msg.o(.text)
    AT2OG2                                   0x0800b1b1   Thumb Code    58  msg.o(.text)
    AT2IG2                                   0x0800b1eb   Thumb Code    58  msg.o(.text)
    AT1IMG                                   0x0800b225   Thumb Code    94  msg.o(.text)
    AT1OG2                                   0x0800b283   Thumb Code    58  msg.o(.text)
    AT1IG2                                   0x0800b2bd   Thumb Code    58  msg.o(.text)
    TPRI                                     0x0800b2f7   Thumb Code    26  msg.o(.text)
    TR6                                      0x0800b311   Thumb Code    38  msg.o(.text)
    TR5                                      0x0800b337   Thumb Code   126  msg.o(.text)
    TR3                                      0x0800b3b5   Thumb Code   104  msg.o(.text)
    TR1                                      0x0800b41d   Thumb Code    24  msg.o(.text)
    TR2                                      0x0800b435   Thumb Code    12  msg.o(.text)
    TR7                                      0x0800b441   Thumb Code    66  msg.o(.text)
    EFL_P3                                   0x0800b483   Thumb Code    52  msg.o(.text)
    EEC14                                    0x0800b4b7   Thumb Code    52  msg.o(.text)
    EEC15                                    0x0800b4eb   Thumb Code    30  msg.o(.text)
    EBC5                                     0x0800b509   Thumb Code   120  msg.o(.text)
    CSA                                      0x0800b581   Thumb Code    94  msg.o(.text)
    OHCSS                                    0x0800b5df   Thumb Code   110  msg.o(.text)
    ISCS                                     0x0800b64d   Thumb Code    26  msg.o(.text)
    CMI                                      0x0800b667   Thumb Code    24  msg.o(.text)
    ISC                                      0x0800b67f   Thumb Code    26  msg.o(.text)
    OHECS                                    0x0800b699   Thumb Code   106  msg.o(.text)
    OEL                                      0x0800b703   Thumb Code    90  msg.o(.text)
    OWW                                      0x0800b75d   Thumb Code   106  msg.o(.text)
    IC2                                      0x0800b7c7   Thumb Code    48  msg.o(.text)
    FMS                                      0x0800b7f7   Thumb Code    62  msg.o(.text)
    EP                                       0x0800b835   Thumb Code    28  msg.o(.text)
    TCI6                                     0x0800b851   Thumb Code    54  msg.o(.text)
    CM3                                      0x0800b887   Thumb Code    64  msg.o(.text)
    EEC5                                     0x0800b8c7   Thumb Code    88  msg.o(.text)
    BJM1                                     0x0800b91f   Thumb Code   278  msg.o(.text)
    EJM1                                     0x0800ba35   Thumb Code   176  msg.o(.text)
    BJM2                                     0x0800bae5   Thumb Code   278  msg.o(.text)
    EJM2                                     0x0800bbfb   Thumb Code   176  msg.o(.text)
    BJM3                                     0x0800bcab   Thumb Code   278  msg.o(.text)
    EJM3                                     0x0800bdc1   Thumb Code   176  msg.o(.text)
    MCI                                      0x0800be71   Thumb Code    52  msg.o(.text)
    FWD                                      0x0800bea5   Thumb Code    26  msg.o(.text)
    AMB2                                     0x0800bebf   Thumb Code    52  msg.o(.text)
    CACI                                     0x0800bef3   Thumb Code    18  msg.o(.text)
    SPR                                      0x0800bf05   Thumb Code    38  msg.o(.text)
    EOAC                                     0x0800bf2b   Thumb Code    18  msg.o(.text)
    EPD                                      0x0800bf3d   Thumb Code    18  msg.o(.text)
    MVS                                      0x0800bf4f   Thumb Code    46  msg.o(.text)
    HBS                                      0x0800bf7d   Thumb Code   100  msg.o(.text)
    ET                                       0x0800bfe1   Thumb Code    34  msg.o(.text)
    LD                                       0x0800c003   Thumb Code   420  msg.o(.text)
    LCMD                                     0x0800c1a7   Thumb Code   430  msg.o(.text)
    ETC7                                     0x0800c355   Thumb Code   252  msg.o(.text)
    TCFG2                                    0x0800c451   Thumb Code    18  msg.o(.text)
    ML                                       0x0800c463   Thumb Code   110  msg.o(.text)
    TAVG                                     0x0800c4d1   Thumb Code    34  msg.o(.text)
    DC1                                      0x0800c4f3   Thumb Code    52  msg.o(.text)
    VDC1                                     0x0800c527   Thumb Code   118  msg.o(.text)
    BT1                                      0x0800c59d   Thumb Code    22  msg.o(.text)
    ACC2                                     0x0800c5b3   Thumb Code    40  msg.o(.text)
    VEP3                                     0x0800c5db   Thumb Code    34  msg.o(.text)
    RTC1                                     0x0800c5fd   Thumb Code    46  msg.o(.text)
    ECT1                                     0x0800c62b   Thumb Code    46  msg.o(.text)
    GFD                                      0x0800c659   Thumb Code    44  msg.o(.text)
    AT1T1I                                   0x0800c685   Thumb Code    96  msg.o(.text)
    ASC5                                     0x0800c6e5   Thumb Code    66  msg.o(.text)
    ASC4                                     0x0800c727   Thumb Code    84  msg.o(.text)
    ASC1                                     0x0800c77b   Thumb Code   334  msg.o(.text)
    FLI2                                     0x0800c8c9   Thumb Code    56  msg.o(.text)
    BM                                       0x0800c901   Thumb Code    26  msg.o(.text)
    CCC                                      0x0800c91b   Thumb Code    24  msg.o(.text)
    VF                                       0x0800c933   Thumb Code    48  msg.o(.text)
    ET3                                      0x0800c963   Thumb Code    54  msg.o(.text)
    EFS                                      0x0800c999   Thumb Code   112  msg.o(.text)
    TCO1                                     0x0800ca09   Thumb Code   188  msg.o(.text)
    HTR                                      0x0800cac5   Thumb Code    90  msg.o(.text)
    HRW                                      0x0800cb1f   Thumb Code    54  msg.o(.text)
    ACC1                                     0x0800cb55   Thumb Code   114  msg.o(.text)
    CVW                                      0x0800cbc7   Thumb Code    28  msg.o(.text)
    LTP                                      0x0800cbe3   Thumb Code    54  msg.o(.text)
    LBC                                      0x0800cc19   Thumb Code    68  msg.o(.text)
    LMP                                      0x0800cc5d   Thumb Code    24  msg.o(.text)
    LSP                                      0x0800cc75   Thumb Code    46  msg.o(.text)
    LVD                                      0x0800cca3   Thumb Code    48  msg.o(.text)
    LVDD                                     0x0800ccd3   Thumb Code    70  msg.o(.text)
    TP1                                      0x0800cd19   Thumb Code   146  msg.o(.text)
    TP2                                      0x0800cdab   Thumb Code    44  msg.o(.text)
    TP3                                      0x0800cdd7   Thumb Code    44  msg.o(.text)
    CT1                                      0x0800ce03   Thumb Code    54  msg.o(.text)
    CT2                                      0x0800ce39   Thumb Code    54  msg.o(.text)
    CT3                                      0x0800ce6f   Thumb Code    54  msg.o(.text)
    CT4                                      0x0800cea5   Thumb Code    54  msg.o(.text)
    CT5                                      0x0800cedb   Thumb Code    54  msg.o(.text)
    CT6                                      0x0800cf11   Thumb Code    34  msg.o(.text)
    GFI2                                     0x0800cf33   Thumb Code    50  msg.o(.text)
    IT1                                      0x0800cf65   Thumb Code    54  msg.o(.text)
    IT2                                      0x0800cf9b   Thumb Code    54  msg.o(.text)
    IT3                                      0x0800cfd1   Thumb Code    54  msg.o(.text)
    IT4                                      0x0800d007   Thumb Code    54  msg.o(.text)
    IT5                                      0x0800d03d   Thumb Code    54  msg.o(.text)
    IT6                                      0x0800d073   Thumb Code    54  msg.o(.text)
    ISO1                                     0x0800d0a9   Thumb Code    46  msg.o(.text)
    ISO2                                     0x0800d0d7   Thumb Code    46  msg.o(.text)
    ISO3                                     0x0800d105   Thumb Code    30  msg.o(.text)
    GFP                                      0x0800d123   Thumb Code    54  msg.o(.text)
    AAI                                      0x0800d159   Thumb Code    44  msg.o(.text)
    VEP2                                     0x0800d185   Thumb Code    54  msg.o(.text)
    SP2                                      0x0800d1bb   Thumb Code    24  msg.o(.text)
    FL                                       0x0800d1d3   Thumb Code    40  msg.o(.text)
    EI                                       0x0800d1fb   Thumb Code    52  msg.o(.text)
    EES                                      0x0800d22f   Thumb Code    36  msg.o(.text)
    EAC                                      0x0800d253   Thumb Code    30  msg.o(.text)
    RBI                                      0x0800d271   Thumb Code    36  msg.o(.text)
    TCW                                      0x0800d295   Thumb Code    66  msg.o(.text)
    TCI5                                     0x0800d2d7   Thumb Code    54  msg.o(.text)
    TCI4                                     0x0800d30d   Thumb Code    54  msg.o(.text)
    TCI3                                     0x0800d343   Thumb Code    54  msg.o(.text)
    TCI2                                     0x0800d379   Thumb Code    54  msg.o(.text)
    TCI1                                     0x0800d3af   Thumb Code    48  msg.o(.text)
    MBT3                                     0x0800d3df   Thumb Code    44  msg.o(.text)
    MBT2                                     0x0800d40b   Thumb Code    54  msg.o(.text)
    MBT1                                     0x0800d441   Thumb Code    54  msg.o(.text)
    EPT5                                     0x0800d477   Thumb Code    54  msg.o(.text)
    EPT4                                     0x0800d4ad   Thumb Code    54  msg.o(.text)
    EPT3                                     0x0800d4e3   Thumb Code    54  msg.o(.text)
    EPT2                                     0x0800d519   Thumb Code    54  msg.o(.text)
    EPT1                                     0x0800d54f   Thumb Code    54  msg.o(.text)
    ET2                                      0x0800d585   Thumb Code    54  msg.o(.text)
    IMT2                                     0x0800d5bb   Thumb Code    34  msg.o(.text)
    IMT1                                     0x0800d5dd   Thumb Code    54  msg.o(.text)
    AT                                       0x0800d613   Thumb Code    34  msg.o(.text)
    ACTL                                     0x0800d635   Thumb Code    18  msg.o(.text)
    EO1                                      0x0800d647   Thumb Code    62  msg.o(.text)
    AF2                                      0x0800d685   Thumb Code    36  msg.o(.text)
    ETC6                                     0x0800d6a9   Thumb Code    30  msg.o(.text)
    EBC4                                     0x0800d6c7   Thumb Code    46  msg.o(.text)
    EBC3                                     0x0800d6f5   Thumb Code    46  msg.o(.text)
    AIR1                                     0x0800d723   Thumb Code    50  msg.o(.text)
    GFC                                      0x0800d755   Thumb Code    58  msg.o(.text)
    TTI2                                     0x0800d78f   Thumb Code   124  msg.o(.text)
    EH                                       0x0800d80b   Thumb Code    58  msg.o(.text)
    GFI1                                     0x0800d845   Thumb Code    56  msg.o(.text)
    LFI                                      0x0800d87d   Thumb Code    56  msg.o(.text)
    TTI1                                     0x0800d8b5   Thumb Code   102  msg.o(.text)
    TSI                                      0x0800d91b   Thumb Code    54  msg.o(.text)
    TVI                                      0x0800d951   Thumb Code    46  msg.o(.text)
    LF                                       0x0800d97f   Thumb Code    64  msg.o(.text)
    GTFI                                     0x0800d9bf   Thumb Code   134  msg.o(.text)
    LTFI                                     0x0800da45   Thumb Code   134  msg.o(.text)
    TDI                                      0x0800dacb   Thumb Code    80  msg.o(.text)
    TFI                                      0x0800db1b   Thumb Code   102  msg.o(.text)
    CBI                                      0x0800db81   Thumb Code   102  msg.o(.text)
    FD1                                      0x0800dbe7   Thumb Code    54  msg.o(.text)
    EEC4                                     0x0800dc1d   Thumb Code    64  msg.o(.text)
    EBC2                                     0x0800dc5d   Thumb Code    48  msg.o(.text)
    VDHR                                     0x0800dc8d   Thumb Code    58  msg.o(.text)
    ERC2                                     0x0800dcc7   Thumb Code    26  msg.o(.text)
    ETC5                                     0x0800dce1   Thumb Code    80  msg.o(.text)
    ETC4                                     0x0800dd31   Thumb Code    22  msg.o(.text)
    ETC3                                     0x0800dd47   Thumb Code   218  msg.o(.text)
    AS                                       0x0800de21   Thumb Code    76  msg.o(.text)
    AUXIO1                                   0x0800de6d   Thumb Code   242  msg.o(.text)
    SOFT                                     0x0800df5f   Thumb Code    12  msg.o(.text)
    EFL_P2                                   0x0800df6b   Thumb Code    54  msg.o(.text)
    IO                                       0x0800dfa1   Thumb Code    52  msg.o(.text)
    TC                                       0x0800dfd5   Thumb Code    42  msg.o(.text)
    AIR2                                     0x0800dfff   Thumb Code    18  msg.o(.text)
    EEC3                                     0x0800e011   Thumb Code    98  msg.o(.text)
    VD                                       0x0800e073   Thumb Code    58  msg.o(.text)
    TCFG                                     0x0800e0ad   Thumb Code    26  msg.o(.text)
    SHUTDN                                   0x0800e0c7   Thumb Code   290  msg.o(.text)
    HOURS                                    0x0800e1e9   Thumb Code    58  msg.o(.text)
    TD                                       0x0800e223   Thumb Code    46  msg.o(.text)
    VH                                       0x0800e251   Thumb Code    58  msg.o(.text)
    VDS                                      0x0800e28b   Thumb Code    54  msg.o(.text)
    LFC                                      0x0800e2c1   Thumb Code    58  msg.o(.text)
    VW                                       0x0800e2fb   Thumb Code    52  msg.o(.text)
    CCSS                                     0x0800e32f   Thumb Code    26  msg.o(.text)
    ET1                                      0x0800e349   Thumb Code    50  msg.o(.text)
    EFL_P1                                   0x0800e37b   Thumb Code    48  msg.o(.text)
    PTO                                      0x0800e3ab   Thumb Code   170  msg.o(.text)
    CCVS1                                    0x0800e455   Thumb Code   260  msg.o(.text)
    LFE1                                     0x0800e559   Thumb Code    52  msg.o(.text)
    VP                                       0x0800e58d   Thumb Code    58  msg.o(.text)
    TIRE                                     0x0800e5c7   Thumb Code   100  msg.o(.text)
    AMB                                      0x0800e62b   Thumb Code    52  msg.o(.text)
    IC1                                      0x0800e65f   Thumb Code    48  msg.o(.text)
    VEP1                                     0x0800e68f   Thumb Code    52  msg.o(.text)
    TRF1                                     0x0800e6c3   Thumb Code    68  msg.o(.text)
    AI                                       0x0800e707   Thumb Code    42  msg.o(.text)
    B                                        0x0800e731   Thumb Code    66  msg.o(.text)
    RF                                       0x0800e773   Thumb Code    34  msg.o(.text)
    DD                                       0x0800e795   Thumb Code    44  msg.o(.text)
    A1                                       0x0800e7c1   Thumb Code    28  msg.o(.text)
    AWPP                                     0x0800e7dd   Thumb Code    18  msg.o(.text)
    config_TSC1                              0x0800e7ef   Thumb Code   112  msg.o(.text)
    config_TC1                               0x0800e85f   Thumb Code   246  msg.o(.text)
    config_XBR                               0x0800e955   Thumb Code    86  msg.o(.text)
    config_GPV4                              0x0800e9ab   Thumb Code    64  msg.o(.text)
    config_AUXIO5                            0x0800e9eb   Thumb Code    70  msg.o(.text)
    config_SRASI                             0x0800ea31   Thumb Code    26  msg.o(.text)
    config_CCVS2                             0x0800ea4b   Thumb Code    32  msg.o(.text)
    config_AEBS2                             0x0800ea6b   Thumb Code    26  msg.o(.text)
    config_ESR                               0x0800ea85   Thumb Code     6  msg.o(.text)
    config_RBR                               0x0800ea8b   Thumb Code    58  msg.o(.text)
    config_ECC                               0x0800eac5   Thumb Code     6  msg.o(.text)
    config_SFC                               0x0800eacb   Thumb Code    46  msg.o(.text)
    config_VLS1                              0x0800eaf9   Thumb Code    52  msg.o(.text)
    config_HCDI1                             0x0800eb2d   Thumb Code    54  msg.o(.text)
    config_AT1DPFSSC                         0x0800eb63   Thumb Code    38  msg.o(.text)
    config_AT2DPFSSC                         0x0800eb89   Thumb Code    38  msg.o(.text)
    config_LVDSOM                            0x0800ebaf   Thumb Code     6  msg.o(.text)
    config_NCS                               0x0800ebb5   Thumb Code    22  msg.o(.text)
    config_NC1                               0x0800ebcb   Thumb Code    22  msg.o(.text)
    config_JLCM                              0x0800ebe1   Thumb Code   376  msg.o(.text)
    config_AUXIO7                            0x0800ed59   Thumb Code   134  msg.o(.text)
    config_AUXIO6                            0x0800eddf   Thumb Code   134  msg.o(.text)
    config_AUXIO4                            0x0800ee65   Thumb Code   322  msg.o(.text)
    config_AUXIO3                            0x0800efa7   Thumb Code   322  msg.o(.text)
    config_AUXIO2                            0x0800f0e9   Thumb Code   328  msg.o(.text)
    config_DISP1                             0x0800f231   Thumb Code    26  msg.o(.text)
    config_FLIC                              0x0800f24b   Thumb Code     6  msg.o(.text)
    config_TPRS                              0x0800f251   Thumb Code    26  msg.o(.text)
    config_CTL                               0x0800f26b   Thumb Code   134  msg.o(.text)
    config_CL                                0x0800f2f1   Thumb Code    34  msg.o(.text)
    config_ASC6                              0x0800f313   Thumb Code    62  msg.o(.text)
    config_ASC2                              0x0800f351   Thumb Code   208  msg.o(.text)
    config_TDA                               0x0800f421   Thumb Code   134  msg.o(.text)
    config_ATS                               0x0800f4a7   Thumb Code    66  msg.o(.text)
    config_ATR                               0x0800f4e9   Thumb Code    56  msg.o(.text)
    config_CM1                               0x0800f521   Thumb Code   192  msg.o(.text)
    config_ERC1                              0x0800f5e1   Thumb Code   238  msg.o(.text)
    config_EBC1                              0x0800f6cf   Thumb Code   240  msg.o(.text)
    config_ETC1                              0x0800f7bf   Thumb Code   138  msg.o(.text)
    config_EEC2                              0x0800f849   Thumb Code   174  msg.o(.text)
    config_EEC1                              0x0800f8f7   Thumb Code   108  msg.o(.text)
    config_ETC2                              0x0800f963   Thumb Code    84  msg.o(.text)
    config_EAC1                              0x0800f9b7   Thumb Code    96  msg.o(.text)
    config_FLI1                              0x0800fa17   Thumb Code    42  msg.o(.text)
    config_HPG                               0x0800fa41   Thumb Code   100  msg.o(.text)
    config_VDC2                              0x0800faa5   Thumb Code    86  msg.o(.text)
    config_EGF1                              0x0800fafb   Thumb Code    48  msg.o(.text)
    config_ESC1                              0x0800fb2b   Thumb Code    70  msg.o(.text)
    config_ETC8                              0x0800fb71   Thumb Code    36  msg.o(.text)
    config_LOI                               0x0800fb95   Thumb Code   112  msg.o(.text)
    config_AT1IG1                            0x0800fc05   Thumb Code   118  msg.o(.text)
    config_AT1OG1                            0x0800fc7b   Thumb Code   118  msg.o(.text)
    config_AT2IG1                            0x0800fcf1   Thumb Code   118  msg.o(.text)
    config_AT2OG1                            0x0800fd67   Thumb Code   118  msg.o(.text)
    config_FWSS1                             0x0800fddd   Thumb Code    52  msg.o(.text)
    config_SSI                               0x0800fe11   Thumb Code   104  msg.o(.text)
    config_BI                                0x0800fe79   Thumb Code   224  msg.o(.text)
    config_CCS                               0x0800ff59   Thumb Code   242  msg.o(.text)
    config_KL1                               0x0801004b   Thumb Code   134  msg.o(.text)
    config_KL2                               0x080100d1   Thumb Code   134  msg.o(.text)
    config_KL3                               0x08010157   Thumb Code   134  msg.o(.text)
    config_TFAC                              0x080101dd   Thumb Code    70  msg.o(.text)
    config_SAS                               0x08010223   Thumb Code    98  msg.o(.text)
    config_ESSI                              0x08010285   Thumb Code    84  msg.o(.text)
    config_A1SCRDSI1                         0x080102d9   Thumb Code    54  msg.o(.text)
    config_A1SCRDSR1                         0x0801030f   Thumb Code    90  msg.o(.text)
    config_A1SCRAI                           0x08010369   Thumb Code    62  msg.o(.text)
    config_A2SCRDSI1                         0x080103a7   Thumb Code    54  msg.o(.text)
    config_A2SCRDSR1                         0x080103dd   Thumb Code    38  msg.o(.text)
    config_A2SCRAI                           0x08010403   Thumb Code    62  msg.o(.text)
    config_SSI2                              0x08010441   Thumb Code    94  msg.o(.text)
    config_ARI                               0x0801049f   Thumb Code   106  msg.o(.text)
    config_CN                                0x08010509   Thumb Code    22  msg.o(.text)
    config_MSI2                              0x0801051f   Thumb Code   118  msg.o(.text)
    config_ACCS                              0x08010595   Thumb Code    90  msg.o(.text)
    config_Command                           0x080105ef   Thumb Code    54  msg.o(.text)
    config_AEBS1                             0x08010625   Thumb Code    60  msg.o(.text)
    config_WS                                0x08010661   Thumb Code    60  msg.o(.text)
    config_WAND                              0x0801069d   Thumb Code    24  msg.o(.text)
    config_LDISP                             0x080106b5   Thumb Code    24  msg.o(.text)
    config_A1SCRAI2                          0x080106cd   Thumb Code    62  msg.o(.text)
    config_A2SCRAI2                          0x0801070b   Thumb Code   182  msg.o(.text)
    config_HSS                               0x080107c1   Thumb Code    32  msg.o(.text)
    config_GFI4                              0x080107e1   Thumb Code    22  msg.o(.text)
    config_A2SCREGT2                         0x080107f7   Thumb Code    26  msg.o(.text)
    config_A1SCREGT2                         0x08010811   Thumb Code    26  msg.o(.text)
    config_EEC13                             0x0801082b   Thumb Code    32  msg.o(.text)
    config_EF_TVI2                           0x0801084b   Thumb Code    86  msg.o(.text)
    config_EEGR1A                            0x080108a1   Thumb Code   126  msg.o(.text)
    config_EEGR1B                            0x0801091f   Thumb Code   126  msg.o(.text)
    config_EEC12                             0x0801099d   Thumb Code    42  msg.o(.text)
    config_NSSR                              0x080109c7   Thumb Code    42  msg.o(.text)
    config_EPSI                              0x080109f1   Thumb Code    34  msg.o(.text)
    config_AT1P1I                            0x08010a13   Thumb Code    20  msg.o(.text)
    config_AT1DPF2S5                         0x08010a27   Thumb Code    66  msg.o(.text)
    config_AT1DPF2S4                         0x08010a69   Thumb Code    66  msg.o(.text)
    config_AT1DPF2S3                         0x08010aab   Thumb Code    62  msg.o(.text)
    config_AT1DPF1S5                         0x08010ae9   Thumb Code    66  msg.o(.text)
    config_AT1DPF1S4                         0x08010b2b   Thumb Code    66  msg.o(.text)
    config_AT1DPF1S3                         0x08010b6d   Thumb Code    62  msg.o(.text)
    config_CCVS3                             0x08010bab   Thumb Code   114  msg.o(.text)
    config_AT2AC3                            0x08010c1d   Thumb Code    20  msg.o(.text)
    config_AT1AC3                            0x08010c31   Thumb Code    20  msg.o(.text)
    config_EFL_P12                           0x08010c45   Thumb Code    70  msg.o(.text)
    config_DPFC2                             0x08010c8b   Thumb Code    66  msg.o(.text)
    config_LFE2                              0x08010ccd   Thumb Code    20  msg.o(.text)
    config_SFS                               0x08010ce1   Thumb Code   120  msg.o(.text)
    config_EBCC                              0x08010d59   Thumb Code    84  msg.o(.text)
    config_EFP                               0x08010dad   Thumb Code    68  msg.o(.text)
    config_HOP                               0x08010df1   Thumb Code    68  msg.o(.text)
    config_VLS2                              0x08010e35   Thumb Code    62  msg.o(.text)
    config_EC3                               0x08010e73   Thumb Code   118  msg.o(.text)
    config_IVAC                              0x08010ee9   Thumb Code    22  msg.o(.text)
    config_ARMSWIMC                          0x08010eff   Thumb Code    42  msg.o(.text)
    config_VEP4                              0x08010f29   Thumb Code    22  msg.o(.text)
    config_AFT2NAI                           0x08010f3f   Thumb Code    22  msg.o(.text)
    config_AFT1NAI                           0x08010f55   Thumb Code    22  msg.o(.text)
    config_AT2WUDOC                          0x08010f6b   Thumb Code    38  msg.o(.text)
    config_LLRE                              0x08010f91   Thumb Code    70  msg.o(.text)
    config_EFL_P11                           0x08010fd7   Thumb Code    34  msg.o(.text)
    config_EFS2                              0x08010ff9   Thumb Code   136  msg.o(.text)
    config_Information                       0x08011081   Thumb Code   130  msg.o(.text)
    config_EFTVI1                            0x08011103   Thumb Code   154  msg.o(.text)
    config_ETCBI                             0x0801119d   Thumb Code   106  msg.o(.text)
    config_CAC2                              0x08011207   Thumb Code    68  msg.o(.text)
    config_CAC2P                             0x0801124b   Thumb Code    52  msg.o(.text)
    config_CAC1                              0x0801127f   Thumb Code    52  msg.o(.text)
    config_CAC1P                             0x080112b3   Thumb Code    52  msg.o(.text)
    config_DPF2S2                            0x080112e7   Thumb Code    54  msg.o(.text)
    config_DPF1S2                            0x0801131d   Thumb Code    54  msg.o(.text)
    config_EEC11                             0x08011353   Thumb Code    66  msg.o(.text)
    config_EMAP                              0x08011395   Thumb Code    38  msg.o(.text)
    config_EMAC                              0x080113bb   Thumb Code    38  msg.o(.text)
    config_EEC9                              0x080113e1   Thumb Code    70  msg.o(.text)
    config_EEC10                             0x08011427   Thumb Code    66  msg.o(.text)
    config_ET5                               0x08011469   Thumb Code   100  msg.o(.text)
    config_EFL_P10                           0x080114cd   Thumb Code    82  msg.o(.text)
    config_LVDS                              0x0801151f   Thumb Code    92  msg.o(.text)
    config_DLCD2                             0x0801157b   Thumb Code    46  msg.o(.text)
    config_DLCD1                             0x080115a9   Thumb Code   126  msg.o(.text)
    config_DLCC2                             0x08011627   Thumb Code    46  msg.o(.text)
    config_DLCC1                             0x08011655   Thumb Code   122  msg.o(.text)
    config_EOM                               0x080116cf   Thumb Code    66  msg.o(.text)
    config_AT2OGC2                           0x08011711   Thumb Code    86  msg.o(.text)
    config_AT2OGC1                           0x08011767   Thumb Code    68  msg.o(.text)
    config_AT2IGC2                           0x080117ab   Thumb Code    86  msg.o(.text)
    config_AT2IGC1                           0x08011801   Thumb Code    68  msg.o(.text)
    config_AT1OGC2                           0x08011845   Thumb Code    86  msg.o(.text)
    config_AT1OGC1                           0x0801189b   Thumb Code   162  msg.o(.text)
    config_AT1IGC2                           0x0801193d   Thumb Code    86  msg.o(.text)
    config_AT1IGC1                           0x08011993   Thumb Code    66  msg.o(.text)
    config_MSI1                              0x080119d5   Thumb Code    76  msg.o(.text)
    config_MSCI                              0x08011a21   Thumb Code    38  msg.o(.text)
    config_BCH2                              0x08011a47   Thumb Code    54  msg.o(.text)
    config_BCH1                              0x08011a7d   Thumb Code    54  msg.o(.text)
    config_OCSI                              0x08011ab3   Thumb Code   102  msg.o(.text)
    config_BDS                               0x08011b19   Thumb Code   112  msg.o(.text)
    config_CSI                               0x08011b89   Thumb Code   166  msg.o(.text)
    config_ILI                               0x08011c2f   Thumb Code  1556  msg.o(.text)
    config_AT1WUDOC                          0x08012243   Thumb Code    38  msg.o(.text)
    config_DPF2S                             0x08012269   Thumb Code    88  msg.o(.text)
    config_DPF1S                             0x080122c1   Thumb Code    88  msg.o(.text)
    config_ATDT2                             0x08012319   Thumb Code    38  msg.o(.text)
    config_ATDT1                             0x0801233f   Thumb Code    38  msg.o(.text)
    config_A2DOC                             0x08012365   Thumb Code    64  msg.o(.text)
    config_A1DOC                             0x080123a5   Thumb Code    62  msg.o(.text)
    config_A2GOC                             0x080123e3   Thumb Code    62  msg.o(.text)
    config_A1GOC                             0x08012421   Thumb Code    62  msg.o(.text)
    config_EJM10                             0x0801245f   Thumb Code   146  msg.o(.text)
    config_BJM10                             0x080124f1   Thumb Code   268  msg.o(.text)
    config_EJM9                              0x080125fd   Thumb Code   146  msg.o(.text)
    config_BJM9                              0x0801268f   Thumb Code   218  msg.o(.text)
    config_EJM8                              0x08012769   Thumb Code   146  msg.o(.text)
    config_BJM8                              0x080127fb   Thumb Code   218  msg.o(.text)
    config_EJM7                              0x080128d5   Thumb Code   146  msg.o(.text)
    config_BJM7                              0x08012967   Thumb Code   218  msg.o(.text)
    config_EJM6                              0x08012a41   Thumb Code   146  msg.o(.text)
    config_BJM6                              0x08012ad3   Thumb Code   218  msg.o(.text)
    config_EJM5                              0x08012bad   Thumb Code   146  msg.o(.text)
    config_BJM5                              0x08012c3f   Thumb Code   218  msg.o(.text)
    config_EJM4                              0x08012d19   Thumb Code   146  msg.o(.text)
    config_BJM4                              0x08012dab   Thumb Code   218  msg.o(.text)
    config_FD2                               0x08012e85   Thumb Code    70  msg.o(.text)
    config_A2DEFSI                           0x08012ecb   Thumb Code    82  msg.o(.text)
    config_A2SCRRT2I                         0x08012f1d   Thumb Code    64  msg.o(.text)
    config_A2SCRRT1I                         0x08012f5d   Thumb Code    74  msg.o(.text)
    config_A2DEFI                            0x08012fa7   Thumb Code    62  msg.o(.text)
    config_A2SCRSI                           0x08012fe5   Thumb Code    48  msg.o(.text)
    config_A2SCREGT1                         0x08013015   Thumb Code    46  msg.o(.text)
    config_A2SCREGP                          0x08013043   Thumb Code    24  msg.o(.text)
    config_A2SCRDSR2                         0x0801305b   Thumb Code    94  msg.o(.text)
    config_A2SCRDSI2                         0x080130b9   Thumb Code   152  msg.o(.text)
    config_A1DEFSI                           0x08013151   Thumb Code    82  msg.o(.text)
    config_A1SCRRT2I                         0x080131a3   Thumb Code    74  msg.o(.text)
    config_A1SCREGT1                         0x080131ed   Thumb Code    46  msg.o(.text)
    config_A1SCREGP                          0x0801321b   Thumb Code    24  msg.o(.text)
    config_A1SCRDSR2                         0x08013233   Thumb Code   174  msg.o(.text)
    config_A1SCRDSI2                         0x080132e1   Thumb Code   152  msg.o(.text)
    config_AT2FC2                            0x08013379   Thumb Code    56  msg.o(.text)
    config_AT2TWCC                           0x080133b1   Thumb Code    62  msg.o(.text)
    config_AT1TWCC                           0x080133ef   Thumb Code    62  msg.o(.text)
    config_O2FT2                             0x0801342d   Thumb Code    38  msg.o(.text)
    config_O2FT1                             0x08013453   Thumb Code    38  msg.o(.text)
    config_ACCVC                             0x08013479   Thumb Code    40  msg.o(.text)
    config_ECCVC                             0x080134a1   Thumb Code    68  msg.o(.text)
    config_EAI                               0x080134e5   Thumb Code    54  msg.o(.text)
    config_AT1FC2                            0x0801351b   Thumb Code    72  msg.o(.text)
    config_ET4                               0x08013563   Thumb Code    84  msg.o(.text)
    config_ZNVW                              0x080135b7   Thumb Code     6  msg.o(.text)
    config_GCVW                              0x080135bd   Thumb Code    40  msg.o(.text)
    config_AGCW                              0x080135e5   Thumb Code    42  msg.o(.text)
    config_AGW                               0x0801360f   Thumb Code    26  msg.o(.text)
    config_AAGW                              0x08013629   Thumb Code   208  msg.o(.text)
    config_AT2AC2                            0x080136f9   Thumb Code    66  msg.o(.text)
    config_AT1AC2                            0x0801373b   Thumb Code    66  msg.o(.text)
    config_SCR1                              0x0801377d   Thumb Code    64  msg.o(.text)
    config_EEC8                              0x080137bd   Thumb Code    68  msg.o(.text)
    config_DRC                               0x08013801   Thumb Code   152  msg.o(.text)
    config_BSA                               0x08013899   Thumb Code   158  msg.o(.text)
    config_ESV6                              0x08013937   Thumb Code    70  msg.o(.text)
    config_ESV5                              0x0801397d   Thumb Code    70  msg.o(.text)
    config_ESV4                              0x080139c3   Thumb Code    70  msg.o(.text)
    config_ESV3                              0x08013a09   Thumb Code    70  msg.o(.text)
    config_ESV2                              0x08013a4f   Thumb Code    70  msg.o(.text)
    config_ESV1                              0x08013a95   Thumb Code   140  msg.o(.text)
    config_AT2TI                             0x08013b21   Thumb Code   134  msg.o(.text)
    config_AT1TI                             0x08013ba7   Thumb Code   134  msg.o(.text)
    config_AT2S                              0x08013c2d   Thumb Code    70  msg.o(.text)
    config_AT1S                              0x08013c73   Thumb Code    70  msg.o(.text)
    config_DPFC1                             0x08013cb9   Thumb Code   246  msg.o(.text)
    config_AFSS                              0x08013daf   Thumb Code    42  msg.o(.text)
    config_EC2                               0x08013dd9   Thumb Code    22  msg.o(.text)
    config_EGRBV                             0x08013def   Thumb Code    20  msg.o(.text)
    config_TCI                               0x08013e03   Thumb Code     6  msg.o(.text)
    config_EFL_P9                            0x08013e09   Thumb Code    62  msg.o(.text)
    config_EFL_P8                            0x08013e47   Thumb Code    62  msg.o(.text)
    config_EFL_P7                            0x08013e85   Thumb Code    62  msg.o(.text)
    config_EFL_P6                            0x08013ec3   Thumb Code    62  msg.o(.text)
    config_EFL_P5                            0x08013f01   Thumb Code   104  msg.o(.text)
    config_VDS2                              0x08013f69   Thumb Code    22  msg.o(.text)
    config_J2012                             0x08013f7f   Thumb Code    62  msg.o(.text)
    config_AT2GP                             0x08013fbd   Thumb Code    34  msg.o(.text)
    config_AT1GP                             0x08013fdf   Thumb Code    34  msg.o(.text)
    config_AETC                              0x08014001   Thumb Code    22  msg.o(.text)
    config_EOI                               0x08014017   Thumb Code   166  msg.o(.text)
    config_EEC7                              0x080140bd   Thumb Code    70  msg.o(.text)
    config_TRF2                              0x08014103   Thumb Code   118  msg.o(.text)
    config_AT1HI                             0x08014179   Thumb Code   166  msg.o(.text)
    config_AT2HI                             0x0801421f   Thumb Code   166  msg.o(.text)
    config_A1DEFI                            0x080142c5   Thumb Code    62  msg.o(.text)
    config_SEP2                              0x08014303   Thumb Code   174  msg.o(.text)
    config_SEP1                              0x080143b1   Thumb Code    62  msg.o(.text)
    config_AT2AC1                            0x080143ef   Thumb Code   104  msg.o(.text)
    config_AT1AC1                            0x08014457   Thumb Code   104  msg.o(.text)
    config_AT2FC1                            0x080144bf   Thumb Code   104  msg.o(.text)
    config_AT1FC1                            0x08014527   Thumb Code   104  msg.o(.text)
    config_GFI                               0x0801458f   Thumb Code    64  msg.o(.text)
    config_EEC6                              0x080145cf   Thumb Code   100  msg.o(.text)
    config_PTODE                             0x08014633   Thumb Code   216  msg.o(.text)
    config_DC2                               0x0801470b   Thumb Code   346  msg.o(.text)
    config_WCM2                              0x08014865   Thumb Code    32  msg.o(.text)
    config_WCM1                              0x08014885   Thumb Code    32  msg.o(.text)
    config_EFL_P4                            0x080148a5   Thumb Code    98  msg.o(.text)
    config_FWSS2                             0x08014907   Thumb Code    54  msg.o(.text)
    config_AT2IMG                            0x0801493d   Thumb Code    62  msg.o(.text)
    config_AT2OG2                            0x0801497b   Thumb Code    44  msg.o(.text)
    config_AT2IG2                            0x080149a7   Thumb Code    44  msg.o(.text)
    config_AT1IMG                            0x080149d3   Thumb Code    62  msg.o(.text)
    config_AT1OG2                            0x08014a11   Thumb Code    44  msg.o(.text)
    config_AT1IG2                            0x08014a3d   Thumb Code    44  msg.o(.text)
    config_TPRI                              0x08014a69   Thumb Code    26  msg.o(.text)
    config_TR6                               0x08014a83   Thumb Code    10  msg.o(.text)
    config_TR5                               0x08014a8d   Thumb Code   116  msg.o(.text)
    config_TR3                               0x08014b01   Thumb Code    82  msg.o(.text)
    config_TR1                               0x08014b53   Thumb Code    70  msg.o(.text)
    config_TR2                               0x08014b99   Thumb Code    22  msg.o(.text)
    config_TR7                               0x08014baf   Thumb Code    56  msg.o(.text)
    config_EFL_P3                            0x08014be7   Thumb Code    84  msg.o(.text)
    config_EEC14                             0x08014c3b   Thumb Code   160  msg.o(.text)
    config_EEC15                             0x08014cdb   Thumb Code    62  msg.o(.text)
    config_EBC5                              0x08014d19   Thumb Code   100  msg.o(.text)
    config_CSA                               0x08014d7d   Thumb Code    80  msg.o(.text)
    config_OHCSS                             0x08014dcd   Thumb Code    76  msg.o(.text)
    config_ISCS                              0x08014e19   Thumb Code     6  msg.o(.text)
    config_CMI                               0x08014e1f   Thumb Code    22  msg.o(.text)
    config_ISC                               0x08014e35   Thumb Code     6  msg.o(.text)
    config_OHECS                             0x08014e3b   Thumb Code    92  msg.o(.text)
    config_OEL                               0x08014e97   Thumb Code    86  msg.o(.text)
    config_OWW                               0x08014eed   Thumb Code    96  msg.o(.text)
    config_IC2                               0x08014f4d   Thumb Code   110  msg.o(.text)
    config_FMS                               0x08014fbb   Thumb Code    42  msg.o(.text)
    config_EP                                0x08014fe5   Thumb Code    36  msg.o(.text)
    config_TCI6                              0x08015009   Thumb Code    70  msg.o(.text)
    config_CM3                               0x0801504f   Thumb Code    30  msg.o(.text)
    config_EEC5                              0x0801506d   Thumb Code   156  msg.o(.text)
    config_BJM1                              0x08015109   Thumb Code   218  msg.o(.text)
    config_EJM1                              0x080151e3   Thumb Code   146  msg.o(.text)
    config_BJM2                              0x08015275   Thumb Code   218  msg.o(.text)
    config_EJM2                              0x0801534f   Thumb Code   146  msg.o(.text)
    config_BJM3                              0x080153e1   Thumb Code   218  msg.o(.text)
    config_EJM3                              0x080154bb   Thumb Code   146  msg.o(.text)
    config_MCI                               0x0801554d   Thumb Code    32  msg.o(.text)
    config_FWD                               0x0801556d   Thumb Code     6  msg.o(.text)
    config_AMB2                              0x08015573   Thumb Code    80  msg.o(.text)
    config_CACI                              0x080155c3   Thumb Code    22  msg.o(.text)
    config_SPR                               0x080155d9   Thumb Code   102  msg.o(.text)
    config_EOAC                              0x0801563f   Thumb Code    22  msg.o(.text)
    config_EPD                               0x08015655   Thumb Code    22  msg.o(.text)
    config_MVS                               0x0801566b   Thumb Code   134  msg.o(.text)
    config_HBS                               0x080156f1   Thumb Code    94  msg.o(.text)
    config_ET                                0x0801574f   Thumb Code    38  msg.o(.text)
    config_LD                                0x08015775   Thumb Code   312  msg.o(.text)
    config_LCMD                              0x080158ad   Thumb Code   384  msg.o(.text)
    config_ETC7                              0x08015a2d   Thumb Code   202  msg.o(.text)
    config_TCFG2                             0x08015af7   Thumb Code    22  msg.o(.text)
    config_ML                                0x08015b0d   Thumb Code    84  msg.o(.text)
    config_TAVG                              0x08015b61   Thumb Code    36  msg.o(.text)
    config_DC1                               0x08015b85   Thumb Code    32  msg.o(.text)
    config_VDC1                              0x08015ba5   Thumb Code    76  msg.o(.text)
    config_BT1                               0x08015bf1   Thumb Code    38  msg.o(.text)
    config_ACC2                              0x08015c17   Thumb Code    22  msg.o(.text)
    config_VEP3                              0x08015c2d   Thumb Code    34  msg.o(.text)
    config_RTC1                              0x08015c4f   Thumb Code   134  msg.o(.text)
    config_ECT1                              0x08015cd5   Thumb Code   134  msg.o(.text)
    config_GFD                               0x08015d5b   Thumb Code    50  msg.o(.text)
    config_AT1T1I                            0x08015d8d   Thumb Code   108  msg.o(.text)
    config_ASC5                              0x08015df9   Thumb Code    78  msg.o(.text)
    config_ASC4                              0x08015e47   Thumb Code   194  msg.o(.text)
    config_ASC1                              0x08015f09   Thumb Code   252  msg.o(.text)
    config_FLI2                              0x08016005   Thumb Code    32  msg.o(.text)
    config_BM                                0x08016025   Thumb Code     6  msg.o(.text)
    config_CCC                               0x0801602b   Thumb Code    22  msg.o(.text)
    config_VF                                0x08016041   Thumb Code    56  msg.o(.text)
    config_ET3                               0x08016079   Thumb Code    70  msg.o(.text)
    config_EFS                               0x080160bf   Thumb Code   142  msg.o(.text)
    config_TCO1                              0x0801614d   Thumb Code   158  msg.o(.text)
    config_HTR                               0x080161eb   Thumb Code    96  msg.o(.text)
    config_HRW                               0x0801624b   Thumb Code    70  msg.o(.text)
    config_ACC1                              0x08016291   Thumb Code   198  msg.o(.text)
    config_CVW                               0x08016357   Thumb Code    34  msg.o(.text)
    config_LTP                               0x08016379   Thumb Code    56  msg.o(.text)
    config_LBC                               0x080163b1   Thumb Code    50  msg.o(.text)
    config_LMP                               0x080163e3   Thumb Code    20  msg.o(.text)
    config_LSP                               0x080163f7   Thumb Code    34  msg.o(.text)
    config_LVD                               0x08016419   Thumb Code    64  msg.o(.text)
    config_LVDD                              0x08016459   Thumb Code    46  msg.o(.text)
    config_AP                                0x08016487   Thumb Code    54  msg.o(.text)
    config_TP1                               0x080164bd   Thumb Code   116  msg.o(.text)
    config_TP2                               0x08016531   Thumb Code    54  msg.o(.text)
    config_TP3                               0x08016567   Thumb Code    54  msg.o(.text)
    config_CT1                               0x0801659d   Thumb Code    70  msg.o(.text)
    config_CT2                               0x080165e3   Thumb Code    70  msg.o(.text)
    config_CT3                               0x08016629   Thumb Code    70  msg.o(.text)
    config_CT4                               0x0801666f   Thumb Code    70  msg.o(.text)
    config_CT5                               0x080166b5   Thumb Code    70  msg.o(.text)
    config_CT6                               0x080166fb   Thumb Code    38  msg.o(.text)
    config_GFI2                              0x08016721   Thumb Code   176  msg.o(.text)
    config_IT1                               0x080167d1   Thumb Code    70  msg.o(.text)
    config_IT2                               0x08016817   Thumb Code    70  msg.o(.text)
    config_IT3                               0x0801685d   Thumb Code    70  msg.o(.text)
    config_IT4                               0x080168a3   Thumb Code    70  msg.o(.text)
    config_IT5                               0x080168e9   Thumb Code    70  msg.o(.text)
    config_IT6                               0x0801692f   Thumb Code    70  msg.o(.text)
    config_ISO1                              0x08016975   Thumb Code   134  msg.o(.text)
    config_ISO2                              0x080169fb   Thumb Code   134  msg.o(.text)
    config_ISO3                              0x08016a81   Thumb Code    70  msg.o(.text)
    config_GFP                               0x08016ac7   Thumb Code    62  msg.o(.text)
    config_AAI                               0x08016b05   Thumb Code    98  msg.o(.text)
    config_VEP2                              0x08016b67   Thumb Code   118  msg.o(.text)
    config_SP2                               0x08016bdd   Thumb Code    22  msg.o(.text)
    config_FL                                0x08016bf3   Thumb Code    22  msg.o(.text)
    config_EI                                0x08016c09   Thumb Code    82  msg.o(.text)
    config_EES                               0x08016c5b   Thumb Code    26  msg.o(.text)
    config_EAC                               0x08016c75   Thumb Code    70  msg.o(.text)
    config_RBI                               0x08016cbb   Thumb Code    22  msg.o(.text)
    config_TCW                               0x08016cd1   Thumb Code   126  msg.o(.text)
    config_TCI5                              0x08016d4f   Thumb Code    70  msg.o(.text)
    config_TCI4                              0x08016d95   Thumb Code    70  msg.o(.text)
    config_TCI3                              0x08016ddb   Thumb Code    70  msg.o(.text)
    config_TCI2                              0x08016e21   Thumb Code    70  msg.o(.text)
    config_TCI1                              0x08016e67   Thumb Code    70  msg.o(.text)
    config_MBT3                              0x08016ead   Thumb Code    54  msg.o(.text)
    config_MBT2                              0x08016ee3   Thumb Code    70  msg.o(.text)
    config_MBT1                              0x08016f29   Thumb Code    70  msg.o(.text)
    config_EPT5                              0x08016f6f   Thumb Code    70  msg.o(.text)
    config_EPT4                              0x08016fb5   Thumb Code   140  msg.o(.text)
    config_EPT3                              0x08017041   Thumb Code    70  msg.o(.text)
    config_EPT2                              0x08017087   Thumb Code    70  msg.o(.text)
    config_EPT1                              0x080170cd   Thumb Code    70  msg.o(.text)
    config_ET2                               0x08017113   Thumb Code    70  msg.o(.text)
    config_IMT2                              0x08017159   Thumb Code    86  msg.o(.text)
    config_IMT1                              0x080171af   Thumb Code    70  msg.o(.text)
    config_AT                                0x080171f5   Thumb Code    86  msg.o(.text)
    config_ACTL                              0x0801724b   Thumb Code    22  msg.o(.text)
    config_EO1                               0x08017261   Thumb Code    74  msg.o(.text)
    config_AF2                               0x080172ab   Thumb Code    66  msg.o(.text)
    config_ETC6                              0x080172ed   Thumb Code    68  msg.o(.text)
    config_EBC4                              0x08017331   Thumb Code   118  msg.o(.text)
    config_EBC3                              0x080173a7   Thumb Code   194  msg.o(.text)
    config_AIR1                              0x08017469   Thumb Code   106  msg.o(.text)
    config_GFC                               0x080174d3   Thumb Code    38  msg.o(.text)
    config_TTI2                              0x080174f9   Thumb Code    76  msg.o(.text)
    config_EH                                0x08017545   Thumb Code    36  msg.o(.text)
    config_GFI1                              0x08017569   Thumb Code    50  msg.o(.text)
    config_LFI                               0x0801759b   Thumb Code    52  msg.o(.text)
    config_TTI1                              0x080175cf   Thumb Code    62  msg.o(.text)
    config_TSI                               0x0801760d   Thumb Code    70  msg.o(.text)
    config_TVI                               0x08017653   Thumb Code    38  msg.o(.text)
    config_LF                                0x08017679   Thumb Code    80  msg.o(.text)
    config_GTFI                              0x080176c9   Thumb Code   102  msg.o(.text)
    config_LTFI                              0x0801772f   Thumb Code   102  msg.o(.text)
    config_TDI                               0x08017795   Thumb Code    54  msg.o(.text)
    config_TFI                               0x080177cb   Thumb Code    62  msg.o(.text)
    config_CBI                               0x08017809   Thumb Code    70  msg.o(.text)
    config_FD1                               0x0801784f   Thumb Code   160  msg.o(.text)
    config_EEC4                              0x080178ef   Thumb Code    74  msg.o(.text)
    config_EBC2                              0x08017939   Thumb Code   118  msg.o(.text)
    config_VDHR                              0x080179af   Thumb Code    38  msg.o(.text)
    config_ERC2                              0x080179d5   Thumb Code     6  msg.o(.text)
    config_ETC5                              0x080179db   Thumb Code    52  msg.o(.text)
    config_ETC4                              0x08017a0f   Thumb Code    34  msg.o(.text)
    config_ETC3                              0x08017a31   Thumb Code   184  msg.o(.text)
    config_AS                                0x08017ae9   Thumb Code    62  msg.o(.text)
    config_AUXIO1                            0x08017b27   Thumb Code   198  msg.o(.text)
    config_SOFT                              0x08017bed   Thumb Code    22  msg.o(.text)
    config_EFL_P2                            0x08017c03   Thumb Code    70  msg.o(.text)
    config_IO                                0x08017c49   Thumb Code    36  msg.o(.text)
    config_TC                                0x08017c6d   Thumb Code    42  msg.o(.text)
    config_AIR2                              0x08017c97   Thumb Code    22  msg.o(.text)
    config_EEC3                              0x08017cad   Thumb Code   210  msg.o(.text)
    config_VD                                0x08017d7f   Thumb Code    38  msg.o(.text)
    config_TCFG                              0x08017da5   Thumb Code    52  msg.o(.text)
    config_SHUTDN                            0x08017dd9   Thumb Code   194  msg.o(.text)
    config_HOURS                             0x08017e9b   Thumb Code    34  msg.o(.text)
    config_TD                                0x08017ebd   Thumb Code   134  msg.o(.text)
    config_VH                                0x08017f43   Thumb Code    34  msg.o(.text)
    config_VDS                               0x08017f65   Thumb Code    70  msg.o(.text)
    config_LFC                               0x08017fab   Thumb Code    36  msg.o(.text)
    config_VW                                0x08017fcf   Thumb Code    58  msg.o(.text)
    config_CCSS                              0x08018009   Thumb Code    54  msg.o(.text)
    config_ET1                               0x0801803f   Thumb Code   112  msg.o(.text)
    config_EFL_P1                            0x080180af   Thumb Code   290  msg.o(.text)
    config_PTO                               0x080181d1   Thumb Code   154  msg.o(.text)
    config_CCVS1                             0x0801826b   Thumb Code   218  msg.o(.text)
    config_LFE1                              0x08018345   Thumb Code    80  msg.o(.text)
    config_VP                                0x08018395   Thumb Code    34  msg.o(.text)
    config_TIRE                              0x080183b7   Thumb Code    90  msg.o(.text)
    config_AMB                               0x08018411   Thumb Code    86  msg.o(.text)
    config_IC1                               0x08018467   Thumb Code   116  msg.o(.text)
    config_VEP1                              0x080184db   Thumb Code    80  msg.o(.text)
    config_TRF1                              0x0801852b   Thumb Code   120  msg.o(.text)
    config_AI                                0x080185a3   Thumb Code   202  msg.o(.text)
    config_B                                 0x0801866d   Thumb Code    84  msg.o(.text)
    config_RF                                0x080186c1   Thumb Code    42  msg.o(.text)
    config_DD                                0x080186eb   Thumb Code    96  msg.o(.text)
    config_A1                                0x0801874b   Thumb Code    36  msg.o(.text)
    config_AWPP                              0x0801876f   Thumb Code    22  msg.o(.text)
    send_massage                             0x08018785   Thumb Code   186  msg.o(.text)
    testallmsg_group1                        0x080188a5   Thumb Code   128  testmsg.o(.text)
    DS18B20_Read_Byte                        0x08018a35   Thumb Code    34  bsp_ds18b20.o(.text)
    DS18B20_Write_Byte                       0x08018a57   Thumb Code    88  bsp_ds18b20.o(.text)
    DS18B20_Start                            0x08018aaf   Thumb Code    24  bsp_ds18b20.o(.text)
    DS18B20_Init                             0x08018ac7   Thumb Code    16  bsp_ds18b20.o(.text)
    DS18B20_Get_Temp                         0x08018ad7   Thumb Code   128  bsp_ds18b20.o(.text)
    TIM2_NVIC_Configuration                  0x08018b61   Thumb Code    34  time_test.o(.text)
    TIM2_Configuration                       0x08018b83   Thumb Code    84  time_test.o(.text)
    TIM_2                                    0x08018bd7   Thumb Code    26  time_test.o(.text)
    TIM2_IRQHandler                          0x08018bf1   Thumb Code    76  time_test.o(.text)
    __aeabi_memcpy                           0x08018c45   Thumb Code    36  memcpya.o(.text)
    __aeabi_memcpy4                          0x08018c45   Thumb Code     0  memcpya.o(.text)
    __aeabi_memcpy8                          0x08018c45   Thumb Code     0  memcpya.o(.text)
    __aeabi_memset                           0x08018c69   Thumb Code    14  memseta.o(.text)
    __aeabi_memset4                          0x08018c69   Thumb Code     0  memseta.o(.text)
    __aeabi_memset8                          0x08018c69   Thumb Code     0  memseta.o(.text)
    __aeabi_memclr                           0x08018c77   Thumb Code     4  memseta.o(.text)
    __aeabi_memclr4                          0x08018c77   Thumb Code     0  memseta.o(.text)
    __aeabi_memclr8                          0x08018c77   Thumb Code     0  memseta.o(.text)
    _memset$wrapper                          0x08018c7b   Thumb Code    18  memseta.o(.text)
    strstr                                   0x08018c8d   Thumb Code    36  strstr.o(.text)
    strlen                                   0x08018cb1   Thumb Code    14  strlen.o(.text)
    __aeabi_dadd                             0x08018cbf   Thumb Code   322  dadd.o(.text)
    __aeabi_dsub                             0x08018e01   Thumb Code     6  dadd.o(.text)
    __aeabi_drsub                            0x08018e07   Thumb Code     6  dadd.o(.text)
    __aeabi_dmul                             0x08018e0d   Thumb Code   228  dmul.o(.text)
    __aeabi_ddiv                             0x08018ef1   Thumb Code   222  ddiv.o(.text)
    __aeabi_i2d                              0x08018fcf   Thumb Code    34  dflti.o(.text)
    __aeabi_f2iz                             0x08018ff1   Thumb Code    50  ffixi.o(.text)
    __aeabi_d2uiz                            0x08019023   Thumb Code    50  dfixui.o(.text)
    __aeabi_f2d                              0x08019055   Thumb Code    38  f2d.o(.text)
    __aeabi_d2f                              0x0801907b   Thumb Code    56  d2f.o(.text)
    __aeabi_uidiv                            0x080190b3   Thumb Code     0  uidiv.o(.text)
    __aeabi_uidivmod                         0x080190b3   Thumb Code    44  uidiv.o(.text)
    __aeabi_uldivmod                         0x080190df   Thumb Code    98  uldiv.o(.text)
    __aeabi_llsl                             0x08019141   Thumb Code    30  llshl.o(.text)
    _ll_shift_l                              0x08019141   Thumb Code     0  llshl.o(.text)
    __aeabi_llsr                             0x0801915f   Thumb Code    32  llushr.o(.text)
    _ll_ushift_r                             0x0801915f   Thumb Code     0  llushr.o(.text)
    __aeabi_lasr                             0x0801917f   Thumb Code    36  llsshr.o(.text)
    _ll_sshift_r                             0x0801917f   Thumb Code     0  llsshr.o(.text)
    __I$use$fp                               0x080191a3   Thumb Code     0  iusefp.o(.text)
    _float_round                             0x080191a3   Thumb Code    18  fepilogue.o(.text)
    _float_epilogue                          0x080191b5   Thumb Code    92  fepilogue.o(.text)
    _double_round                            0x08019211   Thumb Code    26  depilogue.o(.text)
    _double_epilogue                         0x0801922b   Thumb Code   156  depilogue.o(.text)
    __aeabi_d2ulz                            0x080192c7   Thumb Code    48  dfixul.o(.text)
    __aeabi_cdrcmple                         0x080192f9   Thumb Code    38  cdrcmple.o(.text)
    __scatterload                            0x08019321   Thumb Code    28  init.o(.text)
    __scatterload_rt2                        0x08019321   Thumb Code     0  init.o(.text)
    __0printf                                0x08019345   Thumb Code    22  printfa.o(i.__0printf)
    __1printf                                0x08019345   Thumb Code     0  printfa.o(i.__0printf)
    __2printf$full                           0x08019345   Thumb Code     0  printfa.o(i.__0printf)
    __c89printf                              0x08019345   Thumb Code     0  printfa.o(i.__0printf)
    printf                                   0x08019345   Thumb Code     0  printfa.o(i.__0printf)
    __0printf$5                              0x08019365   Thumb Code    22  printf5.o(i.__0printf$5)
    __1printf$5                              0x08019365   Thumb Code     0  printf5.o(i.__0printf$5)
    __2printf                                0x08019365   Thumb Code     0  printf5.o(i.__0printf$5)
    __0sprintf$5                             0x08019385   Thumb Code    34  printf5.o(i.__0sprintf$5)
    __1sprintf$5                             0x08019385   Thumb Code     0  printf5.o(i.__0sprintf$5)
    __2sprintf                               0x08019385   Thumb Code     0  printf5.o(i.__0sprintf$5)
    __scatterload_copy                       0x080193ad   Thumb Code    14  handlers.o(i.__scatterload_copy)
    __scatterload_null                       0x080193bb   Thumb Code     2  handlers.o(i.__scatterload_null)
    __scatterload_zeroinit                   0x080193bd   Thumb Code    14  handlers.o(i.__scatterload_zeroinit)
    malloc                                   0x08019f25   Thumb Code    92  malloc.o(i.malloc)
    Region$$Table$$Base                      0x08019f90   Number         0  anon$$obj.o(Region$$Table)
    Region$$Table$$Limit                     0x08019fb0   Number         0  anon$$obj.o(Region$$Table)
    SystemCoreClock                          0x20000000   Data           4  system_stm32f10x.o(.data)
    AHBPrescTable                            0x20000004   Data          16  system_stm32f10x.o(.data)
    CA_Name                                  0x2000002c   Data           8  j1939.o(.data)
    CommandedAddress                         0x20000034   Data           1  j1939.o(.data)
    J1939_Address                            0x20000035   Data           1  j1939.o(.data)
    J1939_Flags                              0x20000036   Data           1  j1939.o(.data)
    Can_Node                                 0x20000037   Data           1  j1939.o(.data)
    NodeAddress_1                            0x20000038   Data           1  j1939.o(.data)
    NodeAddress_2                            0x20000039   Data           1  j1939.o(.data)
    NodeAddress_3                            0x2000003a   Data           1  j1939.o(.data)
    NodeAddress_4                            0x2000003b   Data           1  j1939.o(.data)
    RXHead_1                                 0x2000003c   Data           1  j1939.o(.data)
    RXTail_1                                 0x2000003d   Data           1  j1939.o(.data)
    RXQueueCount_1                           0x2000003e   Data           1  j1939.o(.data)
    TXHead_1                                 0x2000003f   Data           1  j1939.o(.data)
    TXTail_1                                 0x20000040   Data           1  j1939.o(.data)
    TXQueueCount_1                           0x20000041   Data           1  j1939.o(.data)
    RXHead_2                                 0x20000042   Data           1  j1939.o(.data)
    RXTail_2                                 0x20000043   Data           1  j1939.o(.data)
    RXQueueCount_2                           0x20000044   Data           1  j1939.o(.data)
    TXHead_2                                 0x20000045   Data           1  j1939.o(.data)
    TXTail_2                                 0x20000046   Data           1  j1939.o(.data)
    TXQueueCount_2                           0x20000047   Data           1  j1939.o(.data)
    RXHead_3                                 0x20000048   Data           1  j1939.o(.data)
    RXTail_3                                 0x20000049   Data           1  j1939.o(.data)
    RXQueueCount_3                           0x2000004a   Data           1  j1939.o(.data)
    TXHead_3                                 0x2000004b   Data           1  j1939.o(.data)
    TXTail_3                                 0x2000004c   Data           1  j1939.o(.data)
    TXQueueCount_3                           0x2000004d   Data           1  j1939.o(.data)
    RXHead_4                                 0x2000004e   Data           1  j1939.o(.data)
    RXTail_4                                 0x2000004f   Data           1  j1939.o(.data)
    RXQueueCount_4                           0x20000050   Data           1  j1939.o(.data)
    TXHead_4                                 0x20000051   Data           1  j1939.o(.data)
    TXTail_4                                 0x20000052   Data           1  j1939.o(.data)
    TXQueueCount_4                           0x20000053   Data           1  j1939.o(.data)
    J1939_TP_Flags_t                         0x20000054   Data           3  j1939.o(.data)
    time                                     0x20000058   Data           4  time_test.o(.data)
    __stdout                                 0x2000005c   Data           4  stdout.o(.data)
    __microlib_freelist                      0x20000060   Data           4  mvars.o(.data)
    __microlib_freelist_initialised          0x20000064   Data           4  mvars.o(.data)
    strEsp8266_Fram_Record                   0x20000068   Data        1026  wifi_config.o(.bss)
    OneMessage                               0x2000046c   Data          20  j1939.o(.bss)
    RXQueue_1                                0x20000480   Data          60  j1939.o(.bss)
    TXQueue_1                                0x200004bc   Data          60  j1939.o(.bss)
    RXQueue_2                                0x200004f8   Data          60  j1939.o(.bss)
    TXQueue_2                                0x20000534   Data          60  j1939.o(.bss)
    RXQueue_3                                0x20000570   Data          60  j1939.o(.bss)
    TXQueue_3                                0x200005ac   Data          60  j1939.o(.bss)
    RXQueue_4                                0x200005e8   Data          60  j1939.o(.bss)
    TXQueue_4                                0x20000624   Data          60  j1939.o(.bss)
    REQUEST_LIST                             0x20000660   Data          24  j1939.o(.bss)
    TP_RX_MSG                                0x20000678   Data         256  j1939.o(.bss)
    TP_TX_MSG                                0x20000778   Data         256  j1939.o(.bss)
    __heap_base                              0x20000878   Data           0  startup_stm32f10x_hd.o(HEAP)
    __heap_limit                             0x20000a78   Data           0  startup_stm32f10x_hd.o(HEAP)
    __initial_sp                             0x20000e78   Data           0  startup_stm32f10x_hd.o(STACK)



==============================================================================

Memory Map of the image

  Image Entry point : 0x08000131

  Load Region LR_IROM1 (Base: 0x08000000, Size: 0x0001a018, Max: 0x00080000, ABSOLUTE)

    Execution Region ER_IROM1 (Base: 0x08000000, Size: 0x00019fb0, Max: 0x00080000, ABSOLUTE)

    Base Addr    Size         Type   Attr      Idx    E Section Name        Object

    0x08000000   0x00000130   Data   RO            3    RESET               startup_stm32f10x_hd.o
    0x08000130   0x00000000   Code   RO          706  * .ARM.Collect$$$$00000000  mc_w.l(entry.o)
    0x08000130   0x00000004   Code   RO         1024    .ARM.Collect$$$$00000001  mc_w.l(entry2.o)
    0x08000134   0x00000004   Code   RO         1027    .ARM.Collect$$$$00000004  mc_w.l(entry5.o)
    0x08000138   0x00000000   Code   RO         1029    .ARM.Collect$$$$00000008  mc_w.l(entry7b.o)
    0x08000138   0x00000000   Code   RO         1031    .ARM.Collect$$$$0000000A  mc_w.l(entry8b.o)
    0x08000138   0x00000008   Code   RO         1032    .ARM.Collect$$$$0000000B  mc_w.l(entry9a.o)
    0x08000140   0x00000000   Code   RO         1034    .ARM.Collect$$$$0000000D  mc_w.l(entry10a.o)
    0x08000140   0x00000000   Code   RO         1036    .ARM.Collect$$$$0000000F  mc_w.l(entry11a.o)
    0x08000140   0x00000004   Code   RO         1025    .ARM.Collect$$$$00002712  mc_w.l(entry2.o)
    0x08000144   0x00000024   Code   RO            4    .text               startup_stm32f10x_hd.o
    0x08000168   0x000001e0   Code   RO           24    .text               system_stm32f10x.o
    0x08000348   0x000000dc   Code   RO           67    .text               misc.o
    0x08000424   0x000009f0   Code   RO          113    .text               stm32f10x_can.o
    0x08000e14   0x0000035c   Code   RO          248    .text               stm32f10x_gpio.o
    0x08001170   0x000003a4   Code   RO          305    .text               stm32f10x_rcc.o
    0x08001514   0x00000e1a   Code   RO          364    .text               stm32f10x_tim.o
    0x0800232e   0x00000002   PAD
    0x08002330   0x00000408   Code   RO          376    .text               stm32f10x_usart.o
    0x08002738   0x000001e8   Code   RO          403    .text               main.o
    0x08002920   0x0000009c   Code   RO          468    .text               stm32f10x_it.o
    0x080029bc   0x000000b4   Code   RO          487    .text               bsp_usart1.o
    0x08002a70   0x000001fc   Code   RO          503    .text               bsp_usart2.o
    0x08002c6c   0x00000040   Code   RO          522    .text               bsp_gpio.o
    0x08002cac   0x000000b4   Code   RO          534    .text               bsp_systick.o
    0x08002d60   0x0000003e   Code   RO          552    .text               wifi_config.o
    0x08002d9e   0x00000002   PAD
    0x08002da0   0x000005c4   Code   RO          575    .text               wifi_function.o
    0x08003364   0x00000038   Code   RO          595    .text               led.o
    0x0800339c   0x00000148   Code   RO          610    .text               can.o
    0x080034e4   0x00001994   Code   RO          629    .text               j1939.o
    0x08004e78   0x00013a2c   Code   RO          655    .text               msg.o
    0x080188a4   0x00000080   Code   RO          667    .text               testmsg.o
    0x08018924   0x0000023c   Code   RO          679    .text               bsp_ds18b20.o
    0x08018b60   0x000000e4   Code   RO          691    .text               time_test.o
    0x08018c44   0x00000024   Code   RO          709    .text               mc_w.l(memcpya.o)
    0x08018c68   0x00000024   Code   RO          711    .text               mc_w.l(memseta.o)
    0x08018c8c   0x00000024   Code   RO          713    .text               mc_w.l(strstr.o)
    0x08018cb0   0x0000000e   Code   RO          715    .text               mc_w.l(strlen.o)
    0x08018cbe   0x0000014e   Code   RO         1008    .text               mf_w.l(dadd.o)
    0x08018e0c   0x000000e4   Code   RO         1010    .text               mf_w.l(dmul.o)
    0x08018ef0   0x000000de   Code   RO         1012    .text               mf_w.l(ddiv.o)
    0x08018fce   0x00000022   Code   RO         1014    .text               mf_w.l(dflti.o)
    0x08018ff0   0x00000032   Code   RO         1016    .text               mf_w.l(ffixi.o)
    0x08019022   0x00000032   Code   RO         1018    .text               mf_w.l(dfixui.o)
    0x08019054   0x00000026   Code   RO         1020    .text               mf_w.l(f2d.o)
    0x0801907a   0x00000038   Code   RO         1022    .text               mf_w.l(d2f.o)
    0x080190b2   0x0000002c   Code   RO         1039    .text               mc_w.l(uidiv.o)
    0x080190de   0x00000062   Code   RO         1041    .text               mc_w.l(uldiv.o)
    0x08019140   0x0000001e   Code   RO         1043    .text               mc_w.l(llshl.o)
    0x0801915e   0x00000020   Code   RO         1045    .text               mc_w.l(llushr.o)
    0x0801917e   0x00000024   Code   RO         1047    .text               mc_w.l(llsshr.o)
    0x080191a2   0x00000000   Code   RO         1051    .text               mc_w.l(iusefp.o)
    0x080191a2   0x0000006e   Code   RO         1052    .text               mf_w.l(fepilogue.o)
    0x08019210   0x000000b6   Code   RO         1054    .text               mf_w.l(depilogue.o)
    0x080192c6   0x00000030   Code   RO         1056    .text               mf_w.l(dfixul.o)
    0x080192f6   0x00000002   PAD
    0x080192f8   0x00000028   Code   RO         1058    .text               mf_w.l(cdrcmple.o)
    0x08019320   0x00000024   Code   RO         1060    .text               mc_w.l(init.o)
    0x08019344   0x00000020   Code   RO          952    i.__0printf         mc_w.l(printfa.o)
    0x08019364   0x00000020   Code   RO          852    i.__0printf$5       mc_w.l(printf5.o)
    0x08019384   0x00000028   Code   RO          854    i.__0sprintf$5      mc_w.l(printf5.o)
    0x080193ac   0x0000000e   Code   RO         1064    i.__scatterload_copy  mc_w.l(handlers.o)
    0x080193ba   0x00000002   Code   RO         1065    i.__scatterload_null  mc_w.l(handlers.o)
    0x080193bc   0x0000000e   Code   RO         1066    i.__scatterload_zeroinit  mc_w.l(handlers.o)
    0x080193ca   0x00000002   PAD
    0x080193cc   0x00000164   Code   RO          959    i._fp_digits        mc_w.l(printfa.o)
    0x08019530   0x000002bc   Code   RO          859    i._printf_core      mc_w.l(printf5.o)
    0x080197ec   0x000006dc   Code   RO          960    i._printf_core      mc_w.l(printfa.o)
    0x08019ec8   0x00000024   Code   RO          961    i._printf_post_padding  mc_w.l(printfa.o)
    0x08019eec   0x0000002e   Code   RO          962    i._printf_pre_padding  mc_w.l(printfa.o)
    0x08019f1a   0x0000000a   Code   RO          861    i._sputc            mc_w.l(printf5.o)
    0x08019f24   0x0000006c   Code   RO          981    i.malloc            mc_w.l(malloc.o)
    0x08019f90   0x00000020   Data   RO         1062    Region$$Table       anon$$obj.o


    Execution Region RW_IRAM1 (Base: 0x20000000, Size: 0x00000e78, Max: 0x00010000, ABSOLUTE)

    Base Addr    Size         Type   Attr      Idx    E Section Name        Object

    0x20000000   0x00000014   Data   RW           25    .data               system_stm32f10x.o
    0x20000014   0x00000014   Data   RW          306    .data               stm32f10x_rcc.o
    0x20000028   0x00000004   Data   RW          535    .data               bsp_systick.o
    0x2000002c   0x0000002b   Data   RW          631    .data               j1939.o
    0x20000057   0x00000001   PAD
    0x20000058   0x00000004   Data   RW          692    .data               time_test.o
    0x2000005c   0x00000004   Data   RW         1038    .data               mc_w.l(stdout.o)
    0x20000060   0x00000004   Data   RW         1049    .data               mc_w.l(mvars.o)
    0x20000064   0x00000004   Data   RW         1050    .data               mc_w.l(mvars.o)
    0x20000068   0x00000402   Zero   RW          553    .bss                wifi_config.o
    0x2000046a   0x00000002   PAD
    0x2000046c   0x0000040c   Zero   RW          630    .bss                j1939.o
    0x20000878   0x00000200   Zero   RW            2    HEAP                startup_stm32f10x_hd.o
    0x20000a78   0x00000400   Zero   RW            1    STACK               startup_stm32f10x_hd.o


==============================================================================

Image component sizes


      Code (inc. data)   RO Data    RW Data    ZI Data      Debug   Object Name

       572         10          0          0          0       2479   bsp_ds18b20.o
        64          6          0          0          0        554   bsp_gpio.o
       180         20          0          4          0      17001   bsp_systick.o
       180          8          0          0          0       2728   bsp_usart1.o
       508          8          0          0          0       2834   bsp_usart2.o
       328         10          0          0          0       1460   can.o
         0          0          0          0          0       4272   core_cm3.o
      6548        488          0         43       1036      33948   j1939.o
        56          6          0          0          0        530   led.o
       488         84          0          0          0     196264   main.o
       220         22          0          0          0       2033   misc.o
     80428       2572          0          0          0     173629   msg.o
        36          8        304          0       1536        884   startup_stm32f10x_hd.o
      2544         38          0          0          0      16528   stm32f10x_can.o
       860         38          0          0          0       5873   stm32f10x_gpio.o
       156         10          0          0          0       1544   stm32f10x_it.o
       932         36          0         20          0       9088   stm32f10x_rcc.o
      3610         88          0          0          0      22360   stm32f10x_tim.o
      1032         22          0          0          0       8600   stm32f10x_usart.o
       480         38          0         20          0     250819   system_stm32f10x.o
       128          0          0          0          0        708   testmsg.o
       228          8          0          4          0       1730   time_test.o
        62          0          0          0       1026       2110   wifi_config.o
      1476        506          0          0          0       5411   wifi_function.o

    ----------------------------------------------------------------------
    101120       4026        336         92       3600     763387   Object Totals
         0          0         32          0          0          0   (incl. Generated)
         4          0          0          1          2          0   (incl. Padding)

    ----------------------------------------------------------------------

      Code (inc. data)   RO Data    RW Data    ZI Data      Debug   Library Member Name

         0          0          0          0          0          0   entry.o
         0          0          0          0          0          0   entry10a.o
         0          0          0          0          0          0   entry11a.o
         8          4          0          0          0          0   entry2.o
         4          0          0          0          0          0   entry5.o
         0          0          0          0          0          0   entry7b.o
         0          0          0          0          0          0   entry8b.o
         8          4          0          0          0          0   entry9a.o
        30          0          0          0          0          0   handlers.o
        36          8          0          0          0         68   init.o
         0          0          0          0          0          0   iusefp.o
        30          0          0          0          0         68   llshl.o
        36          0          0          0          0         68   llsshr.o
        32          0          0          0          0         68   llushr.o
       108         16          0          0          0         84   malloc.o
        36          0          0          0          0         68   memcpya.o
        36          0          0          0          0        108   memseta.o
         0          0          0          8          0          0   mvars.o
       782         62          0          0          0        336   printf5.o
      2226         90          0          0          0        444   printfa.o
         0          0          0          4          0          0   stdout.o
        14          0          0          0          0         68   strlen.o
        36          0          0          0          0         80   strstr.o
        44          0          0          0          0         80   uidiv.o
        98          0          0          0          0         92   uldiv.o
        40          2          0          0          0         68   cdrcmple.o
        56          0          0          0          0         88   d2f.o
       334          0          0          0          0        148   dadd.o
       222          0          0          0          0        100   ddiv.o
       182          0          0          0          0        176   depilogue.o
        50          0          0          0          0         76   dfixui.o
        48          0          0          0          0         68   dfixul.o
        34          0          0          0          0         76   dflti.o
       228          0          0          0          0         96   dmul.o
        38          0          0          0          0         68   f2d.o
       110          0          0          0          0        168   fepilogue.o
        50          0          0          0          0         68   ffixi.o

    ----------------------------------------------------------------------
      4960        186          0         12          0       2832   Library Totals
         4          0          0          0          0          0   (incl. Padding)

    ----------------------------------------------------------------------

      Code (inc. data)   RO Data    RW Data    ZI Data      Debug   Library Name

      3564        184          0         12          0       1632   mc_w.l
      1392          2          0          0          0       1200   mf_w.l

    ----------------------------------------------------------------------
      4960        186          0         12          0       2832   Library Totals

    ----------------------------------------------------------------------

==============================================================================


      Code (inc. data)   RO Data    RW Data    ZI Data      Debug   

    106080       4212        336        104       3600     762939   Grand Totals
    106080       4212        336        104       3600     762939   ELF Image Totals
    106080       4212        336        104          0          0   ROM Totals

==============================================================================

    Total RO  Size (Code + RO Data)               106416 ( 103.92kB)
    Total RW  Size (RW Data + ZI Data)              3704 (   3.62kB)
    Total ROM Size (Code + RO Data + RW Data)     106520 ( 104.02kB)

==============================================================================

