Product: MDK-ARM Standard 5.10
Component: ARM Compiler 5.04 update 1 (build 49)
Tool: armlink [5040049]

==============================================================================

Section Cross References

    main.o(.text) refers to stm32f10x_rcc.o(.text) for RCC_APB2PeriphClockCmd
    main.o(.text) refers to stm32f10x_gpio.o(.text) for GPIO_Init
    main.o(.text) refers to can.o(.text) for can_tx
    main.o(.text) refers to delay.o(.text) for delay_init
    main.o(.text) refers to oled.o(.text) for OLED_Init
    main.o(.text) refers to system_stm32f10x.o(.text) for SystemInit
    main.o(.text) refers to led.o(.text) for LED_GPIO_Config
    main.o(.text) refers to j1939.o(.text) for J1939_Initialization
    system_stm32f10x.o(.text) refers to system_stm32f10x.o(.data) for SystemCoreClock
    oled.o(.text) refers to stm32f10x_gpio.o(.text) for GPIO_SetBits
    oled.o(.text) refers to oled.o(.constdata) for F8X16
    oled.o(.text) refers to stm32f10x_rcc.o(.text) for RCC_APB2PeriphClockCmd
    oled.o(.text) refers to delay.o(.text) for delay_ms
    delay.o(.text) refers to misc.o(.text) for SysTick_CLKSourceConfig
    delay.o(.text) refers to system_stm32f10x.o(.data) for SystemCoreClock
    delay.o(.text) refers to delay.o(.data) for fac_us
    sys.o(.text) refers to misc.o(.text) for NVIC_PriorityGroupConfig
    startup_stm32f10x_hd.o(STACK) refers (Special) to heapauxi.o(.text) for __use_two_region_memory
    startup_stm32f10x_hd.o(HEAP) refers (Special) to heapauxi.o(.text) for __use_two_region_memory
    startup_stm32f10x_hd.o(RESET) refers (Special) to heapauxi.o(.text) for __use_two_region_memory
    startup_stm32f10x_hd.o(RESET) refers to startup_stm32f10x_hd.o(STACK) for __initial_sp
    startup_stm32f10x_hd.o(RESET) refers to startup_stm32f10x_hd.o(.text) for Reset_Handler
    startup_stm32f10x_hd.o(RESET) refers to stm32f10x_it.o(.text) for NMI_Handler
    startup_stm32f10x_hd.o(RESET) refers to can.o(.text) for USB_LP_CAN1_RX0_IRQHandler
    startup_stm32f10x_hd.o(.text) refers (Special) to heapauxi.o(.text) for __use_two_region_memory
    startup_stm32f10x_hd.o(.text) refers to system_stm32f10x.o(.text) for SystemInit
    startup_stm32f10x_hd.o(.text) refers to __main.o(!!!main) for __main
    startup_stm32f10x_hd.o(.text) refers to startup_stm32f10x_hd.o(HEAP) for Heap_Mem
    startup_stm32f10x_hd.o(.text) refers to startup_stm32f10x_hd.o(STACK) for Stack_Mem
    stm32f10x_gpio.o(.text) refers to stm32f10x_rcc.o(.text) for RCC_APB2PeriphResetCmd
    stm32f10x_rcc.o(.text) refers to stm32f10x_rcc.o(.data) for APBAHBPrescTable
    stm32f10x_usart.o(.text) refers to stm32f10x_rcc.o(.text) for RCC_APB2PeriphResetCmd
    stm32f10x_can.o(.text) refers to stm32f10x_rcc.o(.text) for RCC_APB1PeriphResetCmd
    can.o(.text) refers to misc.o(.text) for NVIC_PriorityGroupConfig
    can.o(.text) refers to stm32f10x_rcc.o(.text) for RCC_APB2PeriphClockCmd
    can.o(.text) refers to stm32f10x_gpio.o(.text) for GPIO_Init
    can.o(.text) refers to stm32f10x_can.o(.text) for CAN_DeInit
    can.o(.text) refers to j1939.o(.text) for J1939_ISR
    led.o(.text) refers to stm32f10x_rcc.o(.text) for RCC_APB2PeriphClockCmd
    led.o(.text) refers to stm32f10x_gpio.o(.text) for GPIO_Init
    usart1.o(.text) refers to stm32f10x_rcc.o(.text) for RCC_APB2PeriphClockCmd
    usart1.o(.text) refers to stm32f10x_gpio.o(.text) for GPIO_Init
    usart1.o(.text) refers to stm32f10x_usart.o(.text) for USART_Init
    j1939.o(.text) refers to stm32f10x_can.o(.text) for CAN_Transmit
    j1939.o(.text) refers to j1939.o(.data) for Can_Node
    j1939.o(.text) refers to j1939.o(.bss) for TXQueue_1
    j1939.o(.text) refers to rt_memcpy_w.o(.text) for __aeabi_memcpy4
    j1939.o(.text) refers to msg.o(.text) for transmit_USART_STR
    j1939.o(.text) refers to h1_alloc.o(.text) for malloc
    msg.o(.text) refers to _printf_percent.o(.ARM.Collect$$_printf_percent$$00000000) for _printf_percent
    msg.o(.text) refers to _printf_f.o(.ARM.Collect$$_printf_percent$$00000003) for _printf_f
    msg.o(.text) refers to printf1.o(x$fpl$printf1) for _printf_fp_dec
    msg.o(.text) refers to ffltll_clz.o(x$fpl$ffltll) for __aeabi_ul2f
    msg.o(.text) refers to fmul.o(x$fpl$fmul) for __aeabi_fmul
    msg.o(.text) refers to faddsub_clz.o(x$fpl$fadd) for __aeabi_fadd
    msg.o(.text) refers to f2d.o(x$fpl$f2d) for __aeabi_f2d
    msg.o(.text) refers to d2f.o(x$fpl$d2f) for __aeabi_d2f
    msg.o(.text) refers to noretval__2sprintf.o(.text) for __2sprintf
    msg.o(.text) refers to oled.o(.text) for OLED_ShowString
    malloc.o(.text) refers (Special) to hguard.o(.text) for __heap$guard
    malloc.o(.text) refers (Special) to init_alloc.o(.text) for _init_alloc
    malloc.o(.text) refers to rt_heap_descriptor_intlibspace.o(.text) for __rt_heap_descriptor
    malloc.o(.text) refers to heapstubs.o(.text) for __Heap_Alloc
    h1_alloc.o(.text) refers (Special) to h1_init.o(.text) for __Heap_Initialize
[...]
    ../clib/angel/boardlib.s                 0x00000000   Number         0  boardinit2.o ABSOLUTE
    ../clib/angel/boardlib.s                 0x00000000   Number         0  boardshut.o ABSOLUTE
    ../clib/angel/boardlib.s                 0x00000000   Number         0  boardinit3.o ABSOLUTE
    ../clib/angel/handlers.s                 0x00000000   Number         0  __scatter_zi.o ABSOLUTE
    ../clib/angel/handlers.s                 0x00000000   Number         0  __scatter_copy.o ABSOLUTE
    ../clib/angel/kernel.s                   0x00000000   Number         0  rtentry4.o ABSOLUTE
    ../clib/angel/kernel.s                   0x00000000   Number         0  rtentry2.o ABSOLUTE
    ../clib/angel/kernel.s                   0x00000000   Number         0  rtexit2.o ABSOLUTE
    ../clib/angel/kernel.s                   0x00000000   Number         0  rtexit.o ABSOLUTE
    ../clib/angel/kernel.s                   0x00000000   Number         0  rtentry.o ABSOLUTE
    ../clib/angel/rt.s                       0x00000000   Number         0  rt_locale_intlibspace.o ABSOLUTE
    ../clib/angel/rt.s                       0x00000000   Number         0  rt_locale.o ABSOLUTE
    ../clib/angel/rt.s                       0x00000000   Number         0  rt_heap_descriptor_intlibspace.o ABSOLUTE
    ../clib/angel/rt.s                       0x00000000   Number         0  rt_heap_descriptor.o ABSOLUTE
    ../clib/angel/rt.s                       0x00000000   Number         0  rt_raise.o ABSOLUTE
    ../clib/angel/scatter.s                  0x00000000   Number         0  __scatter.o ABSOLUTE
    ../clib/angel/startup.s                  0x00000000   Number         0  __main.o ABSOLUTE
    ../clib/angel/sys.s                      0x00000000   Number         0  libspace.o ABSOLUTE
    ../clib/angel/sys.s                      0x00000000   Number         0  sys_stackheap_outer.o ABSOLUTE
    ../clib/angel/sys.s                      0x00000000   Number         0  indicate_semi.o ABSOLUTE
    ../clib/angel/sys.s                      0x00000000   Number         0  use_no_semi.o ABSOLUTE
    ../clib/angel/sys.s                      0x00000000   Number         0  mutex_dummy.o ABSOLUTE
    ../clib/angel/sysapp.c                   0x00000000   Number         0  sys_command.o ABSOLUTE
    ../clib/angel/sysapp.c                   0x00000000   Number         0  sys_wrch.o ABSOLUTE
    ../clib/angel/sysapp.c                   0x00000000   Number         0  sys_exit.o ABSOLUTE
    ../clib/armsys.c                         0x00000000   Number         0  _get_argv_nomalloc.o ABSOLUTE
    ../clib/armsys.c                         0x00000000   Number         0  argv_veneer.o ABSOLUTE
    ../clib/armsys.c                         0x00000000   Number         0  _get_argv.o ABSOLUTE
    ../clib/armsys.c                         0x00000000   Number         0  no_argv.o ABSOLUTE
    ../clib/armsys.c                         0x00000000   Number         0  argv_veneer.o ABSOLUTE
    ../clib/bigflt.c                         0x00000000   Number         0  bigflt0.o ABSOLUTE
    ../clib/btod.s                           0x00000000   Number         0  btod.o ABSOLUTE
    ../clib/heap1.c                          0x00000000   Number         0  h1_final.o ABSOLUTE
    ../clib/heap1.c                          0x00000000   Number         0  h1_alloc.o ABSOLUTE
    ../clib/heap1.c                          0x00000000   Number         0  h1_alloc_mt.o ABSOLUTE
    ../clib/heap1.c                          0x00000000   Number         0  h1_init_mt.o ABSOLUTE
    ../clib/heap1.c                          0x00000000   Number         0  h1_init.o ABSOLUTE
    ../clib/heap1.c                          0x00000000   Number         0  h1_free.o ABSOLUTE
    ../clib/heap1.c                          0x00000000   Number         0  h1_free_mt.o ABSOLUTE
    ../clib/heap1.c                          0x00000000   Number         0  h1_extend_mt.o ABSOLUTE
    ../clib/heap1.c                          0x00000000   Number         0  h1_extend.o ABSOLUTE
    ../clib/heap1.c                          0x00000000   Number         0  h1_final_mt.o ABSOLUTE
    ../clib/heap2.c                          0x00000000   Number         0  heap2mt.o ABSOLUTE
    ../clib/heap2.c                          0x00000000   Number         0  fdtree.o ABSOLUTE
    ../clib/heap2.c                          0x00000000   Number         0  heap2.o ABSOLUTE
    ../clib/heapalloc.c                      0x00000000   Number         0  heapstubs.o ABSOLUTE
    ../clib/heapalloc.c                      0x00000000   Number         0  free.o ABSOLUTE
    ../clib/heapalloc.c                      0x00000000   Number         0  init_alloc.o ABSOLUTE
    ../clib/heapalloc.c                      0x00000000   Number         0  hguard.o ABSOLUTE
    ../clib/heapalloc.c                      0x00000000   Number         0  malloc.o ABSOLUTE
    ../clib/heapalloc.c                      0x00000000   Number         0  maybetermalloc1.o ABSOLUTE
    ../clib/heapalloc.c                      0x00000000   Number         0  maybetermalloc2.o ABSOLUTE
    ../clib/heapalloc.c                      0x00000000   Number         0  maybetermalloc2.o ABSOLUTE
    ../clib/heapalloc.c                      0x00000000   Number         0  maybetermalloc1.o ABSOLUTE
    ../clib/heapalloc.c                      0x00000000   Number         0  hrguard.o ABSOLUTE
    ../clib/heapalloc.c                      0x00000000   Number         0  term_alloc.o ABSOLUTE
    ../clib/heapaux.c                        0x00000000   Number         0  heapauxi.o ABSOLUTE
    ../clib/heapaux.c                        0x00000000   Number         0  heapauxa.o ABSOLUTE
    ../clib/libinit.s                        0x00000000   Number         0  libshutdown.o ABSOLUTE
    ../clib/libinit.s                        0x00000000   Number         0  libinit2.o ABSOLUTE
    ../clib/libinit.s                        0x00000000   Number         0  libinit.o ABSOLUTE
    ../clib/libinit.s                        0x00000000   Number         0  libshutdown2.o ABSOLUTE
    ../clib/locale.s                         0x00000000   Number         0  lc_numeric_c.o ABSOLUTE
    ../clib/longlong.s                       0x00000000   Number         0  lludiv10.o ABSOLUTE
    ../clib/memcpset.s                       0x00000000   Number         0  strcmpv7m.o ABSOLUTE
    ../clib/memcpset.s                       0x00000000   Number         0  rt_memcpy_w.o ABSOLUTE
    ../clib/misc.s                           0x00000000   Number         0  printf_stubs.o ABSOLUTE
    ../clib/printf.c                         0x00000000   Number         0  __printf_flags_ss_wp.o ABSOLUTE
    ../clib/printf.c                         0x00000000   Number         0  __printf.o ABSOLUTE
    ../clib/printf.c                         0x00000000   Number         0  __printf_wp.o ABSOLUTE
    ../clib/printf.c                         0x00000000   Number         0  _sputc.o ABSOLUTE
    ../clib/printf.c                         0x00000000   Number         0  __printf_flags_ss.o ABSOLUTE
    ../clib/printf.c                         0x00000000   Number         0  __printf_ss.o ABSOLUTE
    ../clib/printf.c                         0x00000000   Number         0  noretval__2sprintf.o ABSOLUTE
    ../clib/printf.c                         0x00000000   Number         0  __printf_flags_wp.o ABSOLUTE
    ../clib/printf.c                         0x00000000   Number         0  _printf_char_common.o ABSOLUTE
    ../clib/printf.c                         0x00000000   Number         0  __2sprintf.o ABSOLUTE
    ../clib/printf.c                         0x00000000   Number         0  _printf_fp_infnan.o ABSOLUTE
    ../clib/printf.c                         0x00000000   Number         0  _printf_fp_dec.o ABSOLUTE
    ../clib/printf.c                         0x00000000   Number         0  __printf_flags.o ABSOLUTE
    ../clib/printf.c                         0x00000000   Number         0  __printf_ss_wp.o ABSOLUTE
    ../clib/printf.c                         0x00000000   Number         0  __printf_nopercent.o ABSOLUTE
    ../clib/printf_percent.s                 0x00000000   Number         0  _printf_f.o ABSOLUTE
    ../clib/printf_percent.s                 0x00000000   Number         0  _printf_percent.o ABSOLUTE
    ../clib/printf_percent.s                 0x00000000   Number         0  _printf_percent_end.o ABSOLUTE
    ../clib/signal.c                         0x00000000   Number         0  defsig_abrt_inner.o ABSOLUTE
    ../clib/signal.c                         0x00000000   Number         0  defsig_general.o ABSOLUTE
    ../clib/signal.c                         0x00000000   Number         0  defsig_rtmem_inner.o ABSOLUTE
    ../clib/signal.c                         0x00000000   Number         0  defsig_other.o ABSOLUTE
    ../clib/signal.c                         0x00000000   Number         0  defsig_segv_inner.o ABSOLUTE
    ../clib/signal.c                         0x00000000   Number         0  defsig_cppl_inner.o ABSOLUTE
    ../clib/signal.c                         0x00000000   Number         0  defsig_pvfn_inner.o ABSOLUTE
    ../clib/signal.c                         0x00000000   Number         0  defsig_stak_inner.o ABSOLUTE
    ../clib/signal.c                         0x00000000   Number         0  defsig_rtred_inner.o ABSOLUTE
    ../clib/signal.c                         0x00000000   Number         0  defsig_fpe_inner.o ABSOLUTE
    ../clib/signal.c                         0x00000000   Number         0  defsig_rtmem_outer.o ABSOLUTE
    ../clib/signal.c                         0x00000000   Number         0  defsig_exit.o ABSOLUTE
    ../clib/signal.c                         0x00000000   Number         0  defsig_rtmem_formal.o ABSOLUTE
    ../clib/signal.c                         0x00000000   Number         0  __raise.o ABSOLUTE
    ../clib/signal.s                         0x00000000   Number         0  defsig.o ABSOLUTE
    ../clib/stdlib.c                         0x00000000   Number         0  exit.o ABSOLUTE
    ../fplib/d2f.s                           0x00000000   Number         0  d2f.o ABSOLUTE
    ../fplib/dnaninf.s                       0x00000000   Number         0  dnaninf.o ABSOLUTE
    ../fplib/dretinf.s                       0x00000000   Number         0  dretinf.o ABSOLUTE
    ../fplib/f2d.s                           0x00000000   Number         0  f2d.o ABSOLUTE
    ../fplib/faddsub.s                       0x00000000   Number         0  faddsub_clz.o ABSOLUTE
    ../fplib/ffltll.s                        0x00000000   Number         0  ffltll_clz.o ABSOLUTE
    ../fplib/fmul.s                          0x00000000   Number         0  fmul.o ABSOLUTE
    ../fplib/fnaninf.s                       0x00000000   Number         0  fnaninf.o ABSOLUTE
    ../fplib/fpinit.s                        0x00000000   Number         0  fpinit.o ABSOLUTE
    ../fplib/fretinf.s                       0x00000000   Number         0  fretinf.o ABSOLUTE
    ../fplib/istatus.s                       0x00000000   Number         0  istatus.o ABSOLUTE
    ../fplib/printf1.s                       0x00000000   Number         0  printf1.o ABSOLUTE
    ../fplib/usenofp.s                       0x00000000   Number         0  usenofp.o ABSOLUTE
    ../mathlib/fpclassify.c                  0x00000000   Number         0  fpclassify.o ABSOLUTE
    ..\CORE\core_cm3.c                       0x00000000   Number         0  core_cm3.o ABSOLUTE
    ..\CORE\startup_stm32f10x_hd.s           0x00000000   Number         0  startup_stm32f10x_hd.o ABSOLUTE
    ..\HARDWARE\OLED\oled.c                  0x00000000   Number         0  oled.o ABSOLUTE
    ..\STM32F10x_FWLib\src\misc.c            0x00000000   Number         0  misc.o ABSOLUTE
    ..\STM32F10x_FWLib\src\stm32f10x_can.c   0x00000000   Number         0  stm32f10x_can.o ABSOLUTE
    ..\STM32F10x_FWLib\src\stm32f10x_gpio.c  0x00000000   Number         0  stm32f10x_gpio.o ABSOLUTE
    ..\STM32F10x_FWLib\src\stm32f10x_rcc.c   0x00000000   Number         0  stm32f10x_rcc.o ABSOLUTE
    ..\STM32F10x_FWLib\src\stm32f10x_usart.c 0x00000000   Number         0  stm32f10x_usart.o ABSOLUTE
    ..\SYSTEM\delay\delay.c                  0x00000000   Number         0  delay.o ABSOLUTE
    ..\SYSTEM\sys\sys.c                      0x00000000   Number         0  sys.o ABSOLUTE
    ..\\CORE\\core_cm3.c                     0x00000000   Number         0  core_cm3.o ABSOLUTE
    ..\j1939\J1939\J1939.c                   0x00000000   Number         0  j1939.o ABSOLUTE
    ..\j1939\can\can.c                       0x00000000   Number         0  can.o ABSOLUTE
    ..\j1939\can\led.c                       0x00000000   Number         0  led.o ABSOLUTE
    ..\j1939\can\usart1.c                    0x00000000   Number         0  usart1.o ABSOLUTE
    ..\msg\msg.c                             0x00000000   Number         0  msg.o ABSOLUTE
    dc.s                                     0x00000000   Number         0  dc.o ABSOLUTE
    main.c                                   0x00000000   Number         0  main.o ABSOLUTE
    stm32f10x_it.c                           0x00000000   Number         0  stm32f10x_it.o ABSOLUTE
    system_stm32f10x.c                       0x00000000   Number         0  system_stm32f10x.o ABSOLUTE
    RESET                                    0x08000000   Section      304  startup_stm32f10x_hd.o(RESET)
    !!!main                                  0x08000130   Section        8  __main.o(!!!main)
    !!!scatter                               0x08000138   Section       52  __scatter.o(!!!scatter)
    !!handler_copy                           0x0800016c   Section       26  __scatter_copy.o(!!handler_copy)
    !!handler_zi                             0x08000188   Section       28  __scatter_zi.o(!!handler_zi)
    .ARM.Collect$$_printf_percent$$00000000  0x080001a4   Section        0  _printf_percent.o(.ARM.Collect$$_printf_percent$$00000000)
    .ARM.Collect$$_printf_percent$$00000003  0x080001a4   Section        6  _printf_f.o(.ARM.Collect$$_printf_percent$$00000003)
    .ARM.Collect$$_printf_percent$$00000017  0x080001aa   Section        4  _printf_percent_end.o(.ARM.Collect$$_printf_percent$$00000017)
    .ARM.Collect$$libinit$$00000000          0x080001ae   Section        2  libinit.o(.ARM.Collect$$libinit$$00000000)
    .ARM.Collect$$libinit$$00000002          0x080001b0   Section        0  libinit2.o(.ARM.Collect$$libinit$$00000002)
    .ARM.Collect$$libinit$$00000003          0x080001b0   Section        8  libinit2.o(.ARM.Collect$$libinit$$00000003)
    .ARM.Collect$$libinit$$00000008          0x080001b8   Section        0  libinit2.o(.ARM.Collect$$libinit$$00000008)
    .ARM.Collect$$libinit$$0000000A          0x080001b8   Section        0  libinit2.o(.ARM.Collect$$libinit$$0000000A)
    .ARM.Collect$$libinit$$0000000C          0x080001b8   Section        0  libinit2.o(.ARM.Collect$$libinit$$0000000C)
    .ARM.Collect$$libinit$$0000000D          0x080001b8   Section        6  libinit2.o(.ARM.Collect$$libinit$$0000000D)
    .ARM.Collect$$libinit$$0000000F          0x080001be   Section        0  libinit2.o(.ARM.Collect$$libinit$$0000000F)
    .ARM.Collect$$libinit$$00000011          0x080001be   Section        0  libinit2.o(.ARM.Collect$$libinit$$00000011)
    .ARM.Collect$$libinit$$00000013          0x080001be   Section        0  libinit2.o(.ARM.Collect$$libinit$$00000013)
    .ARM.Collect$$libinit$$00000014          0x080001be   Section       10  libinit2.o(.ARM.Collect$$libinit$$00000014)
    .ARM.Collect$$libinit$$00000015          0x080001c8   Section        0  libinit2.o(.ARM.Collect$$libinit$$00000015)
    .ARM.Collect$$libinit$$00000017          0x080001c8   Section        0  libinit2.o(.ARM.Collect$$libinit$$00000017)
    .ARM.Collect$$libinit$$00000019          0x080001c8   Section        0  libinit2.o(.ARM.Collect$$libinit$$00000019)
    .ARM.Collect$$libinit$$0000001B          0x080001c8   Section        0  libinit2.o(.ARM.Collect$$libinit$$0000001B)
    .ARM.Collect$$libinit$$0000001D          0x080001c8   Section        0  libinit2.o(.ARM.Collect$$libinit$$0000001D)
    .ARM.Collect$$libinit$$0000001F          0x080001c8   Section        0  libinit2.o(.ARM.Collect$$libinit$$0000001F)
    .ARM.Collect$$libinit$$00000021          0x080001c8   Section        0  libinit2.o(.ARM.Collect$$libinit$$00000021)
    .ARM.Collect$$libinit$$00000023          0x080001c8   Section        0  libinit2.o(.ARM.Collect$$libinit$$00000023)
    .ARM.Collect$$libinit$$0000002A          0x080001c8   Section        0  libinit2.o(.ARM.Collect$$libinit$$0000002A)
    .ARM.Collect$$libinit$$0000002C          0x080001c8   Section        0  libinit2.o(.ARM.Collect$$libinit$$0000002C)
    .ARM.Collect$$libinit$$0000002E          0x080001c8   Section        0  libinit2.o(.ARM.Collect$$libinit$$0000002E)
    .ARM.Collect$$libinit$$00000030          0x080001c8   Section        0  libinit2.o(.ARM.Collect$$libinit$$00000030)
    .ARM.Collect$$libinit$$00000031          0x080001c8   Section        2  libinit2.o(.ARM.Collect$$libinit$$00000031)
    .ARM.Collect$$libshutdown$$00000000      0x080001ca   Section        2  libshutdown.o(.ARM.Collect$$libshutdown$$00000000)
    .ARM.Collect$$libshutdown$$00000003      0x080001cc   Section        0  libshutdown2.o(.ARM.Collect$$libshutdown$$00000003)
    .ARM.Collect$$libshutdown$$00000006      0x080001cc   Section        0  libshutdown2.o(.ARM.Collect$$libshutdown$$00000006)
    .ARM.Collect$$libshutdown$$00000009      0x080001cc   Section        0  libshutdown2.o(.ARM.Collect$$libshutdown$$00000009)
    .ARM.Collect$$libshutdown$$0000000B      0x080001cc   Section        0  libshutdown2.o(.ARM.Collect$$libshutdown$$0000000B)
    .ARM.Collect$$libshutdown$$0000000E      0x080001cc   Section        0  libshutdown2.o(.ARM.Collect$$libshutdown$$0000000E)
    .ARM.Collect$$libshutdown$$0000000F      0x080001cc   Section        2  libshutdown2.o(.ARM.Collect$$libshutdown$$0000000F)
    .ARM.Collect$$rtentry$$00000000          0x080001ce   Section        0  rtentry.o(.ARM.Collect$$rtentry$$00000000)
    .ARM.Collect$$rtentry$$00000002          0x080001ce   Section        0  rtentry2.o(.ARM.Collect$$rtentry$$00000002)
    .ARM.Collect$$rtentry$$00000004          0x080001ce   Section        6  rtentry4.o(.ARM.Collect$$rtentry$$00000004)
    .ARM.Collect$$rtentry$$00000009          0x080001d4   Section        0  rtentry2.o(.ARM.Collect$$rtentry$$00000009)
    .ARM.Collect$$rtentry$$0000000A          0x080001d4   Section        4  rtentry2.o(.ARM.Collect$$rtentry$$0000000A)
    .ARM.Collect$$rtentry$$0000000C          0x080001d8   Section        0  rtentry2.o(.ARM.Collect$$rtentry$$0000000C)
    .ARM.Collect$$rtentry$$0000000D          0x080001d8   Section        8  rtentry2.o(.ARM.Collect$$rtentry$$0000000D)
    .ARM.Collect$$rtexit$$00000000           0x080001e0   Section        2  rtexit.o(.ARM.Collect$$rtexit$$00000000)
    .ARM.Collect$$rtexit$$00000002           0x080001e2   Section        0  rtexit2.o(.ARM.Collect$$rtexit$$00000002)
    .ARM.Collect$$rtexit$$00000003           0x080001e2   Section        4  rtexit2.o(.ARM.Collect$$rtexit$$00000003)
    .ARM.Collect$$rtexit$$00000004           0x080001e6   Section        6  rtexit2.o(.ARM.Collect$$rtexit$$00000004)
    .emb_text                                0x080001ec   Section        0  maybetermalloc1.o(.emb_text)
    .text                                    0x080001ec   Section        0  main.o(.text)
    .text                                    0x080003fc   Section        0  stm32f10x_it.o(.text)
    .text                                    0x08000418   Section        0  system_stm32f10x.o(.text)
    SetSysClockTo72                          0x08000419   Thumb Code   214  system_stm32f10x.o(.text)
    SetSysClock                              0x080004ef   Thumb Code     8  system_stm32f10x.o(.text)
    .text                                    0x080005f8   Section        0  oled.o(.text)
    .text                                    0x08000b64   Section        0  delay.o(.text)
    .text                                    0x08000c38   Section       64  startup_stm32f10x_hd.o(.text)
    .text                                    0x08000c78   Section        0  misc.o(.text)
    .text                                    0x08000d54   Section        0  stm32f10x_gpio.o(.text)
    .text                                    0x080010b0   Section        0  stm32f10x_rcc.o(.text)
    .text                                    0x08001454   Section        0  stm32f10x_can.o(.text)
    CheckITStatus                            0x08001a47   Thumb Code    18  stm32f10x_can.o(.text)
    .text                                    0x08001bec   Section        0  can.o(.text)
    .text                                    0x08001d3c   Section        0  led.o(.text)
    .text                                    0x08001d74   Section        0  j1939.o(.text)
    J1939_TransmitMessages                   0x08001f1f   Thumb Code   430  j1939.o(.text)
    J1939_ReceiveMessages                    0x0800250f   Thumb Code  1462  j1939.o(.text)
    .text                                    0x0800370c   Section        0  msg.o(.text)
    .text                                    0x08003bc8   Section        0  h1_alloc.o(.text)
    .text                                    0x08003c28   Section        0  noretval__2sprintf.o(.text)
    .text                                    0x08003c50   Section        0  __printf_wp.o(.text)
    .text                                    0x08003d5e   Section      100  rt_memcpy_w.o(.text)
    .text                                    0x08003dc2   Section        0  heapauxi.o(.text)
    .text                                    0x08003dc8   Section        8  rt_heap_descriptor_intlibspace.o(.text)
    .text                                    0x08003dd0   Section        0  hguard.o(.text)
    .text                                    0x08003dd4   Section        0  init_alloc.o(.text)
    .text                                    0x08003e5e   Section        0  h1_init.o(.text)
    .text                                    0x08003e6c   Section        0  h1_free.o(.text)
    .text                                    0x08003eba   Section        0  _printf_fp_dec.o(.text)
    _fp_digits                               0x08003ebd   Thumb Code   428  _printf_fp_dec.o(.text)
    .text                                    0x080042d0   Section        0  _printf_char_common.o(.text)
    _printf_input_char                       0x080042d1   Thumb Code    10  _printf_char_common.o(.text)
    .text                                    0x08004300   Section        0  _sputc.o(.text)
    .text                                    0x0800430c   Section        8  libspace.o(.text)
    .text                                    0x08004314   Section        8  rt_locale_intlibspace.o(.text)
    .text                                    0x0800431c   Section        0  h1_extend.o(.text)
    .text                                    0x08004350   Section      138  lludiv10.o(.text)
    .text                                    0x080043dc   Section        0  _printf_fp_infnan.o(.text)
    .text                                    0x0800445c   Section        0  bigflt0.o(.text)
    .text                                    0x08004534   Section        0  defsig_rtmem_outer.o(.text)
    .text                                    0x08004542   Section        2  use_no_semi.o(.text)
    .text                                    0x08004544   Section        0  indicate_semi.o(.text)
    .text                                    0x08004544   Section       74  sys_stackheap_outer.o(.text)
    .text                                    0x0800458e   Section        0  exit.o(.text)
    .text                                    0x0800459a   Section        0  defsig_exit.o(.text)
    .text                                    0x080045a4   Section        0  defsig_rtmem_inner.o(.text)
    .text                                    0x080045f4   Section      128  strcmpv7m.o(.text)
    .text                                    0x08004674   Section        0  sys_exit.o(.text)
    .text                                    0x08004680   Section        0  defsig_general.o(.text)
    .text                                    0x080046b2   Section        0  sys_wrch.o(.text)
    CL$$btod_d2e                             0x080046c0   Section       62  btod.o(CL$$btod_d2e)
    CL$$btod_d2e_denorm_low                  0x080046fe   Section       70  btod.o(CL$$btod_d2e_denorm_low)
    CL$$btod_d2e_norm_op1                    0x08004744   Section       96  btod.o(CL$$btod_d2e_norm_op1)
    CL$$btod_div_common                      0x080047a4   Section      824  btod.o(CL$$btod_div_common)
    CL$$btod_e2e                             0x08004adc   Section      198  btod.o(CL$$btod_e2e)
    CL$$btod_ediv                            0x08004ba2   Section       40  btod.o(CL$$btod_ediv)
    CL$$btod_emul                            0x08004bca   Section       40  btod.o(CL$$btod_emul)
    CL$$btod_mult_common                     0x08004bf2   Section      580  btod.o(CL$$btod_mult_common)
    i.__ARM_fpclassify                       0x08004e36   Section        0  fpclassify.o(i.__ARM_fpclassify)
    i._is_digit                              0x08004e5e   Section        0  __printf_wp.o(i._is_digit)
    locale$$code                             0x08004e6c   Section       44  lc_numeric_c.o(locale$$code)
    x$fpl$d2f                                0x08004e98   Section       98  d2f.o(x$fpl$d2f)
    x$fpl$dnaninf                            0x08004efa   Section      156  dnaninf.o(x$fpl$dnaninf)
    x$fpl$dretinf                            0x08004f96   Section       12  dretinf.o(x$fpl$dretinf)
    x$fpl$f2d                                0x08004fa4   Section       86  f2d.o(x$fpl$f2d)
    x$fpl$fadd                               0x08004ffc   Section      196  faddsub_clz.o(x$fpl$fadd)
    _fadd1                                   0x0800500b   Thumb Code     0  faddsub_clz.o(x$fpl$fadd)
    x$fpl$ffltll                             0x080050c0   Section       96  ffltll_clz.o(x$fpl$ffltll)
    x$fpl$fmul                               0x08005120   Section      258  fmul.o(x$fpl$fmul)
    x$fpl$fnaninf                            0x08005222   Section      140  fnaninf.o(x$fpl$fnaninf)
    x$fpl$fretinf                            0x080052ae   Section       10  fretinf.o(x$fpl$fretinf)
    x$fpl$fsub                               0x080052b8   Section      234  faddsub_clz.o(x$fpl$fsub)
    _fsub1                                   0x080052c7   Thumb Code     0  faddsub_clz.o(x$fpl$fsub)
    x$fpl$printf1                            0x080053a2   Section        4  printf1.o(x$fpl$printf1)
    .constdata                               0x080053a6   Section     2072  oled.o(.constdata)
    x$fpl$usenofp                            0x080053a6   Section        0  usenofp.o(x$fpl$usenofp)
    .constdata                               0x08005bc0   Section      148  bigflt0.o(.constdata)
    tenpwrs_x                                0x08005bc0   Data          60  bigflt0.o(.constdata)
    tenpwrs_i                                0x08005bfc   Data          64  bigflt0.o(.constdata)
    locale$$data                             0x08005c74   Section       28  lc_numeric_c.o(locale$$data)
    __lcnum_c_name                           0x08005c78   Data           2  lc_numeric_c.o(locale$$data)
    __lcnum_c_start                          0x08005c80   Data           0  lc_numeric_c.o(locale$$data)
    __lcnum_c_point                          0x08005c8c   Data           0  lc_numeric_c.o(locale$$data)
    __lcnum_c_thousands                      0x08005c8e   Data           0  lc_numeric_c.o(locale$$data)
    __lcnum_c_grouping                       0x08005c8f   Data           0  lc_numeric_c.o(locale$$data)
    __lcnum_c_end                            0x08005c90   Data           0  lc_numeric_c.o(locale$$data)
    .data                                    0x20000000   Section       20  system_stm32f10x.o(.data)
    .data                                    0x20000014   Section        4  delay.o(.data)
    fac_us                                   0x20000014   Data           1  delay.o(.data)
    fac_ms                                   0x20000016   Data           2  delay.o(.data)
    .data                                    0x20000018   Section       20  stm32f10x_rcc.o(.data)
    APBAHBPrescTable                         0x20000018   Data          16  stm32f10x_rcc.o(.data)
    ADCPrescTable                            0x20000028   Data           4  stm32f10x_rcc.o(.data)
    .data                                    0x2000002c   Section       43  j1939.o(.data)
    .bss                                     0x20000058   Section     1036  j1939.o(.bss)
    .bss                                     0x20000464   Section       96  libspace.o(.bss)
    HEAP                                     0x200004c8   Section      512  startup_stm32f10x_hd.o(HEAP)
    Heap_Mem                                 0x200004c8   Data         512  startup_stm32f10x_hd.o(HEAP)
    STACK                                    0x200006c8   Section     1024  startup_stm32f10x_hd.o(STACK)
    Stack_Mem                                0x200006c8   Data        1024  startup_stm32f10x_hd.o(STACK)
    __initial_sp                             0x20000ac8   Data           0  startup_stm32f10x_hd.o(STACK)

    Global Symbols

    Symbol Name                              Value     Ov Type        Size  Object(Section)

    BuildAttributes$$THM_ISAv4$P$D$K$B$S$PE$A:L22UL41UL21$X:L11$S22US41US21$IEEE1$IW$USESV6$~STKCKD$USESV7$~SHL$OTIME$ROPI$IEEEJ$EBA8$UX$STANDARDLIB$REQ8$PRES8$EABIv2 0x00000000   Number         0  anon$$obj.o ABSOLUTE
    __ARM_use_no_argv                        0x00000000   Number         0  main.o ABSOLUTE
    _printf_flags                            0x00000000   Number         0  printf_stubs.o ABSOLUTE
    _printf_return_value                     0x00000000   Number         0  printf_stubs.o ABSOLUTE
    _printf_sizespec                         0x00000000   Number         0  printf_stubs.o ABSOLUTE
    _printf_widthprec                        0x00000000   Number         0  printf_stubs.o ABSOLUTE
    __ARM_exceptions_init                     - Undefined Weak Reference
    __alloca_initialize                       - Undefined Weak Reference
    __cpp_initialize__aeabi_                  - Undefined Weak Reference
    __cxa_finalize                            - Undefined Weak Reference
    __sigvec_lookup                           - Undefined Weak Reference
    __user_heap_extent                        - Undefined Weak Reference
    _atexit_init                              - Undefined Weak Reference
    _call_atexit_fns                          - Undefined Weak Reference
    _clock_init                               - Undefined Weak Reference
    _fp_trap_init                             - Undefined Weak Reference
    _fp_trap_shutdown                         - Undefined Weak Reference
    _get_lc_collate                           - Undefined Weak Reference
    _get_lc_ctype                             - Undefined Weak Reference
    _get_lc_monetary                          - Undefined Weak Reference
    _get_lc_time                              - Undefined Weak Reference
    _getenv_init                              - Undefined Weak Reference
    _handle_redirection                       - Undefined Weak Reference
    _initio                                   - Undefined Weak Reference
    _mutex_acquire                            - Undefined Weak Reference
    _mutex_free                               - Undefined Weak Reference
    _mutex_release                            - Undefined Weak Reference
    _printf_post_padding                      - Undefined Weak Reference
    _printf_pre_padding                       - Undefined Weak Reference
    _rand_init                                - Undefined Weak Reference
    _signal_finish                            - Undefined Weak Reference
    _signal_init                              - Undefined Weak Reference
    _terminateio                              - Undefined Weak Reference
    __Vectors_Size                           0x00000130   Number         0  startup_stm32f10x_hd.o ABSOLUTE
    __Vectors                                0x08000000   Data           4  startup_stm32f10x_hd.o(RESET)
    __Vectors_End                            0x08000130   Data           0  startup_stm32f10x_hd.o(RESET)
    __main                                   0x08000131   Thumb Code     8  __main.o(!!!main)
    __scatterload                            0x08000139   Thumb Code     0  __scatter.o(!!!scatter)
    __scatterload_rt2                        0x08000139   Thumb Code    44  __scatter.o(!!!scatter)
    __scatterload_rt2_thumb_only             0x08000139   Thumb Code     0  __scatter.o(!!!scatter)
    __scatterload_null                       0x08000147   Thumb Code     0  __scatter.o(!!!scatter)
    __scatterload_copy                       0x0800016d   Thumb Code    26  __scatter_copy.o(!!handler_copy)
    __scatterload_zeroinit                   0x08000189   Thumb Code    28  __scatter_zi.o(!!handler_zi)
    _printf_f                                0x080001a5   Thumb Code     0  _printf_f.o(.ARM.Collect$$_printf_percent$$00000003)
    _printf_percent                          0x080001a5   Thumb Code     0  _printf_percent.o(.ARM.Collect$$_printf_percent$$00000000)
    _printf_percent_end                      0x080001ab   Thumb Code     0  _printf_percent_end.o(.ARM.Collect$$_printf_percent$$00000017)
    __rt_lib_init                            0x080001af   Thumb Code     0  libinit.o(.ARM.Collect$$libinit$$00000000)
    __rt_lib_init_fp_1                       0x080001b1   Thumb Code     0  libinit2.o(.ARM.Collect$$libinit$$00000002)
    __rt_lib_init_heap_2                     0x080001b1   Thumb Code     0  libinit2.o(.ARM.Collect$$libinit$$00000003)
    __rt_lib_init_heap_1                     0x080001b9   Thumb Code     0  libinit2.o(.ARM.Collect$$libinit$$00000008)
    __rt_lib_init_lc_common                  0x080001b9   Thumb Code     0  libinit2.o(.ARM.Collect$$libinit$$0000000D)
    __rt_lib_init_rand_1                     0x080001b9   Thumb Code     0  libinit2.o(.ARM.Collect$$libinit$$0000000C)
    __rt_lib_init_user_alloc_1               0x080001b9   Thumb Code     0  libinit2.o(.ARM.Collect$$libinit$$0000000A)
    __rt_lib_init_lc_collate_1               0x080001bf   Thumb Code     0  libinit2.o(.ARM.Collect$$libinit$$0000000F)
    __rt_lib_init_lc_ctype_1                 0x080001bf   Thumb Code     0  libinit2.o(.ARM.Collect$$libinit$$00000011)
    __rt_lib_init_lc_monetary_1              0x080001bf   Thumb Code     0  libinit2.o(.ARM.Collect$$libinit$$00000013)
    __rt_lib_init_lc_numeric_2               0x080001bf   Thumb Code     0  libinit2.o(.ARM.Collect$$libinit$$00000014)
    __rt_lib_init_alloca_1                   0x080001c9   Thumb Code     0  libinit2.o(.ARM.Collect$$libinit$$0000002C)
    __rt_lib_init_argv_1                     0x080001c9   Thumb Code     0  libinit2.o(.ARM.Collect$$libinit$$0000002A)
    __rt_lib_init_atexit_1                   0x080001c9   Thumb Code     0  libinit2.o(.ARM.Collect$$libinit$$00000019)
    __rt_lib_init_clock_1                    0x080001c9   Thumb Code     0  libinit2.o(.ARM.Collect$$libinit$$0000001F)
    __rt_lib_init_cpp_1                      0x080001c9   Thumb Code     0  libinit2.o(.ARM.Collect$$libinit$$00000030)
    __rt_lib_init_exceptions_1               0x080001c9   Thumb Code     0  libinit2.o(.ARM.Collect$$libinit$$0000002E)
    __rt_lib_init_fp_trap_1                  0x080001c9   Thumb Code     0  libinit2.o(.ARM.Collect$$libinit$$0000001D)
    __rt_lib_init_getenv_1                   0x080001c9   Thumb Code     0  libinit2.o(.ARM.Collect$$libinit$$00000021)
    __rt_lib_init_lc_numeric_1               0x080001c9   Thumb Code     0  libinit2.o(.ARM.Collect$$libinit$$00000015)
    __rt_lib_init_lc_time_1                  0x080001c9   Thumb Code     0  libinit2.o(.ARM.Collect$$libinit$$00000017)
    __rt_lib_init_return                     0x080001c9   Thumb Code     0  libinit2.o(.ARM.Collect$$libinit$$00000031)
    __rt_lib_init_signal_1                   0x080001c9   Thumb Code     0  libinit2.o(.ARM.Collect$$libinit$$0000001B)
    __rt_lib_init_stdio_1                    0x080001c9   Thumb Code     0  libinit2.o(.ARM.Collect$$libinit$$00000023)
    __rt_lib_shutdown                        0x080001cb   Thumb Code     0  libshutdown.o(.ARM.Collect$$libshutdown$$00000000)
    __rt_lib_shutdown_fp_trap_1              0x080001cd   Thumb Code     0  libshutdown2.o(.ARM.Collect$$libshutdown$$00000006)
    __rt_lib_shutdown_heap_1                 0x080001cd   Thumb Code     0  libshutdown2.o(.ARM.Collect$$libshutdown$$0000000E)
    __rt_lib_shutdown_return                 0x080001cd   Thumb Code     0  libshutdown2.o(.ARM.Collect$$libshutdown$$0000000F)
    __rt_lib_shutdown_signal_1               0x080001cd   Thumb Code     0  libshutdown2.o(.ARM.Collect$$libshutdown$$00000009)
    __rt_lib_shutdown_stdio_1                0x080001cd   Thumb Code     0  libshutdown2.o(.ARM.Collect$$libshutdown$$00000003)
    __rt_lib_shutdown_user_alloc_1           0x080001cd   Thumb Code     0  libshutdown2.o(.ARM.Collect$$libshutdown$$0000000B)
    __rt_entry                               0x080001cf   Thumb Code     0  rtentry.o(.ARM.Collect$$rtentry$$00000000)
    __rt_entry_presh_1                       0x080001cf   Thumb Code     0  rtentry2.o(.ARM.Collect$$rtentry$$00000002)
    __rt_entry_sh                            0x080001cf   Thumb Code     0  rtentry4.o(.ARM.Collect$$rtentry$$00000004)
    __rt_entry_li                            0x080001d5   Thumb Code     0  rtentry2.o(.ARM.Collect$$rtentry$$0000000A)
    __rt_entry_postsh_1                      0x080001d5   Thumb Code     0  rtentry2.o(.ARM.Collect$$rtentry$$00000009)
    __rt_entry_main                          0x080001d9   Thumb Code     0  rtentry2.o(.ARM.Collect$$rtentry$$0000000D)
    __rt_entry_postli_1                      0x080001d9   Thumb Code     0  rtentry2.o(.ARM.Collect$$rtentry$$0000000C)
    __rt_exit                                0x080001e1   Thumb Code     0  rtexit.o(.ARM.Collect$$rtexit$$00000000)
    __rt_exit_ls                             0x080001e3   Thumb Code     0  rtexit2.o(.ARM.Collect$$rtexit$$00000003)
    __rt_exit_prels_1                        0x080001e3   Thumb Code     0  rtexit2.o(.ARM.Collect$$rtexit$$00000002)
    __rt_exit_exit                           0x080001e7   Thumb Code     0  rtexit2.o(.ARM.Collect$$rtexit$$00000004)
    Delay                                    0x080001ed   Thumb Code    18  main.o(.text)
    _maybe_terminate_alloc                   0x080001ed   Thumb Code     0  maybetermalloc1.o(.emb_text)
    KeyInit                                  0x080001ff   Thumb Code    76  main.o(.text)
    GetKey                                   0x0800024b   Thumb Code   152  main.o(.text)
    main                                     0x080002e3   Thumb Code   124  main.o(.text)
    send_massage                             0x0800035f   Thumb Code   122  main.o(.text)
    NMI_Handler                              0x080003fd   Thumb Code     2  stm32f10x_it.o(.text)
    HardFault_Handler                        0x080003ff   Thumb Code     4  stm32f10x_it.o(.text)
    MemManage_Handler                        0x08000403   Thumb Code     4  stm32f10x_it.o(.text)
    BusFault_Handler                         0x08000407   Thumb Code     4  stm32f10x_it.o(.text)
    UsageFault_Handler                       0x0800040b   Thumb Code     4  stm32f10x_it.o(.text)
    SVC_Handler                              0x0800040f   Thumb Code     2  stm32f10x_it.o(.text)
    DebugMon_Handler                         0x08000411   Thumb Code     2  stm32f10x_it.o(.text)
    PendSV_Handler                           0x08000413   Thumb Code     2  stm32f10x_it.o(.text)
    SysTick_Handler                          0x08000415   Thumb Code     2  stm32f10x_it.o(.text)
    SystemInit                               0x080004f7   Thumb Code    78  system_stm32f10x.o(.text)
    SystemCoreClockUpdate                    0x08000545   Thumb Code   142  system_stm32f10x.o(.text)
    IIC_Start                                0x080005f9   Thumb Code    36  oled.o(.text)
    IIC_Stop                                 0x0800061d   Thumb Code    28  oled.o(.text)
    IIC_Wait_Ack                             0x08000639   Thumb Code    20  oled.o(.text)
    Write_IIC_Byte                           0x0800064d   Thumb Code    80  oled.o(.text)
    Write_IIC_Command                        0x0800069d   Thumb Code    44  oled.o(.text)
    Write_IIC_Data                           0x080006c9   Thumb Code    44  oled.o(.text)
    OLED_WR_Byte                             0x080006f5   Thumb Code    24  oled.o(.text)
    fill_picture                             0x0800070d   Thumb Code    64  oled.o(.text)
    Delay_50ms                               0x0800074d   Thumb Code    22  oled.o(.text)
    Delay_1ms                                0x08000763   Thumb Code    26  oled.o(.text)
    OLED_Set_Pos                             0x0800077d   Thumb Code    40  oled.o(.text)
    OLED_Display_On                          0x080007a5   Thumb Code    28  oled.o(.text)
    OLED_Display_Off                         0x080007c1   Thumb Code    28  oled.o(.text)
    OLED_Clear                               0x080007dd   Thumb Code    62  oled.o(.text)
    OLED_On                                  0x0800081b   Thumb Code    62  oled.o(.text)
    OLED_ShowChar                            0x08000859   Thumb Code   154  oled.o(.text)
    oled_pow                                 0x080008f3   Thumb Code    22  oled.o(.text)
    OLED_ShowNum                             0x08000909   Thumb Code   136  oled.o(.text)
    OLED_ShowString                          0x08000991   Thumb Code    58  oled.o(.text)
    OLED_DrawBMP                             0x080009cb   Thumb Code   134  oled.o(.text)
    OLED_Init                                0x08000a51   Thumb Code   270  oled.o(.text)
    delay_init                               0x08000b65   Thumb Code    50  delay.o(.text)
    delay_us                                 0x08000b97   Thumb Code    72  delay.o(.text)
    delay_ms                                 0x08000bdf   Thumb Code    72  delay.o(.text)
    Reset_Handler                            0x08000c39   Thumb Code     8  startup_stm32f10x_hd.o(.text)
    ADC1_2_IRQHandler                        0x08000c53   Thumb Code     0  startup_stm32f10x_hd.o(.text)
    ADC3_IRQHandler                          0x08000c53   Thumb Code     0  startup_stm32f10x_hd.o(.text)
    CAN1_RX1_IRQHandler                      0x08000c53   Thumb Code     0  startup_stm32f10x_hd.o(.text)
    CAN1_SCE_IRQHandler                      0x08000c53   Thumb Code     0  startup_stm32f10x_hd.o(.text)
    DMA1_Channel1_IRQHandler                 0x08000c53   Thumb Code     0  startup_stm32f10x_hd.o(.text)
    DMA1_Channel2_IRQHandler                 0x08000c53   Thumb Code     0  startup_stm32f10x_hd.o(.text)
    DMA1_Channel3_IRQHandler                 0x08000c53   Thumb Code     0  startup_stm32f10x_hd.o(.text)
    DMA1_Channel4_IRQHandler                 0x08000c53   Thumb Code     0  startup_stm32f10x_hd.o(.text)
    DMA1_Channel5_IRQHandler                 0x08000c53   Thumb Code     0  startup_stm32f10x_hd.o(.text)
    DMA1_Channel6_IRQHandler                 0x08000c53   Thumb Code     0  startup_stm32f10x_hd.o(.text)
    DMA1_Channel7_IRQHandler                 0x08000c53   Thumb Code     0  startup_stm32f10x_hd.o(.text)
    DMA2_Channel1_IRQHandler                 0x08000c53   Thumb Code     0  startup_stm32f10x_hd.o(.text)
    DMA2_Channel2_IRQHandler                 0x08000c53   Thumb Code     0  startup_stm32f10x_hd.o(.text)
    DMA2_Channel3_IRQHandler                 0x08000c53   Thumb Code     0  startup_stm32f10x_hd.o(.text)
    DMA2_Channel4_5_IRQHandler               0x08000c53   Thumb Code     0  startup_stm32f10x_hd.o(.text)
    EXTI0_IRQHandler                         0x08000c53   Thumb Code     0  startup_stm32f10x_hd.o(.text)
    EXTI15_10_IRQHandler                     0x08000c53   Thumb Code     0  startup_stm32f10x_hd.o(.text)
    EXTI1_IRQHandler                         0x08000c53   Thumb Code     0  startup_stm32f10x_hd.o(.text)
    EXTI2_IRQHandler                         0x08000c53   Thumb Code     0  startup_stm32f10x_hd.o(.text)
    EXTI3_IRQHandler                         0x08000c53   Thumb Code     0  startup_stm32f10x_hd.o(.text)
    EXTI4_IRQHandler                         0x08000c53   Thumb Code     0  startup_stm32f10x_hd.o(.text)
    EXTI9_5_IRQHandler                       0x08000c53   Thumb Code     0  startup_stm32f10x_hd.o(.text)
    FLASH_IRQHandler                         0x08000c53   Thumb Code     0  startup_stm32f10x_hd.o(.text)
    FSMC_IRQHandler                          0x08000c53   Thumb Code     0  startup_stm32f10x_hd.o(.text)
    I2C1_ER_IRQHandler                       0x08000c53   Thumb Code     0  startup_stm32f10x_hd.o(.text)
    I2C1_EV_IRQHandler                       0x08000c53   Thumb Code     0  startup_stm32f10x_hd.o(.text)
    I2C2_ER_IRQHandler                       0x08000c53   Thumb Code     0  startup_stm32f10x_hd.o(.text)
    I2C2_EV_IRQHandler                       0x08000c53   Thumb Code     0  startup_stm32f10x_hd.o(.text)
    PVD_IRQHandler                           0x08000c53   Thumb Code     0  startup_stm32f10x_hd.o(.text)
    RCC_IRQHandler                           0x08000c53   Thumb Code     0  startup_stm32f10x_hd.o(.text)
    RTCAlarm_IRQHandler                      0x08000c53   Thumb Code     0  startup_stm32f10x_hd.o(.text)
    RTC_IRQHandler                           0x08000c53   Thumb Code     0  startup_stm32f10x_hd.o(.text)
    SDIO_IRQHandler                          0x08000c53   Thumb Code     0  startup_stm32f10x_hd.o(.text)
    SPI1_IRQHandler                          0x08000c53   Thumb Code     0  startup_stm32f10x_hd.o(.text)
    SPI2_IRQHandler                          0x08000c53   Thumb Code     0  startup_stm32f10x_hd.o(.text)
    SPI3_IRQHandler                          0x08000c53   Thumb Code     0  startup_stm32f10x_hd.o(.text)
    TAMPER_IRQHandler                        0x08000c53   Thumb Code     0  startup_stm32f10x_hd.o(.text)
    TIM1_BRK_IRQHandler                      0x08000c53   Thumb Code     0  startup_stm32f10x_hd.o(.text)
    TIM1_CC_IRQHandler                       0x08000c53   Thumb Code     0  startup_stm32f10x_hd.o(.text)
    TIM1_TRG_COM_IRQHandler                  0x08000c53   Thumb Code     0  startup_stm32f10x_hd.o(.text)
    TIM1_UP_IRQHandler                       0x08000c53   Thumb Code     0  startup_stm32f10x_hd.o(.text)
    TIM2_IRQHandler                          0x08000c53   Thumb Code     0  startup_stm32f10x_hd.o(.text)
    TIM3_IRQHandler                          0x08000c53   Thumb Code     0  startup_stm32f10x_hd.o(.text)
    TIM4_IRQHandler                          0x08000c53   Thumb Code     0  startup_stm32f10x_hd.o(.text)
    TIM5_IRQHandler                          0x08000c53   Thumb Code     0  startup_stm32f10x_hd.o(.text)
    TIM6_IRQHandler                          0x08000c53   Thumb Code     0  startup_stm32f10x_hd.o(.text)
    TIM7_IRQHandler                          0x08000c53   Thumb Code     0  startup_stm32f10x_hd.o(.text)
    TIM8_BRK_IRQHandler                      0x08000c53   Thumb Code     0  startup_stm32f10x_hd.o(.text)
    TIM8_CC_IRQHandler                       0x08000c53   Thumb Code     0  startup_stm32f10x_hd.o(.text)
    TIM8_TRG_COM_IRQHandler                  0x08000c53   Thumb Code     0  startup_stm32f10x_hd.o(.text)
    TIM8_UP_IRQHandler                       0x08000c53   Thumb Code     0  startup_stm32f10x_hd.o(.text)
    UART4_IRQHandler                         0x08000c53   Thumb Code     0  startup_stm32f10x_hd.o(.text)
    UART5_IRQHandler                         0x08000c53   Thumb Code     0  startup_stm32f10x_hd.o(.text)
    USART1_IRQHandler                        0x08000c53   Thumb Code     0  startup_stm32f10x_hd.o(.text)
    USART2_IRQHandler                        0x08000c53   Thumb Code     0  startup_stm32f10x_hd.o(.text)
    USART3_IRQHandler                        0x08000c53   Thumb Code     0  startup_stm32f10x_hd.o(.text)
    USBWakeUp_IRQHandler                     0x08000c53   Thumb Code     0  startup_stm32f10x_hd.o(.text)
    USB_HP_CAN1_TX_IRQHandler                0x08000c53   Thumb Code     0  startup_stm32f10x_hd.o(.text)
    WWDG_IRQHandler                          0x08000c53   Thumb Code     0  startup_stm32f10x_hd.o(.text)
    __user_initial_stackheap                 0x08000c55   Thumb Code     0  startup_stm32f10x_hd.o(.text)
    NVIC_PriorityGroupConfig                 0x08000c79   Thumb Code    10  misc.o(.text)
    NVIC_Init                                0x08000c83   Thumb Code   100  misc.o(.text)
    NVIC_SetVectorTable                      0x08000ce7   Thumb Code    14  misc.o(.text)
    NVIC_SystemLPConfig                      0x08000cf5   Thumb Code    34  misc.o(.text)
    SysTick_CLKSourceConfig                  0x08000d17   Thumb Code    40  misc.o(.text)
    GPIO_DeInit                              0x08000d55   Thumb Code   172  stm32f10x_gpio.o(.text)
    GPIO_AFIODeInit                          0x08000e01   Thumb Code    20  stm32f10x_gpio.o(.text)
    GPIO_Init                                0x08000e15   Thumb Code   278  stm32f10x_gpio.o(.text)
    GPIO_StructInit                          0x08000f2b   Thumb Code    16  stm32f10x_gpio.o(.text)
    GPIO_ReadInputDataBit                    0x08000f3b   Thumb Code    18  stm32f10x_gpio.o(.text)
    GPIO_ReadInputData                       0x08000f4d   Thumb Code     8  stm32f10x_gpio.o(.text)
    GPIO_ReadOutputDataBit                   0x08000f55   Thumb Code    18  stm32f10x_gpio.o(.text)
    GPIO_ReadOutputData                      0x08000f67   Thumb Code     8  stm32f10x_gpio.o(.text)
    GPIO_SetBits                             0x08000f6f   Thumb Code     4  stm32f10x_gpio.o(.text)
    GPIO_ResetBits                           0x08000f73   Thumb Code     4  stm32f10x_gpio.o(.text)
    GPIO_WriteBit                            0x08000f77   Thumb Code    10  stm32f10x_gpio.o(.text)
    GPIO_Write                               0x08000f81   Thumb Code     4  stm32f10x_gpio.o(.text)
    GPIO_PinLockConfig                       0x08000f85   Thumb Code    18  stm32f10x_gpio.o(.text)
    GPIO_EventOutputConfig                   0x08000f97   Thumb Code    26  stm32f10x_gpio.o(.text)
    GPIO_EventOutputCmd                      0x08000fb1   Thumb Code     6  stm32f10x_gpio.o(.text)
    GPIO_PinRemapConfig                      0x08000fb7   Thumb Code   138  stm32f10x_gpio.o(.text)
    GPIO_EXTILineConfig                      0x08001041   Thumb Code    66  stm32f10x_gpio.o(.text)
    GPIO_ETH_MediaInterfaceConfig            0x08001083   Thumb Code     8  stm32f10x_gpio.o(.text)
    RCC_DeInit                               0x080010b1   Thumb Code    64  stm32f10x_rcc.o(.text)
    RCC_HSEConfig                            0x080010f1   Thumb Code    70  stm32f10x_rcc.o(.text)
    RCC_GetFlagStatus                        0x08001137   Thumb Code    56  stm32f10x_rcc.o(.text)
    RCC_WaitForHSEStartUp                    0x0800116f   Thumb Code    56  stm32f10x_rcc.o(.text)
    RCC_AdjustHSICalibrationValue            0x080011a7   Thumb Code    20  stm32f10x_rcc.o(.text)
    RCC_HSICmd                               0x080011bb   Thumb Code     6  stm32f10x_rcc.o(.text)
    RCC_PLLConfig                            0x080011c1   Thumb Code    24  stm32f10x_rcc.o(.text)
    RCC_PLLCmd                               0x080011d9   Thumb Code     6  stm32f10x_rcc.o(.text)
    RCC_SYSCLKConfig                         0x080011df   Thumb Code    18  stm32f10x_rcc.o(.text)
    RCC_GetSYSCLKSource                      0x080011f1   Thumb Code    10  stm32f10x_rcc.o(.text)
    RCC_HCLKConfig                           0x080011fb   Thumb Code    18  stm32f10x_rcc.o(.text)
    RCC_PCLK1Config                          0x0800120d   Thumb Code    18  stm32f10x_rcc.o(.text)
    RCC_PCLK2Config                          0x0800121f   Thumb Code    20  stm32f10x_rcc.o(.text)
    RCC_ITConfig                             0x08001233   Thumb Code    26  stm32f10x_rcc.o(.text)
    RCC_USBCLKConfig                         0x0800124d   Thumb Code     8  stm32f10x_rcc.o(.text)
    RCC_ADCCLKConfig                         0x08001255   Thumb Code    18  stm32f10x_rcc.o(.text)
    RCC_LSEConfig                            0x08001267   Thumb Code    50  stm32f10x_rcc.o(.text)
    RCC_LSICmd                               0x08001299   Thumb Code     6  stm32f10x_rcc.o(.text)
    RCC_RTCCLKConfig                         0x0800129f   Thumb Code    12  stm32f10x_rcc.o(.text)
    RCC_RTCCLKCmd                            0x080012ab   Thumb Code     8  stm32f10x_rcc.o(.text)
    RCC_GetClocksFreq                        0x080012b3   Thumb Code   192  stm32f10x_rcc.o(.text)
    RCC_AHBPeriphClockCmd                    0x08001373   Thumb Code    26  stm32f10x_rcc.o(.text)
    RCC_APB2PeriphClockCmd                   0x0800138d   Thumb Code    26  stm32f10x_rcc.o(.text)
    RCC_APB1PeriphClockCmd                   0x080013a7   Thumb Code    26  stm32f10x_rcc.o(.text)
    RCC_APB2PeriphResetCmd                   0x080013c1   Thumb Code    26  stm32f10x_rcc.o(.text)
    RCC_APB1PeriphResetCmd                   0x080013db   Thumb Code    26  stm32f10x_rcc.o(.text)
    RCC_BackupResetCmd                       0x080013f5   Thumb Code     8  stm32f10x_rcc.o(.text)
    RCC_ClockSecuritySystemCmd               0x080013fd   Thumb Code     6  stm32f10x_rcc.o(.text)
    RCC_MCOConfig                            0x08001403   Thumb Code     6  stm32f10x_rcc.o(.text)
    RCC_ClearFlag                            0x08001409   Thumb Code    14  stm32f10x_rcc.o(.text)
    RCC_GetITStatus                          0x08001417   Thumb Code    20  stm32f10x_rcc.o(.text)
    RCC_ClearITPendingBit                    0x0800142b   Thumb Code     6  stm32f10x_rcc.o(.text)
    CAN_DeInit                               0x08001455   Thumb Code    36  stm32f10x_can.o(.text)
    CAN_Init                                 0x08001479   Thumb Code   280  stm32f10x_can.o(.text)
    CAN_FilterInit                           0x08001591   Thumb Code   258  stm32f10x_can.o(.text)
    CAN_StructInit                           0x08001693   Thumb Code    32  stm32f10x_can.o(.text)
    CAN_ITConfig                             0x080016b3   Thumb Code    18  stm32f10x_can.o(.text)
    CAN_Transmit                             0x080016c5   Thumb Code   294  stm32f10x_can.o(.text)
    CAN_TransmitStatus                       0x080017eb   Thumb Code   152  stm32f10x_can.o(.text)
    CAN_CancelTransmit                       0x08001883   Thumb Code    48  stm32f10x_can.o(.text)
    CAN_FIFORelease                          0x080018b3   Thumb Code    14  stm32f10x_can.o(.text)
    CAN_MessagePending                       0x080018c1   Thumb Code    30  stm32f10x_can.o(.text)
    CAN_Receive                              0x080018df   Thumb Code   234  stm32f10x_can.o(.text)
    CAN_DBGFreeze                            0x080019c9   Thumb Code    22  stm32f10x_can.o(.text)
    CAN_Sleep                                0x080019df   Thumb Code    30  stm32f10x_can.o(.text)
    CAN_WakeUp                               0x080019fd   Thumb Code    48  stm32f10x_can.o(.text)
    CAN_GetFlagStatus                        0x08001a2d   Thumb Code    18  stm32f10x_can.o(.text)
    CAN_ClearFlag                            0x08001a3f   Thumb Code     8  stm32f10x_can.o(.text)
    CAN_GetITStatus                          0x08001a59   Thumb Code   238  stm32f10x_can.o(.text)
    CAN_ClearITPendingBit                    0x08001b47   Thumb Code   166  stm32f10x_can.o(.text)
    CAN_NVIC_Configuration                   0x08001bed   Thumb Code    50  can.o(.text)
    CAN_GPIO_Config                          0x08001c1f   Thumb Code    74  can.o(.text)
    CAN_INIT                                 0x08001c69   Thumb Code   142  can.o(.text)
    can_tx                                   0x08001cf7   Thumb Code    52  can.o(.text)
    USB_LP_CAN1_RX0_IRQHandler               0x08001d2b   Thumb Code     8  can.o(.text)
    LED_GPIO_Config                          0x08001d3d   Thumb Code    50  led.o(.text)
    J1939_SetAddressFilter                   0x08001d75   Thumb Code    36  j1939.o(.text)
    J1939_CAN_Transmit                       0x08001d99   Thumb Code   162  j1939.o(.text)
    J1939_CAN_Receive                        0x08001e3b   Thumb Code   178  j1939.o(.text)
    J1939_TXinterruptEnable                  0x08001eed   Thumb Code     2  j1939.o(.text)
    SendOneMessage                           0x08001eef   Thumb Code    48  j1939.o(.text)
    J1939_TP_TX_Message                      0x080020cd   Thumb Code   212  j1939.o(.text)
    J1939_Response                           0x080021a1   Thumb Code   732  j1939.o(.text)
    J1939_Messages_Filter                    0x0800247d   Thumb Code   146  j1939.o(.text)
    CAN_identifier_clc                       0x08002ac5   Thumb Code     2  j1939.o(.text)
    J1939_ISR                                0x08002ac7   Thumb Code    20  j1939.o(.text)
    J1939_RXinterruptEnable                  0x08002adb   Thumb Code     8  j1939.o(.text)
    J1939_RXinterruptDisable                 0x08002ae3   Thumb Code     2  j1939.o(.text)
    J1939_TXinterruptDisable                 0x08002ae5   Thumb Code     2  j1939.o(.text)
    J1939_TXinterruptOk                      0x08002ae7   Thumb Code    18  j1939.o(.text)
    SetAddressFilter                         0x08002af9   Thumb Code    62  j1939.o(.text)
    J1939_DequeueMessage                     0x08002b37   Thumb Code   312  j1939.o(.text)
    J1939_Read_Message                       0x08002c6f   Thumb Code    16  j1939.o(.text)
    J1939_EnqueueMessage                     0x08002c7f   Thumb Code   548  j1939.o(.text)
    J1939_Send_Message                       0x08002ea3   Thumb Code    16  j1939.o(.text)
    J1939_Initialization                     0x08002eb3   Thumb Code   206  j1939.o(.text)
    J1939_Poll                               0x08002f81   Thumb Code     2  j1939.o(.text)
    J1939_TP_DT_Packet_send                  0x08002f83   Thumb Code   284  j1939.o(.text)
    J1939_CM_Start                           0x0800309f   Thumb Code   152  j1939.o(.text)
    J1939_TP_TX_Abort                        0x08003137   Thumb Code   126  j1939.o(.text)
    J1939_TP_RX_Abort                        0x080031b5   Thumb Code   126  j1939.o(.text)
    J1939_TP_TX_RefreshCMTimer               0x08003233   Thumb Code   206  j1939.o(.text)
    J1939_TP_RX_RefreshCMTimer               0x08003301   Thumb Code    56  j1939.o(.text)
    J1939_read_DT_Packet                     0x08003339   Thumb Code   382  j1939.o(.text)
    J1939_TP_Poll                            0x080034b7   Thumb Code   272  j1939.o(.text)
    J1939_TP_RX_Message                      0x080035c7   Thumb Code   148  j1939.o(.text)
    J1939_Request_PGN                        0x0800365b   Thumb Code    96  j1939.o(.text)
    J1939_Create_Response                    0x080036bb   Thumb Code    82  j1939.o(.text)
    Parameter_Translate                      0x0800370d   Thumb Code    46  msg.o(.text)
    CheckLLRE                                0x0800373b   Thumb Code   148  msg.o(.text)
    CheckCCVS1                               0x080037cf   Thumb Code   318  msg.o(.text)
    CheckET1                                 0x0800390d   Thumb Code   190  msg.o(.text)
    CheckLD                                  0x080039cb   Thumb Code   378  msg.o(.text)
    transmit_USART_STR                       0x08003b45   Thumb Code   108  msg.o(.text)
    malloc                                   0x08003bc9   Thumb Code    94  h1_alloc.o(.text)
    __2sprintf                               0x08003c29   Thumb Code    34  noretval__2sprintf.o(.text)
    __printf                                 0x08003c51   Thumb Code   270  __printf_wp.o(.text)
    __aeabi_memcpy4                          0x08003d5f   Thumb Code     0  rt_memcpy_w.o(.text)
    __aeabi_memcpy8                          0x08003d5f   Thumb Code     0  rt_memcpy_w.o(.text)
    __rt_memcpy_w                            0x08003d5f   Thumb Code   100  rt_memcpy_w.o(.text)
    _memcpy_lastbytes_aligned                0x08003da7   Thumb Code     0  rt_memcpy_w.o(.text)
    __use_two_region_memory                  0x08003dc3   Thumb Code     2  heapauxi.o(.text)
    __rt_heap_escrow                         0x08003dc5   Thumb Code     2  heapauxi.o(.text)
    __rt_heap_expand                         0x08003dc7   Thumb Code     2  heapauxi.o(.text)
    __rt_heap_descriptor                     0x08003dc9   Thumb Code     8  rt_heap_descriptor_intlibspace.o(.text)
    __use_no_heap                            0x08003dd1   Thumb Code     2  hguard.o(.text)
    __heap$guard                             0x08003dd3   Thumb Code     2  hguard.o(.text)
    _terminate_user_alloc                    0x08003dd5   Thumb Code     2  init_alloc.o(.text)
    _init_user_alloc                         0x08003dd7   Thumb Code     2  init_alloc.o(.text)
    __Heap_Full                              0x08003dd9   Thumb Code    34  init_alloc.o(.text)
    __Heap_Broken                            0x08003dfb   Thumb Code     6  init_alloc.o(.text)
    _init_alloc                              0x08003e01   Thumb Code    94  init_alloc.o(.text)
    __Heap_Initialize                        0x08003e5f   Thumb Code    10  h1_init.o(.text)
    __Heap_DescSize                          0x08003e69   Thumb Code     4  h1_init.o(.text)
    free                                     0x08003e6d   Thumb Code    78  h1_free.o(.text)
    __lib_sel_fp_printf                      0x08003ebb   Thumb Code     2  _printf_fp_dec.o(.text)
    _printf_fp_dec_real                      0x08004069   Thumb Code   616  _printf_fp_dec.o(.text)
    _printf_char_common                      0x080042db   Thumb Code    32  _printf_char_common.o(.text)
    _sputc                                   0x08004301   Thumb Code    10  _sputc.o(.text)
    __user_libspace                          0x0800430d   Thumb Code     8  libspace.o(.text)
    __user_perproc_libspace                  0x0800430d   Thumb Code     0  libspace.o(.text)
    __user_perthread_libspace                0x0800430d   Thumb Code     0  libspace.o(.text)
    __rt_locale                              0x08004315   Thumb Code     8  rt_locale_intlibspace.o(.text)
    __Heap_ProvideMemory                     0x0800431d   Thumb Code    52  h1_extend.o(.text)
    _ll_udiv10                               0x08004351   Thumb Code   138  lludiv10.o(.text)
    _printf_fp_infnan                        0x080043dd   Thumb Code   112  _printf_fp_infnan.o(.text)
    _btod_etento                             0x0800445d   Thumb Code   212  bigflt0.o(.text)
    __rt_SIGRTMEM                            0x08004535   Thumb Code    14  defsig_rtmem_outer.o(.text)
    __I$use$semihosting                      0x08004543   Thumb Code     0  use_no_semi.o(.text)
    __use_no_semihosting_swi                 0x08004543   Thumb Code     2  use_no_semi.o(.text)
    __semihosting_library_function           0x08004545   Thumb Code     0  indicate_semi.o(.text)
    __user_setup_stackheap                   0x08004545   Thumb Code    74  sys_stackheap_outer.o(.text)
    exit                                     0x0800458f   Thumb Code    12  exit.o(.text)
    __sig_exit                               0x0800459b   Thumb Code    10  defsig_exit.o(.text)
    __rt_SIGRTMEM_inner                      0x080045a5   Thumb Code    22  defsig_rtmem_inner.o(.text)
    strcmp                                   0x080045f5   Thumb Code   128  strcmpv7m.o(.text)
    _sys_exit                                0x08004675   Thumb Code     8  sys_exit.o(.text)
    __default_signal_display                 0x08004681   Thumb Code    50  defsig_general.o(.text)
    _ttywrch                                 0x080046b3   Thumb Code    14  sys_wrch.o(.text)
    _btod_d2e                                0x080046c1   Thumb Code    62  btod.o(CL$$btod_d2e)
    _d2e_denorm_low                          0x080046ff   Thumb Code    70  btod.o(CL$$btod_d2e_denorm_low)
    _d2e_norm_op1                            0x08004745   Thumb Code    96  btod.o(CL$$btod_d2e_norm_op1)
    __btod_div_common                        0x080047a5   Thumb Code   696  btod.o(CL$$btod_div_common)
    _e2e                                     0x08004add   Thumb Code   198  btod.o(CL$$btod_e2e)
    _btod_ediv                               0x08004ba3   Thumb Code    40  btod.o(CL$$btod_ediv)
    _btod_emul                               0x08004bcb   Thumb Code    40  btod.o(CL$$btod_emul)
    __btod_mult_common                       0x08004bf3   Thumb Code   580  btod.o(CL$$btod_mult_common)
    __ARM_fpclassify                         0x08004e37   Thumb Code    40  fpclassify.o(i.__ARM_fpclassify)
    _is_digit                                0x08004e5f   Thumb Code    14  __printf_wp.o(i._is_digit)
    _get_lc_numeric                          0x08004e6d   Thumb Code    44  lc_numeric_c.o(locale$$code)
    __aeabi_d2f                              0x08004e99   Thumb Code     0  d2f.o(x$fpl$d2f)
    _d2f                                     0x08004e99   Thumb Code    98  d2f.o(x$fpl$d2f)
    __fpl_dnaninf                            0x08004efb   Thumb Code   156  dnaninf.o(x$fpl$dnaninf)
    __fpl_dretinf                            0x08004f97   Thumb Code    12  dretinf.o(x$fpl$dretinf)
    __aeabi_f2d                              0x08004fa5   Thumb Code     0  f2d.o(x$fpl$f2d)
    _f2d                                     0x08004fa5   Thumb Code    86  f2d.o(x$fpl$f2d)
    __aeabi_fadd                             0x08004ffd   Thumb Code     0  faddsub_clz.o(x$fpl$fadd)
    _fadd                                    0x08004ffd   Thumb Code   196  faddsub_clz.o(x$fpl$fadd)
    __aeabi_ul2f                             0x080050c1   Thumb Code     0  ffltll_clz.o(x$fpl$ffltll)
    _ll_uto_f                                0x080050c1   Thumb Code     6  ffltll_clz.o(x$fpl$ffltll)
    __aeabi_l2f                              0x080050c7   Thumb Code     0  ffltll_clz.o(x$fpl$ffltll)
    _ll_sto_f                                0x080050c7   Thumb Code    90  ffltll_clz.o(x$fpl$ffltll)
    __aeabi_fmul                             0x08005121   Thumb Code     0  fmul.o(x$fpl$fmul)
    _fmul                                    0x08005121   Thumb Code   258  fmul.o(x$fpl$fmul)
    __fpl_fnaninf                            0x08005223   Thumb Code   140  fnaninf.o(x$fpl$fnaninf)
    __fpl_fretinf                            0x080052af   Thumb Code    10  fretinf.o(x$fpl$fretinf)
    __aeabi_fsub                             0x080052b9   Thumb Code     0  faddsub_clz.o(x$fpl$fsub)
    _fsub                                    0x080052b9   Thumb Code   234  faddsub_clz.o(x$fpl$fsub)
    _printf_fp_dec                           0x080053a3   Thumb Code     4  printf1.o(x$fpl$printf1)
    F6x8                                     0x080053a6   Data         552  oled.o(.constdata)
    __I$use$fp                               0x080053a6   Number         0  usenofp.o(x$fpl$usenofp)
    F8X16                                    0x080055ce   Data        1520  oled.o(.constdata)
    Region$$Table$$Base                      0x08005c54   Number         0  anon$$obj.o(Region$$Table)
    Region$$Table$$Limit                     0x08005c74   Number         0  anon$$obj.o(Region$$Table)
    SystemCoreClock                          0x20000000   Data           4  system_stm32f10x.o(.data)
    AHBPrescTable                            0x20000004   Data          16  system_stm32f10x.o(.data)
    CA_Name                                  0x2000002c   Data           8  j1939.o(.data)
    CommandedAddress                         0x20000034   Data           1  j1939.o(.data)
    J1939_Address                            0x20000035   Data           1  j1939.o(.data)
    J1939_Flags                              0x20000036   Data           1  j1939.o(.data)
    Can_Node                                 0x20000037   Data           1  j1939.o(.data)
    NodeAddress_1                            0x20000038   Data           1  j1939.o(.data)
    NodeAddress_2                            0x20000039   Data           1  j1939.o(.data)
    NodeAddress_3                            0x2000003a   Data           1  j1939.o(.data)
    NodeAddress_4                            0x2000003b   Data           1  j1939.o(.data)
    RXHead_1                                 0x2000003c   Data           1  j1939.o(.data)
    RXTail_1                                 0x2000003d   Data           1  j1939.o(.data)
    RXQueueCount_1                           0x2000003e   Data           1  j1939.o(.data)
    TXHead_1                                 0x2000003f   Data           1  j1939.o(.data)
    TXTail_1                                 0x20000040   Data           1  j1939.o(.data)
    TXQueueCount_1                           0x20000041   Data           1  j1939.o(.data)
    RXHead_2                                 0x20000042   Data           1  j1939.o(.data)
    RXTail_2                                 0x20000043   Data           1  j1939.o(.data)
    RXQueueCount_2                           0x20000044   Data           1  j1939.o(.data)
    TXHead_2                                 0x20000045   Data           1  j1939.o(.data)
    TXTail_2                                 0x20000046   Data           1  j1939.o(.data)
    TXQueueCount_2                           0x20000047   Data           1  j1939.o(.data)
    RXHead_3                                 0x20000048   Data           1  j1939.o(.data)
    RXTail_3                                 0x20000049   Data           1  j1939.o(.data)
    RXQueueCount_3                           0x2000004a   Data           1  j1939.o(.data)
    TXHead_3                                 0x2000004b   Data           1  j1939.o(.data)
    TXTail_3                                 0x2000004c   Data           1  j1939.o(.data)
    TXQueueCount_3                           0x2000004d   Data           1  j1939.o(.data)
    RXHead_4                                 0x2000004e   Data           1  j1939.o(.data)
    RXTail_4                                 0x2000004f   Data           1  j1939.o(.data)
    RXQueueCount_4                           0x20000050   Data           1  j1939.o(.data)
    TXHead_4                                 0x20000051   Data           1  j1939.o(.data)
    TXTail_4                                 0x20000052   Data           1  j1939.o(.data)
    TXQueueCount_4                           0x20000053   Data           1  j1939.o(.data)
    J1939_TP_Flags_t                         0x20000054   Data           3  j1939.o(.data)
    OneMessage                               0x20000058   Data          20  j1939.o(.bss)
    RXQueue_1                                0x2000006c   Data          60  j1939.o(.bss)
    TXQueue_1                                0x200000a8   Data          60  j1939.o(.bss)
    RXQueue_2                                0x200000e4   Data          60  j1939.o(.bss)
    TXQueue_2                                0x20000120   Data          60  j1939.o(.bss)
    RXQueue_3                                0x2000015c   Data          60  j1939.o(.bss)
    TXQueue_3                                0x20000198   Data          60  j1939.o(.bss)
    RXQueue_4                                0x200001d4   Data          60  j1939.o(.bss)
    TXQueue_4                                0x20000210   Data          60  j1939.o(.bss)
    REQUEST_LIST                             0x2000024c   Data          24  j1939.o(.bss)
    TP_RX_MSG                                0x20000264   Data         256  j1939.o(.bss)
    TP_TX_MSG                                0x20000364   Data         256  j1939.o(.bss)
    __libspace_start                         0x20000464   Data          96  libspace.o(.bss)
    __temporary_stack_top$libspace           0x200004c4   Data           0  libspace.o(.bss)



==============================================================================

Memory Map of the image

  Image Entry point : 0x08000131

  Load Region LR_IROM1 (Base: 0x08000000, Size: 0x00005ce8, Max: 0x00010000, ABSOLUTE)

    Execution Region ER_IROM1 (Base: 0x08000000, Size: 0x00005c90, Max: 0x00010000, ABSOLUTE)

    Base Addr    Size         Type   Attr      Idx    E Section Name        Object

    0x08000000   0x00000130   Data   RO          181    RESET               startup_stm32f10x_hd.o
    0x08000130   0x00000008   Code   RO          432  * !!!main             c_w.l(__main.o)
    0x08000138   0x00000034   Code   RO          713    !!!scatter          c_w.l(__scatter.o)
    0x0800016c   0x0000001a   Code   RO          715    !!handler_copy      c_w.l(__scatter_copy.o)
    0x08000186   0x00000002   PAD
    0x08000188   0x0000001c   Code   RO          717    !!handler_zi        c_w.l(__scatter_zi.o)
    0x080001a4   0x00000000   Code   RO          427    .ARM.Collect$$_printf_percent$$00000000  c_w.l(_printf_percent.o)
    0x080001a4   0x00000006   Code   RO          426    .ARM.Collect$$_printf_percent$$00000003  c_w.l(_printf_f.o)
    0x080001aa   0x00000004   Code   RO          490    .ARM.Collect$$_printf_percent$$00000017  c_w.l(_printf_percent_end.o)
    0x080001ae   0x00000002   Code   RO          653    .ARM.Collect$$libinit$$00000000  c_w.l(libinit.o)
    0x080001b0   0x00000000   Code   RO          494    .ARM.Collect$$libinit$$00000002  c_w.l(libinit2.o)
    0x080001b0   0x00000008   Code   RO          495    .ARM.Collect$$libinit$$00000003  c_w.l(libinit2.o)
    0x080001b8   0x00000000   Code   RO          497    .ARM.Collect$$libinit$$00000008  c_w.l(libinit2.o)
    0x080001b8   0x00000000   Code   RO          499    .ARM.Collect$$libinit$$0000000A  c_w.l(libinit2.o)
    0x080001b8   0x00000000   Code   RO          501    .ARM.Collect$$libinit$$0000000C  c_w.l(libinit2.o)
    0x080001b8   0x00000006   Code   RO          502    .ARM.Collect$$libinit$$0000000D  c_w.l(libinit2.o)
    0x080001be   0x00000000   Code   RO          504    .ARM.Collect$$libinit$$0000000F  c_w.l(libinit2.o)
    0x080001be   0x00000000   Code   RO          506    .ARM.Collect$$libinit$$00000011  c_w.l(libinit2.o)
    0x080001be   0x00000000   Code   RO          508    .ARM.Collect$$libinit$$00000013  c_w.l(libinit2.o)
    0x080001be   0x0000000a   Code   RO          509    .ARM.Collect$$libinit$$00000014  c_w.l(libinit2.o)
    0x080001c8   0x00000000   Code   RO          510    .ARM.Collect$$libinit$$00000015  c_w.l(libinit2.o)
    0x080001c8   0x00000000   Code   RO          512    .ARM.Collect$$libinit$$00000017  c_w.l(libinit2.o)
    0x080001c8   0x00000000   Code   RO          514    .ARM.Collect$$libinit$$00000019  c_w.l(libinit2.o)
    0x080001c8   0x00000000   Code   RO          516    .ARM.Collect$$libinit$$0000001B  c_w.l(libinit2.o)
    0x080001c8   0x00000000   Code   RO          518    .ARM.Collect$$libinit$$0000001D  c_w.l(libinit2.o)
    0x080001c8   0x00000000   Code   RO          520    .ARM.Collect$$libinit$$0000001F  c_w.l(libinit2.o)
    0x080001c8   0x00000000   Code   RO          522    .ARM.Collect$$libinit$$00000021  c_w.l(libinit2.o)
    0x080001c8   0x00000000   Code   RO          524    .ARM.Collect$$libinit$$00000023  c_w.l(libinit2.o)
    0x080001c8   0x00000000   Code   RO          528    .ARM.Collect$$libinit$$0000002A  c_w.l(libinit2.o)
    0x080001c8   0x00000000   Code   RO          530    .ARM.Collect$$libinit$$0000002C  c_w.l(libinit2.o)
    0x080001c8   0x00000000   Code   RO          532    .ARM.Collect$$libinit$$0000002E  c_w.l(libinit2.o)
    0x080001c8   0x00000000   Code   RO          534    .ARM.Collect$$libinit$$00000030  c_w.l(libinit2.o)
    0x080001c8   0x00000002   Code   RO          535    .ARM.Collect$$libinit$$00000031  c_w.l(libinit2.o)
    0x080001ca   0x00000002   Code   RO          710    .ARM.Collect$$libshutdown$$00000000  c_w.l(libshutdown.o)
    0x080001cc   0x00000000   Code   RO          668    .ARM.Collect$$libshutdown$$00000003  c_w.l(libshutdown2.o)
    0x080001cc   0x00000000   Code   RO          671    .ARM.Collect$$libshutdown$$00000006  c_w.l(libshutdown2.o)
    0x080001cc   0x00000000   Code   RO          674    .ARM.Collect$$libshutdown$$00000009  c_w.l(libshutdown2.o)
    0x080001cc   0x00000000   Code   RO          676    .ARM.Collect$$libshutdown$$0000000B  c_w.l(libshutdown2.o)
    0x080001cc   0x00000000   Code   RO          679    .ARM.Collect$$libshutdown$$0000000E  c_w.l(libshutdown2.o)
    0x080001cc   0x00000002   Code   RO          680    .ARM.Collect$$libshutdown$$0000000F  c_w.l(libshutdown2.o)
    0x080001ce   0x00000000   Code   RO          452    .ARM.Collect$$rtentry$$00000000  c_w.l(rtentry.o)
    0x080001ce   0x00000000   Code   RO          551    .ARM.Collect$$rtentry$$00000002  c_w.l(rtentry2.o)
    0x080001ce   0x00000006   Code   RO          563    .ARM.Collect$$rtentry$$00000004  c_w.l(rtentry4.o)
    0x080001d4   0x00000000   Code   RO          553    .ARM.Collect$$rtentry$$00000009  c_w.l(rtentry2.o)
    0x080001d4   0x00000004   Code   RO          554    .ARM.Collect$$rtentry$$0000000A  c_w.l(rtentry2.o)
    0x080001d8   0x00000000   Code   RO          556    .ARM.Collect$$rtentry$$0000000C  c_w.l(rtentry2.o)
    0x080001d8   0x00000008   Code   RO          557    .ARM.Collect$$rtentry$$0000000D  c_w.l(rtentry2.o)
    0x080001e0   0x00000002   Code   RO          656    .ARM.Collect$$rtexit$$00000000  c_w.l(rtexit.o)
    0x080001e2   0x00000000   Code   RO          684    .ARM.Collect$$rtexit$$00000002  c_w.l(rtexit2.o)
    0x080001e2   0x00000004   Code   RO          685    .ARM.Collect$$rtexit$$00000003  c_w.l(rtexit2.o)
    0x080001e6   0x00000006   Code   RO          686    .ARM.Collect$$rtexit$$00000004  c_w.l(rtexit2.o)
    0x080001ec   0x00000000   Code   RO          572    .emb_text           c_w.l(maybetermalloc1.o)
    0x080001ec   0x00000210   Code   RO            1    .text               main.o
    0x080003fc   0x0000001a   Code   RO           74    .text               stm32f10x_it.o
    0x08000416   0x00000002   PAD
    0x08000418   0x000001e0   Code   RO          106    .text               system_stm32f10x.o
    0x080005f8   0x0000056c   Code   RO          124    .text               oled.o
    0x08000b64   0x000000d4   Code   RO          142    .text               delay.o
    0x08000c38   0x00000040   Code   RO          182    .text               startup_stm32f10x_hd.o
    0x08000c78   0x000000dc   Code   RO          186    .text               misc.o
    0x08000d54   0x0000035c   Code   RO          198    .text               stm32f10x_gpio.o
    0x080010b0   0x000003a4   Code   RO          210    .text               stm32f10x_rcc.o
    0x08001454   0x00000798   Code   RO          236    .text               stm32f10x_can.o
    0x08001bec   0x00000150   Code   RO          248    .text               can.o
    0x08001d3c   0x00000038   Code   RO          267    .text               led.o
    0x08001d74   0x00001998   Code   RO          301    .text               j1939.o
    0x0800370c   0x000004bc   Code   RO          330    .text               msg.o
    0x08003bc8   0x0000005e   Code   RO          346    .text               c_w.l(h1_alloc.o)
    0x08003c26   0x00000002   PAD
    0x08003c28   0x00000028   Code   RO          402    .text               c_w.l(noretval__2sprintf.o)
    0x08003c50   0x0000010e   Code   RO          414    .text               c_w.l(__printf_wp.o)
    0x08003d5e   0x00000064   Code   RO          428    .text               c_w.l(rt_memcpy_w.o)
    0x08003dc2   0x00000006   Code   RO          430    .text               c_w.l(heapauxi.o)
    0x08003dc8   0x00000008   Code   RO          456    .text               c_w.l(rt_heap_descriptor_intlibspace.o)
    0x08003dd0   0x00000004   Code   RO          458    .text               c_w.l(hguard.o)
    0x08003dd4   0x0000008a   Code   RO          460    .text               c_w.l(init_alloc.o)
    0x08003e5e   0x0000000e   Code   RO          466    .text               c_w.l(h1_init.o)
    0x08003e6c   0x0000004e   Code   RO          468    .text               c_w.l(h1_free.o)
    0x08003eba   0x00000416   Code   RO          484    .text               c_w.l(_printf_fp_dec.o)
    0x080042d0   0x00000030   Code   RO          486    .text               c_w.l(_printf_char_common.o)
    0x08004300   0x0000000a   Code   RO          488    .text               c_w.l(_sputc.o)
    0x0800430a   0x00000002   PAD
    0x0800430c   0x00000008   Code   RO          547    .text               c_w.l(libspace.o)
    0x08004314   0x00000008   Code   RO          568    .text               c_w.l(rt_locale_intlibspace.o)
    0x0800431c   0x00000034   Code   RO          574    .text               c_w.l(h1_extend.o)
    0x08004350   0x0000008a   Code   RO          578    .text               c_w.l(lludiv10.o)
    0x080043da   0x00000002   PAD
    0x080043dc   0x00000080   Code   RO          580    .text               c_w.l(_printf_fp_infnan.o)
    0x0800445c   0x000000d8   Code   RO          584    .text               c_w.l(bigflt0.o)
    0x08004534   0x0000000e   Code   RO          612    .text               c_w.l(defsig_rtmem_outer.o)
    0x08004542   0x00000002   Code   RO          627    .text               c_w.l(use_no_semi.o)
    0x08004544   0x00000000   Code   RO          629    .text               c_w.l(indicate_semi.o)
    0x08004544   0x0000004a   Code   RO          630    .text               c_w.l(sys_stackheap_outer.o)
    0x0800458e   0x0000000c   Code   RO          636    .text               c_w.l(exit.o)
    0x0800459a   0x0000000a   Code   RO          638    .text               c_w.l(defsig_exit.o)
    0x080045a4   0x00000050   Code   RO          640    .text               c_w.l(defsig_rtmem_inner.o)
    0x080045f4   0x00000080   Code   RO          642    .text               c_w.l(strcmpv7m.o)
    0x08004674   0x0000000c   Code   RO          654    .text               c_w.l(sys_exit.o)
    0x08004680   0x00000032   Code   RO          664    .text               c_w.l(defsig_general.o)
    0x080046b2   0x0000000e   Code   RO          681    .text               c_w.l(sys_wrch.o)
    0x080046c0   0x0000003e   Code   RO          587    CL$$btod_d2e        c_w.l(btod.o)
    0x080046fe   0x00000046   Code   RO          589    CL$$btod_d2e_denorm_low  c_w.l(btod.o)
    0x08004744   0x00000060   Code   RO          588    CL$$btod_d2e_norm_op1  c_w.l(btod.o)
    0x080047a4   0x00000338   Code   RO          597    CL$$btod_div_common  c_w.l(btod.o)
    0x08004adc   0x000000c6   Code   RO          594    CL$$btod_e2e        c_w.l(btod.o)
    0x08004ba2   0x00000028   Code   RO          591    CL$$btod_ediv       c_w.l(btod.o)
    0x08004bca   0x00000028   Code   RO          590    CL$$btod_emul       c_w.l(btod.o)
    0x08004bf2   0x00000244   Code   RO          596    CL$$btod_mult_common  c_w.l(btod.o)
    0x08004e36   0x00000028   Code   RO          625    i.__ARM_fpclassify  m_ws.l(fpclassify.o)
    0x08004e5e   0x0000000e   Code   RO          416    i._is_digit         c_w.l(__printf_wp.o)
    0x08004e6c   0x0000002c   Code   RO          610    locale$$code        c_w.l(lc_numeric_c.o)
    0x08004e98   0x00000062   Code   RO          434    x$fpl$d2f           fz_ws.l(d2f.o)
    0x08004efa   0x0000009c   Code   RO          536    x$fpl$dnaninf       fz_ws.l(dnaninf.o)
    0x08004f96   0x0000000c   Code   RO          538    x$fpl$dretinf       fz_ws.l(dretinf.o)
    0x08004fa2   0x00000002   PAD
    0x08004fa4   0x00000056   Code   RO          436    x$fpl$f2d           fz_ws.l(f2d.o)
    0x08004ffa   0x00000002   PAD
    0x08004ffc   0x000000c4   Code   RO          438    x$fpl$fadd          fz_ws.l(faddsub_clz.o)
    0x080050c0   0x00000060   Code   RO          444    x$fpl$ffltll        fz_ws.l(ffltll_clz.o)
    0x08005120   0x00000102   Code   RO          446    x$fpl$fmul          fz_ws.l(fmul.o)
    0x08005222   0x0000008c   Code   RO          540    x$fpl$fnaninf       fz_ws.l(fnaninf.o)
    0x080052ae   0x0000000a   Code   RO          542    x$fpl$fretinf       fz_ws.l(fretinf.o)
    0x080052b8   0x000000ea   Code   RO          440    x$fpl$fsub          fz_ws.l(faddsub_clz.o)
    0x080053a2   0x00000004   Code   RO          448    x$fpl$printf1       fz_ws.l(printf1.o)
    0x080053a6   0x00000000   Code   RO          544    x$fpl$usenofp       fz_ws.l(usenofp.o)
    0x080053a6   0x00000818   Data   RO          125    .constdata          oled.o
    0x08005bbe   0x00000002   PAD
    0x08005bc0   0x00000094   Data   RO          585    .constdata          c_w.l(bigflt0.o)
    0x08005c54   0x00000020   Data   RO          711    Region$$Table       anon$$obj.o
    0x08005c74   0x0000001c   Data   RO          609    locale$$data        c_w.l(lc_numeric_c.o)


    Execution Region RW_IRAM1 (Base: 0x20000000, Size: 0x00000ac8, Max: 0x00005000, ABSOLUTE)

    Base Addr    Size         Type   Attr      Idx    E Section Name        Object

    0x20000000   0x00000014   Data   RW          107    .data               system_stm32f10x.o
    0x20000014   0x00000004   Data   RW          143    .data               delay.o
    0x20000018   0x00000014   Data   RW          211    .data               stm32f10x_rcc.o
    0x2000002c   0x0000002b   Data   RW          303    .data               j1939.o
    0x20000057   0x00000001   PAD
    0x20000058   0x0000040c   Zero   RW          302    .bss                j1939.o
    0x20000464   0x00000060   Zero   RW          548    .bss                c_w.l(libspace.o)
    0x200004c4   0x00000004   PAD
    0x200004c8   0x00000200   Zero   RW          180    HEAP                startup_stm32f10x_hd.o
    0x200006c8   0x00000400   Zero   RW          179    STACK               startup_stm32f10x_hd.o


==============================================================================

Image component sizes


      Code (inc. data)   RO Data    RW Data    ZI Data      Debug   Object Name

       336         10          0          0          0       1444   can.o
         0          0          0          0          0         32   core_cm3.o
       212         18          0          4          0       1083   delay.o
      6552        486          0         43       1036      37224   j1939.o
        56          6          0          0          0        526   led.o
       528         36          0          0          0     237081   main.o
       220         22          0          0          0       1989   misc.o
      1212         42          0          0          0       2543   msg.o
      1388         20       2072          0          0       6386   oled.o
        64         26        304          0       1536        808   startup_stm32f10x_hd.o
      1944         10          0          0          0       7088   stm32f10x_can.o
       860         38          0          0          0       5837   stm32f10x_gpio.o
        26          0          0          0          0       1214   stm32f10x_it.o
       932         36          0         20          0       9044   stm32f10x_rcc.o
       480         38          0         20          0       1963   system_stm32f10x.o

    ----------------------------------------------------------------------
     14812        788       2410         88       2572     314262   Object Totals
         0          0         32          0          0          0   (incl. Generated)
         2          0          2          1          0          0   (incl. Padding)

    ----------------------------------------------------------------------

      Code (inc. data)   RO Data    RW Data    ZI Data      Debug   Library Member Name

         8          0          0          0          0         68   __main.o
       284          0          0          0          0        156   __printf_wp.o
        52          8          0          0          0          0   __scatter.o
        26          0          0          0          0          0   __scatter_copy.o
        28          0          0          0          0          0   __scatter_zi.o
        48          6          0          0          0         96   _printf_char_common.o
         6          0          0          0          0          0   _printf_f.o
      1046          0          0          0          0        216   _printf_fp_dec.o
       128         16          0          0          0         84   _printf_fp_infnan.o
         0          0          0          0          0          0   _printf_percent.o
         4          0          0          0          0          0   _printf_percent_end.o
        10          0          0          0          0         68   _sputc.o
       216          4        148          0          0         96   bigflt0.o
      1910        128          0          0          0        672   btod.o
        10          0          0          0          0         68   defsig_exit.o
        50          0          0          0          0         88   defsig_general.o
        80         58          0          0          0         76   defsig_rtmem_inner.o
        14          0          0          0          0         80   defsig_rtmem_outer.o
        12          0          0          0          0         72   exit.o
        94          0          0          0          0         80   h1_alloc.o
        52          0          0          0          0         68   h1_extend.o
        78          0          0          0          0         80   h1_free.o
        14          0          0          0          0         84   h1_init.o
         6          0          0          0          0        152   heapauxi.o
         4          0          0          0          0        136   hguard.o
         0          0          0          0          0          0   indicate_semi.o
       138          0          0          0          0        168   init_alloc.o
        44         10         28          0          0         76   lc_numeric_c.o
         2          0          0          0          0          0   libinit.o
        26          0          0          0          0          0   libinit2.o
         2          0          0          0          0          0   libshutdown.o
         2          0          0          0          0          0   libshutdown2.o
         8          4          0          0         96         68   libspace.o
       138          0          0          0          0         80   lludiv10.o
         0          0          0          0          0          0   maybetermalloc1.o
        40          6          0          0          0         84   noretval__2sprintf.o
         8          4          0          0          0         68   rt_heap_descriptor_intlibspace.o
         8          4          0          0          0         68   rt_locale_intlibspace.o
       100          0          0          0          0         80   rt_memcpy_w.o
         0          0          0          0          0          0   rtentry.o
        12          0          0          0          0          0   rtentry2.o
         6          0          0          0          0          0   rtentry4.o
         2          0          0          0          0          0   rtexit.o
        10          0          0          0          0          0   rtexit2.o
       128          0          0          0          0         68   strcmpv7m.o
        12          4          0          0          0         68   sys_exit.o
        74          0          0          0          0         80   sys_stackheap_outer.o
        14          0          0          0          0         76   sys_wrch.o
         2          0          0          0          0         68   use_no_semi.o
        98          4          0          0          0         92   d2f.o
       156          4          0          0          0         92   dnaninf.o
        12          0          0          0          0         68   dretinf.o
        86          4          0          0          0         84   f2d.o
       430          8          0          0          0        168   faddsub_clz.o
        96          0          0          0          0         84   ffltll_clz.o
       258          4          0          0          0         84   fmul.o
       140          4          0          0          0         84   fnaninf.o
        10          0          0          0          0         68   fretinf.o
         4          0          0          0          0         68   printf1.o
         0          0          0          0          0          0   usenofp.o
        40          0          0          0          0         68   fpclassify.o

    ----------------------------------------------------------------------
      6298        280        176          0        100       4452   Library Totals
        12          0          0          0          4          0   (incl. Padding)

    ----------------------------------------------------------------------

      Code (inc. data)   RO Data    RW Data    ZI Data      Debug   Library Name

      4956        252        176          0         96       3492   c_w.l
      1290         28          0          0          0        892   fz_ws.l
        40          0          0          0          0         68   m_ws.l

    ----------------------------------------------------------------------
      6298        280        176          0        100       4452   Library Totals

    ----------------------------------------------------------------------

==============================================================================


      Code (inc. data)   RO Data    RW Data    ZI Data      Debug   

     21110       1068       2586         88       2672     315070   Grand Totals
     21110       1068       2586         88       2672     315070   ELF Image Totals
     21110       1068       2586         88          0          0   ROM Totals

==============================================================================

    Total RO  Size (Code + RO Data)                23696 (  23.14kB)
    Total RW  Size (RW Data + ZI Data)              2760 (   2.70kB)
    Total ROM Size (Code + RO Data + RW Data)      23784 (  23.23kB)

==============================================================================

