<html>
<body>
<pre>
<h1>礦ision Build Log</h1>
<h2>Project:</h2>
C:\Users\杨勇\Desktop\毕业设计\git\j1939-\j1939-\发动机\USER\STM32-DEMO.uvproj
Project File Date:  04/03/2023

<h2>Output:</h2>
Rebuild target 'CAN-Loopback-DEMO'
assembling startup_stm32f10x_hd.s...
compiling main.c...
..\J1939\j1939.h(298): warning:  #1295-D: Deprecated declaration J1939_Initialization - give arg types
  extern void                   J1939_Initialization( );
..\J1939\j1939.h(300): warning:  #1295-D: Deprecated declaration J1939_ISR - give arg types
  extern void                       J1939_ISR( );
..\J1939\j1939.h(302): warning:  #1295-D: Deprecated declaration J1939_Poll - give arg types
  extern void                   J1939_Poll( );
..\Msg\msg.h(6279): warning:  #1-D: last line of file ends without a newline
  #endif
..\Testmsg\testmsg.h(4): warning:  #1295-D: Deprecated declaration testallmsg_group1 - give arg types
  void testallmsg_group1();
..\Testmsg\testmsg.h(5): warning:  #1295-D: Deprecated declaration testallmsg_group2 - give arg types
  void testallmsg_group2();
..\Testmsg\testmsg.h(6): warning:  #1295-D: Deprecated declaration testallmsg_group3 - give arg types
  void testallmsg_group3();
..\Testmsg\testmsg.h(7): warning:  #1-D: last line of file ends without a newline
  #endif
main.c(64): warning:  #177-D: variable "msg" was declared but never referenced
        J1939_MESSAGE_T msg;
main.c(115): warning:  #223-D: function "J1939_EnqueueMessage" declared implicitly
          while (J1939_EnqueueMessage(&Msg,Select_CAN_NODE_1) != RC_SUCCESS){ 
main.c: 10 warnings, 0 errors
compiling stm32f10x_it.c...
compiling usart1.c...
compiling can.c...
can.c(67): warning:  #177-D: variable "TxMessage" was declared but never referenced
    CanTxMsg TxMessage;  
can.c(124): warning:  #223-D: function "J1939_ISR" declared implicitly
    J1939_ISR( );
can.c: 2 warnings, 0 errors
compiling led.c...
compiling stm32f10x_gpio.c...
compiling stm32f10x_rcc.c...
compiling stm32f10x_usart.c...
compiling stm32f10x_can.c...
compiling misc.c...
compiling core_cm3.c...
compiling system_stm32f10x.c...
compiling J1939.c...
..\J1939\J1939.H(298): warning:  #1295-D: Deprecated declaration J1939_Initialization - give arg types
  extern void                   J1939_Initialization( );
..\J1939\J1939.H(300): warning:  #1295-D: Deprecated declaration J1939_ISR - give arg types
  extern void                       J1939_ISR( );
..\J1939\J1939.H(302): warning:  #1295-D: Deprecated declaration J1939_Poll - give arg types
  extern void                   J1939_Poll( );
..\J1939\J1939_config.H(222): warning:  #111-D: statement is unreachable
                        break;
..\J1939\J1939_config.H(231): warning:  #111-D: statement is unreachable
                        return 0;
..\J1939\J1939_config.H(232): warning:  #111-D: statement is unreachable
                        break;
..\J1939\J1939_config.H(242): warning:  #111-D: statement is unreachable
                        return 0;
..\J1939\J1939_config.H(243): warning:  #111-D: statement is unreachable
                        break;
..\J1939\J1939_config.H(253): warning:  #111-D: statement is unreachable
                        return 0;
..\J1939\J1939_config.H(254): warning:  #111-D: statement is unreachable
                        break;
..\J1939\J1939_config.H(259): warning:  #111-D: statement is unreachable
                        break;
..\J1939\J1939.c(457): warning:  #223-D: function "J1939_TP_Poll" declared implicitly
          J1939_TP_Poll();
..\J1939\J1939.c(635): warning:  #111-D: statement is unreachable
                      break;
..\J1939\J1939.c(690): warning:  #111-D: statement is unreachable
                                break;
..\J1939\J1939.c(1005): warning:  #111-D: statement is unreachable
                        break;
..\J1939\J1939.c(1307): warning:  #159-D: declaration is incompatible with previous "J1939_TP_Poll" (declared at line 457)
  void J1939_TP_Poll(void)
..\J1939\J1939.c(1546): warning:  #223-D: function "malloc" declared implicitly
        _requestList->next = (struct Request_List *)malloc(sizeof(struct Request_List));
..\J1939\J1939.c: 17 warnings, 0 errors
compiling msg.c...
..\J1939\J1939.H(298): warning:  #1295-D: Deprecated declaration J1939_Initialization - give arg types
  extern void                   J1939_Initialization( );
..\J1939\J1939.H(300): warning:  #1295-D: Deprecated declaration J1939_ISR - give arg types
  extern void                       J1939_ISR( );
..\J1939\J1939.H(302): warning:  #1295-D: Deprecated declaration J1939_Poll - give arg types
  extern void                   J1939_Poll( );
..\Msg\msg.h(6279): warning:  #1-D: last line of file ends without a newline
  #endif
..\Msg\msg.c(4): warning:  #223-D: function "abs" declared implicitly
        return (uint16_t)((measured+abs((int)offset))/resolutionratio);
..\Msg\msg.c(694): warning:  #62-D: shift count is negative
      J1939_MESSAGE->data[2] |= (uint8_t)(ESC1->bt3.Axle_Location)<<-1;
..\Msg\msg.c(2653): warning:  #62-D: shift count is negative
      J1939_MESSAGE->data[6] |= (uint8_t)(A2SCRRT2I->bt7.Aftertreatment_2_Diesel_Exhaust_Fluid_Tank_2_Heater)<<-1;
..\Msg\msg.c(9028): warning:  #173-D: floating-point value does not fit in required integral type
      TR5 -> bt6.Route_Number= 4095.0*RATE;
..\Msg\msg.c: 8 warnings, 0 errors
compiling testmsg.c...
..\J1939\J1939.H(298): warning:  #1295-D: Deprecated declaration J1939_Initialization - give arg types
  extern void                   J1939_Initialization( );
..\J1939\J1939.H(300): warning:  #1295-D: Deprecated declaration J1939_ISR - give arg types
  extern void                       J1939_ISR( );
..\J1939\J1939.H(302): warning:  #1295-D: Deprecated declaration J1939_Poll - give arg types
  extern void                   J1939_Poll( );
..\Msg\msg.h(6279): warning:  #1-D: last line of file ends without a newline
  #endif
..\Testmsg\testmsg.h(4): warning:  #1295-D: Deprecated declaration testallmsg_group1 - give arg types
  void testallmsg_group1();
..\Testmsg\testmsg.h(5): warning:  #1295-D: Deprecated declaration testallmsg_group2 - give arg types
  void testallmsg_group2();
..\Testmsg\testmsg.h(6): warning:  #1295-D: Deprecated declaration testallmsg_group3 - give arg types
  void testallmsg_group3();
..\Testmsg\testmsg.h(7): warning:  #1-D: last line of file ends without a newline
  #endif
..\Testmsg\testmsg.c(10): warning:  #223-D: function "LLRE" declared implicitly
         LLRE(&msg,&llre);
..\Testmsg\testmsg.c(11): warning:  #223-D: function "send_massage" declared implicitly
         send_massage(&msg);
..\Testmsg\testmsg.c(12): warning:  #223-D: function "Delay" declared implicitly
         Delay(500000);
..\Testmsg\testmsg.c(17): warning:  #223-D: function "CCVS1" declared implicitly
         CCVS1(&msg,&ccvs1);
..\Testmsg\testmsg.c(24): warning:  #223-D: function "ET1" declared implicitly
         ET1(&msg,&et1);
..\Testmsg\testmsg.c(31): warning:  #223-D: function "LD" declared implicitly
         LD(&msg,&ld);
..\Testmsg\testmsg.c(40): warning:  #223-D: function "LCMD" declared implicitly
         LCMD(&msg,&lcmd);
..\Testmsg\testmsg.c(47): warning:  #223-D: function "TSC1" declared implicitly
         TSC1(&msg,&tsc1);
..\Testmsg\testmsg.c(831): warning:  #9-D: nested comment is not allowed
  /*
..\Testmsg\testmsg.c(3258): warning:  #1-D: last line of file ends without a newline
  */
..\Testmsg\testmsg.c: 18 warnings, 0 errors
linking...
Program Size: Code=93340 RO-data=336 RW-data=72 ZI-data=1568  
FromELF: creating hex file...
"..\Output\STM32-DEMO.axf" - 0 Error(s), 55 Warning(s).
Load "..\\Output\\STM32-DEMO.axf" 
Full Chip Erase Done.
Programming Done.
Verify OK.
Application running ...
</pre>
</body>
</html>
