<!doctype html public "-//w3c//dtd html 4.0 transitional//en">
<html><head>
<title>Static Call Graph - [..\Output\STM32-DEMO.axf]</title></head>
<body><HR>
<H1>Static Call Graph for image ..\Output\STM32-DEMO.axf</H1><HR>
<BR><P>#&#060CALLGRAPH&#062# ARM Linker, 5040049: Last Updated: Mon Apr 03 18:47:32 2023
<BR><P>
<H3>Maximum Stack Usage =        496 bytes + Unknown(Cycles, Untraceable Function Pointers)</H3><H3>
Call chain for Maximum Stack Depth:</H3>
main &rArr; testallmsg_group1 &rArr; config_CCVS1 &rArr; Parameter_Translate &rArr; __aeabi_dadd &rArr; _double_epilogue &rArr; _double_round
<P>
<H3>
Mutually Recursive functions
</H3> <LI><a href="#[1c]">ADC1_2_IRQHandler</a>&nbsp;&nbsp;&nbsp;&rArr;&nbsp;&nbsp;&nbsp;<a href="#[1c]">ADC1_2_IRQHandler</a><BR>
</UL>
<P>
<H3>
Function Pointers
</H3><UL>
 <LI><a href="#[1c]">ADC1_2_IRQHandler</a> from startup_stm32f10x_hd.o(.text) referenced from startup_stm32f10x_hd.o(RESET)
 <LI><a href="#[39]">ADC3_IRQHandler</a> from startup_stm32f10x_hd.o(.text) referenced from startup_stm32f10x_hd.o(RESET)
 <LI><a href="#[4]">BusFault_Handler</a> from stm32f10x_it.o(.text) referenced from startup_stm32f10x_hd.o(RESET)
 <LI><a href="#[1f]">CAN1_RX1_IRQHandler</a> from startup_stm32f10x_hd.o(.text) referenced from startup_stm32f10x_hd.o(RESET)
 <LI><a href="#[20]">CAN1_SCE_IRQHandler</a> from startup_stm32f10x_hd.o(.text) referenced from startup_stm32f10x_hd.o(RESET)
 <LI><a href="#[15]">DMA1_Channel1_IRQHandler</a> from startup_stm32f10x_hd.o(.text) referenced from startup_stm32f10x_hd.o(RESET)
 <LI><a href="#[16]">DMA1_Channel2_IRQHandler</a> from startup_stm32f10x_hd.o(.text) referenced from startup_stm32f10x_hd.o(RESET)
 <LI><a href="#[17]">DMA1_Channel3_IRQHandler</a> from startup_stm32f10x_hd.o(.text) referenced from startup_stm32f10x_hd.o(RESET)
 <LI><a href="#[18]">DMA1_Channel4_IRQHandler</a> from startup_stm32f10x_hd.o(.text) referenced from startup_stm32f10x_hd.o(RESET)
 <LI><a href="#[19]">DMA1_Channel5_IRQHandler</a> from startup_stm32f10x_hd.o(.text) referenced from startup_stm32f10x_hd.o(RESET)
 <LI><a href="#[1a]">DMA1_Channel6_IRQHandler</a> from startup_stm32f10x_hd.o(.text) referenced from startup_stm32f10x_hd.o(RESET)
 <LI><a href="#[1b]">DMA1_Channel7_IRQHandler</a> from startup_stm32f10x_hd.o(.text) referenced from startup_stm32f10x_hd.o(RESET)
 <LI><a href="#[42]">DMA2_Channel1_IRQHandler</a> from startup_stm32f10x_hd.o(.text) referenced from startup_stm32f10x_hd.o(RESET)
 <LI><a href="#[43]">DMA2_Channel2_IRQHandler</a> from startup_stm32f10x_hd.o(.text) referenced from startup_stm32f10x_hd.o(RESET)
 <LI><a href="#[44]">DMA2_Channel3_IRQHandler</a> from startup_stm32f10x_hd.o(.text) referenced from startup_stm32f10x_hd.o(RESET)
 <LI><a href="#[45]">DMA2_Channel4_5_IRQHandler</a> from startup_stm32f10x_hd.o(.text) referenced from startup_stm32f10x_hd.o(RESET)
 <LI><a href="#[7]">DebugMon_Handler</a> from stm32f10x_it.o(.text) referenced from startup_stm32f10x_hd.o(RESET)
 <LI><a href="#[10]">EXTI0_IRQHandler</a> from startup_stm32f10x_hd.o(.text) referenced from startup_stm32f10x_hd.o(RESET)
 <LI><a href="#[32]">EXTI15_10_IRQHandler</a> from startup_stm32f10x_hd.o(.text) referenced from startup_stm32f10x_hd.o(RESET)
 <LI><a href="#[11]">EXTI1_IRQHandler</a> from startup_stm32f10x_hd.o(.text) referenced from startup_stm32f10x_hd.o(RESET)
 <LI><a href="#[12]">EXTI2_IRQHandler</a> from startup_stm32f10x_hd.o(.text) referenced from startup_stm32f10x_hd.o(RESET)
 <LI><a href="#[13]">EXTI3_IRQHandler</a> from startup_stm32f10x_hd.o(.text) referenced from startup_stm32f10x_hd.o(RESET)
 <LI><a href="#[14]">EXTI4_IRQHandler</a> from startup_stm32f10x_hd.o(.text) referenced from startup_stm32f10x_hd.o(RESET)
 <LI><a href="#[21]">EXTI9_5_IRQHandler</a> from startup_stm32f10x_hd.o(.text) referenced from startup_stm32f10x_hd.o(RESET)
 <LI><a href="#[e]">FLASH_IRQHandler</a> from startup_stm32f10x_hd.o(.text) referenced from startup_stm32f10x_hd.o(RESET)
 <LI><a href="#[3a]">FSMC_IRQHandler</a> from startup_stm32f10x_hd.o(.text) referenced from startup_stm32f10x_hd.o(RESET)
 <LI><a href="#[2]">HardFault_Handler</a> from stm32f10x_it.o(.text) referenced from startup_stm32f10x_hd.o(RESET)
 <LI><a href="#[2a]">I2C1_ER_IRQHandler</a> from startup_stm32f10x_hd.o(.text) referenced from startup_stm32f10x_hd.o(RESET)
 <LI><a href="#[29]">I2C1_EV_IRQHandler</a> from startup_stm32f10x_hd.o(.text) referenced from startup_stm32f10x_hd.o(RESET)
 <LI><a href="#[2c]">I2C2_ER_IRQHandler</a> from startup_stm32f10x_hd.o(.text) referenced from startup_stm32f10x_hd.o(RESET)
 <LI><a href="#[2b]">I2C2_EV_IRQHandler</a> from startup_stm32f10x_hd.o(.text) referenced from startup_stm32f10x_hd.o(RESET)
 <LI><a href="#[3]">MemManage_Handler</a> from stm32f10x_it.o(.text) referenced from startup_stm32f10x_hd.o(RESET)
 <LI><a href="#[1]">NMI_Handler</a> from stm32f10x_it.o(.text) referenced from startup_stm32f10x_hd.o(RESET)
 <LI><a href="#[b]">PVD_IRQHandler</a> from startup_stm32f10x_hd.o(.text) referenced from startup_stm32f10x_hd.o(RESET)
 <LI><a href="#[8]">PendSV_Handler</a> from stm32f10x_it.o(.text) referenced from startup_stm32f10x_hd.o(RESET)
 <LI><a href="#[f]">RCC_IRQHandler</a> from startup_stm32f10x_hd.o(.text) referenced from startup_stm32f10x_hd.o(RESET)
 <LI><a href="#[33]">RTCAlarm_IRQHandler</a> from startup_stm32f10x_hd.o(.text) referenced from startup_stm32f10x_hd.o(RESET)
 <LI><a href="#[d]">RTC_IRQHandler</a> from startup_stm32f10x_hd.o(.text) referenced from startup_stm32f10x_hd.o(RESET)
 <LI><a href="#[49]">Reset_Handler</a> from startup_stm32f10x_hd.o(.text) referenced from startup_stm32f10x_hd.o(RESET)
 <LI><a href="#[3b]">SDIO_IRQHandler</a> from startup_stm32f10x_hd.o(.text) referenced from startup_stm32f10x_hd.o(RESET)
 <LI><a href="#[2d]">SPI1_IRQHandler</a> from startup_stm32f10x_hd.o(.text) referenced from startup_stm32f10x_hd.o(RESET)
 <LI><a href="#[2e]">SPI2_IRQHandler</a> from startup_stm32f10x_hd.o(.text) referenced from startup_stm32f10x_hd.o(RESET)
 <LI><a href="#[3d]">SPI3_IRQHandler</a> from startup_stm32f10x_hd.o(.text) referenced from startup_stm32f10x_hd.o(RESET)
 <LI><a href="#[6]">SVC_Handler</a> from stm32f10x_it.o(.text) referenced from startup_stm32f10x_hd.o(RESET)
 <LI><a href="#[9]">SysTick_Handler</a> from stm32f10x_it.o(.text) referenced from startup_stm32f10x_hd.o(RESET)
 <LI><a href="#[47]">SystemInit_ExtMemCtl</a> from startup_stm32f10x_hd.o(.text) referenced from startup_stm32f10x_hd.o(.text)
 <LI><a href="#[c]">TAMPER_IRQHandler</a> from startup_stm32f10x_hd.o(.text) referenced from startup_stm32f10x_hd.o(RESET)
 <LI><a href="#[22]">TIM1_BRK_IRQHandler</a> from startup_stm32f10x_hd.o(.text) referenced from startup_stm32f10x_hd.o(RESET)
 <LI><a href="#[25]">TIM1_CC_IRQHandler</a> from startup_stm32f10x_hd.o(.text) referenced from startup_stm32f10x_hd.o(RESET)
 <LI><a href="#[24]">TIM1_TRG_COM_IRQHandler</a> from startup_stm32f10x_hd.o(.text) referenced from startup_stm32f10x_hd.o(RESET)
 <LI><a href="#[23]">TIM1_UP_IRQHandler</a> from startup_stm32f10x_hd.o(.text) referenced from startup_stm32f10x_hd.o(RESET)
 <LI><a href="#[26]">TIM2_IRQHandler</a> from startup_stm32f10x_hd.o(.text) referenced from startup_stm32f10x_hd.o(RESET)
 <LI><a href="#[27]">TIM3_IRQHandler</a> from startup_stm32f10x_hd.o(.text) referenced from startup_stm32f10x_hd.o(RESET)
 <LI><a href="#[28]">TIM4_IRQHandler</a> from startup_stm32f10x_hd.o(.text) referenced from startup_stm32f10x_hd.o(RESET)
 <LI><a href="#[3c]">TIM5_IRQHandler</a> from startup_stm32f10x_hd.o(.text) referenced from startup_stm32f10x_hd.o(RESET)
 <LI><a href="#[40]">TIM6_IRQHandler</a> from startup_stm32f10x_hd.o(.text) referenced from startup_stm32f10x_hd.o(RESET)
 <LI><a href="#[41]">TIM7_IRQHandler</a> from startup_stm32f10x_hd.o(.text) referenced from startup_stm32f10x_hd.o(RESET)
 <LI><a href="#[35]">TIM8_BRK_IRQHandler</a> from startup_stm32f10x_hd.o(.text) referenced from startup_stm32f10x_hd.o(RESET)
 <LI><a href="#[38]">TIM8_CC_IRQHandler</a> from startup_stm32f10x_hd.o(.text) referenced from startup_stm32f10x_hd.o(RESET)
 <LI><a href="#[37]">TIM8_TRG_COM_IRQHandler</a> from startup_stm32f10x_hd.o(.text) referenced from startup_stm32f10x_hd.o(RESET)
 <LI><a href="#[36]">TIM8_UP_IRQHandler</a> from startup_stm32f10x_hd.o(.text) referenced from startup_stm32f10x_hd.o(RESET)
 <LI><a href="#[3e]">UART4_IRQHandler</a> from startup_stm32f10x_hd.o(.text) referenced from startup_stm32f10x_hd.o(RESET)
 <LI><a href="#[3f]">UART5_IRQHandler</a> from startup_stm32f10x_hd.o(.text) referenced from startup_stm32f10x_hd.o(RESET)
 <LI><a href="#[2f]">USART1_IRQHandler</a> from startup_stm32f10x_hd.o(.text) referenced from startup_stm32f10x_hd.o(RESET)
 <LI><a href="#[30]">USART2_IRQHandler</a> from startup_stm32f10x_hd.o(.text) referenced from startup_stm32f10x_hd.o(RESET)
 <LI><a href="#[31]">USART3_IRQHandler</a> from startup_stm32f10x_hd.o(.text) referenced from startup_stm32f10x_hd.o(RESET)
 <LI><a href="#[34]">USBWakeUp_IRQHandler</a> from startup_stm32f10x_hd.o(.text) referenced from startup_stm32f10x_hd.o(RESET)
 <LI><a href="#[1d]">USB_HP_CAN1_TX_IRQHandler</a> from startup_stm32f10x_hd.o(.text) referenced from startup_stm32f10x_hd.o(RESET)
 <LI><a href="#[1e]">USB_LP_CAN1_RX0_IRQHandler</a> from can.o(.text) referenced from startup_stm32f10x_hd.o(RESET)
 <LI><a href="#[5]">UsageFault_Handler</a> from stm32f10x_it.o(.text) referenced from startup_stm32f10x_hd.o(RESET)
 <LI><a href="#[a]">WWDG_IRQHandler</a> from startup_stm32f10x_hd.o(.text) referenced from startup_stm32f10x_hd.o(RESET)
 <LI><a href="#[48]">__main</a> from entry.o(.ARM.Collect$$$$00000000) referenced from startup_stm32f10x_hd.o(.text)
 <LI><a href="#[46]">main</a> from main.o(.text) referenced from entry9a.o(.ARM.Collect$$$$0000000B)
</UL>
<P>
<H3>
Global Symbols
</H3>
<P><STRONG><a name="[48]"></a>__main</STRONG> (Thumb, 0 bytes, Stack size unknown bytes, entry.o(.ARM.Collect$$$$00000000))
<BR>[Address Reference Count : 1]<UL><LI> startup_stm32f10x_hd.o(.text)
</UL>
<P><STRONG><a name="[222]"></a>_main_stk</STRONG> (Thumb, 0 bytes, Stack size unknown bytes, entry2.o(.ARM.Collect$$$$00000001))

<P><STRONG><a name="[4a]"></a>_main_scatterload</STRONG> (Thumb, 0 bytes, Stack size unknown bytes, entry5.o(.ARM.Collect$$$$00000004))
<BR><BR>[Calls]<UL><LI><a href="#[4b]">&gt;&gt;</a>&nbsp;&nbsp;&nbsp;__scatterload
</UL>

<P><STRONG><a name="[221]"></a>__main_after_scatterload</STRONG> (Thumb, 0 bytes, Stack size unknown bytes, entry5.o(.ARM.Collect$$$$00000004))
<BR><BR>[Called By]<UL><LI><a href="#[4b]">&gt;&gt;</a>&nbsp;&nbsp;&nbsp;__scatterload
</UL>

<P><STRONG><a name="[223]"></a>_main_clock</STRONG> (Thumb, 0 bytes, Stack size unknown bytes, entry7b.o(.ARM.Collect$$$$00000008))

<P><STRONG><a name="[224]"></a>_main_cpp_init</STRONG> (Thumb, 0 bytes, Stack size unknown bytes, entry8b.o(.ARM.Collect$$$$0000000A))

<P><STRONG><a name="[225]"></a>_main_init</STRONG> (Thumb, 0 bytes, Stack size unknown bytes, entry9a.o(.ARM.Collect$$$$0000000B))

<P><STRONG><a name="[226]"></a>__rt_final_cpp</STRONG> (Thumb, 0 bytes, Stack size unknown bytes, entry10a.o(.ARM.Collect$$$$0000000D))

<P><STRONG><a name="[227]"></a>__rt_final_exit</STRONG> (Thumb, 0 bytes, Stack size unknown bytes, entry11a.o(.ARM.Collect$$$$0000000F))

<P><STRONG><a name="[47]"></a>SystemInit_ExtMemCtl</STRONG> (Thumb, 2 bytes, Stack size 0 bytes, startup_stm32f10x_hd.o(.text))
<BR>[Address Reference Count : 1]<UL><LI> startup_stm32f10x_hd.o(.text)
</UL>
<P><STRONG><a name="[49]"></a>Reset_Handler</STRONG> (Thumb, 14 bytes, Stack size 0 bytes, startup_stm32f10x_hd.o(.text))

<P><STRONG><a name="[1c]"></a>ADC1_2_IRQHandler</STRONG> (Thumb, 0 bytes, Stack size 0 bytes, startup_stm32f10x_hd.o(.text))
<BR><BR>[Calls]<UL><LI><a href="#[1c]">&gt;&gt;</a>&nbsp;&nbsp;&nbsp;ADC1_2_IRQHandler
</UL>
<BR>[Called By]<UL><LI><a href="#[1c]">&gt;&gt;</a>&nbsp;&nbsp;&nbsp;ADC1_2_IRQHandler
</UL>
<BR>[Address Reference Count : 1]<UL><LI> startup_stm32f10x_hd.o(RESET)
</UL>
<P><STRONG><a name="[39]"></a>ADC3_IRQHandler</STRONG> (Thumb, 0 bytes, Stack size 0 bytes, startup_stm32f10x_hd.o(.text))
<BR>[Address Reference Count : 1]<UL><LI> startup_stm32f10x_hd.o(RESET)
</UL>
<P><STRONG><a name="[1f]"></a>CAN1_RX1_IRQHandler</STRONG> (Thumb, 0 bytes, Stack size 0 bytes, startup_stm32f10x_hd.o(.text))
<BR>[Address Reference Count : 1]<UL><LI> startup_stm32f10x_hd.o(RESET)
</UL>
<P><STRONG><a name="[20]"></a>CAN1_SCE_IRQHandler</STRONG> (Thumb, 0 bytes, Stack size 0 bytes, startup_stm32f10x_hd.o(.text))
<BR>[Address Reference Count : 1]<UL><LI> startup_stm32f10x_hd.o(RESET)
</UL>
<P><STRONG><a name="[15]"></a>DMA1_Channel1_IRQHandler</STRONG> (Thumb, 0 bytes, Stack size 0 bytes, startup_stm32f10x_hd.o(.text))
<BR>[Address Reference Count : 1]<UL><LI> startup_stm32f10x_hd.o(RESET)
</UL>
<P><STRONG><a name="[16]"></a>DMA1_Channel2_IRQHandler</STRONG> (Thumb, 0 bytes, Stack size 0 bytes, startup_stm32f10x_hd.o(.text))
<BR>[Address Reference Count : 1]<UL><LI> startup_stm32f10x_hd.o(RESET)
</UL>
<P><STRONG><a name="[17]"></a>DMA1_Channel3_IRQHandler</STRONG> (Thumb, 0 bytes, Stack size 0 bytes, startup_stm32f10x_hd.o(.text))
<BR>[Address Reference Count : 1]<UL><LI> startup_stm32f10x_hd.o(RESET)
</UL>
<P><STRONG><a name="[18]"></a>DMA1_Channel4_IRQHandler</STRONG> (Thumb, 0 bytes, Stack size 0 bytes, startup_stm32f10x_hd.o(.text))
<BR>[Address Reference Count : 1]<UL><LI> startup_stm32f10x_hd.o(RESET)
</UL>
<P><STRONG><a name="[19]"></a>DMA1_Channel5_IRQHandler</STRONG> (Thumb, 0 bytes, Stack size 0 bytes, startup_stm32f10x_hd.o(.text))
<BR>[Address Reference Count : 1]<UL><LI> startup_stm32f10x_hd.o(RESET)
</UL>
<P><STRONG><a name="[1a]"></a>DMA1_Channel6_IRQHandler</STRONG> (Thumb, 0 bytes, Stack size 0 bytes, startup_stm32f10x_hd.o(.text))
<BR>[Address Reference Count : 1]<UL><LI> startup_stm32f10x_hd.o(RESET)
</UL>
<P><STRONG><a name="[1b]"></a>DMA1_Channel7_IRQHandler</STRONG> (Thumb, 0 bytes, Stack size 0 bytes, startup_stm32f10x_hd.o(.text))
<BR>[Address Reference Count : 1]<UL><LI> startup_stm32f10x_hd.o(RESET)
</UL>
<P><STRONG><a name="[42]"></a>DMA2_Channel1_IRQHandler</STRONG> (Thumb, 0 bytes, Stack size 0 bytes, startup_stm32f10x_hd.o(.text))
<BR>[Address Reference Count : 1]<UL><LI> startup_stm32f10x_hd.o(RESET)
</UL>
<P><STRONG><a name="[43]"></a>DMA2_Channel2_IRQHandler</STRONG> (Thumb, 0 bytes, Stack size 0 bytes, startup_stm32f10x_hd.o(.text))
<BR>[Address Reference Count : 1]<UL><LI> startup_stm32f10x_hd.o(RESET)
</UL>
<P><STRONG><a name="[44]"></a>DMA2_Channel3_IRQHandler</STRONG> (Thumb, 0 bytes, Stack size 0 bytes, startup_stm32f10x_hd.o(.text))
<BR>[Address Reference Count : 1]<UL><LI> startup_stm32f10x_hd.o(RESET)
</UL>
<P><STRONG><a name="[45]"></a>DMA2_Channel4_5_IRQHandler</STRONG> (Thumb, 0 bytes, Stack size 0 bytes, startup_stm32f10x_hd.o(.text))
<BR>[Address Reference Count : 1]<UL><LI> startup_stm32f10x_hd.o(RESET)
</UL>
<P><STRONG><a name="[10]"></a>EXTI0_IRQHandler</STRONG> (Thumb, 0 bytes, Stack size 0 bytes, startup_stm32f10x_hd.o(.text))
<BR>[Address Reference Count : 1]<UL><LI> startup_stm32f10x_hd.o(RESET)
</UL>
<P><STRONG><a name="[32]"></a>EXTI15_10_IRQHandler</STRONG> (Thumb, 0 bytes, Stack size 0 bytes, startup_stm32f10x_hd.o(.text))
<BR>[Address Reference Count : 1]<UL><LI> startup_stm32f10x_hd.o(RESET)
</UL>
<P><STRONG><a name="[11]"></a>EXTI1_IRQHandler</STRONG> (Thumb, 0 bytes, Stack size 0 bytes, startup_stm32f10x_hd.o(.text))
<BR>[Address Reference Count : 1]<UL><LI> startup_stm32f10x_hd.o(RESET)
</UL>
<P><STRONG><a name="[12]"></a>EXTI2_IRQHandler</STRONG> (Thumb, 0 bytes, Stack size 0 bytes, startup_stm32f10x_hd.o(.text))
<BR>[Address Reference Count : 1]<UL><LI> startup_stm32f10x_hd.o(RESET)
</UL>
<P><STRONG><a name="[13]"></a>EXTI3_IRQHandler</STRONG> (Thumb, 0 bytes, Stack size 0 bytes, startup_stm32f10x_hd.o(.text))
<BR>[Address Reference Count : 1]<UL><LI> startup_stm32f10x_hd.o(RESET)
</UL>
<P><STRONG><a name="[14]"></a>EXTI4_IRQHandler</STRONG> (Thumb, 0 bytes, Stack size 0 bytes, startup_stm32f10x_hd.o(.text))
<BR>[Address Reference Count : 1]<UL><LI> startup_stm32f10x_hd.o(RESET)
</UL>
<P><STRONG><a name="[21]"></a>EXTI9_5_IRQHandler</STRONG> (Thumb, 0 bytes, Stack size 0 bytes, startup_stm32f10x_hd.o(.text))
<BR>[Address Reference Count : 1]<UL><LI> startup_stm32f10x_hd.o(RESET)
</UL>
<P><STRONG><a name="[e]"></a>FLASH_IRQHandler</STRONG> (Thumb, 0 bytes, Stack size 0 bytes, startup_stm32f10x_hd.o(.text))
<BR>[Address Reference Count : 1]<UL><LI> startup_stm32f10x_hd.o(RESET)
</UL>
<P><STRONG><a name="[3a]"></a>FSMC_IRQHandler</STRONG> (Thumb, 0 bytes, Stack size 0 bytes, startup_stm32f10x_hd.o(.text))
<BR>[Address Reference Count : 1]<UL><LI> startup_stm32f10x_hd.o(RESET)
</UL>
<P><STRONG><a name="[2a]"></a>I2C1_ER_IRQHandler</STRONG> (Thumb, 0 bytes, Stack size 0 bytes, startup_stm32f10x_hd.o(.text))
<BR>[Address Reference Count : 1]<UL><LI> startup_stm32f10x_hd.o(RESET)
</UL>
<P><STRONG><a name="[29]"></a>I2C1_EV_IRQHandler</STRONG> (Thumb, 0 bytes, Stack size 0 bytes, startup_stm32f10x_hd.o(.text))
<BR>[Address Reference Count : 1]<UL><LI> startup_stm32f10x_hd.o(RESET)
</UL>
<P><STRONG><a name="[2c]"></a>I2C2_ER_IRQHandler</STRONG> (Thumb, 0 bytes, Stack size 0 bytes, startup_stm32f10x_hd.o(.text))
<BR>[Address Reference Count : 1]<UL><LI> startup_stm32f10x_hd.o(RESET)
</UL>
<P><STRONG><a name="[2b]"></a>I2C2_EV_IRQHandler</STRONG> (Thumb, 0 bytes, Stack size 0 bytes, startup_stm32f10x_hd.o(.text))
<BR>[Address Reference Count : 1]<UL><LI> startup_stm32f10x_hd.o(RESET)
</UL>
<P><STRONG><a name="[b]"></a>PVD_IRQHandler</STRONG> (Thumb, 0 bytes, Stack size 0 bytes, startup_stm32f10x_hd.o(.text))
<BR>[Address Reference Count : 1]<UL><LI> startup_stm32f10x_hd.o(RESET)
</UL>
<P><STRONG><a name="[f]"></a>RCC_IRQHandler</STRONG> (Thumb, 0 bytes, Stack size 0 bytes, startup_stm32f10x_hd.o(.text))
<BR>[Address Reference Count : 1]<UL><LI> startup_stm32f10x_hd.o(RESET)
</UL>
<P><STRONG><a name="[33]"></a>RTCAlarm_IRQHandler</STRONG> (Thumb, 0 bytes, Stack size 0 bytes, startup_stm32f10x_hd.o(.text))
<BR>[Address Reference Count : 1]<UL><LI> startup_stm32f10x_hd.o(RESET)
</UL>
<P><STRONG><a name="[d]"></a>RTC_IRQHandler</STRONG> (Thumb, 0 bytes, Stack size 0 bytes, startup_stm32f10x_hd.o(.text))
<BR>[Address Reference Count : 1]<UL><LI> startup_stm32f10x_hd.o(RESET)
</UL>
<P><STRONG><a name="[3b]"></a>SDIO_IRQHandler</STRONG> (Thumb, 0 bytes, Stack size 0 bytes, startup_stm32f10x_hd.o(.text))
<BR>[Address Reference Count : 1]<UL><LI> startup_stm32f10x_hd.o(RESET)
</UL>
<P><STRONG><a name="[2d]"></a>SPI1_IRQHandler</STRONG> (Thumb, 0 bytes, Stack size 0 bytes, startup_stm32f10x_hd.o(.text))
<BR>[Address Reference Count : 1]<UL><LI> startup_stm32f10x_hd.o(RESET)
</UL>
<P><STRONG><a name="[2e]"></a>SPI2_IRQHandler</STRONG> (Thumb, 0 bytes, Stack size 0 bytes, startup_stm32f10x_hd.o(.text))
<BR>[Address Reference Count : 1]<UL><LI> startup_stm32f10x_hd.o(RESET)
</UL>
<P><STRONG><a name="[3d]"></a>SPI3_IRQHandler</STRONG> (Thumb, 0 bytes, Stack size 0 bytes, startup_stm32f10x_hd.o(.text))
<BR>[Address Reference Count : 1]<UL><LI> startup_stm32f10x_hd.o(RESET)
</UL>
<P><STRONG><a name="[c]"></a>TAMPER_IRQHandler</STRONG> (Thumb, 0 bytes, Stack size 0 bytes, startup_stm32f10x_hd.o(.text))
<BR>[Address Reference Count : 1]<UL><LI> startup_stm32f10x_hd.o(RESET)
</UL>
<P><STRONG><a name="[22]"></a>TIM1_BRK_IRQHandler</STRONG> (Thumb, 0 bytes, Stack size 0 bytes, startup_stm32f10x_hd.o(.text))
<BR>[Address Reference Count : 1]<UL><LI> startup_stm32f10x_hd.o(RESET)
</UL>
<P><STRONG><a name="[25]"></a>TIM1_CC_IRQHandler</STRONG> (Thumb, 0 bytes, Stack size 0 bytes, startup_stm32f10x_hd.o(.text))
<BR>[Address Reference Count : 1]<UL><LI> startup_stm32f10x_hd.o(RESET)
</UL>
<P><STRONG><a name="[24]"></a>TIM1_TRG_COM_IRQHandler</STRONG> (Thumb, 0 bytes, Stack size 0 bytes, startup_stm32f10x_hd.o(.text))
<BR>[Address Reference Count : 1]<UL><LI> startup_stm32f10x_hd.o(RESET)
</UL>
<P><STRONG><a name="[23]"></a>TIM1_UP_IRQHandler</STRONG> (Thumb, 0 bytes, Stack size 0 bytes, startup_stm32f10x_hd.o(.text))
<BR>[Address Reference Count : 1]<UL><LI> startup_stm32f10x_hd.o(RESET)
</UL>
<P><STRONG><a name="[26]"></a>TIM2_IRQHandler</STRONG> (Thumb, 0 bytes, Stack size 0 bytes, startup_stm32f10x_hd.o(.text))
<BR>[Address Reference Count : 1]<UL><LI> startup_stm32f10x_hd.o(RESET)
</UL>
<P><STRONG><a name="[27]"></a>TIM3_IRQHandler</STRONG> (Thumb, 0 bytes, Stack size 0 bytes, startup_stm32f10x_hd.o(.text))
<BR>[Address Reference Count : 1]<UL><LI> startup_stm32f10x_hd.o(RESET)
</UL>
<P><STRONG><a name="[28]"></a>TIM4_IRQHandler</STRONG> (Thumb, 0 bytes, Stack size 0 bytes, startup_stm32f10x_hd.o(.text))
<BR>[Address Reference Count : 1]<UL><LI> startup_stm32f10x_hd.o(RESET)
</UL>
<P><STRONG><a name="[3c]"></a>TIM5_IRQHandler</STRONG> (Thumb, 0 bytes, Stack size 0 bytes, startup_stm32f10x_hd.o(.text))
<BR>[Address Reference Count : 1]<UL><LI> startup_stm32f10x_hd.o(RESET)
</UL>
<P><STRONG><a name="[40]"></a>TIM6_IRQHandler</STRONG> (Thumb, 0 bytes, Stack size 0 bytes, startup_stm32f10x_hd.o(.text))
<BR>[Address Reference Count : 1]<UL><LI> startup_stm32f10x_hd.o(RESET)
</UL>
<P><STRONG><a name="[41]"></a>TIM7_IRQHandler</STRONG> (Thumb, 0 bytes, Stack size 0 bytes, startup_stm32f10x_hd.o(.text))
<BR>[Address Reference Count : 1]<UL><LI> startup_stm32f10x_hd.o(RESET)
</UL>
<P><STRONG><a name="[35]"></a>TIM8_BRK_IRQHandler</STRONG> (Thumb, 0 bytes, Stack size 0 bytes, startup_stm32f10x_hd.o(.text))
<BR>[Address Reference Count : 1]<UL><LI> startup_stm32f10x_hd.o(RESET)
</UL>
<P><STRONG><a name="[38]"></a>TIM8_CC_IRQHandler</STRONG> (Thumb, 0 bytes, Stack size 0 bytes, startup_stm32f10x_hd.o(.text))
<BR>[Address Reference Count : 1]<UL><LI> startup_stm32f10x_hd.o(RESET)
</UL>
<P><STRONG><a name="[37]"></a>TIM8_TRG_COM_IRQHandler</STRONG> (Thumb, 0 bytes, Stack size 0 bytes, startup_stm32f10x_hd.o(.text))
<BR>[Address Reference Count : 1]<UL><LI> startup_stm32f10x_hd.o(RESET)
</UL>
<P><STRONG><a name="[36]"></a>TIM8_UP_IRQHandler</STRONG> (Thumb, 0 bytes, Stack size 0 bytes, startup_stm32f10x_hd.o(.text))
<BR>[Address Reference Count : 1]<UL><LI> startup_stm32f10x_hd.o(RESET)
</UL>
<P><STRONG><a name="[3e]"></a>UART4_IRQHandler</STRONG> (Thumb, 0 bytes, Stack size 0 bytes, startup_stm32f10x_hd.o(.text))
<BR>[Address Reference Count : 1]<UL><LI> startup_stm32f10x_hd.o(RESET)
</UL>
<P><STRONG><a name="[3f]"></a>UART5_IRQHandler</STRONG> (Thumb, 0 bytes, Stack size 0 bytes, startup_stm32f10x_hd.o(.text))
<BR>[Address Reference Count : 1]<UL><LI> startup_stm32f10x_hd.o(RESET)
</UL>
<P><STRONG><a name="[2f]"></a>USART1_IRQHandler</STRONG> (Thumb, 0 bytes, Stack size 0 bytes, startup_stm32f10x_hd.o(.text))
<BR>[Address Reference Count : 1]<UL><LI> startup_stm32f10x_hd.o(RESET)
</UL>
<P><STRONG><a name="[30]"></a>USART2_IRQHandler</STRONG> (Thumb, 0 bytes, Stack size 0 bytes, startup_stm32f10x_hd.o(.text))
<BR>[Address Reference Count : 1]<UL><LI> startup_stm32f10x_hd.o(RESET)
</UL>
<P><STRONG><a name="[31]"></a>USART3_IRQHandler</STRONG> (Thumb, 0 bytes, Stack size 0 bytes, startup_stm32f10x_hd.o(.text))
<BR>[Address Reference Count : 1]<UL><LI> startup_stm32f10x_hd.o(RESET)
</UL>
<P><STRONG><a name="[34]"></a>USBWakeUp_IRQHandler</STRONG> (Thumb, 0 bytes, Stack size 0 bytes, startup_stm32f10x_hd.o(.text))
<BR>[Address Reference Count : 1]<UL><LI> startup_stm32f10x_hd.o(RESET)
</UL>
<P><STRONG><a name="[1d]"></a>USB_HP_CAN1_TX_IRQHandler</STRONG> (Thumb, 0 bytes, Stack size 0 bytes, startup_stm32f10x_hd.o(.text))
<BR>[Address Reference Count : 1]<UL><LI> startup_stm32f10x_hd.o(RESET)
</UL>
<P><STRONG><a name="[a]"></a>WWDG_IRQHandler</STRONG> (Thumb, 0 bytes, Stack size 0 bytes, startup_stm32f10x_hd.o(.text))
<BR>[Address Reference Count : 1]<UL><LI> startup_stm32f10x_hd.o(RESET)
</UL>
<P><STRONG><a name="[51]"></a>Delay</STRONG> (Thumb, 18 bytes, Stack size 8 bytes, main.o(.text))
<BR><BR>[Stack]<UL><LI>Max Depth = 8<LI>Call Chain = Delay
</UL>
<BR>[Called By]<UL><LI><a href="#[5a]">&gt;&gt;</a>&nbsp;&nbsp;&nbsp;testallmsg_group1
<LI><a href="#[46]">&gt;&gt;</a>&nbsp;&nbsp;&nbsp;main
<LI><a href="#[4f]">&gt;&gt;</a>&nbsp;&nbsp;&nbsp;GetKey
</UL>

<P><STRONG><a name="[4c]"></a>KeyInit</STRONG> (Thumb, 76 bytes, Stack size 8 bytes, main.o(.text))
<BR><BR>[Stack]<UL><LI>Max Depth = 32<LI>Call Chain = KeyInit &rArr; GPIO_Init
</UL>
<BR>[Calls]<UL><LI><a href="#[4d]">&gt;&gt;</a>&nbsp;&nbsp;&nbsp;RCC_APB2PeriphClockCmd
<LI><a href="#[4e]">&gt;&gt;</a>&nbsp;&nbsp;&nbsp;GPIO_Init
</UL>
<BR>[Called By]<UL><LI><a href="#[46]">&gt;&gt;</a>&nbsp;&nbsp;&nbsp;main
</UL>

<P><STRONG><a name="[4f]"></a>GetKey</STRONG> (Thumb, 152 bytes, Stack size 8 bytes, main.o(.text), UNUSED)
<BR><BR>[Calls]<UL><LI><a href="#[52]">&gt;&gt;</a>&nbsp;&nbsp;&nbsp;can_tx
<LI><a href="#[53]">&gt;&gt;</a>&nbsp;&nbsp;&nbsp;GPIO_SetBits
<LI><a href="#[50]">&gt;&gt;</a>&nbsp;&nbsp;&nbsp;GPIO_ReadInputDataBit
<LI><a href="#[51]">&gt;&gt;</a>&nbsp;&nbsp;&nbsp;Delay
</UL>

<P><STRONG><a name="[46]"></a>main</STRONG> (Thumb, 100 bytes, Stack size 0 bytes, main.o(.text))
<BR><BR>[Stack]<UL><LI>Max Depth = 496<LI>Call Chain = main &rArr; testallmsg_group1 &rArr; config_CCVS1 &rArr; Parameter_Translate &rArr; __aeabi_dadd &rArr; _double_epilogue &rArr; _double_round
</UL>
<BR>[Calls]<UL><LI><a href="#[5a]">&gt;&gt;</a>&nbsp;&nbsp;&nbsp;testallmsg_group1
<LI><a href="#[54]">&gt;&gt;</a>&nbsp;&nbsp;&nbsp;SystemInit
<LI><a href="#[55]">&gt;&gt;</a>&nbsp;&nbsp;&nbsp;LED_GPIO_Config
<LI><a href="#[59]">&gt;&gt;</a>&nbsp;&nbsp;&nbsp;J1939_Initialization
<LI><a href="#[53]">&gt;&gt;</a>&nbsp;&nbsp;&nbsp;GPIO_SetBits
<LI><a href="#[57]">&gt;&gt;</a>&nbsp;&nbsp;&nbsp;CAN_NVIC_Configuration
<LI><a href="#[58]">&gt;&gt;</a>&nbsp;&nbsp;&nbsp;CAN_INIT
<LI><a href="#[56]">&gt;&gt;</a>&nbsp;&nbsp;&nbsp;CAN_GPIO_Config
<LI><a href="#[4c]">&gt;&gt;</a>&nbsp;&nbsp;&nbsp;KeyInit
<LI><a href="#[51]">&gt;&gt;</a>&nbsp;&nbsp;&nbsp;Delay
</UL>
<BR>[Address Reference Count : 1]<UL><LI> entry9a.o(.ARM.Collect$$$$0000000B)
</UL>
<P><STRONG><a name="[5b]"></a>send_massage</STRONG> (Thumb, 108 bytes, Stack size 8 bytes, main.o(.text))
<BR><BR>[Stack]<UL><LI>Max Depth = 24<LI>Call Chain = send_massage &rArr; J1939_EnqueueMessage
</UL>
<BR>[Calls]<UL><LI><a href="#[5c]">&gt;&gt;</a>&nbsp;&nbsp;&nbsp;J1939_Poll
<LI><a href="#[5d]">&gt;&gt;</a>&nbsp;&nbsp;&nbsp;J1939_EnqueueMessage
</UL>
<BR>[Called By]<UL><LI><a href="#[5a]">&gt;&gt;</a>&nbsp;&nbsp;&nbsp;testallmsg_group1
</UL>

<P><STRONG><a name="[1]"></a>NMI_Handler</STRONG> (Thumb, 2 bytes, Stack size 0 bytes, stm32f10x_it.o(.text))
<BR>[Address Reference Count : 1]<UL><LI> startup_stm32f10x_hd.o(RESET)
</UL>
<P><STRONG><a name="[2]"></a>HardFault_Handler</STRONG> (Thumb, 4 bytes, Stack size 0 bytes, stm32f10x_it.o(.text))
<BR>[Address Reference Count : 1]<UL><LI> startup_stm32f10x_hd.o(RESET)
</UL>
<P><STRONG><a name="[3]"></a>MemManage_Handler</STRONG> (Thumb, 4 bytes, Stack size 0 bytes, stm32f10x_it.o(.text))
<BR>[Address Reference Count : 1]<UL><LI> startup_stm32f10x_hd.o(RESET)
</UL>
<P><STRONG><a name="[4]"></a>BusFault_Handler</STRONG> (Thumb, 4 bytes, Stack size 0 bytes, stm32f10x_it.o(.text))
<BR>[Address Reference Count : 1]<UL><LI> startup_stm32f10x_hd.o(RESET)
</UL>
<P><STRONG><a name="[5]"></a>UsageFault_Handler</STRONG> (Thumb, 4 bytes, Stack size 0 bytes, stm32f10x_it.o(.text))
<BR>[Address Reference Count : 1]<UL><LI> startup_stm32f10x_hd.o(RESET)
</UL>
<P><STRONG><a name="[6]"></a>SVC_Handler</STRONG> (Thumb, 2 bytes, Stack size 0 bytes, stm32f10x_it.o(.text))
<BR>[Address Reference Count : 1]<UL><LI> startup_stm32f10x_hd.o(RESET)
</UL>
<P><STRONG><a name="[7]"></a>DebugMon_Handler</STRONG> (Thumb, 2 bytes, Stack size 0 bytes, stm32f10x_it.o(.text))
<BR>[Address Reference Count : 1]<UL><LI> startup_stm32f10x_hd.o(RESET)
</UL>
<P><STRONG><a name="[8]"></a>PendSV_Handler</STRONG> (Thumb, 2 bytes, Stack size 0 bytes, stm32f10x_it.o(.text))
<BR>[Address Reference Count : 1]<UL><LI> startup_stm32f10x_hd.o(RESET)
</UL>
<P><STRONG><a name="[9]"></a>SysTick_Handler</STRONG> (Thumb, 2 bytes, Stack size 0 bytes, stm32f10x_it.o(.text))
<BR>[Address Reference Count : 1]<UL><LI> startup_stm32f10x_hd.o(RESET)
</UL>
<P><STRONG><a name="[57]"></a>CAN_NVIC_Configuration</STRONG> (Thumb, 50 bytes, Stack size 8 bytes, can.o(.text))
<BR><BR>[Stack]<UL><LI>Max Depth = 24<LI>Call Chain = CAN_NVIC_Configuration &rArr; NVIC_Init
</UL>
<BR>[Calls]<UL><LI><a href="#[5f]">&gt;&gt;</a>&nbsp;&nbsp;&nbsp;NVIC_SetVectorTable
<LI><a href="#[5e]">&gt;&gt;</a>&nbsp;&nbsp;&nbsp;NVIC_PriorityGroupConfig
<LI><a href="#[60]">&gt;&gt;</a>&nbsp;&nbsp;&nbsp;NVIC_Init
</UL>
<BR>[Called By]<UL><LI><a href="#[46]">&gt;&gt;</a>&nbsp;&nbsp;&nbsp;main
</UL>

<P><STRONG><a name="[56]"></a>CAN_GPIO_Config</STRONG> (Thumb, 74 bytes, Stack size 8 bytes, can.o(.text))
<BR><BR>[Stack]<UL><LI>Max Depth = 32<LI>Call Chain = CAN_GPIO_Config &rArr; GPIO_Init
</UL>
<BR>[Calls]<UL><LI><a href="#[61]">&gt;&gt;</a>&nbsp;&nbsp;&nbsp;RCC_APB1PeriphClockCmd
<LI><a href="#[62]">&gt;&gt;</a>&nbsp;&nbsp;&nbsp;GPIO_PinRemapConfig
<LI><a href="#[4d]">&gt;&gt;</a>&nbsp;&nbsp;&nbsp;RCC_APB2PeriphClockCmd
<LI><a href="#[4e]">&gt;&gt;</a>&nbsp;&nbsp;&nbsp;GPIO_Init
</UL>
<BR>[Called By]<UL><LI><a href="#[46]">&gt;&gt;</a>&nbsp;&nbsp;&nbsp;main
</UL>

<P><STRONG><a name="[58]"></a>CAN_INIT</STRONG> (Thumb, 142 bytes, Stack size 32 bytes, can.o(.text))
<BR><BR>[Stack]<UL><LI>Max Depth = 44<LI>Call Chain = CAN_INIT &rArr; CAN_Init
</UL>
<BR>[Calls]<UL><LI><a href="#[64]">&gt;&gt;</a>&nbsp;&nbsp;&nbsp;CAN_StructInit
<LI><a href="#[65]">&gt;&gt;</a>&nbsp;&nbsp;&nbsp;CAN_Init
<LI><a href="#[67]">&gt;&gt;</a>&nbsp;&nbsp;&nbsp;CAN_ITConfig
<LI><a href="#[66]">&gt;&gt;</a>&nbsp;&nbsp;&nbsp;CAN_FilterInit
<LI><a href="#[63]">&gt;&gt;</a>&nbsp;&nbsp;&nbsp;CAN_DeInit
</UL>
<BR>[Called By]<UL><LI><a href="#[46]">&gt;&gt;</a>&nbsp;&nbsp;&nbsp;main
</UL>

<P><STRONG><a name="[52]"></a>can_tx</STRONG> (Thumb, 52 bytes, Stack size 32 bytes, can.o(.text), UNUSED)
<BR><BR>[Calls]<UL><LI><a href="#[68]">&gt;&gt;</a>&nbsp;&nbsp;&nbsp;CAN_Transmit
</UL>
<BR>[Called By]<UL><LI><a href="#[4f]">&gt;&gt;</a>&nbsp;&nbsp;&nbsp;GetKey
</UL>

<P><STRONG><a name="[1e]"></a>USB_LP_CAN1_RX0_IRQHandler</STRONG> (Thumb, 8 bytes, Stack size 8 bytes, can.o(.text))
<BR><BR>[Stack]<UL><LI>Max Depth = 120<LI>Call Chain = USB_LP_CAN1_RX0_IRQHandler &rArr; J1939_ISR &rArr; J1939_ReceiveMessages &rArr; J1939_Response &rArr; SendOneMessage &rArr; J1939_CAN_Transmit &rArr; CAN_Transmit
</UL>
<BR>[Calls]<UL><LI><a href="#[69]">&gt;&gt;</a>&nbsp;&nbsp;&nbsp;J1939_ISR
</UL>
<BR>[Address Reference Count : 1]<UL><LI> startup_stm32f10x_hd.o(RESET)
</UL>
<P><STRONG><a name="[55]"></a>LED_GPIO_Config</STRONG> (Thumb, 50 bytes, Stack size 8 bytes, led.o(.text))
<BR><BR>[Stack]<UL><LI>Max Depth = 32<LI>Call Chain = LED_GPIO_Config &rArr; GPIO_Init
</UL>
<BR>[Calls]<UL><LI><a href="#[4d]">&gt;&gt;</a>&nbsp;&nbsp;&nbsp;RCC_APB2PeriphClockCmd
<LI><a href="#[53]">&gt;&gt;</a>&nbsp;&nbsp;&nbsp;GPIO_SetBits
<LI><a href="#[4e]">&gt;&gt;</a>&nbsp;&nbsp;&nbsp;GPIO_Init
</UL>
<BR>[Called By]<UL><LI><a href="#[46]">&gt;&gt;</a>&nbsp;&nbsp;&nbsp;main
</UL>

<P><STRONG><a name="[6a]"></a>GPIO_DeInit</STRONG> (Thumb, 188 bytes, Stack size 8 bytes, stm32f10x_gpio.o(.text), UNUSED)
<BR><BR>[Calls]<UL><LI><a href="#[6b]">&gt;&gt;</a>&nbsp;&nbsp;&nbsp;RCC_APB2PeriphResetCmd
</UL>

<P><STRONG><a name="[6c]"></a>GPIO_AFIODeInit</STRONG> (Thumb, 20 bytes, Stack size 8 bytes, stm32f10x_gpio.o(.text), UNUSED)
<BR><BR>[Calls]<UL><LI><a href="#[6b]">&gt;&gt;</a>&nbsp;&nbsp;&nbsp;RCC_APB2PeriphResetCmd
</UL>

<P><STRONG><a name="[4e]"></a>GPIO_Init</STRONG> (Thumb, 278 bytes, Stack size 24 bytes, stm32f10x_gpio.o(.text))
<BR><BR>[Stack]<UL><LI>Max Depth = 24<LI>Call Chain = GPIO_Init
</UL>
<BR>[Called By]<UL><LI><a href="#[55]">&gt;&gt;</a>&nbsp;&nbsp;&nbsp;LED_GPIO_Config
<LI><a href="#[56]">&gt;&gt;</a>&nbsp;&nbsp;&nbsp;CAN_GPIO_Config
<LI><a href="#[4c]">&gt;&gt;</a>&nbsp;&nbsp;&nbsp;KeyInit
</UL>

<P><STRONG><a name="[228]"></a>GPIO_StructInit</STRONG> (Thumb, 16 bytes, Stack size 0 bytes, stm32f10x_gpio.o(.text), UNUSED)

<P><STRONG><a name="[50]"></a>GPIO_ReadInputDataBit</STRONG> (Thumb, 18 bytes, Stack size 0 bytes, stm32f10x_gpio.o(.text), UNUSED)
<BR><BR>[Called By]<UL><LI><a href="#[4f]">&gt;&gt;</a>&nbsp;&nbsp;&nbsp;GetKey
</UL>

<P><STRONG><a name="[229]"></a>GPIO_ReadInputData</STRONG> (Thumb, 8 bytes, Stack size 0 bytes, stm32f10x_gpio.o(.text), UNUSED)

<P><STRONG><a name="[22a]"></a>GPIO_ReadOutputDataBit</STRONG> (Thumb, 18 bytes, Stack size 0 bytes, stm32f10x_gpio.o(.text), UNUSED)

<P><STRONG><a name="[22b]"></a>GPIO_ReadOutputData</STRONG> (Thumb, 8 bytes, Stack size 0 bytes, stm32f10x_gpio.o(.text), UNUSED)

<P><STRONG><a name="[53]"></a>GPIO_SetBits</STRONG> (Thumb, 4 bytes, Stack size 0 bytes, stm32f10x_gpio.o(.text))
<BR><BR>[Called By]<UL><LI><a href="#[55]">&gt;&gt;</a>&nbsp;&nbsp;&nbsp;LED_GPIO_Config
<LI><a href="#[46]">&gt;&gt;</a>&nbsp;&nbsp;&nbsp;main
<LI><a href="#[4f]">&gt;&gt;</a>&nbsp;&nbsp;&nbsp;GetKey
</UL>

<P><STRONG><a name="[22c]"></a>GPIO_ResetBits</STRONG> (Thumb, 4 bytes, Stack size 0 bytes, stm32f10x_gpio.o(.text), UNUSED)

<P><STRONG><a name="[22d]"></a>GPIO_WriteBit</STRONG> (Thumb, 10 bytes, Stack size 0 bytes, stm32f10x_gpio.o(.text), UNUSED)

<P><STRONG><a name="[22e]"></a>GPIO_Write</STRONG> (Thumb, 4 bytes, Stack size 0 bytes, stm32f10x_gpio.o(.text), UNUSED)

<P><STRONG><a name="[22f]"></a>GPIO_PinLockConfig</STRONG> (Thumb, 18 bytes, Stack size 0 bytes, stm32f10x_gpio.o(.text), UNUSED)

<P><STRONG><a name="[230]"></a>GPIO_EventOutputConfig</STRONG> (Thumb, 26 bytes, Stack size 0 bytes, stm32f10x_gpio.o(.text), UNUSED)

<P><STRONG><a name="[231]"></a>GPIO_EventOutputCmd</STRONG> (Thumb, 6 bytes, Stack size 0 bytes, stm32f10x_gpio.o(.text), UNUSED)

<P><STRONG><a name="[62]"></a>GPIO_PinRemapConfig</STRONG> (Thumb, 106 bytes, Stack size 20 bytes, stm32f10x_gpio.o(.text))
<BR><BR>[Stack]<UL><LI>Max Depth = 20<LI>Call Chain = GPIO_PinRemapConfig
</UL>
<BR>[Called By]<UL><LI><a href="#[56]">&gt;&gt;</a>&nbsp;&nbsp;&nbsp;CAN_GPIO_Config
</UL>

<P><STRONG><a name="[232]"></a>GPIO_EXTILineConfig</STRONG> (Thumb, 66 bytes, Stack size 12 bytes, stm32f10x_gpio.o(.text), UNUSED)

<P><STRONG><a name="[233]"></a>RCC_DeInit</STRONG> (Thumb, 62 bytes, Stack size 0 bytes, stm32f10x_rcc.o(.text), UNUSED)

<P><STRONG><a name="[234]"></a>RCC_HSEConfig</STRONG> (Thumb, 70 bytes, Stack size 0 bytes, stm32f10x_rcc.o(.text), UNUSED)

<P><STRONG><a name="[6e]"></a>RCC_GetFlagStatus</STRONG> (Thumb, 56 bytes, Stack size 8 bytes, stm32f10x_rcc.o(.text), UNUSED)
<BR><BR>[Called By]<UL><LI><a href="#[6d]">&gt;&gt;</a>&nbsp;&nbsp;&nbsp;RCC_WaitForHSEStartUp
</UL>

<P><STRONG><a name="[6d]"></a>RCC_WaitForHSEStartUp</STRONG> (Thumb, 54 bytes, Stack size 16 bytes, stm32f10x_rcc.o(.text), UNUSED)
<BR><BR>[Calls]<UL><LI><a href="#[6e]">&gt;&gt;</a>&nbsp;&nbsp;&nbsp;RCC_GetFlagStatus
</UL>

<P><STRONG><a name="[235]"></a>RCC_AdjustHSICalibrationValue</STRONG> (Thumb, 20 bytes, Stack size 0 bytes, stm32f10x_rcc.o(.text), UNUSED)

<P><STRONG><a name="[236]"></a>RCC_HSICmd</STRONG> (Thumb, 6 bytes, Stack size 0 bytes, stm32f10x_rcc.o(.text), UNUSED)

<P><STRONG><a name="[237]"></a>RCC_PLLConfig</STRONG> (Thumb, 24 bytes, Stack size 0 bytes, stm32f10x_rcc.o(.text), UNUSED)

<P><STRONG><a name="[238]"></a>RCC_PLLCmd</STRONG> (Thumb, 6 bytes, Stack size 0 bytes, stm32f10x_rcc.o(.text), UNUSED)

<P><STRONG><a name="[239]"></a>RCC_SYSCLKConfig</STRONG> (Thumb, 18 bytes, Stack size 0 bytes, stm32f10x_rcc.o(.text), UNUSED)

<P><STRONG><a name="[23a]"></a>RCC_GetSYSCLKSource</STRONG> (Thumb, 10 bytes, Stack size 0 bytes, stm32f10x_rcc.o(.text), UNUSED)

<P><STRONG><a name="[23b]"></a>RCC_HCLKConfig</STRONG> (Thumb, 18 bytes, Stack size 0 bytes, stm32f10x_rcc.o(.text), UNUSED)

<P><STRONG><a name="[23c]"></a>RCC_PCLK1Config</STRONG> (Thumb, 18 bytes, Stack size 0 bytes, stm32f10x_rcc.o(.text), UNUSED)

<P><STRONG><a name="[23d]"></a>RCC_PCLK2Config</STRONG> (Thumb, 20 bytes, Stack size 0 bytes, stm32f10x_rcc.o(.text), UNUSED)

<P><STRONG><a name="[23e]"></a>RCC_ITConfig</STRONG> (Thumb, 26 bytes, Stack size 0 bytes, stm32f10x_rcc.o(.text), UNUSED)

<P><STRONG><a name="[23f]"></a>RCC_USBCLKConfig</STRONG> (Thumb, 8 bytes, Stack size 0 bytes, stm32f10x_rcc.o(.text), UNUSED)

<P><STRONG><a name="[240]"></a>RCC_ADCCLKConfig</STRONG> (Thumb, 18 bytes, Stack size 0 bytes, stm32f10x_rcc.o(.text), UNUSED)

<P><STRONG><a name="[241]"></a>RCC_LSEConfig</STRONG> (Thumb, 50 bytes, Stack size 0 bytes, stm32f10x_rcc.o(.text), UNUSED)

<P><STRONG><a name="[242]"></a>RCC_LSICmd</STRONG> (Thumb, 6 bytes, Stack size 0 bytes, stm32f10x_rcc.o(.text), UNUSED)

<P><STRONG><a name="[243]"></a>RCC_RTCCLKConfig</STRONG> (Thumb, 12 bytes, Stack size 0 bytes, stm32f10x_rcc.o(.text), UNUSED)

<P><STRONG><a name="[244]"></a>RCC_RTCCLKCmd</STRONG> (Thumb, 8 bytes, Stack size 0 bytes, stm32f10x_rcc.o(.text), UNUSED)

<P><STRONG><a name="[245]"></a>RCC_GetClocksFreq</STRONG> (Thumb, 192 bytes, Stack size 12 bytes, stm32f10x_rcc.o(.text), UNUSED)

<P><STRONG><a name="[246]"></a>RCC_AHBPeriphClockCmd</STRONG> (Thumb, 26 bytes, Stack size 0 bytes, stm32f10x_rcc.o(.text), UNUSED)

<P><STRONG><a name="[4d]"></a>RCC_APB2PeriphClockCmd</STRONG> (Thumb, 26 bytes, Stack size 0 bytes, stm32f10x_rcc.o(.text))
<BR><BR>[Called By]<UL><LI><a href="#[55]">&gt;&gt;</a>&nbsp;&nbsp;&nbsp;LED_GPIO_Config
<LI><a href="#[56]">&gt;&gt;</a>&nbsp;&nbsp;&nbsp;CAN_GPIO_Config
<LI><a href="#[4c]">&gt;&gt;</a>&nbsp;&nbsp;&nbsp;KeyInit
</UL>

<P><STRONG><a name="[61]"></a>RCC_APB1PeriphClockCmd</STRONG> (Thumb, 26 bytes, Stack size 0 bytes, stm32f10x_rcc.o(.text))
<BR><BR>[Called By]<UL><LI><a href="#[56]">&gt;&gt;</a>&nbsp;&nbsp;&nbsp;CAN_GPIO_Config
</UL>

<P><STRONG><a name="[6b]"></a>RCC_APB2PeriphResetCmd</STRONG> (Thumb, 26 bytes, Stack size 0 bytes, stm32f10x_rcc.o(.text), UNUSED)
<BR><BR>[Called By]<UL><LI><a href="#[6c]">&gt;&gt;</a>&nbsp;&nbsp;&nbsp;GPIO_AFIODeInit
<LI><a href="#[6a]">&gt;&gt;</a>&nbsp;&nbsp;&nbsp;GPIO_DeInit
</UL>

<P><STRONG><a name="[6f]"></a>RCC_APB1PeriphResetCmd</STRONG> (Thumb, 26 bytes, Stack size 0 bytes, stm32f10x_rcc.o(.text))
<BR><BR>[Called By]<UL><LI><a href="#[63]">&gt;&gt;</a>&nbsp;&nbsp;&nbsp;CAN_DeInit
</UL>

<P><STRONG><a name="[247]"></a>RCC_BackupResetCmd</STRONG> (Thumb, 8 bytes, Stack size 0 bytes, stm32f10x_rcc.o(.text), UNUSED)

<P><STRONG><a name="[248]"></a>RCC_ClockSecuritySystemCmd</STRONG> (Thumb, 6 bytes, Stack size 0 bytes, stm32f10x_rcc.o(.text), UNUSED)

<P><STRONG><a name="[249]"></a>RCC_MCOConfig</STRONG> (Thumb, 6 bytes, Stack size 0 bytes, stm32f10x_rcc.o(.text), UNUSED)

<P><STRONG><a name="[24a]"></a>RCC_ClearFlag</STRONG> (Thumb, 14 bytes, Stack size 0 bytes, stm32f10x_rcc.o(.text), UNUSED)

<P><STRONG><a name="[24b]"></a>RCC_GetITStatus</STRONG> (Thumb, 20 bytes, Stack size 0 bytes, stm32f10x_rcc.o(.text), UNUSED)

<P><STRONG><a name="[24c]"></a>RCC_ClearITPendingBit</STRONG> (Thumb, 6 bytes, Stack size 0 bytes, stm32f10x_rcc.o(.text), UNUSED)

<P><STRONG><a name="[63]"></a>CAN_DeInit</STRONG> (Thumb, 36 bytes, Stack size 8 bytes, stm32f10x_can.o(.text))
<BR><BR>[Stack]<UL><LI>Max Depth = 8<LI>Call Chain = CAN_DeInit
</UL>
<BR>[Calls]<UL><LI><a href="#[6f]">&gt;&gt;</a>&nbsp;&nbsp;&nbsp;RCC_APB1PeriphResetCmd
</UL>
<BR>[Called By]<UL><LI><a href="#[58]">&gt;&gt;</a>&nbsp;&nbsp;&nbsp;CAN_INIT
</UL>

<P><STRONG><a name="[65]"></a>CAN_Init</STRONG> (Thumb, 280 bytes, Stack size 12 bytes, stm32f10x_can.o(.text))
<BR><BR>[Stack]<UL><LI>Max Depth = 12<LI>Call Chain = CAN_Init
</UL>
<BR>[Called By]<UL><LI><a href="#[58]">&gt;&gt;</a>&nbsp;&nbsp;&nbsp;CAN_INIT
</UL>

<P><STRONG><a name="[66]"></a>CAN_FilterInit</STRONG> (Thumb, 258 bytes, Stack size 8 bytes, stm32f10x_can.o(.text))
<BR><BR>[Stack]<UL><LI>Max Depth = 8<LI>Call Chain = CAN_FilterInit
</UL>
<BR>[Called By]<UL><LI><a href="#[58]">&gt;&gt;</a>&nbsp;&nbsp;&nbsp;CAN_INIT
</UL>

<P><STRONG><a name="[64]"></a>CAN_StructInit</STRONG> (Thumb, 32 bytes, Stack size 0 bytes, stm32f10x_can.o(.text))
<BR><BR>[Called By]<UL><LI><a href="#[58]">&gt;&gt;</a>&nbsp;&nbsp;&nbsp;CAN_INIT
</UL>

<P><STRONG><a name="[67]"></a>CAN_ITConfig</STRONG> (Thumb, 18 bytes, Stack size 0 bytes, stm32f10x_can.o(.text))
<BR><BR>[Called By]<UL><LI><a href="#[58]">&gt;&gt;</a>&nbsp;&nbsp;&nbsp;CAN_INIT
</UL>

<P><STRONG><a name="[68]"></a>CAN_Transmit</STRONG> (Thumb, 294 bytes, Stack size 8 bytes, stm32f10x_can.o(.text))
<BR><BR>[Stack]<UL><LI>Max Depth = 8<LI>Call Chain = CAN_Transmit
</UL>
<BR>[Called By]<UL><LI><a href="#[76]">&gt;&gt;</a>&nbsp;&nbsp;&nbsp;J1939_CAN_Transmit
<LI><a href="#[52]">&gt;&gt;</a>&nbsp;&nbsp;&nbsp;can_tx
</UL>

<P><STRONG><a name="[77]"></a>CAN_TransmitStatus</STRONG> (Thumb, 152 bytes, Stack size 0 bytes, stm32f10x_can.o(.text))
<BR><BR>[Called By]<UL><LI><a href="#[76]">&gt;&gt;</a>&nbsp;&nbsp;&nbsp;J1939_CAN_Transmit
</UL>

<P><STRONG><a name="[24d]"></a>CAN_CancelTransmit</STRONG> (Thumb, 48 bytes, Stack size 0 bytes, stm32f10x_can.o(.text), UNUSED)

<P><STRONG><a name="[71]"></a>CAN_FIFORelease</STRONG> (Thumb, 14 bytes, Stack size 0 bytes, stm32f10x_can.o(.text))
<BR><BR>[Called By]<UL><LI><a href="#[70]">&gt;&gt;</a>&nbsp;&nbsp;&nbsp;CAN_Receive
</UL>

<P><STRONG><a name="[79]"></a>CAN_MessagePending</STRONG> (Thumb, 30 bytes, Stack size 0 bytes, stm32f10x_can.o(.text))
<BR><BR>[Called By]<UL><LI><a href="#[78]">&gt;&gt;</a>&nbsp;&nbsp;&nbsp;J1939_CAN_Receive
</UL>

<P><STRONG><a name="[70]"></a>CAN_Receive</STRONG> (Thumb, 234 bytes, Stack size 12 bytes, stm32f10x_can.o(.text))
<BR><BR>[Stack]<UL><LI>Max Depth = 12<LI>Call Chain = CAN_Receive
</UL>
<BR>[Calls]<UL><LI><a href="#[71]">&gt;&gt;</a>&nbsp;&nbsp;&nbsp;CAN_FIFORelease
</UL>
<BR>[Called By]<UL><LI><a href="#[78]">&gt;&gt;</a>&nbsp;&nbsp;&nbsp;J1939_CAN_Receive
</UL>

<P><STRONG><a name="[24e]"></a>CAN_DBGFreeze</STRONG> (Thumb, 22 bytes, Stack size 0 bytes, stm32f10x_can.o(.text), UNUSED)

<P><STRONG><a name="[24f]"></a>CAN_Sleep</STRONG> (Thumb, 30 bytes, Stack size 0 bytes, stm32f10x_can.o(.text), UNUSED)

<P><STRONG><a name="[250]"></a>CAN_WakeUp</STRONG> (Thumb, 48 bytes, Stack size 0 bytes, stm32f10x_can.o(.text), UNUSED)

<P><STRONG><a name="[251]"></a>CAN_GetFlagStatus</STRONG> (Thumb, 18 bytes, Stack size 0 bytes, stm32f10x_can.o(.text), UNUSED)

<P><STRONG><a name="[252]"></a>CAN_ClearFlag</STRONG> (Thumb, 8 bytes, Stack size 0 bytes, stm32f10x_can.o(.text), UNUSED)

<P><STRONG><a name="[72]"></a>CAN_GetITStatus</STRONG> (Thumb, 238 bytes, Stack size 16 bytes, stm32f10x_can.o(.text), UNUSED)
<BR><BR>[Calls]<UL><LI><a href="#[73]">&gt;&gt;</a>&nbsp;&nbsp;&nbsp;CheckITStatus
</UL>

<P><STRONG><a name="[253]"></a>CAN_ClearITPendingBit</STRONG> (Thumb, 166 bytes, Stack size 0 bytes, stm32f10x_can.o(.text), UNUSED)

<P><STRONG><a name="[5e]"></a>NVIC_PriorityGroupConfig</STRONG> (Thumb, 10 bytes, Stack size 0 bytes, misc.o(.text))
<BR><BR>[Called By]<UL><LI><a href="#[57]">&gt;&gt;</a>&nbsp;&nbsp;&nbsp;CAN_NVIC_Configuration
</UL>

<P><STRONG><a name="[60]"></a>NVIC_Init</STRONG> (Thumb, 100 bytes, Stack size 16 bytes, misc.o(.text))
<BR><BR>[Stack]<UL><LI>Max Depth = 16<LI>Call Chain = NVIC_Init
</UL>
<BR>[Called By]<UL><LI><a href="#[57]">&gt;&gt;</a>&nbsp;&nbsp;&nbsp;CAN_NVIC_Configuration
</UL>

<P><STRONG><a name="[5f]"></a>NVIC_SetVectorTable</STRONG> (Thumb, 14 bytes, Stack size 0 bytes, misc.o(.text))
<BR><BR>[Called By]<UL><LI><a href="#[57]">&gt;&gt;</a>&nbsp;&nbsp;&nbsp;CAN_NVIC_Configuration
</UL>

<P><STRONG><a name="[254]"></a>NVIC_SystemLPConfig</STRONG> (Thumb, 34 bytes, Stack size 0 bytes, misc.o(.text), UNUSED)

<P><STRONG><a name="[255]"></a>SysTick_CLKSourceConfig</STRONG> (Thumb, 40 bytes, Stack size 0 bytes, misc.o(.text), UNUSED)

<P><STRONG><a name="[54]"></a>SystemInit</STRONG> (Thumb, 68 bytes, Stack size 8 bytes, system_stm32f10x.o(.text))
<BR><BR>[Stack]<UL><LI>Max Depth = 28<LI>Call Chain = SystemInit &rArr; SetSysClock &rArr; SetSysClockTo72
</UL>
<BR>[Calls]<UL><LI><a href="#[74]">&gt;&gt;</a>&nbsp;&nbsp;&nbsp;SetSysClock
</UL>
<BR>[Called By]<UL><LI><a href="#[46]">&gt;&gt;</a>&nbsp;&nbsp;&nbsp;main
</UL>

<P><STRONG><a name="[86]"></a>J1939_SetAddressFilter</STRONG> (Thumb, 36 bytes, Stack size 0 bytes, j1939.o(.text), UNUSED)
<BR><BR>[Called By]<UL><LI><a href="#[85]">&gt;&gt;</a>&nbsp;&nbsp;&nbsp;SetAddressFilter
</UL>

<P><STRONG><a name="[76]"></a>J1939_CAN_Transmit</STRONG> (Thumb, 162 bytes, Stack size 40 bytes, j1939.o(.text))
<BR><BR>[Stack]<UL><LI>Max Depth = 48<LI>Call Chain = J1939_CAN_Transmit &rArr; CAN_Transmit
</UL>
<BR>[Calls]<UL><LI><a href="#[77]">&gt;&gt;</a>&nbsp;&nbsp;&nbsp;CAN_TransmitStatus
<LI><a href="#[68]">&gt;&gt;</a>&nbsp;&nbsp;&nbsp;CAN_Transmit
</UL>
<BR>[Called By]<UL><LI><a href="#[7a]">&gt;&gt;</a>&nbsp;&nbsp;&nbsp;SendOneMessage
</UL>

<P><STRONG><a name="[78]"></a>J1939_CAN_Receive</STRONG> (Thumb, 178 bytes, Stack size 32 bytes, j1939.o(.text))
<BR><BR>[Stack]<UL><LI>Max Depth = 44<LI>Call Chain = J1939_CAN_Receive &rArr; CAN_Receive
</UL>
<BR>[Calls]<UL><LI><a href="#[70]">&gt;&gt;</a>&nbsp;&nbsp;&nbsp;CAN_Receive
<LI><a href="#[79]">&gt;&gt;</a>&nbsp;&nbsp;&nbsp;CAN_MessagePending
</UL>
<BR>[Called By]<UL><LI><a href="#[7f]">&gt;&gt;</a>&nbsp;&nbsp;&nbsp;J1939_ReceiveMessages
</UL>

<P><STRONG><a name="[7c]"></a>J1939_TXinterruptEnable</STRONG> (Thumb, 2 bytes, Stack size 0 bytes, j1939.o(.text))
<BR><BR>[Called By]<UL><LI><a href="#[7b]">&gt;&gt;</a>&nbsp;&nbsp;&nbsp;J1939_TransmitMessages
<LI><a href="#[5d]">&gt;&gt;</a>&nbsp;&nbsp;&nbsp;J1939_EnqueueMessage
</UL>

<P><STRONG><a name="[7a]"></a>SendOneMessage</STRONG> (Thumb, 48 bytes, Stack size 8 bytes, j1939.o(.text))
<BR><BR>[Stack]<UL><LI>Max Depth = 56<LI>Call Chain = SendOneMessage &rArr; J1939_CAN_Transmit &rArr; CAN_Transmit
</UL>
<BR>[Calls]<UL><LI><a href="#[76]">&gt;&gt;</a>&nbsp;&nbsp;&nbsp;J1939_CAN_Transmit
</UL>
<BR>[Called By]<UL><LI><a href="#[7d]">&gt;&gt;</a>&nbsp;&nbsp;&nbsp;J1939_Response
<LI><a href="#[7b]">&gt;&gt;</a>&nbsp;&nbsp;&nbsp;J1939_TransmitMessages
</UL>

<P><STRONG><a name="[7e]"></a>J1939_TP_TX_Message</STRONG> (Thumb, 212 bytes, Stack size 20 bytes, j1939.o(.text))
<BR><BR>[Stack]<UL><LI>Max Depth = 20<LI>Call Chain = J1939_TP_TX_Message
</UL>
<BR>[Called By]<UL><LI><a href="#[7d]">&gt;&gt;</a>&nbsp;&nbsp;&nbsp;J1939_Response
</UL>

<P><STRONG><a name="[7d]"></a>J1939_Response</STRONG> (Thumb, 732 bytes, Stack size 40 bytes, j1939.o(.text))
<BR><BR>[Stack]<UL><LI>Max Depth = 96<LI>Call Chain = J1939_Response &rArr; SendOneMessage &rArr; J1939_CAN_Transmit &rArr; CAN_Transmit
</UL>
<BR>[Calls]<UL><LI><a href="#[7e]">&gt;&gt;</a>&nbsp;&nbsp;&nbsp;J1939_TP_TX_Message
<LI><a href="#[7a]">&gt;&gt;</a>&nbsp;&nbsp;&nbsp;SendOneMessage
</UL>
<BR>[Called By]<UL><LI><a href="#[7f]">&gt;&gt;</a>&nbsp;&nbsp;&nbsp;J1939_ReceiveMessages
</UL>

<P><STRONG><a name="[80]"></a>J1939_Messages_Filter</STRONG> (Thumb, 146 bytes, Stack size 0 bytes, j1939.o(.text))
<BR><BR>[Called By]<UL><LI><a href="#[7f]">&gt;&gt;</a>&nbsp;&nbsp;&nbsp;J1939_ReceiveMessages
</UL>

<P><STRONG><a name="[82]"></a>CAN_identifier_clc</STRONG> (Thumb, 2 bytes, Stack size 0 bytes, j1939.o(.text))
<BR><BR>[Called By]<UL><LI><a href="#[69]">&gt;&gt;</a>&nbsp;&nbsp;&nbsp;J1939_ISR
</UL>

<P><STRONG><a name="[69]"></a>J1939_ISR</STRONG> (Thumb, 20 bytes, Stack size 8 bytes, j1939.o(.text))
<BR><BR>[Stack]<UL><LI>Max Depth = 112<LI>Call Chain = J1939_ISR &rArr; J1939_ReceiveMessages &rArr; J1939_Response &rArr; SendOneMessage &rArr; J1939_CAN_Transmit &rArr; CAN_Transmit
</UL>
<BR>[Calls]<UL><LI><a href="#[83]">&gt;&gt;</a>&nbsp;&nbsp;&nbsp;J1939_TP_Poll
<LI><a href="#[82]">&gt;&gt;</a>&nbsp;&nbsp;&nbsp;CAN_identifier_clc
<LI><a href="#[7f]">&gt;&gt;</a>&nbsp;&nbsp;&nbsp;J1939_ReceiveMessages
<LI><a href="#[7b]">&gt;&gt;</a>&nbsp;&nbsp;&nbsp;J1939_TransmitMessages
</UL>
<BR>[Called By]<UL><LI><a href="#[84]">&gt;&gt;</a>&nbsp;&nbsp;&nbsp;J1939_RXinterruptEnable
<LI><a href="#[1e]">&gt;&gt;</a>&nbsp;&nbsp;&nbsp;USB_LP_CAN1_RX0_IRQHandler
</UL>

<P><STRONG><a name="[84]"></a>J1939_RXinterruptEnable</STRONG> (Thumb, 8 bytes, Stack size 8 bytes, j1939.o(.text), UNUSED)
<BR><BR>[Calls]<UL><LI><a href="#[69]">&gt;&gt;</a>&nbsp;&nbsp;&nbsp;J1939_ISR
</UL>
<BR>[Called By]<UL><LI><a href="#[87]">&gt;&gt;</a>&nbsp;&nbsp;&nbsp;J1939_DequeueMessage
</UL>

<P><STRONG><a name="[88]"></a>J1939_RXinterruptDisable</STRONG> (Thumb, 2 bytes, Stack size 0 bytes, j1939.o(.text), UNUSED)
<BR><BR>[Called By]<UL><LI><a href="#[87]">&gt;&gt;</a>&nbsp;&nbsp;&nbsp;J1939_DequeueMessage
</UL>

<P><STRONG><a name="[8a]"></a>J1939_TXinterruptDisable</STRONG> (Thumb, 2 bytes, Stack size 0 bytes, j1939.o(.text))
<BR><BR>[Called By]<UL><LI><a href="#[5d]">&gt;&gt;</a>&nbsp;&nbsp;&nbsp;J1939_EnqueueMessage
</UL>

<P><STRONG><a name="[8b]"></a>J1939_TXinterruptOk</STRONG> (Thumb, 18 bytes, Stack size 0 bytes, j1939.o(.text))
<BR><BR>[Called By]<UL><LI><a href="#[5d]">&gt;&gt;</a>&nbsp;&nbsp;&nbsp;J1939_EnqueueMessage
</UL>

<P><STRONG><a name="[85]"></a>SetAddressFilter</STRONG> (Thumb, 62 bytes, Stack size 4 bytes, j1939.o(.text), UNUSED)
<BR><BR>[Calls]<UL><LI><a href="#[86]">&gt;&gt;</a>&nbsp;&nbsp;&nbsp;J1939_SetAddressFilter
</UL>

<P><STRONG><a name="[87]"></a>J1939_DequeueMessage</STRONG> (Thumb, 312 bytes, Stack size 16 bytes, j1939.o(.text), UNUSED)
<BR><BR>[Calls]<UL><LI><a href="#[88]">&gt;&gt;</a>&nbsp;&nbsp;&nbsp;J1939_RXinterruptDisable
<LI><a href="#[84]">&gt;&gt;</a>&nbsp;&nbsp;&nbsp;J1939_RXinterruptEnable
<LI><a href="#[81]">&gt;&gt;</a>&nbsp;&nbsp;&nbsp;__aeabi_memcpy4
</UL>
<BR>[Called By]<UL><LI><a href="#[89]">&gt;&gt;</a>&nbsp;&nbsp;&nbsp;J1939_Read_Message
</UL>

<P><STRONG><a name="[89]"></a>J1939_Read_Message</STRONG> (Thumb, 16 bytes, Stack size 16 bytes, j1939.o(.text), UNUSED)
<BR><BR>[Calls]<UL><LI><a href="#[87]">&gt;&gt;</a>&nbsp;&nbsp;&nbsp;J1939_DequeueMessage
</UL>

<P><STRONG><a name="[5d]"></a>J1939_EnqueueMessage</STRONG> (Thumb, 550 bytes, Stack size 16 bytes, j1939.o(.text))
<BR><BR>[Stack]<UL><LI>Max Depth = 16<LI>Call Chain = J1939_EnqueueMessage
</UL>
<BR>[Calls]<UL><LI><a href="#[8b]">&gt;&gt;</a>&nbsp;&nbsp;&nbsp;J1939_TXinterruptOk
<LI><a href="#[8a]">&gt;&gt;</a>&nbsp;&nbsp;&nbsp;J1939_TXinterruptDisable
<LI><a href="#[7c]">&gt;&gt;</a>&nbsp;&nbsp;&nbsp;J1939_TXinterruptEnable
<LI><a href="#[81]">&gt;&gt;</a>&nbsp;&nbsp;&nbsp;__aeabi_memcpy4
</UL>
<BR>[Called By]<UL><LI><a href="#[94]">&gt;&gt;</a>&nbsp;&nbsp;&nbsp;J1939_Request_PGN
<LI><a href="#[91]">&gt;&gt;</a>&nbsp;&nbsp;&nbsp;J1939_read_DT_Packet
<LI><a href="#[90]">&gt;&gt;</a>&nbsp;&nbsp;&nbsp;J1939_TP_RX_Abort
<LI><a href="#[8f]">&gt;&gt;</a>&nbsp;&nbsp;&nbsp;J1939_TP_TX_Abort
<LI><a href="#[8e]">&gt;&gt;</a>&nbsp;&nbsp;&nbsp;J1939_CM_Start
<LI><a href="#[8d]">&gt;&gt;</a>&nbsp;&nbsp;&nbsp;J1939_TP_DT_Packet_send
<LI><a href="#[8c]">&gt;&gt;</a>&nbsp;&nbsp;&nbsp;J1939_Send_Message
<LI><a href="#[5b]">&gt;&gt;</a>&nbsp;&nbsp;&nbsp;send_massage
</UL>

<P><STRONG><a name="[8c]"></a>J1939_Send_Message</STRONG> (Thumb, 16 bytes, Stack size 16 bytes, j1939.o(.text), UNUSED)
<BR><BR>[Calls]<UL><LI><a href="#[5d]">&gt;&gt;</a>&nbsp;&nbsp;&nbsp;J1939_EnqueueMessage
</UL>

<P><STRONG><a name="[59]"></a>J1939_Initialization</STRONG> (Thumb, 206 bytes, Stack size 0 bytes, j1939.o(.text))
<BR><BR>[Called By]<UL><LI><a href="#[46]">&gt;&gt;</a>&nbsp;&nbsp;&nbsp;main
</UL>

<P><STRONG><a name="[5c]"></a>J1939_Poll</STRONG> (Thumb, 2 bytes, Stack size 0 bytes, j1939.o(.text))
<BR><BR>[Called By]<UL><LI><a href="#[5b]">&gt;&gt;</a>&nbsp;&nbsp;&nbsp;send_massage
</UL>

<P><STRONG><a name="[8d]"></a>J1939_TP_DT_Packet_send</STRONG> (Thumb, 284 bytes, Stack size 32 bytes, j1939.o(.text))
<BR><BR>[Stack]<UL><LI>Max Depth = 48<LI>Call Chain = J1939_TP_DT_Packet_send &rArr; J1939_EnqueueMessage
</UL>
<BR>[Calls]<UL><LI><a href="#[5d]">&gt;&gt;</a>&nbsp;&nbsp;&nbsp;J1939_EnqueueMessage
</UL>
<BR>[Called By]<UL><LI><a href="#[83]">&gt;&gt;</a>&nbsp;&nbsp;&nbsp;J1939_TP_Poll
</UL>

<P><STRONG><a name="[8e]"></a>J1939_CM_Start</STRONG> (Thumb, 152 bytes, Stack size 32 bytes, j1939.o(.text))
<BR><BR>[Stack]<UL><LI>Max Depth = 48<LI>Call Chain = J1939_CM_Start &rArr; J1939_EnqueueMessage
</UL>
<BR>[Calls]<UL><LI><a href="#[5d]">&gt;&gt;</a>&nbsp;&nbsp;&nbsp;J1939_EnqueueMessage
</UL>
<BR>[Called By]<UL><LI><a href="#[83]">&gt;&gt;</a>&nbsp;&nbsp;&nbsp;J1939_TP_Poll
</UL>

<P><STRONG><a name="[8f]"></a>J1939_TP_TX_Abort</STRONG> (Thumb, 126 bytes, Stack size 32 bytes, j1939.o(.text))
<BR><BR>[Stack]<UL><LI>Max Depth = 48<LI>Call Chain = J1939_TP_TX_Abort &rArr; J1939_EnqueueMessage
</UL>
<BR>[Calls]<UL><LI><a href="#[5d]">&gt;&gt;</a>&nbsp;&nbsp;&nbsp;J1939_EnqueueMessage
</UL>
<BR>[Called By]<UL><LI><a href="#[83]">&gt;&gt;</a>&nbsp;&nbsp;&nbsp;J1939_TP_Poll
</UL>

<P><STRONG><a name="[90]"></a>J1939_TP_RX_Abort</STRONG> (Thumb, 126 bytes, Stack size 32 bytes, j1939.o(.text))
<BR><BR>[Stack]<UL><LI>Max Depth = 48<LI>Call Chain = J1939_TP_RX_Abort &rArr; J1939_EnqueueMessage
</UL>
<BR>[Calls]<UL><LI><a href="#[5d]">&gt;&gt;</a>&nbsp;&nbsp;&nbsp;J1939_EnqueueMessage
</UL>
<BR>[Called By]<UL><LI><a href="#[83]">&gt;&gt;</a>&nbsp;&nbsp;&nbsp;J1939_TP_Poll
</UL>

<P><STRONG><a name="[93]"></a>J1939_TP_TX_RefreshCMTimer</STRONG> (Thumb, 206 bytes, Stack size 0 bytes, j1939.o(.text))
<BR><BR>[Called By]<UL><LI><a href="#[83]">&gt;&gt;</a>&nbsp;&nbsp;&nbsp;J1939_TP_Poll
</UL>

<P><STRONG><a name="[92]"></a>J1939_TP_RX_RefreshCMTimer</STRONG> (Thumb, 56 bytes, Stack size 0 bytes, j1939.o(.text))
<BR><BR>[Called By]<UL><LI><a href="#[83]">&gt;&gt;</a>&nbsp;&nbsp;&nbsp;J1939_TP_Poll
</UL>

<P><STRONG><a name="[91]"></a>J1939_read_DT_Packet</STRONG> (Thumb, 382 bytes, Stack size 32 bytes, j1939.o(.text))
<BR><BR>[Stack]<UL><LI>Max Depth = 48<LI>Call Chain = J1939_read_DT_Packet &rArr; J1939_EnqueueMessage
</UL>
<BR>[Calls]<UL><LI><a href="#[5d]">&gt;&gt;</a>&nbsp;&nbsp;&nbsp;J1939_EnqueueMessage
</UL>
<BR>[Called By]<UL><LI><a href="#[83]">&gt;&gt;</a>&nbsp;&nbsp;&nbsp;J1939_TP_Poll
</UL>

<P><STRONG><a name="[83]"></a>J1939_TP_Poll</STRONG> (Thumb, 272 bytes, Stack size 8 bytes, j1939.o(.text))
<BR><BR>[Stack]<UL><LI>Max Depth = 56<LI>Call Chain = J1939_TP_Poll &rArr; J1939_read_DT_Packet &rArr; J1939_EnqueueMessage
</UL>
<BR>[Calls]<UL><LI><a href="#[91]">&gt;&gt;</a>&nbsp;&nbsp;&nbsp;J1939_read_DT_Packet
<LI><a href="#[92]">&gt;&gt;</a>&nbsp;&nbsp;&nbsp;J1939_TP_RX_RefreshCMTimer
<LI><a href="#[93]">&gt;&gt;</a>&nbsp;&nbsp;&nbsp;J1939_TP_TX_RefreshCMTimer
<LI><a href="#[90]">&gt;&gt;</a>&nbsp;&nbsp;&nbsp;J1939_TP_RX_Abort
<LI><a href="#[8f]">&gt;&gt;</a>&nbsp;&nbsp;&nbsp;J1939_TP_TX_Abort
<LI><a href="#[8e]">&gt;&gt;</a>&nbsp;&nbsp;&nbsp;J1939_CM_Start
<LI><a href="#[8d]">&gt;&gt;</a>&nbsp;&nbsp;&nbsp;J1939_TP_DT_Packet_send
</UL>
<BR>[Called By]<UL><LI><a href="#[69]">&gt;&gt;</a>&nbsp;&nbsp;&nbsp;J1939_ISR
</UL>

<P><STRONG><a name="[256]"></a>J1939_TP_RX_Message</STRONG> (Thumb, 148 bytes, Stack size 8 bytes, j1939.o(.text), UNUSED)

<P><STRONG><a name="[94]"></a>J1939_Request_PGN</STRONG> (Thumb, 96 bytes, Stack size 40 bytes, j1939.o(.text), UNUSED)
<BR><BR>[Calls]<UL><LI><a href="#[5d]">&gt;&gt;</a>&nbsp;&nbsp;&nbsp;J1939_EnqueueMessage
</UL>

<P><STRONG><a name="[95]"></a>J1939_Create_Response</STRONG> (Thumb, 82 bytes, Stack size 32 bytes, j1939.o(.text), UNUSED)
<BR><BR>[Calls]<UL><LI><a href="#[96]">&gt;&gt;</a>&nbsp;&nbsp;&nbsp;malloc
</UL>

<P><STRONG><a name="[97]"></a>Parameter_Translate</STRONG> (Thumb, 80 bytes, Stack size 72 bytes, msg.o(.text))
<BR><BR>[Stack]<UL><LI>Max Depth = 160<LI>Call Chain = Parameter_Translate &rArr; __aeabi_dadd &rArr; _double_epilogue &rArr; _double_round
</UL>
<BR>[Calls]<UL><LI><a href="#[9a]">&gt;&gt;</a>&nbsp;&nbsp;&nbsp;__aeabi_i2d
<LI><a href="#[99]">&gt;&gt;</a>&nbsp;&nbsp;&nbsp;__aeabi_f2iz
<LI><a href="#[98]">&gt;&gt;</a>&nbsp;&nbsp;&nbsp;__aeabi_f2d
<LI><a href="#[9c]">&gt;&gt;</a>&nbsp;&nbsp;&nbsp;__aeabi_ddiv
<LI><a href="#[9b]">&gt;&gt;</a>&nbsp;&nbsp;&nbsp;__aeabi_dadd
<LI><a href="#[9d]">&gt;&gt;</a>&nbsp;&nbsp;&nbsp;__aeabi_d2uiz
</UL>
<BR>[Called By]<UL><LI><a href="#[211]">&gt;&gt;</a>&nbsp;&nbsp;&nbsp;config_AWPP
<LI><a href="#[210]">&gt;&gt;</a>&nbsp;&nbsp;&nbsp;config_A1
<LI><a href="#[20f]">&gt;&gt;</a>&nbsp;&nbsp;&nbsp;config_DD
<LI><a href="#[20e]">&gt;&gt;</a>&nbsp;&nbsp;&nbsp;config_RF
<LI><a href="#[20d]">&gt;&gt;</a>&nbsp;&nbsp;&nbsp;config_B
<LI><a href="#[20c]">&gt;&gt;</a>&nbsp;&nbsp;&nbsp;config_AI
<LI><a href="#[20b]">&gt;&gt;</a>&nbsp;&nbsp;&nbsp;config_TRF1
<LI><a href="#[20a]">&gt;&gt;</a>&nbsp;&nbsp;&nbsp;config_VEP1
<LI><a href="#[209]">&gt;&gt;</a>&nbsp;&nbsp;&nbsp;config_IC1
<LI><a href="#[208]">&gt;&gt;</a>&nbsp;&nbsp;&nbsp;config_AMB
<LI><a href="#[207]">&gt;&gt;</a>&nbsp;&nbsp;&nbsp;config_TIRE
<LI><a href="#[206]">&gt;&gt;</a>&nbsp;&nbsp;&nbsp;config_VP
<LI><a href="#[205]">&gt;&gt;</a>&nbsp;&nbsp;&nbsp;config_LFE1
<LI><a href="#[204]">&gt;&gt;</a>&nbsp;&nbsp;&nbsp;config_CCVS1
<LI><a href="#[203]">&gt;&gt;</a>&nbsp;&nbsp;&nbsp;config_PTO
<LI><a href="#[202]">&gt;&gt;</a>&nbsp;&nbsp;&nbsp;config_EFL_P1
<LI><a href="#[201]">&gt;&gt;</a>&nbsp;&nbsp;&nbsp;config_ET1
<LI><a href="#[200]">&gt;&gt;</a>&nbsp;&nbsp;&nbsp;config_CCSS
<LI><a href="#[1ff]">&gt;&gt;</a>&nbsp;&nbsp;&nbsp;config_VW
<LI><a href="#[1fe]">&gt;&gt;</a>&nbsp;&nbsp;&nbsp;config_LFC
<LI><a href="#[1fd]">&gt;&gt;</a>&nbsp;&nbsp;&nbsp;config_VDS
<LI><a href="#[1fc]">&gt;&gt;</a>&nbsp;&nbsp;&nbsp;config_VH
<LI><a href="#[1fb]">&gt;&gt;</a>&nbsp;&nbsp;&nbsp;config_TD
<LI><a href="#[1fa]">&gt;&gt;</a>&nbsp;&nbsp;&nbsp;config_HOURS
<LI><a href="#[1f9]">&gt;&gt;</a>&nbsp;&nbsp;&nbsp;config_TCFG
<LI><a href="#[1f8]">&gt;&gt;</a>&nbsp;&nbsp;&nbsp;config_VD
<LI><a href="#[1f7]">&gt;&gt;</a>&nbsp;&nbsp;&nbsp;config_EEC3
<LI><a href="#[1f6]">&gt;&gt;</a>&nbsp;&nbsp;&nbsp;config_AIR2
<LI><a href="#[1f5]">&gt;&gt;</a>&nbsp;&nbsp;&nbsp;config_TC
<LI><a href="#[1f4]">&gt;&gt;</a>&nbsp;&nbsp;&nbsp;config_IO
<LI><a href="#[1f3]">&gt;&gt;</a>&nbsp;&nbsp;&nbsp;config_EFL_P2
<LI><a href="#[1f2]">&gt;&gt;</a>&nbsp;&nbsp;&nbsp;config_SOFT
<LI><a href="#[1f1]">&gt;&gt;</a>&nbsp;&nbsp;&nbsp;config_AUXIO1
<LI><a href="#[1f0]">&gt;&gt;</a>&nbsp;&nbsp;&nbsp;config_AS
<LI><a href="#[1ef]">&gt;&gt;</a>&nbsp;&nbsp;&nbsp;config_ETC3
<LI><a href="#[1ee]">&gt;&gt;</a>&nbsp;&nbsp;&nbsp;config_ETC4
<LI><a href="#[1ed]">&gt;&gt;</a>&nbsp;&nbsp;&nbsp;config_VDHR
<LI><a href="#[1ec]">&gt;&gt;</a>&nbsp;&nbsp;&nbsp;config_EBC2
<LI><a href="#[1eb]">&gt;&gt;</a>&nbsp;&nbsp;&nbsp;config_EEC4
<LI><a href="#[1ea]">&gt;&gt;</a>&nbsp;&nbsp;&nbsp;config_FD1
<LI><a href="#[1e9]">&gt;&gt;</a>&nbsp;&nbsp;&nbsp;config_CBI
<LI><a href="#[1e8]">&gt;&gt;</a>&nbsp;&nbsp;&nbsp;config_TFI
<LI><a href="#[1e7]">&gt;&gt;</a>&nbsp;&nbsp;&nbsp;config_TDI
<LI><a href="#[1e6]">&gt;&gt;</a>&nbsp;&nbsp;&nbsp;config_LTFI
<LI><a href="#[1e5]">&gt;&gt;</a>&nbsp;&nbsp;&nbsp;config_GTFI
<LI><a href="#[1e4]">&gt;&gt;</a>&nbsp;&nbsp;&nbsp;config_LF
<LI><a href="#[1e3]">&gt;&gt;</a>&nbsp;&nbsp;&nbsp;config_TVI
<LI><a href="#[1e2]">&gt;&gt;</a>&nbsp;&nbsp;&nbsp;config_TSI
<LI><a href="#[1e1]">&gt;&gt;</a>&nbsp;&nbsp;&nbsp;config_TTI1
<LI><a href="#[1e0]">&gt;&gt;</a>&nbsp;&nbsp;&nbsp;config_LFI
<LI><a href="#[1df]">&gt;&gt;</a>&nbsp;&nbsp;&nbsp;config_GFI1
<LI><a href="#[1de]">&gt;&gt;</a>&nbsp;&nbsp;&nbsp;config_EH
<LI><a href="#[1dd]">&gt;&gt;</a>&nbsp;&nbsp;&nbsp;config_TTI2
<LI><a href="#[1dc]">&gt;&gt;</a>&nbsp;&nbsp;&nbsp;config_GFC
<LI><a href="#[1db]">&gt;&gt;</a>&nbsp;&nbsp;&nbsp;config_AIR1
<LI><a href="#[1da]">&gt;&gt;</a>&nbsp;&nbsp;&nbsp;config_EBC3
<LI><a href="#[1d9]">&gt;&gt;</a>&nbsp;&nbsp;&nbsp;config_EBC4
<LI><a href="#[1d8]">&gt;&gt;</a>&nbsp;&nbsp;&nbsp;config_ETC6
<LI><a href="#[1d7]">&gt;&gt;</a>&nbsp;&nbsp;&nbsp;config_AF2
<LI><a href="#[1d6]">&gt;&gt;</a>&nbsp;&nbsp;&nbsp;config_EO1
<LI><a href="#[1d5]">&gt;&gt;</a>&nbsp;&nbsp;&nbsp;config_ACTL
<LI><a href="#[1d4]">&gt;&gt;</a>&nbsp;&nbsp;&nbsp;config_AT
<LI><a href="#[1d3]">&gt;&gt;</a>&nbsp;&nbsp;&nbsp;config_IMT1
<LI><a href="#[1d2]">&gt;&gt;</a>&nbsp;&nbsp;&nbsp;config_IMT2
<LI><a href="#[1d1]">&gt;&gt;</a>&nbsp;&nbsp;&nbsp;config_ET2
<LI><a href="#[1d0]">&gt;&gt;</a>&nbsp;&nbsp;&nbsp;config_EPT1
<LI><a href="#[1cf]">&gt;&gt;</a>&nbsp;&nbsp;&nbsp;config_EPT2
<LI><a href="#[1ce]">&gt;&gt;</a>&nbsp;&nbsp;&nbsp;config_EPT3
<LI><a href="#[1cd]">&gt;&gt;</a>&nbsp;&nbsp;&nbsp;config_EPT4
<LI><a href="#[1cc]">&gt;&gt;</a>&nbsp;&nbsp;&nbsp;config_EPT5
<LI><a href="#[1cb]">&gt;&gt;</a>&nbsp;&nbsp;&nbsp;config_MBT1
<LI><a href="#[1ca]">&gt;&gt;</a>&nbsp;&nbsp;&nbsp;config_MBT2
<LI><a href="#[1c9]">&gt;&gt;</a>&nbsp;&nbsp;&nbsp;config_MBT3
<LI><a href="#[1c8]">&gt;&gt;</a>&nbsp;&nbsp;&nbsp;config_TCI1
<LI><a href="#[1c7]">&gt;&gt;</a>&nbsp;&nbsp;&nbsp;config_TCI2
<LI><a href="#[1c6]">&gt;&gt;</a>&nbsp;&nbsp;&nbsp;config_TCI3
<LI><a href="#[1c5]">&gt;&gt;</a>&nbsp;&nbsp;&nbsp;config_TCI4
<LI><a href="#[1c4]">&gt;&gt;</a>&nbsp;&nbsp;&nbsp;config_TCI5
<LI><a href="#[1c3]">&gt;&gt;</a>&nbsp;&nbsp;&nbsp;config_TCW
<LI><a href="#[1c2]">&gt;&gt;</a>&nbsp;&nbsp;&nbsp;config_RBI
<LI><a href="#[1c1]">&gt;&gt;</a>&nbsp;&nbsp;&nbsp;config_EAC
<LI><a href="#[1c0]">&gt;&gt;</a>&nbsp;&nbsp;&nbsp;config_EES
<LI><a href="#[1bf]">&gt;&gt;</a>&nbsp;&nbsp;&nbsp;config_EI
<LI><a href="#[1be]">&gt;&gt;</a>&nbsp;&nbsp;&nbsp;config_SP2
<LI><a href="#[1bd]">&gt;&gt;</a>&nbsp;&nbsp;&nbsp;config_VEP2
<LI><a href="#[1bc]">&gt;&gt;</a>&nbsp;&nbsp;&nbsp;config_AAI
<LI><a href="#[1bb]">&gt;&gt;</a>&nbsp;&nbsp;&nbsp;config_GFP
<LI><a href="#[1ba]">&gt;&gt;</a>&nbsp;&nbsp;&nbsp;config_ISO3
<LI><a href="#[1b9]">&gt;&gt;</a>&nbsp;&nbsp;&nbsp;config_ISO2
<LI><a href="#[1b8]">&gt;&gt;</a>&nbsp;&nbsp;&nbsp;config_ISO1
<LI><a href="#[1b7]">&gt;&gt;</a>&nbsp;&nbsp;&nbsp;config_IT6
<LI><a href="#[1b6]">&gt;&gt;</a>&nbsp;&nbsp;&nbsp;config_IT5
<LI><a href="#[1b5]">&gt;&gt;</a>&nbsp;&nbsp;&nbsp;config_IT4
<LI><a href="#[1b4]">&gt;&gt;</a>&nbsp;&nbsp;&nbsp;config_IT3
<LI><a href="#[1b3]">&gt;&gt;</a>&nbsp;&nbsp;&nbsp;config_IT2
<LI><a href="#[1b2]">&gt;&gt;</a>&nbsp;&nbsp;&nbsp;config_IT1
<LI><a href="#[1b1]">&gt;&gt;</a>&nbsp;&nbsp;&nbsp;config_GFI2
<LI><a href="#[1b0]">&gt;&gt;</a>&nbsp;&nbsp;&nbsp;config_CT6
<LI><a href="#[1af]">&gt;&gt;</a>&nbsp;&nbsp;&nbsp;config_CT5
<LI><a href="#[1ae]">&gt;&gt;</a>&nbsp;&nbsp;&nbsp;config_CT4
<LI><a href="#[1ad]">&gt;&gt;</a>&nbsp;&nbsp;&nbsp;config_CT3
<LI><a href="#[1ac]">&gt;&gt;</a>&nbsp;&nbsp;&nbsp;config_CT2
<LI><a href="#[1ab]">&gt;&gt;</a>&nbsp;&nbsp;&nbsp;config_CT1
<LI><a href="#[1aa]">&gt;&gt;</a>&nbsp;&nbsp;&nbsp;config_TP3
<LI><a href="#[1a9]">&gt;&gt;</a>&nbsp;&nbsp;&nbsp;config_TP2
<LI><a href="#[1a8]">&gt;&gt;</a>&nbsp;&nbsp;&nbsp;config_TP1
<LI><a href="#[1a7]">&gt;&gt;</a>&nbsp;&nbsp;&nbsp;config_AP
<LI><a href="#[1a6]">&gt;&gt;</a>&nbsp;&nbsp;&nbsp;config_LVD
<LI><a href="#[1a5]">&gt;&gt;</a>&nbsp;&nbsp;&nbsp;config_LSP
<LI><a href="#[1a4]">&gt;&gt;</a>&nbsp;&nbsp;&nbsp;config_LMP
<LI><a href="#[1a3]">&gt;&gt;</a>&nbsp;&nbsp;&nbsp;config_LBC
<LI><a href="#[1a2]">&gt;&gt;</a>&nbsp;&nbsp;&nbsp;config_LTP
<LI><a href="#[1a1]">&gt;&gt;</a>&nbsp;&nbsp;&nbsp;config_CVW
<LI><a href="#[1a0]">&gt;&gt;</a>&nbsp;&nbsp;&nbsp;config_ACC1
<LI><a href="#[19f]">&gt;&gt;</a>&nbsp;&nbsp;&nbsp;config_HRW
<LI><a href="#[19e]">&gt;&gt;</a>&nbsp;&nbsp;&nbsp;config_HTR
<LI><a href="#[19d]">&gt;&gt;</a>&nbsp;&nbsp;&nbsp;config_TCO1
<LI><a href="#[19c]">&gt;&gt;</a>&nbsp;&nbsp;&nbsp;config_EFS
<LI><a href="#[19b]">&gt;&gt;</a>&nbsp;&nbsp;&nbsp;config_ET3
<LI><a href="#[19a]">&gt;&gt;</a>&nbsp;&nbsp;&nbsp;config_VF
<LI><a href="#[199]">&gt;&gt;</a>&nbsp;&nbsp;&nbsp;config_CCC
<LI><a href="#[198]">&gt;&gt;</a>&nbsp;&nbsp;&nbsp;config_ASC4
<LI><a href="#[197]">&gt;&gt;</a>&nbsp;&nbsp;&nbsp;config_ASC5
<LI><a href="#[196]">&gt;&gt;</a>&nbsp;&nbsp;&nbsp;config_AT1T1I
<LI><a href="#[195]">&gt;&gt;</a>&nbsp;&nbsp;&nbsp;config_GFD
<LI><a href="#[194]">&gt;&gt;</a>&nbsp;&nbsp;&nbsp;config_ECT1
<LI><a href="#[193]">&gt;&gt;</a>&nbsp;&nbsp;&nbsp;config_RTC1
<LI><a href="#[192]">&gt;&gt;</a>&nbsp;&nbsp;&nbsp;config_VEP3
<LI><a href="#[191]">&gt;&gt;</a>&nbsp;&nbsp;&nbsp;config_BT1
<LI><a href="#[190]">&gt;&gt;</a>&nbsp;&nbsp;&nbsp;config_TAVG
<LI><a href="#[18f]">&gt;&gt;</a>&nbsp;&nbsp;&nbsp;config_ML
<LI><a href="#[18e]">&gt;&gt;</a>&nbsp;&nbsp;&nbsp;config_TCFG2
<LI><a href="#[18d]">&gt;&gt;</a>&nbsp;&nbsp;&nbsp;config_ETC7
<LI><a href="#[18c]">&gt;&gt;</a>&nbsp;&nbsp;&nbsp;config_ET
<LI><a href="#[18b]">&gt;&gt;</a>&nbsp;&nbsp;&nbsp;config_HBS
<LI><a href="#[18a]">&gt;&gt;</a>&nbsp;&nbsp;&nbsp;config_MVS
<LI><a href="#[189]">&gt;&gt;</a>&nbsp;&nbsp;&nbsp;config_EPD
<LI><a href="#[188]">&gt;&gt;</a>&nbsp;&nbsp;&nbsp;config_EOAC
<LI><a href="#[187]">&gt;&gt;</a>&nbsp;&nbsp;&nbsp;config_SPR
<LI><a href="#[186]">&gt;&gt;</a>&nbsp;&nbsp;&nbsp;config_CACI
<LI><a href="#[185]">&gt;&gt;</a>&nbsp;&nbsp;&nbsp;config_AMB2
<LI><a href="#[184]">&gt;&gt;</a>&nbsp;&nbsp;&nbsp;config_EEC5
<LI><a href="#[183]">&gt;&gt;</a>&nbsp;&nbsp;&nbsp;config_TCI6
<LI><a href="#[182]">&gt;&gt;</a>&nbsp;&nbsp;&nbsp;config_EP
<LI><a href="#[181]">&gt;&gt;</a>&nbsp;&nbsp;&nbsp;config_FMS
<LI><a href="#[180]">&gt;&gt;</a>&nbsp;&nbsp;&nbsp;config_IC2
<LI><a href="#[17f]">&gt;&gt;</a>&nbsp;&nbsp;&nbsp;config_OWW
<LI><a href="#[17e]">&gt;&gt;</a>&nbsp;&nbsp;&nbsp;config_OEL
<LI><a href="#[17d]">&gt;&gt;</a>&nbsp;&nbsp;&nbsp;config_OHECS
<LI><a href="#[17c]">&gt;&gt;</a>&nbsp;&nbsp;&nbsp;config_CMI
<LI><a href="#[17b]">&gt;&gt;</a>&nbsp;&nbsp;&nbsp;config_CSA
<LI><a href="#[17a]">&gt;&gt;</a>&nbsp;&nbsp;&nbsp;config_EBC5
<LI><a href="#[179]">&gt;&gt;</a>&nbsp;&nbsp;&nbsp;config_EEC15
<LI><a href="#[178]">&gt;&gt;</a>&nbsp;&nbsp;&nbsp;config_EEC14
<LI><a href="#[177]">&gt;&gt;</a>&nbsp;&nbsp;&nbsp;config_EFL_P3
<LI><a href="#[176]">&gt;&gt;</a>&nbsp;&nbsp;&nbsp;config_TR7
<LI><a href="#[175]">&gt;&gt;</a>&nbsp;&nbsp;&nbsp;config_TR2
<LI><a href="#[174]">&gt;&gt;</a>&nbsp;&nbsp;&nbsp;config_TR1
<LI><a href="#[173]">&gt;&gt;</a>&nbsp;&nbsp;&nbsp;config_TR3
<LI><a href="#[172]">&gt;&gt;</a>&nbsp;&nbsp;&nbsp;config_TR5
<LI><a href="#[171]">&gt;&gt;</a>&nbsp;&nbsp;&nbsp;config_TPRI
<LI><a href="#[170]">&gt;&gt;</a>&nbsp;&nbsp;&nbsp;config_AT1IG2
<LI><a href="#[16f]">&gt;&gt;</a>&nbsp;&nbsp;&nbsp;config_AT1OG2
<LI><a href="#[16e]">&gt;&gt;</a>&nbsp;&nbsp;&nbsp;config_AT1IMG
<LI><a href="#[16d]">&gt;&gt;</a>&nbsp;&nbsp;&nbsp;config_AT2IG2
<LI><a href="#[16c]">&gt;&gt;</a>&nbsp;&nbsp;&nbsp;config_AT2OG2
<LI><a href="#[16b]">&gt;&gt;</a>&nbsp;&nbsp;&nbsp;config_AT2IMG
<LI><a href="#[16a]">&gt;&gt;</a>&nbsp;&nbsp;&nbsp;config_FWSS2
<LI><a href="#[169]">&gt;&gt;</a>&nbsp;&nbsp;&nbsp;config_EFL_P4
<LI><a href="#[168]">&gt;&gt;</a>&nbsp;&nbsp;&nbsp;config_WCM1
<LI><a href="#[167]">&gt;&gt;</a>&nbsp;&nbsp;&nbsp;config_WCM2
<LI><a href="#[166]">&gt;&gt;</a>&nbsp;&nbsp;&nbsp;config_EEC6
<LI><a href="#[165]">&gt;&gt;</a>&nbsp;&nbsp;&nbsp;config_GFI
<LI><a href="#[164]">&gt;&gt;</a>&nbsp;&nbsp;&nbsp;config_AT1FC1
<LI><a href="#[163]">&gt;&gt;</a>&nbsp;&nbsp;&nbsp;config_AT2FC1
<LI><a href="#[162]">&gt;&gt;</a>&nbsp;&nbsp;&nbsp;config_AT1AC1
<LI><a href="#[161]">&gt;&gt;</a>&nbsp;&nbsp;&nbsp;config_AT2AC1
<LI><a href="#[160]">&gt;&gt;</a>&nbsp;&nbsp;&nbsp;config_SEP1
<LI><a href="#[15f]">&gt;&gt;</a>&nbsp;&nbsp;&nbsp;config_SEP2
<LI><a href="#[15e]">&gt;&gt;</a>&nbsp;&nbsp;&nbsp;config_A1DEFI
<LI><a href="#[15d]">&gt;&gt;</a>&nbsp;&nbsp;&nbsp;config_AT2HI
<LI><a href="#[15c]">&gt;&gt;</a>&nbsp;&nbsp;&nbsp;config_AT1HI
<LI><a href="#[15b]">&gt;&gt;</a>&nbsp;&nbsp;&nbsp;config_TRF2
<LI><a href="#[15a]">&gt;&gt;</a>&nbsp;&nbsp;&nbsp;config_EEC7
<LI><a href="#[159]">&gt;&gt;</a>&nbsp;&nbsp;&nbsp;config_EOI
<LI><a href="#[158]">&gt;&gt;</a>&nbsp;&nbsp;&nbsp;config_AT1GP
<LI><a href="#[157]">&gt;&gt;</a>&nbsp;&nbsp;&nbsp;config_AT2GP
<LI><a href="#[156]">&gt;&gt;</a>&nbsp;&nbsp;&nbsp;config_J2012
<LI><a href="#[155]">&gt;&gt;</a>&nbsp;&nbsp;&nbsp;config_VDS2
<LI><a href="#[154]">&gt;&gt;</a>&nbsp;&nbsp;&nbsp;config_EFL_P5
<LI><a href="#[153]">&gt;&gt;</a>&nbsp;&nbsp;&nbsp;config_EFL_P6
<LI><a href="#[152]">&gt;&gt;</a>&nbsp;&nbsp;&nbsp;config_EFL_P7
<LI><a href="#[151]">&gt;&gt;</a>&nbsp;&nbsp;&nbsp;config_EFL_P8
<LI><a href="#[150]">&gt;&gt;</a>&nbsp;&nbsp;&nbsp;config_EFL_P9
<LI><a href="#[14f]">&gt;&gt;</a>&nbsp;&nbsp;&nbsp;config_EGRBV
<LI><a href="#[14e]">&gt;&gt;</a>&nbsp;&nbsp;&nbsp;config_EC2
<LI><a href="#[14d]">&gt;&gt;</a>&nbsp;&nbsp;&nbsp;config_AT1S
<LI><a href="#[14c]">&gt;&gt;</a>&nbsp;&nbsp;&nbsp;config_AT2S
<LI><a href="#[14b]">&gt;&gt;</a>&nbsp;&nbsp;&nbsp;config_AT1TI
<LI><a href="#[14a]">&gt;&gt;</a>&nbsp;&nbsp;&nbsp;config_AT2TI
<LI><a href="#[149]">&gt;&gt;</a>&nbsp;&nbsp;&nbsp;config_ESV1
<LI><a href="#[148]">&gt;&gt;</a>&nbsp;&nbsp;&nbsp;config_ESV2
<LI><a href="#[147]">&gt;&gt;</a>&nbsp;&nbsp;&nbsp;config_ESV3
<LI><a href="#[146]">&gt;&gt;</a>&nbsp;&nbsp;&nbsp;config_ESV4
<LI><a href="#[145]">&gt;&gt;</a>&nbsp;&nbsp;&nbsp;config_ESV5
<LI><a href="#[144]">&gt;&gt;</a>&nbsp;&nbsp;&nbsp;config_ESV6
<LI><a href="#[143]">&gt;&gt;</a>&nbsp;&nbsp;&nbsp;config_EEC8
<LI><a href="#[142]">&gt;&gt;</a>&nbsp;&nbsp;&nbsp;config_SCR1
<LI><a href="#[141]">&gt;&gt;</a>&nbsp;&nbsp;&nbsp;config_AT1AC2
<LI><a href="#[140]">&gt;&gt;</a>&nbsp;&nbsp;&nbsp;config_AT2AC2
<LI><a href="#[13f]">&gt;&gt;</a>&nbsp;&nbsp;&nbsp;config_AGW
<LI><a href="#[13e]">&gt;&gt;</a>&nbsp;&nbsp;&nbsp;config_AGCW
<LI><a href="#[13d]">&gt;&gt;</a>&nbsp;&nbsp;&nbsp;config_GCVW
<LI><a href="#[13c]">&gt;&gt;</a>&nbsp;&nbsp;&nbsp;config_ET4
<LI><a href="#[13b]">&gt;&gt;</a>&nbsp;&nbsp;&nbsp;config_AT1FC2
<LI><a href="#[13a]">&gt;&gt;</a>&nbsp;&nbsp;&nbsp;config_EAI
<LI><a href="#[139]">&gt;&gt;</a>&nbsp;&nbsp;&nbsp;config_ECCVC
<LI><a href="#[138]">&gt;&gt;</a>&nbsp;&nbsp;&nbsp;config_ACCVC
<LI><a href="#[137]">&gt;&gt;</a>&nbsp;&nbsp;&nbsp;config_O2FT1
<LI><a href="#[136]">&gt;&gt;</a>&nbsp;&nbsp;&nbsp;config_O2FT2
<LI><a href="#[135]">&gt;&gt;</a>&nbsp;&nbsp;&nbsp;config_AT1TWCC
<LI><a href="#[134]">&gt;&gt;</a>&nbsp;&nbsp;&nbsp;config_AT2TWCC
<LI><a href="#[133]">&gt;&gt;</a>&nbsp;&nbsp;&nbsp;config_AT2FC2
<LI><a href="#[132]">&gt;&gt;</a>&nbsp;&nbsp;&nbsp;config_A1SCRDSI2
<LI><a href="#[131]">&gt;&gt;</a>&nbsp;&nbsp;&nbsp;config_A1SCRDSR2
<LI><a href="#[130]">&gt;&gt;</a>&nbsp;&nbsp;&nbsp;config_A1SCREGP
<LI><a href="#[12f]">&gt;&gt;</a>&nbsp;&nbsp;&nbsp;config_A1SCREGT1
<LI><a href="#[12e]">&gt;&gt;</a>&nbsp;&nbsp;&nbsp;config_A1SCRRT2I
<LI><a href="#[12d]">&gt;&gt;</a>&nbsp;&nbsp;&nbsp;config_A1DEFSI
<LI><a href="#[12c]">&gt;&gt;</a>&nbsp;&nbsp;&nbsp;config_A2SCRDSI2
<LI><a href="#[12b]">&gt;&gt;</a>&nbsp;&nbsp;&nbsp;config_A2SCRDSR2
<LI><a href="#[12a]">&gt;&gt;</a>&nbsp;&nbsp;&nbsp;config_A2SCREGP
<LI><a href="#[129]">&gt;&gt;</a>&nbsp;&nbsp;&nbsp;config_A2SCREGT1
<LI><a href="#[128]">&gt;&gt;</a>&nbsp;&nbsp;&nbsp;config_A2SCRSI
<LI><a href="#[127]">&gt;&gt;</a>&nbsp;&nbsp;&nbsp;config_A2DEFI
<LI><a href="#[126]">&gt;&gt;</a>&nbsp;&nbsp;&nbsp;config_A2SCRRT1I
<LI><a href="#[125]">&gt;&gt;</a>&nbsp;&nbsp;&nbsp;config_A2SCRRT2I
<LI><a href="#[124]">&gt;&gt;</a>&nbsp;&nbsp;&nbsp;config_A2DEFSI
<LI><a href="#[123]">&gt;&gt;</a>&nbsp;&nbsp;&nbsp;config_FD2
<LI><a href="#[122]">&gt;&gt;</a>&nbsp;&nbsp;&nbsp;config_A1GOC
<LI><a href="#[121]">&gt;&gt;</a>&nbsp;&nbsp;&nbsp;config_A2GOC
<LI><a href="#[120]">&gt;&gt;</a>&nbsp;&nbsp;&nbsp;config_A1DOC
<LI><a href="#[11f]">&gt;&gt;</a>&nbsp;&nbsp;&nbsp;config_A2DOC
<LI><a href="#[11e]">&gt;&gt;</a>&nbsp;&nbsp;&nbsp;config_ATDT1
<LI><a href="#[11d]">&gt;&gt;</a>&nbsp;&nbsp;&nbsp;config_ATDT2
<LI><a href="#[11c]">&gt;&gt;</a>&nbsp;&nbsp;&nbsp;config_DPF1S
<LI><a href="#[11b]">&gt;&gt;</a>&nbsp;&nbsp;&nbsp;config_DPF2S
<LI><a href="#[11a]">&gt;&gt;</a>&nbsp;&nbsp;&nbsp;config_AT1WUDOC
<LI><a href="#[119]">&gt;&gt;</a>&nbsp;&nbsp;&nbsp;config_ILI
<LI><a href="#[118]">&gt;&gt;</a>&nbsp;&nbsp;&nbsp;config_BCH1
<LI><a href="#[117]">&gt;&gt;</a>&nbsp;&nbsp;&nbsp;config_BCH2
<LI><a href="#[116]">&gt;&gt;</a>&nbsp;&nbsp;&nbsp;config_MSCI
<LI><a href="#[115]">&gt;&gt;</a>&nbsp;&nbsp;&nbsp;config_AT1IGC1
<LI><a href="#[114]">&gt;&gt;</a>&nbsp;&nbsp;&nbsp;config_AT1IGC2
<LI><a href="#[113]">&gt;&gt;</a>&nbsp;&nbsp;&nbsp;config_AT1OGC1
<LI><a href="#[112]">&gt;&gt;</a>&nbsp;&nbsp;&nbsp;config_AT1OGC2
<LI><a href="#[111]">&gt;&gt;</a>&nbsp;&nbsp;&nbsp;config_AT2IGC1
<LI><a href="#[110]">&gt;&gt;</a>&nbsp;&nbsp;&nbsp;config_AT2IGC2
<LI><a href="#[10f]">&gt;&gt;</a>&nbsp;&nbsp;&nbsp;config_AT2OGC1
<LI><a href="#[10e]">&gt;&gt;</a>&nbsp;&nbsp;&nbsp;config_AT2OGC2
<LI><a href="#[10d]">&gt;&gt;</a>&nbsp;&nbsp;&nbsp;config_EOM
<LI><a href="#[10c]">&gt;&gt;</a>&nbsp;&nbsp;&nbsp;config_LVDS
<LI><a href="#[10b]">&gt;&gt;</a>&nbsp;&nbsp;&nbsp;config_EFL_P10
<LI><a href="#[10a]">&gt;&gt;</a>&nbsp;&nbsp;&nbsp;config_ET5
<LI><a href="#[109]">&gt;&gt;</a>&nbsp;&nbsp;&nbsp;config_EEC10
<LI><a href="#[108]">&gt;&gt;</a>&nbsp;&nbsp;&nbsp;config_EEC9
<LI><a href="#[107]">&gt;&gt;</a>&nbsp;&nbsp;&nbsp;config_EMAC
<LI><a href="#[106]">&gt;&gt;</a>&nbsp;&nbsp;&nbsp;config_EMAP
<LI><a href="#[105]">&gt;&gt;</a>&nbsp;&nbsp;&nbsp;config_EEC11
<LI><a href="#[104]">&gt;&gt;</a>&nbsp;&nbsp;&nbsp;config_DPF1S2
<LI><a href="#[103]">&gt;&gt;</a>&nbsp;&nbsp;&nbsp;config_DPF2S2
<LI><a href="#[102]">&gt;&gt;</a>&nbsp;&nbsp;&nbsp;config_CAC1P
<LI><a href="#[101]">&gt;&gt;</a>&nbsp;&nbsp;&nbsp;config_CAC1
<LI><a href="#[100]">&gt;&gt;</a>&nbsp;&nbsp;&nbsp;config_CAC2P
<LI><a href="#[ff]">&gt;&gt;</a>&nbsp;&nbsp;&nbsp;config_CAC2
<LI><a href="#[fe]">&gt;&gt;</a>&nbsp;&nbsp;&nbsp;config_ETCBI
<LI><a href="#[fd]">&gt;&gt;</a>&nbsp;&nbsp;&nbsp;config_EFTVI1
<LI><a href="#[fc]">&gt;&gt;</a>&nbsp;&nbsp;&nbsp;config_Information
<LI><a href="#[fb]">&gt;&gt;</a>&nbsp;&nbsp;&nbsp;config_EFS2
<LI><a href="#[fa]">&gt;&gt;</a>&nbsp;&nbsp;&nbsp;config_EFL_P11
<LI><a href="#[f9]">&gt;&gt;</a>&nbsp;&nbsp;&nbsp;config_LLRE
<LI><a href="#[f8]">&gt;&gt;</a>&nbsp;&nbsp;&nbsp;config_AT2WUDOC
<LI><a href="#[f7]">&gt;&gt;</a>&nbsp;&nbsp;&nbsp;config_VEP4
<LI><a href="#[f6]">&gt;&gt;</a>&nbsp;&nbsp;&nbsp;config_EC3
<LI><a href="#[f5]">&gt;&gt;</a>&nbsp;&nbsp;&nbsp;config_HOP
<LI><a href="#[f4]">&gt;&gt;</a>&nbsp;&nbsp;&nbsp;config_EFP
<LI><a href="#[f3]">&gt;&gt;</a>&nbsp;&nbsp;&nbsp;config_EBCC
<LI><a href="#[f2]">&gt;&gt;</a>&nbsp;&nbsp;&nbsp;config_SFS
<LI><a href="#[f1]">&gt;&gt;</a>&nbsp;&nbsp;&nbsp;config_LFE2
<LI><a href="#[f0]">&gt;&gt;</a>&nbsp;&nbsp;&nbsp;config_DPFC2
<LI><a href="#[ef]">&gt;&gt;</a>&nbsp;&nbsp;&nbsp;config_EFL_P12
<LI><a href="#[ee]">&gt;&gt;</a>&nbsp;&nbsp;&nbsp;config_AT1AC3
<LI><a href="#[ed]">&gt;&gt;</a>&nbsp;&nbsp;&nbsp;config_AT2AC3
<LI><a href="#[ec]">&gt;&gt;</a>&nbsp;&nbsp;&nbsp;config_CCVS3
<LI><a href="#[eb]">&gt;&gt;</a>&nbsp;&nbsp;&nbsp;config_AT1DPF1S3
<LI><a href="#[ea]">&gt;&gt;</a>&nbsp;&nbsp;&nbsp;config_AT1DPF1S4
<LI><a href="#[e9]">&gt;&gt;</a>&nbsp;&nbsp;&nbsp;config_AT1DPF1S5
<LI><a href="#[e8]">&gt;&gt;</a>&nbsp;&nbsp;&nbsp;config_AT1DPF2S3
<LI><a href="#[e7]">&gt;&gt;</a>&nbsp;&nbsp;&nbsp;config_AT1DPF2S4
<LI><a href="#[e6]">&gt;&gt;</a>&nbsp;&nbsp;&nbsp;config_AT1DPF2S5
<LI><a href="#[e5]">&gt;&gt;</a>&nbsp;&nbsp;&nbsp;config_AT1P1I
<LI><a href="#[e4]">&gt;&gt;</a>&nbsp;&nbsp;&nbsp;config_EPSI
<LI><a href="#[e3]">&gt;&gt;</a>&nbsp;&nbsp;&nbsp;config_EEGR1B
<LI><a href="#[e2]">&gt;&gt;</a>&nbsp;&nbsp;&nbsp;config_EEGR1A
<LI><a href="#[e1]">&gt;&gt;</a>&nbsp;&nbsp;&nbsp;config_EF_TVI2
<LI><a href="#[e0]">&gt;&gt;</a>&nbsp;&nbsp;&nbsp;config_A1SCREGT2
<LI><a href="#[df]">&gt;&gt;</a>&nbsp;&nbsp;&nbsp;config_A2SCREGT2
<LI><a href="#[de]">&gt;&gt;</a>&nbsp;&nbsp;&nbsp;config_GFI4
<LI><a href="#[dd]">&gt;&gt;</a>&nbsp;&nbsp;&nbsp;config_A2SCRAI2
<LI><a href="#[dc]">&gt;&gt;</a>&nbsp;&nbsp;&nbsp;config_A1SCRAI2
<LI><a href="#[db]">&gt;&gt;</a>&nbsp;&nbsp;&nbsp;config_LDISP
<LI><a href="#[da]">&gt;&gt;</a>&nbsp;&nbsp;&nbsp;config_WAND
<LI><a href="#[d9]">&gt;&gt;</a>&nbsp;&nbsp;&nbsp;config_WS
<LI><a href="#[d8]">&gt;&gt;</a>&nbsp;&nbsp;&nbsp;config_AEBS1
<LI><a href="#[d7]">&gt;&gt;</a>&nbsp;&nbsp;&nbsp;config_Command
<LI><a href="#[d6]">&gt;&gt;</a>&nbsp;&nbsp;&nbsp;config_ACCS
<LI><a href="#[d5]">&gt;&gt;</a>&nbsp;&nbsp;&nbsp;config_MSI2
<LI><a href="#[d4]">&gt;&gt;</a>&nbsp;&nbsp;&nbsp;config_ARI
<LI><a href="#[d3]">&gt;&gt;</a>&nbsp;&nbsp;&nbsp;config_SSI2
<LI><a href="#[d2]">&gt;&gt;</a>&nbsp;&nbsp;&nbsp;config_A2SCRAI
<LI><a href="#[d1]">&gt;&gt;</a>&nbsp;&nbsp;&nbsp;config_A2SCRDSR1
<LI><a href="#[d0]">&gt;&gt;</a>&nbsp;&nbsp;&nbsp;config_A2SCRDSI1
<LI><a href="#[cf]">&gt;&gt;</a>&nbsp;&nbsp;&nbsp;config_A1SCRAI
<LI><a href="#[ce]">&gt;&gt;</a>&nbsp;&nbsp;&nbsp;config_A1SCRDSR1
<LI><a href="#[cd]">&gt;&gt;</a>&nbsp;&nbsp;&nbsp;config_A1SCRDSI1
<LI><a href="#[cc]">&gt;&gt;</a>&nbsp;&nbsp;&nbsp;config_ESSI
<LI><a href="#[cb]">&gt;&gt;</a>&nbsp;&nbsp;&nbsp;config_SAS
<LI><a href="#[ca]">&gt;&gt;</a>&nbsp;&nbsp;&nbsp;config_TFAC
<LI><a href="#[c9]">&gt;&gt;</a>&nbsp;&nbsp;&nbsp;config_KL3
<LI><a href="#[c8]">&gt;&gt;</a>&nbsp;&nbsp;&nbsp;config_KL2
<LI><a href="#[c7]">&gt;&gt;</a>&nbsp;&nbsp;&nbsp;config_KL1
<LI><a href="#[c6]">&gt;&gt;</a>&nbsp;&nbsp;&nbsp;config_BI
<LI><a href="#[c5]">&gt;&gt;</a>&nbsp;&nbsp;&nbsp;config_SSI
<LI><a href="#[c4]">&gt;&gt;</a>&nbsp;&nbsp;&nbsp;config_FWSS1
<LI><a href="#[c3]">&gt;&gt;</a>&nbsp;&nbsp;&nbsp;config_AT2OG1
<LI><a href="#[c2]">&gt;&gt;</a>&nbsp;&nbsp;&nbsp;config_AT2IG1
<LI><a href="#[c1]">&gt;&gt;</a>&nbsp;&nbsp;&nbsp;config_AT1OG1
<LI><a href="#[c0]">&gt;&gt;</a>&nbsp;&nbsp;&nbsp;config_AT1IG1
<LI><a href="#[bf]">&gt;&gt;</a>&nbsp;&nbsp;&nbsp;config_ETC8
<LI><a href="#[be]">&gt;&gt;</a>&nbsp;&nbsp;&nbsp;config_ESC1
<LI><a href="#[bd]">&gt;&gt;</a>&nbsp;&nbsp;&nbsp;config_EGF1
<LI><a href="#[bc]">&gt;&gt;</a>&nbsp;&nbsp;&nbsp;config_VDC2
<LI><a href="#[bb]">&gt;&gt;</a>&nbsp;&nbsp;&nbsp;config_HPG
<LI><a href="#[ba]">&gt;&gt;</a>&nbsp;&nbsp;&nbsp;config_ETC2
<LI><a href="#[b9]">&gt;&gt;</a>&nbsp;&nbsp;&nbsp;config_EEC1
<LI><a href="#[b8]">&gt;&gt;</a>&nbsp;&nbsp;&nbsp;config_EEC2
<LI><a href="#[b7]">&gt;&gt;</a>&nbsp;&nbsp;&nbsp;config_ETC1
<LI><a href="#[b6]">&gt;&gt;</a>&nbsp;&nbsp;&nbsp;config_EBC1
<LI><a href="#[b5]">&gt;&gt;</a>&nbsp;&nbsp;&nbsp;config_ERC1
<LI><a href="#[b4]">&gt;&gt;</a>&nbsp;&nbsp;&nbsp;config_CM1
<LI><a href="#[b3]">&gt;&gt;</a>&nbsp;&nbsp;&nbsp;config_ATR
<LI><a href="#[b2]">&gt;&gt;</a>&nbsp;&nbsp;&nbsp;config_ATS
<LI><a href="#[b1]">&gt;&gt;</a>&nbsp;&nbsp;&nbsp;config_TDA
<LI><a href="#[b0]">&gt;&gt;</a>&nbsp;&nbsp;&nbsp;config_ASC2
<LI><a href="#[af]">&gt;&gt;</a>&nbsp;&nbsp;&nbsp;config_ASC6
<LI><a href="#[ae]">&gt;&gt;</a>&nbsp;&nbsp;&nbsp;config_CL
<LI><a href="#[ad]">&gt;&gt;</a>&nbsp;&nbsp;&nbsp;config_CTL
<LI><a href="#[ac]">&gt;&gt;</a>&nbsp;&nbsp;&nbsp;config_TPRS
<LI><a href="#[ab]">&gt;&gt;</a>&nbsp;&nbsp;&nbsp;config_DISP1
<LI><a href="#[aa]">&gt;&gt;</a>&nbsp;&nbsp;&nbsp;config_AUXIO6
<LI><a href="#[a9]">&gt;&gt;</a>&nbsp;&nbsp;&nbsp;config_AUXIO7
<LI><a href="#[a8]">&gt;&gt;</a>&nbsp;&nbsp;&nbsp;config_AT2DPFSSC
<LI><a href="#[a7]">&gt;&gt;</a>&nbsp;&nbsp;&nbsp;config_AT1DPFSSC
<LI><a href="#[a6]">&gt;&gt;</a>&nbsp;&nbsp;&nbsp;config_HCDI1
<LI><a href="#[a5]">&gt;&gt;</a>&nbsp;&nbsp;&nbsp;config_SFC
<LI><a href="#[a4]">&gt;&gt;</a>&nbsp;&nbsp;&nbsp;config_RBR
<LI><a href="#[a3]">&gt;&gt;</a>&nbsp;&nbsp;&nbsp;config_SRASI
<LI><a href="#[a2]">&gt;&gt;</a>&nbsp;&nbsp;&nbsp;config_AUXIO5
<LI><a href="#[a1]">&gt;&gt;</a>&nbsp;&nbsp;&nbsp;config_GPV4
<LI><a href="#[a0]">&gt;&gt;</a>&nbsp;&nbsp;&nbsp;config_XBR
<LI><a href="#[9f]">&gt;&gt;</a>&nbsp;&nbsp;&nbsp;config_TC1
<LI><a href="#[9e]">&gt;&gt;</a>&nbsp;&nbsp;&nbsp;config_TSC1
</UL>

<P><STRONG><a name="[219]"></a>TSC1</STRONG> (Thumb, 126 bytes, Stack size 0 bytes, msg.o(.text))
<BR><BR>[Called By]<UL><LI><a href="#[5a]">&gt;&gt;</a>&nbsp;&nbsp;&nbsp;testallmsg_group1
</UL>

[...]
</UL>

<P><STRONG><a name="[1e6]"></a>config_LTFI</STRONG> (Thumb, 102 bytes, Stack size 8 bytes, msg.o(.text), UNUSED)
<BR><BR>[Calls]<UL><LI><a href="#[97]">&gt;&gt;</a>&nbsp;&nbsp;&nbsp;Parameter_Translate
</UL>

<P><STRONG><a name="[1e7]"></a>config_TDI</STRONG> (Thumb, 54 bytes, Stack size 8 bytes, msg.o(.text), UNUSED)
<BR><BR>[Calls]<UL><LI><a href="#[97]">&gt;&gt;</a>&nbsp;&nbsp;&nbsp;Parameter_Translate
</UL>

<P><STRONG><a name="[1e8]"></a>config_TFI</STRONG> (Thumb, 62 bytes, Stack size 8 bytes, msg.o(.text), UNUSED)
<BR><BR>[Calls]<UL><LI><a href="#[97]">&gt;&gt;</a>&nbsp;&nbsp;&nbsp;Parameter_Translate
</UL>

<P><STRONG><a name="[1e9]"></a>config_CBI</STRONG> (Thumb, 70 bytes, Stack size 8 bytes, msg.o(.text), UNUSED)
<BR><BR>[Calls]<UL><LI><a href="#[97]">&gt;&gt;</a>&nbsp;&nbsp;&nbsp;Parameter_Translate
</UL>

<P><STRONG><a name="[1ea]"></a>config_FD1</STRONG> (Thumb, 160 bytes, Stack size 8 bytes, msg.o(.text), UNUSED)
<BR><BR>[Calls]<UL><LI><a href="#[97]">&gt;&gt;</a>&nbsp;&nbsp;&nbsp;Parameter_Translate
</UL>

<P><STRONG><a name="[1eb]"></a>config_EEC4</STRONG> (Thumb, 74 bytes, Stack size 8 bytes, msg.o(.text), UNUSED)
<BR><BR>[Calls]<UL><LI><a href="#[97]">&gt;&gt;</a>&nbsp;&nbsp;&nbsp;Parameter_Translate
</UL>

<P><STRONG><a name="[1ec]"></a>config_EBC2</STRONG> (Thumb, 118 bytes, Stack size 8 bytes, msg.o(.text), UNUSED)
<BR><BR>[Calls]<UL><LI><a href="#[97]">&gt;&gt;</a>&nbsp;&nbsp;&nbsp;Parameter_Translate
</UL>

<P><STRONG><a name="[1ed]"></a>config_VDHR</STRONG> (Thumb, 38 bytes, Stack size 8 bytes, msg.o(.text), UNUSED)
<BR><BR>[Calls]<UL><LI><a href="#[97]">&gt;&gt;</a>&nbsp;&nbsp;&nbsp;Parameter_Translate
</UL>

<P><STRONG><a name="[46a]"></a>config_ERC2</STRONG> (Thumb, 6 bytes, Stack size 0 bytes, msg.o(.text), UNUSED)

<P><STRONG><a name="[46b]"></a>config_ETC5</STRONG> (Thumb, 52 bytes, Stack size 0 bytes, msg.o(.text), UNUSED)

<P><STRONG><a name="[1ee]"></a>config_ETC4</STRONG> (Thumb, 34 bytes, Stack size 8 bytes, msg.o(.text), UNUSED)
<BR><BR>[Calls]<UL><LI><a href="#[97]">&gt;&gt;</a>&nbsp;&nbsp;&nbsp;Parameter_Translate
</UL>

<P><STRONG><a name="[1ef]"></a>config_ETC3</STRONG> (Thumb, 184 bytes, Stack size 8 bytes, msg.o(.text), UNUSED)
<BR><BR>[Calls]<UL><LI><a href="#[97]">&gt;&gt;</a>&nbsp;&nbsp;&nbsp;Parameter_Translate
</UL>

<P><STRONG><a name="[1f0]"></a>config_AS</STRONG> (Thumb, 62 bytes, Stack size 8 bytes, msg.o(.text), UNUSED)
<BR><BR>[Calls]<UL><LI><a href="#[97]">&gt;&gt;</a>&nbsp;&nbsp;&nbsp;Parameter_Translate
</UL>

<P><STRONG><a name="[1f1]"></a>config_AUXIO1</STRONG> (Thumb, 198 bytes, Stack size 8 bytes, msg.o(.text), UNUSED)
<BR><BR>[Calls]<UL><LI><a href="#[97]">&gt;&gt;</a>&nbsp;&nbsp;&nbsp;Parameter_Translate
</UL>

<P><STRONG><a name="[1f2]"></a>config_SOFT</STRONG> (Thumb, 22 bytes, Stack size 8 bytes, msg.o(.text), UNUSED)
<BR><BR>[Calls]<UL><LI><a href="#[97]">&gt;&gt;</a>&nbsp;&nbsp;&nbsp;Parameter_Translate
</UL>

<P><STRONG><a name="[1f3]"></a>config_EFL_P2</STRONG> (Thumb, 70 bytes, Stack size 8 bytes, msg.o(.text), UNUSED)
<BR><BR>[Calls]<UL><LI><a href="#[97]">&gt;&gt;</a>&nbsp;&nbsp;&nbsp;Parameter_Translate
</UL>

<P><STRONG><a name="[1f4]"></a>config_IO</STRONG> (Thumb, 36 bytes, Stack size 8 bytes, msg.o(.text), UNUSED)
<BR><BR>[Calls]<UL><LI><a href="#[97]">&gt;&gt;</a>&nbsp;&nbsp;&nbsp;Parameter_Translate
</UL>

<P><STRONG><a name="[1f5]"></a>config_TC</STRONG> (Thumb, 42 bytes, Stack size 8 bytes, msg.o(.text), UNUSED)
<BR><BR>[Calls]<UL><LI><a href="#[97]">&gt;&gt;</a>&nbsp;&nbsp;&nbsp;Parameter_Translate
</UL>

<P><STRONG><a name="[1f6]"></a>config_AIR2</STRONG> (Thumb, 22 bytes, Stack size 8 bytes, msg.o(.text), UNUSED)
<BR><BR>[Calls]<UL><LI><a href="#[97]">&gt;&gt;</a>&nbsp;&nbsp;&nbsp;Parameter_Translate
</UL>

<P><STRONG><a name="[1f7]"></a>config_EEC3</STRONG> (Thumb, 210 bytes, Stack size 8 bytes, msg.o(.text), UNUSED)
<BR><BR>[Calls]<UL><LI><a href="#[97]">&gt;&gt;</a>&nbsp;&nbsp;&nbsp;Parameter_Translate
</UL>

<P><STRONG><a name="[1f8]"></a>config_VD</STRONG> (Thumb, 38 bytes, Stack size 8 bytes, msg.o(.text), UNUSED)
<BR><BR>[Calls]<UL><LI><a href="#[97]">&gt;&gt;</a>&nbsp;&nbsp;&nbsp;Parameter_Translate
</UL>

<P><STRONG><a name="[1f9]"></a>config_TCFG</STRONG> (Thumb, 52 bytes, Stack size 8 bytes, msg.o(.text), UNUSED)
<BR><BR>[Calls]<UL><LI><a href="#[97]">&gt;&gt;</a>&nbsp;&nbsp;&nbsp;Parameter_Translate
</UL>

<P><STRONG><a name="[46c]"></a>config_SHUTDN</STRONG> (Thumb, 194 bytes, Stack size 0 bytes, msg.o(.text), UNUSED)

<P><STRONG><a name="[1fa]"></a>config_HOURS</STRONG> (Thumb, 34 bytes, Stack size 8 bytes, msg.o(.text), UNUSED)
<BR><BR>[Calls]<UL><LI><a href="#[97]">&gt;&gt;</a>&nbsp;&nbsp;&nbsp;Parameter_Translate
</UL>

<P><STRONG><a name="[1fb]"></a>config_TD</STRONG> (Thumb, 134 bytes, Stack size 8 bytes, msg.o(.text), UNUSED)
<BR><BR>[Calls]<UL><LI><a href="#[97]">&gt;&gt;</a>&nbsp;&nbsp;&nbsp;Parameter_Translate
</UL>

<P><STRONG><a name="[1fc]"></a>config_VH</STRONG> (Thumb, 34 bytes, Stack size 8 bytes, msg.o(.text), UNUSED)
<BR><BR>[Calls]<UL><LI><a href="#[97]">&gt;&gt;</a>&nbsp;&nbsp;&nbsp;Parameter_Translate
</UL>

<P><STRONG><a name="[1fd]"></a>config_VDS</STRONG> (Thumb, 70 bytes, Stack size 8 bytes, msg.o(.text), UNUSED)
<BR><BR>[Calls]<UL><LI><a href="#[97]">&gt;&gt;</a>&nbsp;&nbsp;&nbsp;Parameter_Translate
</UL>

<P><STRONG><a name="[1fe]"></a>config_LFC</STRONG> (Thumb, 36 bytes, Stack size 8 bytes, msg.o(.text), UNUSED)
<BR><BR>[Calls]<UL><LI><a href="#[97]">&gt;&gt;</a>&nbsp;&nbsp;&nbsp;Parameter_Translate
</UL>

<P><STRONG><a name="[1ff]"></a>config_VW</STRONG> (Thumb, 58 bytes, Stack size 8 bytes, msg.o(.text), UNUSED)
<BR><BR>[Calls]<UL><LI><a href="#[97]">&gt;&gt;</a>&nbsp;&nbsp;&nbsp;Parameter_Translate
</UL>

<P><STRONG><a name="[200]"></a>config_CCSS</STRONG> (Thumb, 54 bytes, Stack size 8 bytes, msg.o(.text), UNUSED)
<BR><BR>[Calls]<UL><LI><a href="#[97]">&gt;&gt;</a>&nbsp;&nbsp;&nbsp;Parameter_Translate
</UL>

<P><STRONG><a name="[201]"></a>config_ET1</STRONG> (Thumb, 100 bytes, Stack size 8 bytes, msg.o(.text))
<BR><BR>[Stack]<UL><LI>Max Depth = 168<LI>Call Chain = config_ET1 &rArr; Parameter_Translate &rArr; __aeabi_dadd &rArr; _double_epilogue &rArr; _double_round
</UL>
<BR>[Calls]<UL><LI><a href="#[97]">&gt;&gt;</a>&nbsp;&nbsp;&nbsp;Parameter_Translate
</UL>
<BR>[Called By]<UL><LI><a href="#[5a]">&gt;&gt;</a>&nbsp;&nbsp;&nbsp;testallmsg_group1
</UL>

<P><STRONG><a name="[202]"></a>config_EFL_P1</STRONG> (Thumb, 290 bytes, Stack size 8 bytes, msg.o(.text), UNUSED)
<BR><BR>[Calls]<UL><LI><a href="#[97]">&gt;&gt;</a>&nbsp;&nbsp;&nbsp;Parameter_Translate
</UL>

<P><STRONG><a name="[203]"></a>config_PTO</STRONG> (Thumb, 154 bytes, Stack size 8 bytes, msg.o(.text), UNUSED)
<BR><BR>[Calls]<UL><LI><a href="#[97]">&gt;&gt;</a>&nbsp;&nbsp;&nbsp;Parameter_Translate
</UL>

<P><STRONG><a name="[204]"></a>config_CCVS1</STRONG> (Thumb, 218 bytes, Stack size 8 bytes, msg.o(.text))
<BR><BR>[Stack]<UL><LI>Max Depth = 168<LI>Call Chain = config_CCVS1 &rArr; Parameter_Translate &rArr; __aeabi_dadd &rArr; _double_epilogue &rArr; _double_round
</UL>
<BR>[Calls]<UL><LI><a href="#[97]">&gt;&gt;</a>&nbsp;&nbsp;&nbsp;Parameter_Translate
</UL>
<BR>[Called By]<UL><LI><a href="#[5a]">&gt;&gt;</a>&nbsp;&nbsp;&nbsp;testallmsg_group1
</UL>

<P><STRONG><a name="[205]"></a>config_LFE1</STRONG> (Thumb, 80 bytes, Stack size 8 bytes, msg.o(.text), UNUSED)
<BR><BR>[Calls]<UL><LI><a href="#[97]">&gt;&gt;</a>&nbsp;&nbsp;&nbsp;Parameter_Translate
</UL>

<P><STRONG><a name="[206]"></a>config_VP</STRONG> (Thumb, 34 bytes, Stack size 8 bytes, msg.o(.text), UNUSED)
<BR><BR>[Calls]<UL><LI><a href="#[97]">&gt;&gt;</a>&nbsp;&nbsp;&nbsp;Parameter_Translate
</UL>

<P><STRONG><a name="[207]"></a>config_TIRE</STRONG> (Thumb, 90 bytes, Stack size 8 bytes, msg.o(.text), UNUSED)
<BR><BR>[Calls]<UL><LI><a href="#[97]">&gt;&gt;</a>&nbsp;&nbsp;&nbsp;Parameter_Translate
</UL>

<P><STRONG><a name="[208]"></a>config_AMB</STRONG> (Thumb, 86 bytes, Stack size 8 bytes, msg.o(.text), UNUSED)
<BR><BR>[Calls]<UL><LI><a href="#[97]">&gt;&gt;</a>&nbsp;&nbsp;&nbsp;Parameter_Translate
</UL>

<P><STRONG><a name="[209]"></a>config_IC1</STRONG> (Thumb, 116 bytes, Stack size 8 bytes, msg.o(.text), UNUSED)
<BR><BR>[Calls]<UL><LI><a href="#[97]">&gt;&gt;</a>&nbsp;&nbsp;&nbsp;Parameter_Translate
</UL>

<P><STRONG><a name="[20a]"></a>config_VEP1</STRONG> (Thumb, 80 bytes, Stack size 8 bytes, msg.o(.text), UNUSED)
<BR><BR>[Calls]<UL><LI><a href="#[97]">&gt;&gt;</a>&nbsp;&nbsp;&nbsp;Parameter_Translate
</UL>

<P><STRONG><a name="[20b]"></a>config_TRF1</STRONG> (Thumb, 120 bytes, Stack size 8 bytes, msg.o(.text), UNUSED)
<BR><BR>[Calls]<UL><LI><a href="#[97]">&gt;&gt;</a>&nbsp;&nbsp;&nbsp;Parameter_Translate
</UL>

<P><STRONG><a name="[20c]"></a>config_AI</STRONG> (Thumb, 202 bytes, Stack size 8 bytes, msg.o(.text), UNUSED)
<BR><BR>[Calls]<UL><LI><a href="#[97]">&gt;&gt;</a>&nbsp;&nbsp;&nbsp;Parameter_Translate
</UL>

<P><STRONG><a name="[20d]"></a>config_B</STRONG> (Thumb, 84 bytes, Stack size 8 bytes, msg.o(.text), UNUSED)
<BR><BR>[Calls]<UL><LI><a href="#[97]">&gt;&gt;</a>&nbsp;&nbsp;&nbsp;Parameter_Translate
</UL>

<P><STRONG><a name="[20e]"></a>config_RF</STRONG> (Thumb, 42 bytes, Stack size 8 bytes, msg.o(.text), UNUSED)
<BR><BR>[Calls]<UL><LI><a href="#[97]">&gt;&gt;</a>&nbsp;&nbsp;&nbsp;Parameter_Translate
</UL>

<P><STRONG><a name="[20f]"></a>config_DD</STRONG> (Thumb, 96 bytes, Stack size 8 bytes, msg.o(.text), UNUSED)
<BR><BR>[Calls]<UL><LI><a href="#[97]">&gt;&gt;</a>&nbsp;&nbsp;&nbsp;Parameter_Translate
</UL>

<P><STRONG><a name="[210]"></a>config_A1</STRONG> (Thumb, 36 bytes, Stack size 8 bytes, msg.o(.text), UNUSED)
<BR><BR>[Calls]<UL><LI><a href="#[97]">&gt;&gt;</a>&nbsp;&nbsp;&nbsp;Parameter_Translate
</UL>

<P><STRONG><a name="[211]"></a>config_AWPP</STRONG> (Thumb, 22 bytes, Stack size 8 bytes, msg.o(.text), UNUSED)
<BR><BR>[Calls]<UL><LI><a href="#[97]">&gt;&gt;</a>&nbsp;&nbsp;&nbsp;Parameter_Translate
</UL>

<P><STRONG><a name="[5a]"></a>testallmsg_group1</STRONG> (Thumb, 164 bytes, Stack size 328 bytes, testmsg.o(.text))
<BR><BR>[Stack]<UL><LI>Max Depth = 496<LI>Call Chain = testallmsg_group1 &rArr; config_CCVS1 &rArr; Parameter_Translate &rArr; __aeabi_dadd &rArr; _double_epilogue &rArr; _double_round
</UL>
<BR>[Calls]<UL><LI><a href="#[218]">&gt;&gt;</a>&nbsp;&nbsp;&nbsp;LCMD
<LI><a href="#[216]">&gt;&gt;</a>&nbsp;&nbsp;&nbsp;LD
<LI><a href="#[212]">&gt;&gt;</a>&nbsp;&nbsp;&nbsp;LLRE
<LI><a href="#[219]">&gt;&gt;</a>&nbsp;&nbsp;&nbsp;TSC1
<LI><a href="#[5b]">&gt;&gt;</a>&nbsp;&nbsp;&nbsp;send_massage
<LI><a href="#[51]">&gt;&gt;</a>&nbsp;&nbsp;&nbsp;Delay
<LI><a href="#[204]">&gt;&gt;</a>&nbsp;&nbsp;&nbsp;config_CCVS1
<LI><a href="#[201]">&gt;&gt;</a>&nbsp;&nbsp;&nbsp;config_ET1
<LI><a href="#[217]">&gt;&gt;</a>&nbsp;&nbsp;&nbsp;config_LCMD
<LI><a href="#[215]">&gt;&gt;</a>&nbsp;&nbsp;&nbsp;config_LD
<LI><a href="#[f9]">&gt;&gt;</a>&nbsp;&nbsp;&nbsp;config_LLRE
<LI><a href="#[9e]">&gt;&gt;</a>&nbsp;&nbsp;&nbsp;config_TSC1
<LI><a href="#[213]">&gt;&gt;</a>&nbsp;&nbsp;&nbsp;CCVS1
<LI><a href="#[214]">&gt;&gt;</a>&nbsp;&nbsp;&nbsp;ET1
</UL>
<BR>[Called By]<UL><LI><a href="#[46]">&gt;&gt;</a>&nbsp;&nbsp;&nbsp;main
</UL>

<P><STRONG><a name="[46d]"></a>__aeabi_memcpy</STRONG> (Thumb, 36 bytes, Stack size 0 bytes, memcpya.o(.text), UNUSED)

<P><STRONG><a name="[81]"></a>__aeabi_memcpy4</STRONG> (Thumb, 0 bytes, Stack size 0 bytes, memcpya.o(.text))
<BR><BR>[Called By]<UL><LI><a href="#[87]">&gt;&gt;</a>&nbsp;&nbsp;&nbsp;J1939_DequeueMessage
<LI><a href="#[7f]">&gt;&gt;</a>&nbsp;&nbsp;&nbsp;J1939_ReceiveMessages
<LI><a href="#[5d]">&gt;&gt;</a>&nbsp;&nbsp;&nbsp;J1939_EnqueueMessage
</UL>

<P><STRONG><a name="[46e]"></a>__aeabi_memcpy8</STRONG> (Thumb, 0 bytes, Stack size 0 bytes, memcpya.o(.text), UNUSED)

<P><STRONG><a name="[9b]"></a>__aeabi_dadd</STRONG> (Thumb, 322 bytes, Stack size 48 bytes, dadd.o(.text))
<BR><BR>[Stack]<UL><LI>Max Depth = 88<LI>Call Chain = __aeabi_dadd &rArr; _double_epilogue &rArr; _double_round
</UL>
<BR>[Calls]<UL><LI><a href="#[21b]">&gt;&gt;</a>&nbsp;&nbsp;&nbsp;__aeabi_lasr
<LI><a href="#[21a]">&gt;&gt;</a>&nbsp;&nbsp;&nbsp;__aeabi_llsl
<LI><a href="#[21d]">&gt;&gt;</a>&nbsp;&nbsp;&nbsp;_double_round
<LI><a href="#[21c]">&gt;&gt;</a>&nbsp;&nbsp;&nbsp;_double_epilogue
</UL>
<BR>[Called By]<UL><LI><a href="#[97]">&gt;&gt;</a>&nbsp;&nbsp;&nbsp;Parameter_Translate
<LI><a href="#[21f]">&gt;&gt;</a>&nbsp;&nbsp;&nbsp;__aeabi_drsub
<LI><a href="#[21e]">&gt;&gt;</a>&nbsp;&nbsp;&nbsp;__aeabi_dsub
</UL>

<P><STRONG><a name="[21e]"></a>__aeabi_dsub</STRONG> (Thumb, 6 bytes, Stack size 0 bytes, dadd.o(.text), UNUSED)
<BR><BR>[Calls]<UL><LI><a href="#[9b]">&gt;&gt;</a>&nbsp;&nbsp;&nbsp;__aeabi_dadd
</UL>

<P><STRONG><a name="[21f]"></a>__aeabi_drsub</STRONG> (Thumb, 6 bytes, Stack size 0 bytes, dadd.o(.text), UNUSED)
<BR><BR>[Calls]<UL><LI><a href="#[9b]">&gt;&gt;</a>&nbsp;&nbsp;&nbsp;__aeabi_dadd
</UL>

<P><STRONG><a name="[9c]"></a>__aeabi_ddiv</STRONG> (Thumb, 222 bytes, Stack size 32 bytes, ddiv.o(.text))
<BR><BR>[Stack]<UL><LI>Max Depth = 40<LI>Call Chain = __aeabi_ddiv &rArr; _double_round
</UL>
<BR>[Calls]<UL><LI><a href="#[21d]">&gt;&gt;</a>&nbsp;&nbsp;&nbsp;_double_round
</UL>
<BR>[Called By]<UL><LI><a href="#[97]">&gt;&gt;</a>&nbsp;&nbsp;&nbsp;Parameter_Translate
</UL>

<P><STRONG><a name="[9a]"></a>__aeabi_i2d</STRONG> (Thumb, 34 bytes, Stack size 16 bytes, dflti.o(.text))
<BR><BR>[Stack]<UL><LI>Max Depth = 56<LI>Call Chain = __aeabi_i2d &rArr; _double_epilogue &rArr; _double_round
</UL>
<BR>[Calls]<UL><LI><a href="#[21c]">&gt;&gt;</a>&nbsp;&nbsp;&nbsp;_double_epilogue
</UL>
<BR>[Called By]<UL><LI><a href="#[97]">&gt;&gt;</a>&nbsp;&nbsp;&nbsp;Parameter_Translate
</UL>

<P><STRONG><a name="[99]"></a>__aeabi_f2iz</STRONG> (Thumb, 50 bytes, Stack size 0 bytes, ffixi.o(.text))
<BR><BR>[Called By]<UL><LI><a href="#[97]">&gt;&gt;</a>&nbsp;&nbsp;&nbsp;Parameter_Translate
</UL>

<P><STRONG><a name="[9d]"></a>__aeabi_d2uiz</STRONG> (Thumb, 50 bytes, Stack size 8 bytes, dfixui.o(.text))
<BR><BR>[Stack]<UL><LI>Max Depth = 8<LI>Call Chain = __aeabi_d2uiz
</UL>
<BR>[Calls]<UL><LI><a href="#[220]">&gt;&gt;</a>&nbsp;&nbsp;&nbsp;__aeabi_llsr
</UL>
<BR>[Called By]<UL><LI><a href="#[97]">&gt;&gt;</a>&nbsp;&nbsp;&nbsp;Parameter_Translate
<LI><a href="#[172]">&gt;&gt;</a>&nbsp;&nbsp;&nbsp;config_TR5
</UL>

<P><STRONG><a name="[98]"></a>__aeabi_f2d</STRONG> (Thumb, 38 bytes, Stack size 0 bytes, f2d.o(.text))
<BR><BR>[Called By]<UL><LI><a href="#[97]">&gt;&gt;</a>&nbsp;&nbsp;&nbsp;Parameter_Translate
</UL>

<P><STRONG><a name="[21a]"></a>__aeabi_llsl</STRONG> (Thumb, 30 bytes, Stack size 0 bytes, llshl.o(.text))
<BR><BR>[Called By]<UL><LI><a href="#[21c]">&gt;&gt;</a>&nbsp;&nbsp;&nbsp;_double_epilogue
<LI><a href="#[9b]">&gt;&gt;</a>&nbsp;&nbsp;&nbsp;__aeabi_dadd
</UL>

<P><STRONG><a name="[46f]"></a>_ll_shift_l</STRONG> (Thumb, 0 bytes, Stack size 0 bytes, llshl.o(.text), UNUSED)

<P><STRONG><a name="[220]"></a>__aeabi_llsr</STRONG> (Thumb, 32 bytes, Stack size 0 bytes, llushr.o(.text))
<BR><BR>[Called By]<UL><LI><a href="#[21c]">&gt;&gt;</a>&nbsp;&nbsp;&nbsp;_double_epilogue
<LI><a href="#[9d]">&gt;&gt;</a>&nbsp;&nbsp;&nbsp;__aeabi_d2uiz
</UL>

<P><STRONG><a name="[470]"></a>_ll_ushift_r</STRONG> (Thumb, 0 bytes, Stack size 0 bytes, llushr.o(.text), UNUSED)

<P><STRONG><a name="[21b]"></a>__aeabi_lasr</STRONG> (Thumb, 36 bytes, Stack size 0 bytes, llsshr.o(.text))
<BR><BR>[Called By]<UL><LI><a href="#[9b]">&gt;&gt;</a>&nbsp;&nbsp;&nbsp;__aeabi_dadd
</UL>

<P><STRONG><a name="[471]"></a>_ll_sshift_r</STRONG> (Thumb, 0 bytes, Stack size 0 bytes, llsshr.o(.text), UNUSED)

<P><STRONG><a name="[472]"></a>__I$use$fp</STRONG> (Thumb, 0 bytes, Stack size 8 bytes, iusefp.o(.text), UNUSED)

<P><STRONG><a name="[21d]"></a>_double_round</STRONG> (Thumb, 26 bytes, Stack size 8 bytes, depilogue.o(.text))
<BR><BR>[Stack]<UL><LI>Max Depth = 8<LI>Call Chain = _double_round
</UL>
<BR>[Called By]<UL><LI><a href="#[21c]">&gt;&gt;</a>&nbsp;&nbsp;&nbsp;_double_epilogue
<LI><a href="#[9c]">&gt;&gt;</a>&nbsp;&nbsp;&nbsp;__aeabi_ddiv
<LI><a href="#[9b]">&gt;&gt;</a>&nbsp;&nbsp;&nbsp;__aeabi_dadd
</UL>

<P><STRONG><a name="[21c]"></a>_double_epilogue</STRONG> (Thumb, 156 bytes, Stack size 32 bytes, depilogue.o(.text))
<BR><BR>[Stack]<UL><LI>Max Depth = 40<LI>Call Chain = _double_epilogue &rArr; _double_round
</UL>
<BR>[Calls]<UL><LI><a href="#[220]">&gt;&gt;</a>&nbsp;&nbsp;&nbsp;__aeabi_llsr
<LI><a href="#[21a]">&gt;&gt;</a>&nbsp;&nbsp;&nbsp;__aeabi_llsl
<LI><a href="#[21d]">&gt;&gt;</a>&nbsp;&nbsp;&nbsp;_double_round
</UL>
<BR>[Called By]<UL><LI><a href="#[9a]">&gt;&gt;</a>&nbsp;&nbsp;&nbsp;__aeabi_i2d
<LI><a href="#[9b]">&gt;&gt;</a>&nbsp;&nbsp;&nbsp;__aeabi_dadd
</UL>

<P><STRONG><a name="[4b]"></a>__scatterload</STRONG> (Thumb, 28 bytes, Stack size 0 bytes, init.o(.text))
<BR><BR>[Calls]<UL><LI><a href="#[221]">&gt;&gt;</a>&nbsp;&nbsp;&nbsp;__main_after_scatterload
</UL>
<BR>[Called By]<UL><LI><a href="#[4a]">&gt;&gt;</a>&nbsp;&nbsp;&nbsp;_main_scatterload
</UL>

<P><STRONG><a name="[473]"></a>__scatterload_rt2</STRONG> (Thumb, 0 bytes, Stack size 0 bytes, init.o(.text), UNUSED)

<P><STRONG><a name="[474]"></a>__scatterload_copy</STRONG> (Thumb, 14 bytes, Stack size unknown bytes, handlers.o(i.__scatterload_copy), UNUSED)

<P><STRONG><a name="[475]"></a>__scatterload_null</STRONG> (Thumb, 2 bytes, Stack size unknown bytes, handlers.o(i.__scatterload_null), UNUSED)

<P><STRONG><a name="[476]"></a>__scatterload_zeroinit</STRONG> (Thumb, 14 bytes, Stack size unknown bytes, handlers.o(i.__scatterload_zeroinit), UNUSED)

<P><STRONG><a name="[96]"></a>malloc</STRONG> (Thumb, 92 bytes, Stack size 20 bytes, malloc.o(i.malloc), UNUSED)
<BR><BR>[Called By]<UL><LI><a href="#[95]">&gt;&gt;</a>&nbsp;&nbsp;&nbsp;J1939_Create_Response
</UL>
<P>
<H3>
Local Symbols
</H3>
<P><STRONG><a name="[73]"></a>CheckITStatus</STRONG> (Thumb, 18 bytes, Stack size 0 bytes, stm32f10x_can.o(.text), UNUSED)
<BR><BR>[Called By]<UL><LI><a href="#[72]">&gt;&gt;</a>&nbsp;&nbsp;&nbsp;CAN_GetITStatus
</UL>

<P><STRONG><a name="[75]"></a>SetSysClockTo72</STRONG> (Thumb, 220 bytes, Stack size 12 bytes, system_stm32f10x.o(.text))
<BR><BR>[Stack]<UL><LI>Max Depth = 12<LI>Call Chain = SetSysClockTo72
</UL>
<BR>[Called By]<UL><LI><a href="#[74]">&gt;&gt;</a>&nbsp;&nbsp;&nbsp;SetSysClock
</UL>

<P><STRONG><a name="[74]"></a>SetSysClock</STRONG> (Thumb, 8 bytes, Stack size 8 bytes, system_stm32f10x.o(.text))
<BR><BR>[Stack]<UL><LI>Max Depth = 20<LI>Call Chain = SetSysClock &rArr; SetSysClockTo72
</UL>
<BR>[Calls]<UL><LI><a href="#[75]">&gt;&gt;</a>&nbsp;&nbsp;&nbsp;SetSysClockTo72
</UL>
<BR>[Called By]<UL><LI><a href="#[54]">&gt;&gt;</a>&nbsp;&nbsp;&nbsp;SystemInit
</UL>

<P><STRONG><a name="[7b]"></a>J1939_TransmitMessages</STRONG> (Thumb, 430 bytes, Stack size 8 bytes, j1939.o(.text))
<BR><BR>[Stack]<UL><LI>Max Depth = 64<LI>Call Chain = J1939_TransmitMessages &rArr; SendOneMessage &rArr; J1939_CAN_Transmit &rArr; CAN_Transmit
</UL>
<BR>[Calls]<UL><LI><a href="#[7a]">&gt;&gt;</a>&nbsp;&nbsp;&nbsp;SendOneMessage
<LI><a href="#[7c]">&gt;&gt;</a>&nbsp;&nbsp;&nbsp;J1939_TXinterruptEnable
</UL>
<BR>[Called By]<UL><LI><a href="#[69]">&gt;&gt;</a>&nbsp;&nbsp;&nbsp;J1939_ISR
</UL>

<P><STRONG><a name="[7f]"></a>J1939_ReceiveMessages</STRONG> (Thumb, 1456 bytes, Stack size 8 bytes, j1939.o(.text))
<BR><BR>[Stack]<UL><LI>Max Depth = 104<LI>Call Chain = J1939_ReceiveMessages &rArr; J1939_Response &rArr; SendOneMessage &rArr; J1939_CAN_Transmit &rArr; CAN_Transmit
</UL>
<BR>[Calls]<UL><LI><a href="#[80]">&gt;&gt;</a>&nbsp;&nbsp;&nbsp;J1939_Messages_Filter
<LI><a href="#[7d]">&gt;&gt;</a>&nbsp;&nbsp;&nbsp;J1939_Response
<LI><a href="#[78]">&gt;&gt;</a>&nbsp;&nbsp;&nbsp;J1939_CAN_Receive
<LI><a href="#[81]">&gt;&gt;</a>&nbsp;&nbsp;&nbsp;__aeabi_memcpy4
</UL>
<BR>[Called By]<UL><LI><a href="#[69]">&gt;&gt;</a>&nbsp;&nbsp;&nbsp;J1939_ISR
</UL>
<P>
<H3>
Undefined Global Symbols
</H3><HR></body></html>
