<!doctype html public "-//w3c//dtd html 4.0 transitional//en">
<html><head>
<title>Static Call Graph - [.\Obj\STM32.axf]</title></head>
<body><HR>
<H1>Static Call Graph for image .\Obj\STM32.axf</H1><HR>
<BR><P>#&#060CALLGRAPH&#062# ARM Linker, 5040049: Last Updated: Thu Mar 30 20:30:23 2023
<BR><P>
<H3>Maximum Stack Usage =        448 bytes + Unknown(Functions without stacksize, Cycles, Untraceable Function Pointers)</H3><H3>
Call chain for Maximum Stack Depth:</H3>
CAN1_RX0_IRQHandler &rArr; J1939_ISR &rArr; J1939_ReceiveMessages &rArr; transmit_USART_STR &rArr; __2sprintf &rArr; _printf_char_common &rArr; __printf
<P>
<H3>
Functions with no stack information
</H3><UL>
 <LI><a href="#[25f]">__user_initial_stackheap</a>
</UL>
</UL>
<P>
<H3>
Mutually Recursive functions
</H3> <LI><a href="#[25]">ADC1_2_IRQHandler</a>&nbsp;&nbsp;&nbsp;&rArr;&nbsp;&nbsp;&nbsp;<a href="#[25]">ADC1_2_IRQHandler</a><BR>
 <LI><a href="#[7e]">J1939_EnqueueMessage</a>&nbsp;&nbsp;&nbsp;&rArr;&nbsp;&nbsp;&nbsp;<a href="#[82]">J1939_ISR</a><BR>
</UL>
<P>
<H3>
Function Pointers
</H3><UL>
 <LI><a href="#[25]">ADC1_2_IRQHandler</a> from startup_stm32f10x_cl.o(.text) referenced from startup_stm32f10x_cl.o(RESET)
 <LI><a href="#[d]">BusFault_Handler</a> from stm32f10x_it.o(.text) referenced from startup_stm32f10x_cl.o(RESET)
 <LI><a href="#[27]">CAN1_RX0_IRQHandler</a> from stm32f10x_it.o(.text) referenced from startup_stm32f10x_cl.o(RESET)
 <LI><a href="#[28]">CAN1_RX1_IRQHandler</a> from startup_stm32f10x_cl.o(.text) referenced from startup_stm32f10x_cl.o(RESET)
 <LI><a href="#[29]">CAN1_SCE_IRQHandler</a> from startup_stm32f10x_cl.o(.text) referenced from startup_stm32f10x_cl.o(RESET)
 <LI><a href="#[26]">CAN1_TX_IRQHandler</a> from startup_stm32f10x_cl.o(.text) referenced from startup_stm32f10x_cl.o(RESET)
 <LI><a href="#[4c]">CAN2_RX0_IRQHandler</a> from stm32f10x_it.o(.text) referenced from startup_stm32f10x_cl.o(RESET)
 <LI><a href="#[4d]">CAN2_RX1_IRQHandler</a> from stm32f10x_it.o(.text) referenced from startup_stm32f10x_cl.o(RESET)
 <LI><a href="#[4e]">CAN2_SCE_IRQHandler</a> from startup_stm32f10x_cl.o(.text) referenced from startup_stm32f10x_cl.o(RESET)
 <LI><a href="#[4b]">CAN2_TX_IRQHandler</a> from startup_stm32f10x_cl.o(.text) referenced from startup_stm32f10x_cl.o(RESET)
 <LI><a href="#[1e]">DMA1_Channel1_IRQHandler</a> from startup_stm32f10x_cl.o(.text) referenced from startup_stm32f10x_cl.o(RESET)
 <LI><a href="#[1f]">DMA1_Channel2_IRQHandler</a> from startup_stm32f10x_cl.o(.text) referenced from startup_stm32f10x_cl.o(RESET)
 <LI><a href="#[20]">DMA1_Channel3_IRQHandler</a> from startup_stm32f10x_cl.o(.text) referenced from startup_stm32f10x_cl.o(RESET)
 <LI><a href="#[21]">DMA1_Channel4_IRQHandler</a> from startup_stm32f10x_cl.o(.text) referenced from startup_stm32f10x_cl.o(RESET)
 <LI><a href="#[22]">DMA1_Channel5_IRQHandler</a> from startup_stm32f10x_cl.o(.text) referenced from startup_stm32f10x_cl.o(RESET)
 <LI><a href="#[23]">DMA1_Channel6_IRQHandler</a> from startup_stm32f10x_cl.o(.text) referenced from startup_stm32f10x_cl.o(RESET)
 <LI><a href="#[24]">DMA1_Channel7_IRQHandler</a> from startup_stm32f10x_cl.o(.text) referenced from startup_stm32f10x_cl.o(RESET)
 <LI><a href="#[44]">DMA2_Channel1_IRQHandler</a> from startup_stm32f10x_cl.o(.text) referenced from startup_stm32f10x_cl.o(RESET)
 <LI><a href="#[45]">DMA2_Channel2_IRQHandler</a> from startup_stm32f10x_cl.o(.text) referenced from startup_stm32f10x_cl.o(RESET)
 <LI><a href="#[46]">DMA2_Channel3_IRQHandler</a> from startup_stm32f10x_cl.o(.text) referenced from startup_stm32f10x_cl.o(RESET)
 <LI><a href="#[47]">DMA2_Channel4_IRQHandler</a> from startup_stm32f10x_cl.o(.text) referenced from startup_stm32f10x_cl.o(RESET)
 <LI><a href="#[48]">DMA2_Channel5_IRQHandler</a> from startup_stm32f10x_cl.o(.text) referenced from startup_stm32f10x_cl.o(RESET)
 <LI><a href="#[10]">DebugMon_Handler</a> from stm32f10x_it.o(.text) referenced from startup_stm32f10x_cl.o(RESET)
 <LI><a href="#[49]">ETH_IRQHandler</a> from startup_stm32f10x_cl.o(.text) referenced from startup_stm32f10x_cl.o(RESET)
 <LI><a href="#[4a]">ETH_WKUP_IRQHandler</a> from startup_stm32f10x_cl.o(.text) referenced from startup_stm32f10x_cl.o(RESET)
 <LI><a href="#[19]">EXTI0_IRQHandler</a> from startup_stm32f10x_cl.o(.text) referenced from startup_stm32f10x_cl.o(RESET)
 <LI><a href="#[3b]">EXTI15_10_IRQHandler</a> from startup_stm32f10x_cl.o(.text) referenced from startup_stm32f10x_cl.o(RESET)
 <LI><a href="#[1a]">EXTI1_IRQHandler</a> from startup_stm32f10x_cl.o(.text) referenced from startup_stm32f10x_cl.o(RESET)
 <LI><a href="#[1b]">EXTI2_IRQHandler</a> from startup_stm32f10x_cl.o(.text) referenced from startup_stm32f10x_cl.o(RESET)
 <LI><a href="#[1c]">EXTI3_IRQHandler</a> from startup_stm32f10x_cl.o(.text) referenced from startup_stm32f10x_cl.o(RESET)
 <LI><a href="#[1d]">EXTI4_IRQHandler</a> from startup_stm32f10x_cl.o(.text) referenced from startup_stm32f10x_cl.o(RESET)
 <LI><a href="#[2a]">EXTI9_5_IRQHandler</a> from startup_stm32f10x_cl.o(.text) referenced from startup_stm32f10x_cl.o(RESET)
 <LI><a href="#[17]">FLASH_IRQHandler</a> from startup_stm32f10x_cl.o(.text) referenced from startup_stm32f10x_cl.o(RESET)
 <LI><a href="#[b]">HardFault_Handler</a> from stm32f10x_it.o(.text) referenced from startup_stm32f10x_cl.o(RESET)
 <LI><a href="#[33]">I2C1_ER_IRQHandler</a> from startup_stm32f10x_cl.o(.text) referenced from startup_stm32f10x_cl.o(RESET)
 <LI><a href="#[32]">I2C1_EV_IRQHandler</a> from startup_stm32f10x_cl.o(.text) referenced from startup_stm32f10x_cl.o(RESET)
 <LI><a href="#[35]">I2C2_ER_IRQHandler</a> from startup_stm32f10x_cl.o(.text) referenced from startup_stm32f10x_cl.o(RESET)
 <LI><a href="#[34]">I2C2_EV_IRQHandler</a> from startup_stm32f10x_cl.o(.text) referenced from startup_stm32f10x_cl.o(RESET)
 <LI><a href="#[c]">MemManage_Handler</a> from stm32f10x_it.o(.text) referenced from startup_stm32f10x_cl.o(RESET)
 <LI><a href="#[a]">NMI_Handler</a> from stm32f10x_it.o(.text) referenced from startup_stm32f10x_cl.o(RESET)
 <LI><a href="#[4f]">OTG_FS_IRQHandler</a> from startup_stm32f10x_cl.o(.text) referenced from startup_stm32f10x_cl.o(RESET)
 <LI><a href="#[3d]">OTG_FS_WKUP_IRQHandler</a> from startup_stm32f10x_cl.o(.text) referenced from startup_stm32f10x_cl.o(RESET)
 <LI><a href="#[14]">PVD_IRQHandler</a> from startup_stm32f10x_cl.o(.text) referenced from startup_stm32f10x_cl.o(RESET)
 <LI><a href="#[11]">PendSV_Handler</a> from stm32f10x_it.o(.text) referenced from startup_stm32f10x_cl.o(RESET)
 <LI><a href="#[18]">RCC_IRQHandler</a> from startup_stm32f10x_cl.o(.text) referenced from startup_stm32f10x_cl.o(RESET)
 <LI><a href="#[3c]">RTCAlarm_IRQHandler</a> from startup_stm32f10x_cl.o(.text) referenced from startup_stm32f10x_cl.o(RESET)
 <LI><a href="#[16]">RTC_IRQHandler</a> from startup_stm32f10x_cl.o(.text) referenced from startup_stm32f10x_cl.o(RESET)
 <LI><a href="#[9]">Reset_Handler</a> from startup_stm32f10x_cl.o(.text) referenced from startup_stm32f10x_cl.o(RESET)
 <LI><a href="#[36]">SPI1_IRQHandler</a> from startup_stm32f10x_cl.o(.text) referenced from startup_stm32f10x_cl.o(RESET)
 <LI><a href="#[37]">SPI2_IRQHandler</a> from startup_stm32f10x_cl.o(.text) referenced from startup_stm32f10x_cl.o(RESET)
 <LI><a href="#[3f]">SPI3_IRQHandler</a> from startup_stm32f10x_cl.o(.text) referenced from startup_stm32f10x_cl.o(RESET)
 <LI><a href="#[f]">SVC_Handler</a> from stm32f10x_it.o(.text) referenced from startup_stm32f10x_cl.o(RESET)
 <LI><a href="#[12]">SysTick_Handler</a> from stm32f10x_it.o(.text) referenced from startup_stm32f10x_cl.o(RESET)
 <LI><a href="#[50]">SystemInit</a> from system_stm32f10x.o(.text) referenced from startup_stm32f10x_cl.o(.text)
 <LI><a href="#[15]">TAMPER_IRQHandler</a> from startup_stm32f10x_cl.o(.text) referenced from startup_stm32f10x_cl.o(RESET)
 <LI><a href="#[2b]">TIM1_BRK_IRQHandler</a> from startup_stm32f10x_cl.o(.text) referenced from startup_stm32f10x_cl.o(RESET)
 <LI><a href="#[2e]">TIM1_CC_IRQHandler</a> from startup_stm32f10x_cl.o(.text) referenced from startup_stm32f10x_cl.o(RESET)
 <LI><a href="#[2d]">TIM1_TRG_COM_IRQHandler</a> from startup_stm32f10x_cl.o(.text) referenced from startup_stm32f10x_cl.o(RESET)
 <LI><a href="#[2c]">TIM1_UP_IRQHandler</a> from startup_stm32f10x_cl.o(.text) referenced from startup_stm32f10x_cl.o(RESET)
 <LI><a href="#[2f]">TIM2_IRQHandler</a> from startup_stm32f10x_cl.o(.text) referenced from startup_stm32f10x_cl.o(RESET)
 <LI><a href="#[30]">TIM3_IRQHandler</a> from startup_stm32f10x_cl.o(.text) referenced from startup_stm32f10x_cl.o(RESET)
 <LI><a href="#[31]">TIM4_IRQHandler</a> from startup_stm32f10x_cl.o(.text) referenced from startup_stm32f10x_cl.o(RESET)
 <LI><a href="#[3e]">TIM5_IRQHandler</a> from startup_stm32f10x_cl.o(.text) referenced from startup_stm32f10x_cl.o(RESET)
 <LI><a href="#[42]">TIM6_IRQHandler</a> from startup_stm32f10x_cl.o(.text) referenced from startup_stm32f10x_cl.o(RESET)
 <LI><a href="#[43]">TIM7_IRQHandler</a> from startup_stm32f10x_cl.o(.text) referenced from startup_stm32f10x_cl.o(RESET)
 <LI><a href="#[40]">UART4_IRQHandler</a> from startup_stm32f10x_cl.o(.text) referenced from startup_stm32f10x_cl.o(RESET)
 <LI><a href="#[41]">UART5_IRQHandler</a> from startup_stm32f10x_cl.o(.text) referenced from startup_stm32f10x_cl.o(RESET)
 <LI><a href="#[38]">USART1_IRQHandler</a> from startup_stm32f10x_cl.o(.text) referenced from startup_stm32f10x_cl.o(RESET)
 <LI><a href="#[39]">USART2_IRQHandler</a> from stm32f10x_it.o(.text) referenced from startup_stm32f10x_cl.o(RESET)
 <LI><a href="#[3a]">USART3_IRQHandler</a> from startup_stm32f10x_cl.o(.text) referenced from startup_stm32f10x_cl.o(RESET)
 <LI><a href="#[e]">UsageFault_Handler</a> from stm32f10x_it.o(.text) referenced from startup_stm32f10x_cl.o(RESET)
 <LI><a href="#[13]">WWDG_IRQHandler</a> from startup_stm32f10x_cl.o(.text) referenced from startup_stm32f10x_cl.o(RESET)
 <LI><a href="#[54]">__main</a> from __main.o(!!!main) referenced from startup_stm32f10x_cl.o(.text)
 <LI><a href="#[53]">_printf_input_char</a> from _printf_char_common.o(.text) referenced from _printf_char_common.o(.text)
 <LI><a href="#[52]">_sputc</a> from _sputc.o(.text) referenced from noretval__2sprintf.o(.text)
</UL>
<P>
<H3>
Global Symbols
</H3>
<P><STRONG><a name="[54]"></a>__main</STRONG> (Thumb, 8 bytes, Stack size 0 bytes, __main.o(!!!main))
<BR><BR>[Calls]<UL><LI><a href="#[55]">&gt;&gt;</a>&nbsp;&nbsp;&nbsp;__scatterload
<LI><a href="#[56]">&gt;&gt;</a>&nbsp;&nbsp;&nbsp;__rt_entry
</UL>

<P><STRONG><a name="[55]"></a>__scatterload</STRONG> (Thumb, 0 bytes, Stack size unknown bytes, __scatter.o(!!!scatter))
<BR><BR>[Called By]<UL><LI><a href="#[54]">&gt;&gt;</a>&nbsp;&nbsp;&nbsp;__main
</UL>

<P><STRONG><a name="[57]"></a>__scatterload_rt2</STRONG> (Thumb, 44 bytes, Stack size unknown bytes, __scatter.o(!!!scatter), UNUSED)
<BR><BR>[Calls]<UL><LI><a href="#[56]">&gt;&gt;</a>&nbsp;&nbsp;&nbsp;__rt_entry
</UL>

<P><STRONG><a name="[274]"></a>__scatterload_rt2_thumb_only</STRONG> (Thumb, 0 bytes, Stack size unknown bytes, __scatter.o(!!!scatter), UNUSED)

<P><STRONG><a name="[275]"></a>__scatterload_null</STRONG> (Thumb, 0 bytes, Stack size unknown bytes, __scatter.o(!!!scatter), UNUSED)

<P><STRONG><a name="[58]"></a>__scatterload_copy</STRONG> (Thumb, 26 bytes, Stack size unknown bytes, __scatter_copy.o(!!handler_copy), UNUSED)
<BR><BR>[Calls]<UL><LI><a href="#[58]">&gt;&gt;</a>&nbsp;&nbsp;&nbsp;__scatterload_copy
</UL>
<BR>[Called By]<UL><LI><a href="#[58]">&gt;&gt;</a>&nbsp;&nbsp;&nbsp;__scatterload_copy
</UL>

<P><STRONG><a name="[276]"></a>__scatterload_zeroinit</STRONG> (Thumb, 28 bytes, Stack size unknown bytes, __scatter_zi.o(!!handler_zi), UNUSED)

<P><STRONG><a name="[59]"></a>_printf_f</STRONG> (Thumb, 0 bytes, Stack size unknown bytes, _printf_f.o(.ARM.Collect$$_printf_percent$$00000003))
<BR><BR>[Stack]<UL><LI>Max Depth = 320 + Unknown Stack Size
<LI>Call Chain = _printf_f &rArr; _printf_fp_dec &rArr; _printf_fp_dec_real &rArr; _fp_digits &rArr; _btod_etento &rArr; _btod_emul &rArr; _e2e
</UL>
<BR>[Calls]<UL><LI><a href="#[5a]">&gt;&gt;</a>&nbsp;&nbsp;&nbsp;_printf_fp_dec
</UL>

<P><STRONG><a name="[249]"></a>_printf_percent</STRONG> (Thumb, 0 bytes, Stack size unknown bytes, _printf_percent.o(.ARM.Collect$$_printf_percent$$00000000))
<BR><BR>[Called By]<UL><LI><a href="#[247]">&gt;&gt;</a>&nbsp;&nbsp;&nbsp;__printf
</UL>

<P><STRONG><a name="[5b]"></a>_printf_d</STRONG> (Thumb, 0 bytes, Stack size unknown bytes, _printf_d.o(.ARM.Collect$$_printf_percent$$00000009))
<BR><BR>[Stack]<UL><LI>Max Depth = 72 + Unknown Stack Size
<LI>Call Chain = _printf_d &rArr; _printf_int_dec &rArr; _printf_int_common &rArr; _printf_post_padding
</UL>
<BR>[Calls]<UL><LI><a href="#[5c]">&gt;&gt;</a>&nbsp;&nbsp;&nbsp;_printf_int_dec
</UL>

<P><STRONG><a name="[5d]"></a>_printf_x</STRONG> (Thumb, 0 bytes, Stack size unknown bytes, _printf_x.o(.ARM.Collect$$_printf_percent$$0000000C))
<BR><BR>[Stack]<UL><LI>Max Depth = 64 + Unknown Stack Size
<LI>Call Chain = _printf_x &rArr; _printf_int_hex &rArr; _printf_int_common &rArr; _printf_post_padding
</UL>
<BR>[Calls]<UL><LI><a href="#[5e]">&gt;&gt;</a>&nbsp;&nbsp;&nbsp;_printf_int_hex
</UL>

<P><STRONG><a name="[277]"></a>_printf_percent_end</STRONG> (Thumb, 0 bytes, Stack size unknown bytes, _printf_percent_end.o(.ARM.Collect$$_printf_percent$$00000017))

<P><STRONG><a name="[68]"></a>__rt_lib_init</STRONG> (Thumb, 0 bytes, Stack size unknown bytes, libinit.o(.ARM.Collect$$libinit$$00000000))
<BR><BR>[Called By]<UL><LI><a href="#[67]">&gt;&gt;</a>&nbsp;&nbsp;&nbsp;__rt_entry_li
</UL>

<P><STRONG><a name="[278]"></a>__rt_lib_init_fp_1</STRONG> (Thumb, 0 bytes, Stack size unknown bytes, libinit2.o(.ARM.Collect$$libinit$$00000002))

<P><STRONG><a name="[5f]"></a>__rt_lib_init_heap_2</STRONG> (Thumb, 0 bytes, Stack size unknown bytes, libinit2.o(.ARM.Collect$$libinit$$00000003))
<BR><BR>[Stack]<UL><LI>Max Depth = 64 + Unknown Stack Size
<LI>Call Chain = __rt_lib_init_heap_2 &rArr; _init_alloc &rArr; __rt_SIGRTMEM &rArr; __rt_SIGRTMEM_inner &rArr; __default_signal_display &rArr; _ttywrch
</UL>
<BR>[Calls]<UL><LI><a href="#[60]">&gt;&gt;</a>&nbsp;&nbsp;&nbsp;_init_alloc
</UL>

<P><STRONG><a name="[279]"></a>__rt_lib_init_heap_1</STRONG> (Thumb, 0 bytes, Stack size unknown bytes, libinit2.o(.ARM.Collect$$libinit$$00000008))

<P><STRONG><a name="[61]"></a>__rt_lib_init_lc_common</STRONG> (Thumb, 0 bytes, Stack size unknown bytes, libinit2.o(.ARM.Collect$$libinit$$0000000D))
<BR><BR>[Calls]<UL><LI><a href="#[62]">&gt;&gt;</a>&nbsp;&nbsp;&nbsp;__rt_locale
</UL>

<P><STRONG><a name="[27a]"></a>__rt_lib_init_rand_1</STRONG> (Thumb, 0 bytes, Stack size unknown bytes, libinit2.o(.ARM.Collect$$libinit$$0000000C))

<P><STRONG><a name="[27b]"></a>__rt_lib_init_user_alloc_1</STRONG> (Thumb, 0 bytes, Stack size unknown bytes, libinit2.o(.ARM.Collect$$libinit$$0000000A))

<P><STRONG><a name="[27c]"></a>__rt_lib_init_lc_collate_1</STRONG> (Thumb, 0 bytes, Stack size unknown bytes, libinit2.o(.ARM.Collect$$libinit$$0000000F))

<P><STRONG><a name="[27d]"></a>__rt_lib_init_lc_ctype_1</STRONG> (Thumb, 0 bytes, Stack size unknown bytes, libinit2.o(.ARM.Collect$$libinit$$00000011))

<P><STRONG><a name="[27e]"></a>__rt_lib_init_lc_monetary_1</STRONG> (Thumb, 0 bytes, Stack size unknown bytes, libinit2.o(.ARM.Collect$$libinit$$00000013))

<P><STRONG><a name="[63]"></a>__rt_lib_init_lc_numeric_2</STRONG> (Thumb, 0 bytes, Stack size unknown bytes, libinit2.o(.ARM.Collect$$libinit$$00000014))
<BR><BR>[Stack]<UL><LI>Max Depth = 8 + Unknown Stack Size
<LI>Call Chain = __rt_lib_init_lc_numeric_2 &rArr; _get_lc_numeric
</UL>
<BR>[Calls]<UL><LI><a href="#[64]">&gt;&gt;</a>&nbsp;&nbsp;&nbsp;_get_lc_numeric
</UL>

<P><STRONG><a name="[27f]"></a>__rt_lib_init_alloca_1</STRONG> (Thumb, 0 bytes, Stack size unknown bytes, libinit2.o(.ARM.Collect$$libinit$$0000002C))

<P><STRONG><a name="[280]"></a>__rt_lib_init_argv_1</STRONG> (Thumb, 0 bytes, Stack size unknown bytes, libinit2.o(.ARM.Collect$$libinit$$0000002A))

<P><STRONG><a name="[281]"></a>__rt_lib_init_atexit_1</STRONG> (Thumb, 0 bytes, Stack size unknown bytes, libinit2.o(.ARM.Collect$$libinit$$00000019))

<P><STRONG><a name="[282]"></a>__rt_lib_init_clock_1</STRONG> (Thumb, 0 bytes, Stack size unknown bytes, libinit2.o(.ARM.Collect$$libinit$$0000001F))

<P><STRONG><a name="[283]"></a>__rt_lib_init_cpp_1</STRONG> (Thumb, 0 bytes, Stack size unknown bytes, libinit2.o(.ARM.Collect$$libinit$$00000030))

<P><STRONG><a name="[284]"></a>__rt_lib_init_exceptions_1</STRONG> (Thumb, 0 bytes, Stack size unknown bytes, libinit2.o(.ARM.Collect$$libinit$$0000002E))

<P><STRONG><a name="[285]"></a>__rt_lib_init_fp_trap_1</STRONG> (Thumb, 0 bytes, Stack size unknown bytes, libinit2.o(.ARM.Collect$$libinit$$0000001D))

<P><STRONG><a name="[286]"></a>__rt_lib_init_getenv_1</STRONG> (Thumb, 0 bytes, Stack size unknown bytes, libinit2.o(.ARM.Collect$$libinit$$00000021))

<P><STRONG><a name="[287]"></a>__rt_lib_init_lc_numeric_1</STRONG> (Thumb, 0 bytes, Stack size unknown bytes, libinit2.o(.ARM.Collect$$libinit$$00000015))

<P><STRONG><a name="[288]"></a>__rt_lib_init_lc_time_1</STRONG> (Thumb, 0 bytes, Stack size unknown bytes, libinit2.o(.ARM.Collect$$libinit$$00000017))

<P><STRONG><a name="[289]"></a>__rt_lib_init_return</STRONG> (Thumb, 0 bytes, Stack size unknown bytes, libinit2.o(.ARM.Collect$$libinit$$00000031))

<P><STRONG><a name="[28a]"></a>__rt_lib_init_signal_1</STRONG> (Thumb, 0 bytes, Stack size unknown bytes, libinit2.o(.ARM.Collect$$libinit$$0000001B))

<P><STRONG><a name="[28b]"></a>__rt_lib_init_stdio_1</STRONG> (Thumb, 0 bytes, Stack size unknown bytes, libinit2.o(.ARM.Collect$$libinit$$00000023))

<P><STRONG><a name="[6d]"></a>__rt_lib_shutdown</STRONG> (Thumb, 0 bytes, Stack size unknown bytes, libshutdown.o(.ARM.Collect$$libshutdown$$00000000))
<BR><BR>[Called By]<UL><LI><a href="#[6c]">&gt;&gt;</a>&nbsp;&nbsp;&nbsp;__rt_exit_ls
</UL>

<P><STRONG><a name="[28c]"></a>__rt_lib_shutdown_fp_trap_1</STRONG> (Thumb, 0 bytes, Stack size unknown bytes, libshutdown2.o(.ARM.Collect$$libshutdown$$00000006))

<P><STRONG><a name="[28d]"></a>__rt_lib_shutdown_heap_1</STRONG> (Thumb, 0 bytes, Stack size unknown bytes, libshutdown2.o(.ARM.Collect$$libshutdown$$0000000E))

<P><STRONG><a name="[28e]"></a>__rt_lib_shutdown_return</STRONG> (Thumb, 0 bytes, Stack size unknown bytes, libshutdown2.o(.ARM.Collect$$libshutdown$$0000000F))

<P><STRONG><a name="[28f]"></a>__rt_lib_shutdown_signal_1</STRONG> (Thumb, 0 bytes, Stack size unknown bytes, libshutdown2.o(.ARM.Collect$$libshutdown$$00000009))

<P><STRONG><a name="[290]"></a>__rt_lib_shutdown_stdio_1</STRONG> (Thumb, 0 bytes, Stack size unknown bytes, libshutdown2.o(.ARM.Collect$$libshutdown$$00000003))

<P><STRONG><a name="[291]"></a>__rt_lib_shutdown_user_alloc_1</STRONG> (Thumb, 0 bytes, Stack size unknown bytes, libshutdown2.o(.ARM.Collect$$libshutdown$$0000000B))

<P><STRONG><a name="[56]"></a>__rt_entry</STRONG> (Thumb, 0 bytes, Stack size unknown bytes, rtentry.o(.ARM.Collect$$rtentry$$00000000))
<BR><BR>[Called By]<UL><LI><a href="#[57]">&gt;&gt;</a>&nbsp;&nbsp;&nbsp;__scatterload_rt2
<LI><a href="#[54]">&gt;&gt;</a>&nbsp;&nbsp;&nbsp;__main
</UL>

<P><STRONG><a name="[292]"></a>__rt_entry_presh_1</STRONG> (Thumb, 0 bytes, Stack size unknown bytes, rtentry2.o(.ARM.Collect$$rtentry$$00000002))

<P><STRONG><a name="[65]"></a>__rt_entry_sh</STRONG> (Thumb, 0 bytes, Stack size unknown bytes, rtentry4.o(.ARM.Collect$$rtentry$$00000004))
<BR><BR>[Stack]<UL><LI>Max Depth = 8 + Unknown Stack Size
<LI>Call Chain = __rt_entry_sh &rArr; __user_setup_stackheap
</UL>
<BR>[Calls]<UL><LI><a href="#[66]">&gt;&gt;</a>&nbsp;&nbsp;&nbsp;__user_setup_stackheap
</UL>

<P><STRONG><a name="[67]"></a>__rt_entry_li</STRONG> (Thumb, 0 bytes, Stack size unknown bytes, rtentry2.o(.ARM.Collect$$rtentry$$0000000A))
<BR><BR>[Calls]<UL><LI><a href="#[68]">&gt;&gt;</a>&nbsp;&nbsp;&nbsp;__rt_lib_init
</UL>

<P><STRONG><a name="[293]"></a>__rt_entry_postsh_1</STRONG> (Thumb, 0 bytes, Stack size unknown bytes, rtentry2.o(.ARM.Collect$$rtentry$$00000009))

<P><STRONG><a name="[69]"></a>__rt_entry_main</STRONG> (Thumb, 0 bytes, Stack size unknown bytes, rtentry2.o(.ARM.Collect$$rtentry$$0000000D))
<BR><BR>[Stack]<UL><LI>Max Depth = 112 + Unknown Stack Size
<LI>Call Chain = __rt_entry_main &rArr; main &rArr; USART_Configuration &rArr; USART_Init &rArr; RCC_GetClocksFreq
</UL>
<BR>[Calls]<UL><LI><a href="#[6a]">&gt;&gt;</a>&nbsp;&nbsp;&nbsp;main
<LI><a href="#[6b]">&gt;&gt;</a>&nbsp;&nbsp;&nbsp;exit
</UL>

<P><STRONG><a name="[294]"></a>__rt_entry_postli_1</STRONG> (Thumb, 0 bytes, Stack size unknown bytes, rtentry2.o(.ARM.Collect$$rtentry$$0000000C))

<P><STRONG><a name="[260]"></a>__rt_exit</STRONG> (Thumb, 0 bytes, Stack size unknown bytes, rtexit.o(.ARM.Collect$$rtexit$$00000000))
<BR><BR>[Called By]<UL><LI><a href="#[6b]">&gt;&gt;</a>&nbsp;&nbsp;&nbsp;exit
</UL>

<P><STRONG><a name="[6c]"></a>__rt_exit_ls</STRONG> (Thumb, 0 bytes, Stack size unknown bytes, rtexit2.o(.ARM.Collect$$rtexit$$00000003))
<BR><BR>[Calls]<UL><LI><a href="#[6d]">&gt;&gt;</a>&nbsp;&nbsp;&nbsp;__rt_lib_shutdown
</UL>

<P><STRONG><a name="[295]"></a>__rt_exit_prels_1</STRONG> (Thumb, 0 bytes, Stack size unknown bytes, rtexit2.o(.ARM.Collect$$rtexit$$00000002))

<P><STRONG><a name="[6e]"></a>__rt_exit_exit</STRONG> (Thumb, 0 bytes, Stack size unknown bytes, rtexit2.o(.ARM.Collect$$rtexit$$00000004))
<BR><BR>[Calls]<UL><LI><a href="#[6f]">&gt;&gt;</a>&nbsp;&nbsp;&nbsp;_sys_exit
</UL>

<P><STRONG><a name="[9]"></a>Reset_Handler</STRONG> (Thumb, 8 bytes, Stack size 0 bytes, startup_stm32f10x_cl.o(.text))
<BR>[Address Reference Count : 1]<UL><LI> startup_stm32f10x_cl.o(RESET)
</UL>
<P><STRONG><a name="[296]"></a>_maybe_terminate_alloc</STRONG> (Thumb, 0 bytes, Stack size 0 bytes, maybetermalloc1.o(.emb_text), UNUSED)

<P><STRONG><a name="[25]"></a>ADC1_2_IRQHandler</STRONG> (Thumb, 0 bytes, Stack size 0 bytes, startup_stm32f10x_cl.o(.text))
<BR><BR>[Calls]<UL><LI><a href="#[25]">&gt;&gt;</a>&nbsp;&nbsp;&nbsp;ADC1_2_IRQHandler
</UL>
<BR>[Called By]<UL><LI><a href="#[25]">&gt;&gt;</a>&nbsp;&nbsp;&nbsp;ADC1_2_IRQHandler
</UL>
<BR>[Address Reference Count : 1]<UL><LI> startup_stm32f10x_cl.o(RESET)
</UL>
<P><STRONG><a name="[28]"></a>CAN1_RX1_IRQHandler</STRONG> (Thumb, 0 bytes, Stack size 0 bytes, startup_stm32f10x_cl.o(.text))
<BR>[Address Reference Count : 1]<UL><LI> startup_stm32f10x_cl.o(RESET)
</UL>
<P><STRONG><a name="[29]"></a>CAN1_SCE_IRQHandler</STRONG> (Thumb, 0 bytes, Stack size 0 bytes, startup_stm32f10x_cl.o(.text))
<BR>[Address Reference Count : 1]<UL><LI> startup_stm32f10x_cl.o(RESET)
</UL>
<P><STRONG><a name="[26]"></a>CAN1_TX_IRQHandler</STRONG> (Thumb, 0 bytes, Stack size 0 bytes, startup_stm32f10x_cl.o(.text))
<BR>[Address Reference Count : 1]<UL><LI> startup_stm32f10x_cl.o(RESET)
</UL>
<P><STRONG><a name="[4e]"></a>CAN2_SCE_IRQHandler</STRONG> (Thumb, 0 bytes, Stack size 0 bytes, startup_stm32f10x_cl.o(.text))
<BR>[Address Reference Count : 1]<UL><LI> startup_stm32f10x_cl.o(RESET)
</UL>
<P><STRONG><a name="[4b]"></a>CAN2_TX_IRQHandler</STRONG> (Thumb, 0 bytes, Stack size 0 bytes, startup_stm32f10x_cl.o(.text))
<BR>[Address Reference Count : 1]<UL><LI> startup_stm32f10x_cl.o(RESET)
</UL>
<P><STRONG><a name="[1e]"></a>DMA1_Channel1_IRQHandler</STRONG> (Thumb, 0 bytes, Stack size 0 bytes, startup_stm32f10x_cl.o(.text))
<BR>[Address Reference Count : 1]<UL><LI> startup_stm32f10x_cl.o(RESET)
</UL>
<P><STRONG><a name="[1f]"></a>DMA1_Channel2_IRQHandler</STRONG> (Thumb, 0 bytes, Stack size 0 bytes, startup_stm32f10x_cl.o(.text))
<BR>[Address Reference Count : 1]<UL><LI> startup_stm32f10x_cl.o(RESET)
</UL>
<P><STRONG><a name="[20]"></a>DMA1_Channel3_IRQHandler</STRONG> (Thumb, 0 bytes, Stack size 0 bytes, startup_stm32f10x_cl.o(.text))
<BR>[Address Reference Count : 1]<UL><LI> startup_stm32f10x_cl.o(RESET)
</UL>
<P><STRONG><a name="[21]"></a>DMA1_Channel4_IRQHandler</STRONG> (Thumb, 0 bytes, Stack size 0 bytes, startup_stm32f10x_cl.o(.text))
<BR>[Address Reference Count : 1]<UL><LI> startup_stm32f10x_cl.o(RESET)
</UL>
<P><STRONG><a name="[22]"></a>DMA1_Channel5_IRQHandler</STRONG> (Thumb, 0 bytes, Stack size 0 bytes, startup_stm32f10x_cl.o(.text))
<BR>[Address Reference Count : 1]<UL><LI> startup_stm32f10x_cl.o(RESET)
</UL>
<P><STRONG><a name="[23]"></a>DMA1_Channel6_IRQHandler</STRONG> (Thumb, 0 bytes, Stack size 0 bytes, startup_stm32f10x_cl.o(.text))
<BR>[Address Reference Count : 1]<UL><LI> startup_stm32f10x_cl.o(RESET)
</UL>
<P><STRONG><a name="[24]"></a>DMA1_Channel7_IRQHandler</STRONG> (Thumb, 0 bytes, Stack size 0 bytes, startup_stm32f10x_cl.o(.text))
<BR>[Address Reference Count : 1]<UL><LI> startup_stm32f10x_cl.o(RESET)
</UL>
<P><STRONG><a name="[44]"></a>DMA2_Channel1_IRQHandler</STRONG> (Thumb, 0 bytes, Stack size 0 bytes, startup_stm32f10x_cl.o(.text))
<BR>[Address Reference Count : 1]<UL><LI> startup_stm32f10x_cl.o(RESET)
</UL>
<P><STRONG><a name="[45]"></a>DMA2_Channel2_IRQHandler</STRONG> (Thumb, 0 bytes, Stack size 0 bytes, startup_stm32f10x_cl.o(.text))
<BR>[Address Reference Count : 1]<UL><LI> startup_stm32f10x_cl.o(RESET)
</UL>
<P><STRONG><a name="[46]"></a>DMA2_Channel3_IRQHandler</STRONG> (Thumb, 0 bytes, Stack size 0 bytes, startup_stm32f10x_cl.o(.text))
<BR>[Address Reference Count : 1]<UL><LI> startup_stm32f10x_cl.o(RESET)
</UL>
<P><STRONG><a name="[47]"></a>DMA2_Channel4_IRQHandler</STRONG> (Thumb, 0 bytes, Stack size 0 bytes, startup_stm32f10x_cl.o(.text))
<BR>[Address Reference Count : 1]<UL><LI> startup_stm32f10x_cl.o(RESET)
</UL>
<P><STRONG><a name="[48]"></a>DMA2_Channel5_IRQHandler</STRONG> (Thumb, 0 bytes, Stack size 0 bytes, startup_stm32f10x_cl.o(.text))
<BR>[Address Reference Count : 1]<UL><LI> startup_stm32f10x_cl.o(RESET)
</UL>
<P><STRONG><a name="[49]"></a>ETH_IRQHandler</STRONG> (Thumb, 0 bytes, Stack size 0 bytes, startup_stm32f10x_cl.o(.text))
<BR>[Address Reference Count : 1]<UL><LI> startup_stm32f10x_cl.o(RESET)
</UL>
<P><STRONG><a name="[4a]"></a>ETH_WKUP_IRQHandler</STRONG> (Thumb, 0 bytes, Stack size 0 bytes, startup_stm32f10x_cl.o(.text))
<BR>[Address Reference Count : 1]<UL><LI> startup_stm32f10x_cl.o(RESET)
</UL>
<P><STRONG><a name="[19]"></a>EXTI0_IRQHandler</STRONG> (Thumb, 0 bytes, Stack size 0 bytes, startup_stm32f10x_cl.o(.text))
<BR>[Address Reference Count : 1]<UL><LI> startup_stm32f10x_cl.o(RESET)
</UL>
<P><STRONG><a name="[3b]"></a>EXTI15_10_IRQHandler</STRONG> (Thumb, 0 bytes, Stack size 0 bytes, startup_stm32f10x_cl.o(.text))
<BR>[Address Reference Count : 1]<UL><LI> startup_stm32f10x_cl.o(RESET)
</UL>
<P><STRONG><a name="[1a]"></a>EXTI1_IRQHandler</STRONG> (Thumb, 0 bytes, Stack size 0 bytes, startup_stm32f10x_cl.o(.text))
<BR>[Address Reference Count : 1]<UL><LI> startup_stm32f10x_cl.o(RESET)
</UL>
<P><STRONG><a name="[1b]"></a>EXTI2_IRQHandler</STRONG> (Thumb, 0 bytes, Stack size 0 bytes, startup_stm32f10x_cl.o(.text))
<BR>[Address Reference Count : 1]<UL><LI> startup_stm32f10x_cl.o(RESET)
</UL>
<P><STRONG><a name="[1c]"></a>EXTI3_IRQHandler</STRONG> (Thumb, 0 bytes, Stack size 0 bytes, startup_stm32f10x_cl.o(.text))
<BR>[Address Reference Count : 1]<UL><LI> startup_stm32f10x_cl.o(RESET)
</UL>
<P><STRONG><a name="[1d]"></a>EXTI4_IRQHandler</STRONG> (Thumb, 0 bytes, Stack size 0 bytes, startup_stm32f10x_cl.o(.text))
<BR>[Address Reference Count : 1]<UL><LI> startup_stm32f10x_cl.o(RESET)
</UL>
<P><STRONG><a name="[2a]"></a>EXTI9_5_IRQHandler</STRONG> (Thumb, 0 bytes, Stack size 0 bytes, startup_stm32f10x_cl.o(.text))
<BR>[Address Reference Count : 1]<UL><LI> startup_stm32f10x_cl.o(RESET)
</UL>
<P><STRONG><a name="[17]"></a>FLASH_IRQHandler</STRONG> (Thumb, 0 bytes, Stack size 0 bytes, startup_stm32f10x_cl.o(.text))
<BR>[Address Reference Count : 1]<UL><LI> startup_stm32f10x_cl.o(RESET)
</UL>
<P><STRONG><a name="[33]"></a>I2C1_ER_IRQHandler</STRONG> (Thumb, 0 bytes, Stack size 0 bytes, startup_stm32f10x_cl.o(.text))
<BR>[Address Reference Count : 1]<UL><LI> startup_stm32f10x_cl.o(RESET)
</UL>
<P><STRONG><a name="[32]"></a>I2C1_EV_IRQHandler</STRONG> (Thumb, 0 bytes, Stack size 0 bytes, startup_stm32f10x_cl.o(.text))
<BR>[Address Reference Count : 1]<UL><LI> startup_stm32f10x_cl.o(RESET)
</UL>
<P><STRONG><a name="[35]"></a>I2C2_ER_IRQHandler</STRONG> (Thumb, 0 bytes, Stack size 0 bytes, startup_stm32f10x_cl.o(.text))
<BR>[Address Reference Count : 1]<UL><LI> startup_stm32f10x_cl.o(RESET)
</UL>
<P><STRONG><a name="[34]"></a>I2C2_EV_IRQHandler</STRONG> (Thumb, 0 bytes, Stack size 0 bytes, startup_stm32f10x_cl.o(.text))
<BR>[Address Reference Count : 1]<UL><LI> startup_stm32f10x_cl.o(RESET)
</UL>
<P><STRONG><a name="[4f]"></a>OTG_FS_IRQHandler</STRONG> (Thumb, 0 bytes, Stack size 0 bytes, startup_stm32f10x_cl.o(.text))
<BR>[Address Reference Count : 1]<UL><LI> startup_stm32f10x_cl.o(RESET)
</UL>
<P><STRONG><a name="[3d]"></a>OTG_FS_WKUP_IRQHandler</STRONG> (Thumb, 0 bytes, Stack size 0 bytes, startup_stm32f10x_cl.o(.text))
<BR>[Address Reference Count : 1]<UL><LI> startup_stm32f10x_cl.o(RESET)
</UL>
<P><STRONG><a name="[14]"></a>PVD_IRQHandler</STRONG> (Thumb, 0 bytes, Stack size 0 bytes, startup_stm32f10x_cl.o(.text))
<BR>[Address Reference Count : 1]<UL><LI> startup_stm32f10x_cl.o(RESET)
</UL>
<P><STRONG><a name="[18]"></a>RCC_IRQHandler</STRONG> (Thumb, 0 bytes, Stack size 0 bytes, startup_stm32f10x_cl.o(.text))
<BR>[Address Reference Count : 1]<UL><LI> startup_stm32f10x_cl.o(RESET)
</UL>
<P><STRONG><a name="[3c]"></a>RTCAlarm_IRQHandler</STRONG> (Thumb, 0 bytes, Stack size 0 bytes, startup_stm32f10x_cl.o(.text))
<BR>[Address Reference Count : 1]<UL><LI> startup_stm32f10x_cl.o(RESET)
</UL>
<P><STRONG><a name="[16]"></a>RTC_IRQHandler</STRONG> (Thumb, 0 bytes, Stack size 0 bytes, startup_stm32f10x_cl.o(.text))
<BR>[Address Reference Count : 1]<UL><LI> startup_stm32f10x_cl.o(RESET)
</UL>
<P><STRONG><a name="[36]"></a>SPI1_IRQHandler</STRONG> (Thumb, 0 bytes, Stack size 0 bytes, startup_stm32f10x_cl.o(.text))
<BR>[Address Reference Count : 1]<UL><LI> startup_stm32f10x_cl.o(RESET)
</UL>
<P><STRONG><a name="[37]"></a>SPI2_IRQHandler</STRONG> (Thumb, 0 bytes, Stack size 0 bytes, startup_stm32f10x_cl.o(.text))
<BR>[Address Reference Count : 1]<UL><LI> startup_stm32f10x_cl.o(RESET)
</UL>
<P><STRONG><a name="[3f]"></a>SPI3_IRQHandler</STRONG> (Thumb, 0 bytes, Stack size 0 bytes, startup_stm32f10x_cl.o(.text))
<BR>[Address Reference Count : 1]<UL><LI> startup_stm32f10x_cl.o(RESET)
</UL>
<P><STRONG><a name="[15]"></a>TAMPER_IRQHandler</STRONG> (Thumb, 0 bytes, Stack size 0 bytes, startup_stm32f10x_cl.o(.text))
<BR>[Address Reference Count : 1]<UL><LI> startup_stm32f10x_cl.o(RESET)
</UL>
<P><STRONG><a name="[2b]"></a>TIM1_BRK_IRQHandler</STRONG> (Thumb, 0 bytes, Stack size 0 bytes, startup_stm32f10x_cl.o(.text))
<BR>[Address Reference Count : 1]<UL><LI> startup_stm32f10x_cl.o(RESET)
</UL>
<P><STRONG><a name="[2e]"></a>TIM1_CC_IRQHandler</STRONG> (Thumb, 0 bytes, Stack size 0 bytes, startup_stm32f10x_cl.o(.text))
<BR>[Address Reference Count : 1]<UL><LI> startup_stm32f10x_cl.o(RESET)
</UL>
<P><STRONG><a name="[2d]"></a>TIM1_TRG_COM_IRQHandler</STRONG> (Thumb, 0 bytes, Stack size 0 bytes, startup_stm32f10x_cl.o(.text))
<BR>[Address Reference Count : 1]<UL><LI> startup_stm32f10x_cl.o(RESET)
</UL>
<P><STRONG><a name="[2c]"></a>TIM1_UP_IRQHandler</STRONG> (Thumb, 0 bytes, Stack size 0 bytes, startup_stm32f10x_cl.o(.text))
<BR>[Address Reference Count : 1]<UL><LI> startup_stm32f10x_cl.o(RESET)
</UL>
<P><STRONG><a name="[2f]"></a>TIM2_IRQHandler</STRONG> (Thumb, 0 bytes, Stack size 0 bytes, startup_stm32f10x_cl.o(.text))
<BR>[Address Reference Count : 1]<UL><LI> startup_stm32f10x_cl.o(RESET)
</UL>
<P><STRONG><a name="[30]"></a>TIM3_IRQHandler</STRONG> (Thumb, 0 bytes, Stack size 0 bytes, startup_stm32f10x_cl.o(.text))
<BR>[Address Reference Count : 1]<UL><LI> startup_stm32f10x_cl.o(RESET)
</UL>
<P><STRONG><a name="[31]"></a>TIM4_IRQHandler</STRONG> (Thumb, 0 bytes, Stack size 0 bytes, startup_stm32f10x_cl.o(.text))
<BR>[Address Reference Count : 1]<UL><LI> startup_stm32f10x_cl.o(RESET)
</UL>
<P><STRONG><a name="[3e]"></a>TIM5_IRQHandler</STRONG> (Thumb, 0 bytes, Stack size 0 bytes, startup_stm32f10x_cl.o(.text))
<BR>[Address Reference Count : 1]<UL><LI> startup_stm32f10x_cl.o(RESET)
</UL>
<P><STRONG><a name="[42]"></a>TIM6_IRQHandler</STRONG> (Thumb, 0 bytes, Stack size 0 bytes, startup_stm32f10x_cl.o(.text))
<BR>[Address Reference Count : 1]<UL><LI> startup_stm32f10x_cl.o(RESET)
</UL>
<P><STRONG><a name="[43]"></a>TIM7_IRQHandler</STRONG> (Thumb, 0 bytes, Stack size 0 bytes, startup_stm32f10x_cl.o(.text))
<BR>[Address Reference Count : 1]<UL><LI> startup_stm32f10x_cl.o(RESET)
</UL>
<P><STRONG><a name="[40]"></a>UART4_IRQHandler</STRONG> (Thumb, 0 bytes, Stack size 0 bytes, startup_stm32f10x_cl.o(.text))
<BR>[Address Reference Count : 1]<UL><LI> startup_stm32f10x_cl.o(RESET)
</UL>
<P><STRONG><a name="[41]"></a>UART5_IRQHandler</STRONG> (Thumb, 0 bytes, Stack size 0 bytes, startup_stm32f10x_cl.o(.text))
<BR>[Address Reference Count : 1]<UL><LI> startup_stm32f10x_cl.o(RESET)
</UL>
<P><STRONG><a name="[38]"></a>USART1_IRQHandler</STRONG> (Thumb, 0 bytes, Stack size 0 bytes, startup_stm32f10x_cl.o(.text))
<BR>[Address Reference Count : 1]<UL><LI> startup_stm32f10x_cl.o(RESET)
</UL>
<P><STRONG><a name="[3a]"></a>USART3_IRQHandler</STRONG> (Thumb, 0 bytes, Stack size 0 bytes, startup_stm32f10x_cl.o(.text))
<BR>[Address Reference Count : 1]<UL><LI> startup_stm32f10x_cl.o(RESET)
</UL>
<P><STRONG><a name="[13]"></a>WWDG_IRQHandler</STRONG> (Thumb, 0 bytes, Stack size 0 bytes, startup_stm32f10x_cl.o(.text))
<BR>[Address Reference Count : 1]<UL><LI> startup_stm32f10x_cl.o(RESET)
</UL>
<P><STRONG><a name="[25f]"></a>__user_initial_stackheap</STRONG> (Thumb, 0 bytes, Stack size unknown bytes, startup_stm32f10x_cl.o(.text))
<BR><BR>[Called By]<UL><LI><a href="#[66]">&gt;&gt;</a>&nbsp;&nbsp;&nbsp;__user_setup_stackheap
</UL>

<P><STRONG><a name="[77]"></a>Delay</STRONG> (Thumb, 30 bytes, Stack size 8 bytes, main.o(.text))
<BR><BR>[Stack]<UL><LI>Max Depth = 8<LI>Call Chain = Delay
</UL>
<BR>[Called By]<UL><LI><a href="#[6a]">&gt;&gt;</a>&nbsp;&nbsp;&nbsp;main
</UL>

<P><STRONG><a name="[70]"></a>LED_Config</STRONG> (Thumb, 40 bytes, Stack size 8 bytes, main.o(.text))
<BR><BR>[Stack]<UL><LI>Max Depth = 32<LI>Call Chain = LED_Config &rArr; GPIO_Init
</UL>
<BR>[Calls]<UL><LI><a href="#[71]">&gt;&gt;</a>&nbsp;&nbsp;&nbsp;RCC_APB2PeriphClockCmd
<LI><a href="#[72]">&gt;&gt;</a>&nbsp;&nbsp;&nbsp;GPIO_Init
</UL>
<BR>[Called By]<UL><LI><a href="#[6a]">&gt;&gt;</a>&nbsp;&nbsp;&nbsp;main
</UL>

<P><STRONG><a name="[73]"></a>RCC_Configuration</STRONG> (Thumb, 8 bytes, Stack size 8 bytes, main.o(.text))
<BR><BR>[Stack]<UL><LI>Max Depth = 36<LI>Call Chain = RCC_Configuration &rArr; SystemInit &rArr; SetSysClock &rArr; SetSysClockTo72
</UL>
<BR>[Calls]<UL><LI><a href="#[50]">&gt;&gt;</a>&nbsp;&nbsp;&nbsp;SystemInit
</UL>
<BR>[Called By]<UL><LI><a href="#[6a]">&gt;&gt;</a>&nbsp;&nbsp;&nbsp;main
</UL>

<P><STRONG><a name="[6a]"></a>main</STRONG> (Thumb, 284 bytes, Stack size 0 bytes, main.o(.text))
<BR><BR>[Stack]<UL><LI>Max Depth = 112<LI>Call Chain = main &rArr; USART_Configuration &rArr; USART_Init &rArr; RCC_GetClocksFreq
</UL>
<BR>[Calls]<UL><LI><a href="#[75]">&gt;&gt;</a>&nbsp;&nbsp;&nbsp;USART_STR
<LI><a href="#[74]">&gt;&gt;</a>&nbsp;&nbsp;&nbsp;USART_Configuration
<LI><a href="#[79]">&gt;&gt;</a>&nbsp;&nbsp;&nbsp;J1939_Initialization
<LI><a href="#[7b]">&gt;&gt;</a>&nbsp;&nbsp;&nbsp;GPIO_SetBits
<LI><a href="#[7a]">&gt;&gt;</a>&nbsp;&nbsp;&nbsp;GPIO_ResetBits
<LI><a href="#[78]">&gt;&gt;</a>&nbsp;&nbsp;&nbsp;CAN2_Config
<LI><a href="#[76]">&gt;&gt;</a>&nbsp;&nbsp;&nbsp;CAN1_Config
<LI><a href="#[73]">&gt;&gt;</a>&nbsp;&nbsp;&nbsp;RCC_Configuration
<LI><a href="#[70]">&gt;&gt;</a>&nbsp;&nbsp;&nbsp;LED_Config
<LI><a href="#[77]">&gt;&gt;</a>&nbsp;&nbsp;&nbsp;Delay
</UL>
<BR>[Called By]<UL><LI><a href="#[69]">&gt;&gt;</a>&nbsp;&nbsp;&nbsp;__rt_entry_main
</UL>

<P><STRONG><a name="[7c]"></a>send_massage</STRONG> (Thumb, 118 bytes, Stack size 24 bytes, main.o(.text), UNUSED)
<BR><BR>[Calls]<UL><LI><a href="#[7d]">&gt;&gt;</a>&nbsp;&nbsp;&nbsp;J1939_Poll
<LI><a href="#[7e]">&gt;&gt;</a>&nbsp;&nbsp;&nbsp;J1939_EnqueueMessage
</UL>

<P><STRONG><a name="[a]"></a>NMI_Handler</STRONG> (Thumb, 2 bytes, Stack size 0 bytes, stm32f10x_it.o(.text))
<BR>[Address Reference Count : 1]<UL><LI> startup_stm32f10x_cl.o(RESET)
</UL>
<P><STRONG><a name="[39]"></a>USART2_IRQHandler</STRONG> (Thumb, 48 bytes, Stack size 8 bytes, stm32f10x_it.o(.text))
<BR><BR>[Stack]<UL><LI>Max Depth = 28<LI>Call Chain = USART2_IRQHandler &rArr; USART_ITConfig
</UL>
<BR>[Calls]<UL><LI><a href="#[80]">&gt;&gt;</a>&nbsp;&nbsp;&nbsp;USART_ReceiveData
<LI><a href="#[81]">&gt;&gt;</a>&nbsp;&nbsp;&nbsp;USART_ITConfig
<LI><a href="#[7f]">&gt;&gt;</a>&nbsp;&nbsp;&nbsp;USART_GetITStatus
</UL>
<BR>[Address Reference Count : 1]<UL><LI> startup_stm32f10x_cl.o(RESET)
</UL>
<P><STRONG><a name="[27]"></a>CAN1_RX0_IRQHandler</STRONG> (Thumb, 8 bytes, Stack size 8 bytes, stm32f10x_it.o(.text))
<BR><BR>[Stack]<UL><LI>Max Depth = 448 + Unknown Stack Size
<LI>Call Chain = CAN1_RX0_IRQHandler &rArr; J1939_ISR &rArr; J1939_ReceiveMessages &rArr; transmit_USART_STR &rArr; __2sprintf &rArr; _printf_char_common &rArr; __printf
</UL>
<BR>[Calls]<UL><LI><a href="#[82]">&gt;&gt;</a>&nbsp;&nbsp;&nbsp;J1939_ISR
</UL>
<BR>[Address Reference Count : 1]<UL><LI> startup_stm32f10x_cl.o(RESET)
</UL>
<P><STRONG><a name="[4d]"></a>CAN2_RX1_IRQHandler</STRONG> (Thumb, 58 bytes, Stack size 24 bytes, stm32f10x_it.o(.text))
<BR><BR>[Stack]<UL><LI>Max Depth = 256 + Unknown Stack Size
<LI>Call Chain = CAN2_RX1_IRQHandler &rArr; Comm_Send_CANmsg_str &rArr; Char2Str &rArr; __2sprintf &rArr; _printf_char_common &rArr; __printf
</UL>
<BR>[Calls]<UL><LI><a href="#[84]">&gt;&gt;</a>&nbsp;&nbsp;&nbsp;Comm_Send_CANmsg_str
<LI><a href="#[83]">&gt;&gt;</a>&nbsp;&nbsp;&nbsp;CAN_Receive
</UL>
<BR>[Address Reference Count : 1]<UL><LI> startup_stm32f10x_cl.o(RESET)
</UL>
<P><STRONG><a name="[4c]"></a>CAN2_RX0_IRQHandler</STRONG> (Thumb, 56 bytes, Stack size 24 bytes, stm32f10x_it.o(.text))
<BR><BR>[Stack]<UL><LI>Max Depth = 56<LI>Call Chain = CAN2_RX0_IRQHandler &rArr; USART_STR &rArr; strlen
</UL>
<BR>[Calls]<UL><LI><a href="#[83]">&gt;&gt;</a>&nbsp;&nbsp;&nbsp;CAN_Receive
<LI><a href="#[75]">&gt;&gt;</a>&nbsp;&nbsp;&nbsp;USART_STR
</UL>
<BR>[Address Reference Count : 1]<UL><LI> startup_stm32f10x_cl.o(RESET)
</UL>
<P><STRONG><a name="[b]"></a>HardFault_Handler</STRONG> (Thumb, 4 bytes, Stack size 0 bytes, stm32f10x_it.o(.text))
<BR>[Address Reference Count : 1]<UL><LI> startup_stm32f10x_cl.o(RESET)
</UL>
<P><STRONG><a name="[c]"></a>MemManage_Handler</STRONG> (Thumb, 4 bytes, Stack size 0 bytes, stm32f10x_it.o(.text))
<BR>[Address Reference Count : 1]<UL><LI> startup_stm32f10x_cl.o(RESET)
</UL>
<P><STRONG><a name="[d]"></a>BusFault_Handler</STRONG> (Thumb, 4 bytes, Stack size 0 bytes, stm32f10x_it.o(.text))
<BR>[Address Reference Count : 1]<UL><LI> startup_stm32f10x_cl.o(RESET)
</UL>
<P><STRONG><a name="[e]"></a>UsageFault_Handler</STRONG> (Thumb, 4 bytes, Stack size 0 bytes, stm32f10x_it.o(.text))
<BR>[Address Reference Count : 1]<UL><LI> startup_stm32f10x_cl.o(RESET)
</UL>
<P><STRONG><a name="[f]"></a>SVC_Handler</STRONG> (Thumb, 2 bytes, Stack size 0 bytes, stm32f10x_it.o(.text))
<BR>[Address Reference Count : 1]<UL><LI> startup_stm32f10x_cl.o(RESET)
</UL>
<P><STRONG><a name="[10]"></a>DebugMon_Handler</STRONG> (Thumb, 2 bytes, Stack size 0 bytes, stm32f10x_it.o(.text))
<BR>[Address Reference Count : 1]<UL><LI> startup_stm32f10x_cl.o(RESET)
</UL>
<P><STRONG><a name="[11]"></a>PendSV_Handler</STRONG> (Thumb, 2 bytes, Stack size 0 bytes, stm32f10x_it.o(.text))
<BR>[Address Reference Count : 1]<UL><LI> startup_stm32f10x_cl.o(RESET)
</UL>
<P><STRONG><a name="[12]"></a>SysTick_Handler</STRONG> (Thumb, 2 bytes, Stack size 0 bytes, stm32f10x_it.o(.text))
<BR>[Address Reference Count : 1]<UL><LI> startup_stm32f10x_cl.o(RESET)
</UL>
<P><STRONG><a name="[74]"></a>USART_Configuration</STRONG> (Thumb, 192 bytes, Stack size 32 bytes, usart.o(.text))
<BR><BR>[Stack]<UL><LI>Max Depth = 112<LI>Call Chain = USART_Configuration &rArr; USART_Init &rArr; RCC_GetClocksFreq
</UL>
<BR>[Calls]<UL><LI><a href="#[87]">&gt;&gt;</a>&nbsp;&nbsp;&nbsp;USART_Init
<LI><a href="#[86]">&gt;&gt;</a>&nbsp;&nbsp;&nbsp;USART_DeInit
<LI><a href="#[88]">&gt;&gt;</a>&nbsp;&nbsp;&nbsp;USART_Cmd
<LI><a href="#[89]">&gt;&gt;</a>&nbsp;&nbsp;&nbsp;USART_ClearFlag
<LI><a href="#[85]">&gt;&gt;</a>&nbsp;&nbsp;&nbsp;RCC_APB1PeriphClockCmd
<LI><a href="#[8a]">&gt;&gt;</a>&nbsp;&nbsp;&nbsp;NVIC_PriorityGroupConfig
<LI><a href="#[8b]">&gt;&gt;</a>&nbsp;&nbsp;&nbsp;NVIC_Init
<LI><a href="#[81]">&gt;&gt;</a>&nbsp;&nbsp;&nbsp;USART_ITConfig
<LI><a href="#[71]">&gt;&gt;</a>&nbsp;&nbsp;&nbsp;RCC_APB2PeriphClockCmd
<LI><a href="#[72]">&gt;&gt;</a>&nbsp;&nbsp;&nbsp;GPIO_Init
</UL>
<BR>[Called By]<UL><LI><a href="#[6a]">&gt;&gt;</a>&nbsp;&nbsp;&nbsp;main
</UL>

<P><STRONG><a name="[8c]"></a>USART_Send</STRONG> (Thumb, 48 bytes, Stack size 24 bytes, usart.o(.text), UNUSED)
<BR><BR>[Calls]<UL><LI><a href="#[8d]">&gt;&gt;</a>&nbsp;&nbsp;&nbsp;USART_SendData
<LI><a href="#[8e]">&gt;&gt;</a>&nbsp;&nbsp;&nbsp;USART_GetFlagStatus
</UL>

<P><STRONG><a name="[75]"></a>USART_STR</STRONG> (Thumb, 54 bytes, Stack size 24 bytes, usart.o(.text))
<BR><BR>[Stack]<UL><LI>Max Depth = 32<LI>Call Chain = USART_STR &rArr; strlen
</UL>
<BR>[Calls]<UL><LI><a href="#[8d]">&gt;&gt;</a>&nbsp;&nbsp;&nbsp;USART_SendData
<LI><a href="#[8e]">&gt;&gt;</a>&nbsp;&nbsp;&nbsp;USART_GetFlagStatus
<LI><a href="#[8f]">&gt;&gt;</a>&nbsp;&nbsp;&nbsp;strlen
</UL>
<BR>[Called By]<UL><LI><a href="#[a8]">&gt;&gt;</a>&nbsp;&nbsp;&nbsp;transmit_USART_STR
<LI><a href="#[84]">&gt;&gt;</a>&nbsp;&nbsp;&nbsp;Comm_Send_CANmsg_str
<LI><a href="#[4c]">&gt;&gt;</a>&nbsp;&nbsp;&nbsp;CAN2_RX0_IRQHandler
<LI><a href="#[6a]">&gt;&gt;</a>&nbsp;&nbsp;&nbsp;main
</UL>

<P><STRONG><a name="[76]"></a>CAN1_Config</STRONG> (Thumb, 268 bytes, Stack size 56 bytes, can.o(.text))
<BR><BR>[Stack]<UL><LI>Max Depth = 80<LI>Call Chain = CAN1_Config &rArr; GPIO_Init
</UL>
<BR>[Calls]<UL><LI><a href="#[91]">&gt;&gt;</a>&nbsp;&nbsp;&nbsp;NVIC_SetVectorTable
<LI><a href="#[90]">&gt;&gt;</a>&nbsp;&nbsp;&nbsp;GPIO_PinRemapConfig
<LI><a href="#[93]">&gt;&gt;</a>&nbsp;&nbsp;&nbsp;CAN_StructInit
<LI><a href="#[94]">&gt;&gt;</a>&nbsp;&nbsp;&nbsp;CAN_Init
<LI><a href="#[96]">&gt;&gt;</a>&nbsp;&nbsp;&nbsp;CAN_ITConfig
<LI><a href="#[95]">&gt;&gt;</a>&nbsp;&nbsp;&nbsp;CAN_FilterInit
<LI><a href="#[92]">&gt;&gt;</a>&nbsp;&nbsp;&nbsp;CAN_DeInit
<LI><a href="#[85]">&gt;&gt;</a>&nbsp;&nbsp;&nbsp;RCC_APB1PeriphClockCmd
<LI><a href="#[8b]">&gt;&gt;</a>&nbsp;&nbsp;&nbsp;NVIC_Init
<LI><a href="#[71]">&gt;&gt;</a>&nbsp;&nbsp;&nbsp;RCC_APB2PeriphClockCmd
<LI><a href="#[72]">&gt;&gt;</a>&nbsp;&nbsp;&nbsp;GPIO_Init
</UL>
<BR>[Called By]<UL><LI><a href="#[6a]">&gt;&gt;</a>&nbsp;&nbsp;&nbsp;main
</UL>

<P><STRONG><a name="[78]"></a>CAN2_Config</STRONG> (Thumb, 244 bytes, Stack size 56 bytes, can.o(.text))
<BR><BR>[Stack]<UL><LI>Max Depth = 80<LI>Call Chain = CAN2_Config &rArr; GPIO_Init
</UL>
<BR>[Calls]<UL><LI><a href="#[93]">&gt;&gt;</a>&nbsp;&nbsp;&nbsp;CAN_StructInit
<LI><a href="#[94]">&gt;&gt;</a>&nbsp;&nbsp;&nbsp;CAN_Init
<LI><a href="#[96]">&gt;&gt;</a>&nbsp;&nbsp;&nbsp;CAN_ITConfig
<LI><a href="#[95]">&gt;&gt;</a>&nbsp;&nbsp;&nbsp;CAN_FilterInit
<LI><a href="#[92]">&gt;&gt;</a>&nbsp;&nbsp;&nbsp;CAN_DeInit
<LI><a href="#[85]">&gt;&gt;</a>&nbsp;&nbsp;&nbsp;RCC_APB1PeriphClockCmd
<LI><a href="#[8b]">&gt;&gt;</a>&nbsp;&nbsp;&nbsp;NVIC_Init
<LI><a href="#[71]">&gt;&gt;</a>&nbsp;&nbsp;&nbsp;RCC_APB2PeriphClockCmd
<LI><a href="#[72]">&gt;&gt;</a>&nbsp;&nbsp;&nbsp;GPIO_Init
</UL>
<BR>[Called By]<UL><LI><a href="#[6a]">&gt;&gt;</a>&nbsp;&nbsp;&nbsp;main
</UL>

<P><STRONG><a name="[97]"></a>CAN_SendData</STRONG> (Thumb, 42 bytes, Stack size 24 bytes, can.o(.text), UNUSED)
<BR><BR>[Calls]<UL><LI><a href="#[98]">&gt;&gt;</a>&nbsp;&nbsp;&nbsp;CAN_Transmit
</UL>

<P><STRONG><a name="[84]"></a>Comm_Send_CANmsg_str</STRONG> (Thumb, 164 bytes, Stack size 72 bytes, can.o(.text))
<BR><BR>[Stack]<UL><LI>Max Depth = 232 + Unknown Stack Size
<LI>Call Chain = Comm_Send_CANmsg_str &rArr; Char2Str &rArr; __2sprintf &rArr; _printf_char_common &rArr; __printf
</UL>
<BR>[Calls]<UL><LI><a href="#[99]">&gt;&gt;</a>&nbsp;&nbsp;&nbsp;Char2Str
<LI><a href="#[75]">&gt;&gt;</a>&nbsp;&nbsp;&nbsp;USART_STR
<LI><a href="#[9b]">&gt;&gt;</a>&nbsp;&nbsp;&nbsp;__aeabi_memclr4
<LI><a href="#[9a]">&gt;&gt;</a>&nbsp;&nbsp;&nbsp;__2sprintf
</UL>
<BR>[Called By]<UL><LI><a href="#[4d]">&gt;&gt;</a>&nbsp;&nbsp;&nbsp;CAN2_RX1_IRQHandler
</UL>

<P><STRONG><a name="[ad]"></a>J1939_SetAddressFilter</STRONG> (Thumb, 36 bytes, Stack size 0 bytes, j1939.o(.text), UNUSED)
<BR><BR>[Called By]<UL><LI><a href="#[ac]">&gt;&gt;</a>&nbsp;&nbsp;&nbsp;SetAddressFilter
</UL>

<P><STRONG><a name="[9c]"></a>J1939_CAN_Transmit</STRONG> (Thumb, 162 bytes, Stack size 40 bytes, j1939.o(.text))
<BR><BR>[Stack]<UL><LI>Max Depth = 48<LI>Call Chain = J1939_CAN_Transmit &rArr; CAN_TransmitStatus
</UL>
<BR>[Calls]<UL><LI><a href="#[9d]">&gt;&gt;</a>&nbsp;&nbsp;&nbsp;CAN_TransmitStatus
<LI><a href="#[98]">&gt;&gt;</a>&nbsp;&nbsp;&nbsp;CAN_Transmit
</UL>
<BR>[Called By]<UL><LI><a href="#[a0]">&gt;&gt;</a>&nbsp;&nbsp;&nbsp;SendOneMessage
</UL>

<P><STRONG><a name="[9e]"></a>J1939_CAN_Receive</STRONG> (Thumb, 178 bytes, Stack size 32 bytes, j1939.o(.text))
<BR><BR>[Stack]<UL><LI>Max Depth = 40<LI>Call Chain = J1939_CAN_Receive &rArr; CAN_Receive
</UL>
<BR>[Calls]<UL><LI><a href="#[9f]">&gt;&gt;</a>&nbsp;&nbsp;&nbsp;CAN_MessagePending
<LI><a href="#[83]">&gt;&gt;</a>&nbsp;&nbsp;&nbsp;CAN_Receive
</UL>
<BR>[Called By]<UL><LI><a href="#[a5]">&gt;&gt;</a>&nbsp;&nbsp;&nbsp;J1939_ReceiveMessages
</UL>

<P><STRONG><a name="[a2]"></a>J1939_TXinterruptEnable</STRONG> (Thumb, 2 bytes, Stack size 0 bytes, j1939.o(.text))
<BR><BR>[Called By]<UL><LI><a href="#[a1]">&gt;&gt;</a>&nbsp;&nbsp;&nbsp;J1939_TransmitMessages
</UL>

<P><STRONG><a name="[a0]"></a>SendOneMessage</STRONG> (Thumb, 48 bytes, Stack size 8 bytes, j1939.o(.text))
<BR><BR>[Stack]<UL><LI>Max Depth = 56<LI>Call Chain = SendOneMessage &rArr; J1939_CAN_Transmit &rArr; CAN_TransmitStatus
</UL>
<BR>[Calls]<UL><LI><a href="#[9c]">&gt;&gt;</a>&nbsp;&nbsp;&nbsp;J1939_CAN_Transmit
</UL>
<BR>[Called By]<UL><LI><a href="#[a3]">&gt;&gt;</a>&nbsp;&nbsp;&nbsp;J1939_Response
<LI><a href="#[a1]">&gt;&gt;</a>&nbsp;&nbsp;&nbsp;J1939_TransmitMessages
</UL>

<P><STRONG><a name="[a4]"></a>J1939_TP_TX_Message</STRONG> (Thumb, 132 bytes, Stack size 20 bytes, j1939.o(.text))
<BR><BR>[Stack]<UL><LI>Max Depth = 20<LI>Call Chain = J1939_TP_TX_Message
</UL>
<BR>[Called By]<UL><LI><a href="#[a3]">&gt;&gt;</a>&nbsp;&nbsp;&nbsp;J1939_Response
</UL>

<P><STRONG><a name="[a3]"></a>J1939_Response</STRONG> (Thumb, 840 bytes, Stack size 40 bytes, j1939.o(.text))
<BR><BR>[Stack]<UL><LI>Max Depth = 96<LI>Call Chain = J1939_Response &rArr; SendOneMessage &rArr; J1939_CAN_Transmit &rArr; CAN_TransmitStatus
</UL>
<BR>[Calls]<UL><LI><a href="#[a4]">&gt;&gt;</a>&nbsp;&nbsp;&nbsp;J1939_TP_TX_Message
<LI><a href="#[a0]">&gt;&gt;</a>&nbsp;&nbsp;&nbsp;SendOneMessage
</UL>
<BR>[Called By]<UL><LI><a href="#[a5]">&gt;&gt;</a>&nbsp;&nbsp;&nbsp;J1939_ReceiveMessages
</UL>

<P><STRONG><a name="[a6]"></a>J1939_Messages_Filter</STRONG> (Thumb, 146 bytes, Stack size 0 bytes, j1939.o(.text))
<BR><BR>[Called By]<UL><LI><a href="#[a5]">&gt;&gt;</a>&nbsp;&nbsp;&nbsp;J1939_ReceiveMessages
</UL>

<P><STRONG><a name="[a9]"></a>CAN_identifier_clc</STRONG> (Thumb, 2 bytes, Stack size 0 bytes, j1939.o(.text))
<BR><BR>[Called By]<UL><LI><a href="#[82]">&gt;&gt;</a>&nbsp;&nbsp;&nbsp;J1939_ISR
</UL>

<P><STRONG><a name="[82]"></a>J1939_ISR</STRONG> (Thumb, 20 bytes, Stack size 8 bytes, j1939.o(.text))
<BR><BR>[Stack]<UL><LI>Max Depth = 440 + Unknown Stack Size
<LI>Call Chain = J1939_ISR &rArr; J1939_ReceiveMessages &rArr; transmit_USART_STR &rArr; __2sprintf &rArr; _printf_char_common &rArr; __printf
</UL>
<BR>[Calls]<UL><LI><a href="#[aa]">&gt;&gt;</a>&nbsp;&nbsp;&nbsp;J1939_TP_Poll
<LI><a href="#[a9]">&gt;&gt;</a>&nbsp;&nbsp;&nbsp;CAN_identifier_clc
<LI><a href="#[a5]">&gt;&gt;</a>&nbsp;&nbsp;&nbsp;J1939_ReceiveMessages
<LI><a href="#[a1]">&gt;&gt;</a>&nbsp;&nbsp;&nbsp;J1939_TransmitMessages
</UL>
<BR>[Called By]<UL><LI><a href="#[ab]">&gt;&gt;</a>&nbsp;&nbsp;&nbsp;J1939_RXinterruptEnable
<LI><a href="#[27]">&gt;&gt;</a>&nbsp;&nbsp;&nbsp;CAN1_RX0_IRQHandler
<LI><a href="#[7e]">&gt;&gt;</a>&nbsp;&nbsp;&nbsp;J1939_EnqueueMessage
</UL>

<P><STRONG><a name="[ab]"></a>J1939_RXinterruptEnable</STRONG> (Thumb, 8 bytes, Stack size 8 bytes, j1939.o(.text), UNUSED)
<BR><BR>[Calls]<UL><LI><a href="#[82]">&gt;&gt;</a>&nbsp;&nbsp;&nbsp;J1939_ISR
</UL>
<BR>[Called By]<UL><LI><a href="#[ae]">&gt;&gt;</a>&nbsp;&nbsp;&nbsp;J1939_DequeueMessage
</UL>

<P><STRONG><a name="[af]"></a>J1939_RXinterruptDisable</STRONG> (Thumb, 2 bytes, Stack size 0 bytes, j1939.o(.text), UNUSED)
<BR><BR>[Called By]<UL><LI><a href="#[ae]">&gt;&gt;</a>&nbsp;&nbsp;&nbsp;J1939_DequeueMessage
</UL>

<P><STRONG><a name="[b1]"></a>J1939_TXinterruptDisable</STRONG> (Thumb, 2 bytes, Stack size 0 bytes, j1939.o(.text))
<BR><BR>[Called By]<UL><LI><a href="#[7e]">&gt;&gt;</a>&nbsp;&nbsp;&nbsp;J1939_EnqueueMessage
</UL>

<P><STRONG><a name="[297]"></a>J1939_TXinterruptOk</STRONG> (Thumb, 18 bytes, Stack size 0 bytes, j1939.o(.text), UNUSED)

<P><STRONG><a name="[ac]"></a>SetAddressFilter</STRONG> (Thumb, 62 bytes, Stack size 4 bytes, j1939.o(.text), UNUSED)
<BR><BR>[Calls]<UL><LI><a href="#[ad]">&gt;&gt;</a>&nbsp;&nbsp;&nbsp;J1939_SetAddressFilter
</UL>

<P><STRONG><a name="[ae]"></a>J1939_DequeueMessage</STRONG> (Thumb, 304 bytes, Stack size 16 bytes, j1939.o(.text), UNUSED)
<BR><BR>[Calls]<UL><LI><a href="#[af]">&gt;&gt;</a>&nbsp;&nbsp;&nbsp;J1939_RXinterruptDisable
<LI><a href="#[ab]">&gt;&gt;</a>&nbsp;&nbsp;&nbsp;J1939_RXinterruptEnable
<LI><a href="#[a7]">&gt;&gt;</a>&nbsp;&nbsp;&nbsp;__aeabi_memcpy
</UL>
<BR>[Called By]<UL><LI><a href="#[b0]">&gt;&gt;</a>&nbsp;&nbsp;&nbsp;J1939_Read_Message
</UL>

<P><STRONG><a name="[b0]"></a>J1939_Read_Message</STRONG> (Thumb, 16 bytes, Stack size 16 bytes, j1939.o(.text), UNUSED)
<BR><BR>[Calls]<UL><LI><a href="#[ae]">&gt;&gt;</a>&nbsp;&nbsp;&nbsp;J1939_DequeueMessage
</UL>

<P><STRONG><a name="[7e]"></a>J1939_EnqueueMessage</STRONG> (Thumb, 404 bytes, Stack size 16 bytes, j1939.o(.text))
<BR><BR>[Stack]<UL><LI>Max Depth = 16 + In Cycle
<LI>Call Chain = J1939_EnqueueMessage &rArr;  J1939_ISR (Cycle)
</UL>
<BR>[Calls]<UL><LI><a href="#[b1]">&gt;&gt;</a>&nbsp;&nbsp;&nbsp;J1939_TXinterruptDisable
<LI><a href="#[82]">&gt;&gt;</a>&nbsp;&nbsp;&nbsp;J1939_ISR
<LI><a href="#[a7]">&gt;&gt;</a>&nbsp;&nbsp;&nbsp;__aeabi_memcpy
</UL>
<BR>[Called By]<UL><LI><a href="#[ba]">&gt;&gt;</a>&nbsp;&nbsp;&nbsp;J1939_Request_PGN
<LI><a href="#[b7]">&gt;&gt;</a>&nbsp;&nbsp;&nbsp;J1939_read_DT_Packet
<LI><a href="#[b6]">&gt;&gt;</a>&nbsp;&nbsp;&nbsp;J1939_TP_RX_Abort
<LI><a href="#[b5]">&gt;&gt;</a>&nbsp;&nbsp;&nbsp;J1939_TP_TX_Abort
<LI><a href="#[b4]">&gt;&gt;</a>&nbsp;&nbsp;&nbsp;J1939_CM_Start
<LI><a href="#[b3]">&gt;&gt;</a>&nbsp;&nbsp;&nbsp;J1939_TP_DT_Packet_send
<LI><a href="#[b2]">&gt;&gt;</a>&nbsp;&nbsp;&nbsp;J1939_Send_Message
<LI><a href="#[7c]">&gt;&gt;</a>&nbsp;&nbsp;&nbsp;send_massage
</UL>

<P><STRONG><a name="[b2]"></a>J1939_Send_Message</STRONG> (Thumb, 150 bytes, Stack size 16 bytes, j1939.o(.text), UNUSED)
<BR><BR>[Calls]<UL><LI><a href="#[7e]">&gt;&gt;</a>&nbsp;&nbsp;&nbsp;J1939_EnqueueMessage
</UL>

<P><STRONG><a name="[79]"></a>J1939_Initialization</STRONG> (Thumb, 212 bytes, Stack size 0 bytes, j1939.o(.text))
<BR><BR>[Called By]<UL><LI><a href="#[6a]">&gt;&gt;</a>&nbsp;&nbsp;&nbsp;main
</UL>

<P><STRONG><a name="[7d]"></a>J1939_Poll</STRONG> (Thumb, 2 bytes, Stack size 0 bytes, j1939.o(.text), UNUSED)
<BR><BR>[Called By]<UL><LI><a href="#[7c]">&gt;&gt;</a>&nbsp;&nbsp;&nbsp;send_massage
</UL>

<P><STRONG><a name="[b3]"></a>J1939_TP_DT_Packet_send</STRONG> (Thumb, 284 bytes, Stack size 32 bytes, j1939.o(.text))
<BR><BR>[Stack]<UL><LI>Max Depth = 48<LI>Call Chain = J1939_TP_DT_Packet_send &rArr; J1939_EnqueueMessage &rArr;  J1939_ISR (Cycle)
</UL>
<BR>[Calls]<UL><LI><a href="#[7e]">&gt;&gt;</a>&nbsp;&nbsp;&nbsp;J1939_EnqueueMessage
</UL>
<BR>[Called By]<UL><LI><a href="#[aa]">&gt;&gt;</a>&nbsp;&nbsp;&nbsp;J1939_TP_Poll
</UL>

<P><STRONG><a name="[b4]"></a>J1939_CM_Start</STRONG> (Thumb, 152 bytes, Stack size 32 bytes, j1939.o(.text))
<BR><BR>[Stack]<UL><LI>Max Depth = 48<LI>Call Chain = J1939_CM_Start &rArr; J1939_EnqueueMessage &rArr;  J1939_ISR (Cycle)
</UL>
<BR>[Calls]<UL><LI><a href="#[7e]">&gt;&gt;</a>&nbsp;&nbsp;&nbsp;J1939_EnqueueMessage
</UL>
<BR>[Called By]<UL><LI><a href="#[aa]">&gt;&gt;</a>&nbsp;&nbsp;&nbsp;J1939_TP_Poll
</UL>

<P><STRONG><a name="[b5]"></a>J1939_TP_TX_Abort</STRONG> (Thumb, 126 bytes, Stack size 32 bytes, j1939.o(.text))
<BR><BR>[Stack]<UL><LI>Max Depth = 48<LI>Call Chain = J1939_TP_TX_Abort &rArr; J1939_EnqueueMessage &rArr;  J1939_ISR (Cycle)
</UL>
<BR>[Calls]<UL><LI><a href="#[7e]">&gt;&gt;</a>&nbsp;&nbsp;&nbsp;J1939_EnqueueMessage
</UL>
<BR>[Called By]<UL><LI><a href="#[aa]">&gt;&gt;</a>&nbsp;&nbsp;&nbsp;J1939_TP_Poll
</UL>

<P><STRONG><a name="[b6]"></a>J1939_TP_RX_Abort</STRONG> (Thumb, 126 bytes, Stack size 32 bytes, j1939.o(.text))
<BR><BR>[Stack]<UL><LI>Max Depth = 48<LI>Call Chain = J1939_TP_RX_Abort &rArr; J1939_EnqueueMessage &rArr;  J1939_ISR (Cycle)
</UL>
<BR>[Calls]<UL><LI><a href="#[7e]">&gt;&gt;</a>&nbsp;&nbsp;&nbsp;J1939_EnqueueMessage
</UL>
<BR>[Called By]<UL><LI><a href="#[aa]">&gt;&gt;</a>&nbsp;&nbsp;&nbsp;J1939_TP_Poll
</UL>

<P><STRONG><a name="[b9]"></a>J1939_TP_TX_RefreshCMTimer</STRONG> (Thumb, 66 bytes, Stack size 0 bytes, j1939.o(.text))
<BR><BR>[Called By]<UL><LI><a href="#[aa]">&gt;&gt;</a>&nbsp;&nbsp;&nbsp;J1939_TP_Poll
</UL>

<P><STRONG><a name="[b8]"></a>J1939_TP_RX_RefreshCMTimer</STRONG> (Thumb, 192 bytes, Stack size 0 bytes, j1939.o(.text))
<BR><BR>[Called By]<UL><LI><a href="#[aa]">&gt;&gt;</a>&nbsp;&nbsp;&nbsp;J1939_TP_Poll
</UL>

<P><STRONG><a name="[b7]"></a>J1939_read_DT_Packet</STRONG> (Thumb, 382 bytes, Stack size 32 bytes, j1939.o(.text))
<BR><BR>[Stack]<UL><LI>Max Depth = 48<LI>Call Chain = J1939_read_DT_Packet &rArr; J1939_EnqueueMessage &rArr;  J1939_ISR (Cycle)
</UL>
<BR>[Calls]<UL><LI><a href="#[7e]">&gt;&gt;</a>&nbsp;&nbsp;&nbsp;J1939_EnqueueMessage
</UL>
<BR>[Called By]<UL><LI><a href="#[aa]">&gt;&gt;</a>&nbsp;&nbsp;&nbsp;J1939_TP_Poll
</UL>

<P><STRONG><a name="[aa]"></a>J1939_TP_Poll</STRONG> (Thumb, 272 bytes, Stack size 8 bytes, j1939.o(.text))
<BR><BR>[Stack]<UL><LI>Max Depth = 56<LI>Call Chain = J1939_TP_Poll &rArr; J1939_read_DT_Packet &rArr; J1939_EnqueueMessage &rArr;  J1939_ISR (Cycle)
</UL>
<BR>[Calls]<UL><LI><a href="#[b7]">&gt;&gt;</a>&nbsp;&nbsp;&nbsp;J1939_read_DT_Packet
<LI><a href="#[b8]">&gt;&gt;</a>&nbsp;&nbsp;&nbsp;J1939_TP_RX_RefreshCMTimer
<LI><a href="#[b9]">&gt;&gt;</a>&nbsp;&nbsp;&nbsp;J1939_TP_TX_RefreshCMTimer
<LI><a href="#[b6]">&gt;&gt;</a>&nbsp;&nbsp;&nbsp;J1939_TP_RX_Abort
<LI><a href="#[b5]">&gt;&gt;</a>&nbsp;&nbsp;&nbsp;J1939_TP_TX_Abort
<LI><a href="#[b4]">&gt;&gt;</a>&nbsp;&nbsp;&nbsp;J1939_CM_Start
<LI><a href="#[b3]">&gt;&gt;</a>&nbsp;&nbsp;&nbsp;J1939_TP_DT_Packet_send
</UL>
<BR>[Called By]<UL><LI><a href="#[82]">&gt;&gt;</a>&nbsp;&nbsp;&nbsp;J1939_ISR
</UL>

<P><STRONG><a name="[298]"></a>J1939_TP_RX_Message</STRONG> (Thumb, 152 bytes, Stack size 8 bytes, j1939.o(.text), UNUSED)

<P><STRONG><a name="[ba]"></a>J1939_Request_PGN</STRONG> (Thumb, 96 bytes, Stack size 40 bytes, j1939.o(.text), UNUSED)
<BR><BR>[Calls]<UL><LI><a href="#[7e]">&gt;&gt;</a>&nbsp;&nbsp;&nbsp;J1939_EnqueueMessage
</UL>

<P><STRONG><a name="[bb]"></a>J1939_Create_Response</STRONG> (Thumb, 94 bytes, Stack size 32 bytes, j1939.o(.text), UNUSED)
<BR><BR>[Calls]<UL><LI><a href="#[bc]">&gt;&gt;</a>&nbsp;&nbsp;&nbsp;malloc
</UL>

<P><STRONG><a name="[8a]"></a>NVIC_PriorityGroupConfig</STRONG> (Thumb, 10 bytes, Stack size 0 bytes, misc.o(.text))
<BR><BR>[Called By]<UL><LI><a href="#[74]">&gt;&gt;</a>&nbsp;&nbsp;&nbsp;USART_Configuration
</UL>

<P><STRONG><a name="[8b]"></a>NVIC_Init</STRONG> (Thumb, 100 bytes, Stack size 16 bytes, misc.o(.text))
<BR><BR>[Stack]<UL><LI>Max Depth = 16<LI>Call Chain = NVIC_Init
</UL>
<BR>[Called By]<UL><LI><a href="#[74]">&gt;&gt;</a>&nbsp;&nbsp;&nbsp;USART_Configuration
<LI><a href="#[78]">&gt;&gt;</a>&nbsp;&nbsp;&nbsp;CAN2_Config
<LI><a href="#[76]">&gt;&gt;</a>&nbsp;&nbsp;&nbsp;CAN1_Config
</UL>

<P><STRONG><a name="[91]"></a>NVIC_SetVectorTable</STRONG> (Thumb, 14 bytes, Stack size 0 bytes, misc.o(.text))
<BR><BR>[Called By]<UL><LI><a href="#[76]">&gt;&gt;</a>&nbsp;&nbsp;&nbsp;CAN1_Config
</UL>

<P><STRONG><a name="[299]"></a>NVIC_SystemLPConfig</STRONG> (Thumb, 34 bytes, Stack size 0 bytes, misc.o(.text), UNUSED)

<P><STRONG><a name="[29a]"></a>SysTick_CLKSourceConfig</STRONG> (Thumb, 40 bytes, Stack size 0 bytes, misc.o(.text), UNUSED)

<P><STRONG><a name="[29b]"></a>RCC_DeInit</STRONG> (Thumb, 78 bytes, Stack size 0 bytes, stm32f10x_rcc.o(.text), UNUSED)

<P><STRONG><a name="[29c]"></a>RCC_HSEConfig</STRONG> (Thumb, 70 bytes, Stack size 0 bytes, stm32f10x_rcc.o(.text), UNUSED)

<P><STRONG><a name="[be]"></a>RCC_GetFlagStatus</STRONG> (Thumb, 56 bytes, Stack size 8 bytes, stm32f10x_rcc.o(.text), UNUSED)
<BR><BR>[Called By]<UL><LI><a href="#[bd]">&gt;&gt;</a>&nbsp;&nbsp;&nbsp;RCC_WaitForHSEStartUp
</UL>

<P><STRONG><a name="[bd]"></a>RCC_WaitForHSEStartUp</STRONG> (Thumb, 56 bytes, Stack size 16 bytes, stm32f10x_rcc.o(.text), UNUSED)
<BR><BR>[Calls]<UL><LI><a href="#[be]">&gt;&gt;</a>&nbsp;&nbsp;&nbsp;RCC_GetFlagStatus
</UL>

<P><STRONG><a name="[29d]"></a>RCC_AdjustHSICalibrationValue</STRONG> (Thumb, 20 bytes, Stack size 0 bytes, stm32f10x_rcc.o(.text), UNUSED)

<P><STRONG><a name="[29e]"></a>RCC_HSICmd</STRONG> (Thumb, 6 bytes, Stack size 0 bytes, stm32f10x_rcc.o(.text), UNUSED)

<P><STRONG><a name="[29f]"></a>RCC_PLLConfig</STRONG> (Thumb, 24 bytes, Stack size 0 bytes, stm32f10x_rcc.o(.text), UNUSED)

<P><STRONG><a name="[2a0]"></a>RCC_PLLCmd</STRONG> (Thumb, 6 bytes, Stack size 0 bytes, stm32f10x_rcc.o(.text), UNUSED)

<P><STRONG><a name="[2a1]"></a>RCC_PREDIV1Config</STRONG> (Thumb, 24 bytes, Stack size 0 bytes, stm32f10x_rcc.o(.text), UNUSED)

<P><STRONG><a name="[2a2]"></a>RCC_PREDIV2Config</STRONG> (Thumb, 18 bytes, Stack size 0 bytes, stm32f10x_rcc.o(.text), UNUSED)

<P><STRONG><a name="[2a3]"></a>RCC_PLL2Config</STRONG> (Thumb, 18 bytes, Stack size 0 bytes, stm32f10x_rcc.o(.text), UNUSED)

<P><STRONG><a name="[2a4]"></a>RCC_PLL2Cmd</STRONG> (Thumb, 6 bytes, Stack size 0 bytes, stm32f10x_rcc.o(.text), UNUSED)

<P><STRONG><a name="[2a5]"></a>RCC_PLL3Config</STRONG> (Thumb, 18 bytes, Stack size 0 bytes, stm32f10x_rcc.o(.text), UNUSED)

<P><STRONG><a name="[2a6]"></a>RCC_PLL3Cmd</STRONG> (Thumb, 6 bytes, Stack size 0 bytes, stm32f10x_rcc.o(.text), UNUSED)

<P><STRONG><a name="[2a7]"></a>RCC_SYSCLKConfig</STRONG> (Thumb, 18 bytes, Stack size 0 bytes, stm32f10x_rcc.o(.text), UNUSED)

<P><STRONG><a name="[2a8]"></a>RCC_GetSYSCLKSource</STRONG> (Thumb, 10 bytes, Stack size 0 bytes, stm32f10x_rcc.o(.text), UNUSED)

<P><STRONG><a name="[2a9]"></a>RCC_HCLKConfig</STRONG> (Thumb, 18 bytes, Stack size 0 bytes, stm32f10x_rcc.o(.text), UNUSED)

<P><STRONG><a name="[2aa]"></a>RCC_PCLK1Config</STRONG> (Thumb, 18 bytes, Stack size 0 bytes, stm32f10x_rcc.o(.text), UNUSED)

<P><STRONG><a name="[2ab]"></a>RCC_PCLK2Config</STRONG> (Thumb, 20 bytes, Stack size 0 bytes, stm32f10x_rcc.o(.text), UNUSED)

<P><STRONG><a name="[2ac]"></a>RCC_ITConfig</STRONG> (Thumb, 26 bytes, Stack size 0 bytes, stm32f10x_rcc.o(.text), UNUSED)

<P><STRONG><a name="[2ad]"></a>RCC_OTGFSCLKConfig</STRONG> (Thumb, 8 bytes, Stack size 0 bytes, stm32f10x_rcc.o(.text), UNUSED)

<P><STRONG><a name="[2ae]"></a>RCC_ADCCLKConfig</STRONG> (Thumb, 18 bytes, Stack size 0 bytes, stm32f10x_rcc.o(.text), UNUSED)

<P><STRONG><a name="[2af]"></a>RCC_I2S2CLKConfig</STRONG> (Thumb, 6 bytes, Stack size 0 bytes, stm32f10x_rcc.o(.text), UNUSED)

<P><STRONG><a name="[2b0]"></a>RCC_I2S3CLKConfig</STRONG> (Thumb, 8 bytes, Stack size 0 bytes, stm32f10x_rcc.o(.text), UNUSED)

<P><STRONG><a name="[2b1]"></a>RCC_LSEConfig</STRONG> (Thumb, 50 bytes, Stack size 0 bytes, stm32f10x_rcc.o(.text), UNUSED)

<P><STRONG><a name="[2b2]"></a>RCC_LSICmd</STRONG> (Thumb, 6 bytes, Stack size 0 bytes, stm32f10x_rcc.o(.text), UNUSED)

<P><STRONG><a name="[2b3]"></a>RCC_RTCCLKConfig</STRONG> (Thumb, 12 bytes, Stack size 0 bytes, stm32f10x_rcc.o(.text), UNUSED)

<P><STRONG><a name="[2b4]"></a>RCC_RTCCLKCmd</STRONG> (Thumb, 8 bytes, Stack size 0 bytes, stm32f10x_rcc.o(.text), UNUSED)

<P><STRONG><a name="[c3]"></a>RCC_GetClocksFreq</STRONG> (Thumb, 420 bytes, Stack size 24 bytes, stm32f10x_rcc.o(.text))
<BR><BR>[Stack]<UL><LI>Max Depth = 24<LI>Call Chain = RCC_GetClocksFreq
</UL>
<BR>[Called By]<UL><LI><a href="#[87]">&gt;&gt;</a>&nbsp;&nbsp;&nbsp;USART_Init
</UL>

<P><STRONG><a name="[2b5]"></a>RCC_AHBPeriphClockCmd</STRONG> (Thumb, 26 bytes, Stack size 0 bytes, stm32f10x_rcc.o(.text), UNUSED)

<P><STRONG><a name="[71]"></a>RCC_APB2PeriphClockCmd</STRONG> (Thumb, 26 bytes, Stack size 0 bytes, stm32f10x_rcc.o(.text))
<BR><BR>[Called By]<UL><LI><a href="#[74]">&gt;&gt;</a>&nbsp;&nbsp;&nbsp;USART_Configuration
<LI><a href="#[78]">&gt;&gt;</a>&nbsp;&nbsp;&nbsp;CAN2_Config
<LI><a href="#[76]">&gt;&gt;</a>&nbsp;&nbsp;&nbsp;CAN1_Config
<LI><a href="#[70]">&gt;&gt;</a>&nbsp;&nbsp;&nbsp;LED_Config
</UL>

<P><STRONG><a name="[85]"></a>RCC_APB1PeriphClockCmd</STRONG> (Thumb, 26 bytes, Stack size 0 bytes, stm32f10x_rcc.o(.text))
<BR><BR>[Called By]<UL><LI><a href="#[74]">&gt;&gt;</a>&nbsp;&nbsp;&nbsp;USART_Configuration
<LI><a href="#[78]">&gt;&gt;</a>&nbsp;&nbsp;&nbsp;CAN2_Config
<LI><a href="#[76]">&gt;&gt;</a>&nbsp;&nbsp;&nbsp;CAN1_Config
</UL>

<P><STRONG><a name="[2b6]"></a>RCC_AHBPeriphResetCmd</STRONG> (Thumb, 26 bytes, Stack size 0 bytes, stm32f10x_rcc.o(.text), UNUSED)

<P><STRONG><a name="[c0]"></a>RCC_APB2PeriphResetCmd</STRONG> (Thumb, 26 bytes, Stack size 0 bytes, stm32f10x_rcc.o(.text))
<BR><BR>[Called By]<UL><LI><a href="#[c1]">&gt;&gt;</a>&nbsp;&nbsp;&nbsp;GPIO_AFIODeInit
<LI><a href="#[bf]">&gt;&gt;</a>&nbsp;&nbsp;&nbsp;GPIO_DeInit
<LI><a href="#[86]">&gt;&gt;</a>&nbsp;&nbsp;&nbsp;USART_DeInit
</UL>

<P><STRONG><a name="[c2]"></a>RCC_APB1PeriphResetCmd</STRONG> (Thumb, 26 bytes, Stack size 0 bytes, stm32f10x_rcc.o(.text))
<BR><BR>[Called By]<UL><LI><a href="#[92]">&gt;&gt;</a>&nbsp;&nbsp;&nbsp;CAN_DeInit
<LI><a href="#[86]">&gt;&gt;</a>&nbsp;&nbsp;&nbsp;USART_DeInit
</UL>

<P><STRONG><a name="[2b7]"></a>RCC_BackupResetCmd</STRONG> (Thumb, 6 bytes, Stack size 0 bytes, stm32f10x_rcc.o(.text), UNUSED)

<P><STRONG><a name="[2b8]"></a>RCC_ClockSecuritySystemCmd</STRONG> (Thumb, 6 bytes, Stack size 0 bytes, stm32f10x_rcc.o(.text), UNUSED)

<P><STRONG><a name="[2b9]"></a>RCC_MCOConfig</STRONG> (Thumb, 6 bytes, Stack size 0 bytes, stm32f10x_rcc.o(.text), UNUSED)

<P><STRONG><a name="[2ba]"></a>RCC_ClearFlag</STRONG> (Thumb, 14 bytes, Stack size 0 bytes, stm32f10x_rcc.o(.text), UNUSED)

<P><STRONG><a name="[2bb]"></a>RCC_GetITStatus</STRONG> (Thumb, 20 bytes, Stack size 0 bytes, stm32f10x_rcc.o(.text), UNUSED)

<P><STRONG><a name="[2bc]"></a>RCC_ClearITPendingBit</STRONG> (Thumb, 6 bytes, Stack size 0 bytes, stm32f10x_rcc.o(.text), UNUSED)

<P><STRONG><a name="[bf]"></a>GPIO_DeInit</STRONG> (Thumb, 172 bytes, Stack size 8 bytes, stm32f10x_gpio.o(.text), UNUSED)
<BR><BR>[Calls]<UL><LI><a href="#[c0]">&gt;&gt;</a>&nbsp;&nbsp;&nbsp;RCC_APB2PeriphResetCmd
</UL>

<P><STRONG><a name="[c1]"></a>GPIO_AFIODeInit</STRONG> (Thumb, 20 bytes, Stack size 8 bytes, stm32f10x_gpio.o(.text), UNUSED)
<BR><BR>[Calls]<UL><LI><a href="#[c0]">&gt;&gt;</a>&nbsp;&nbsp;&nbsp;RCC_APB2PeriphResetCmd
</UL>

<P><STRONG><a name="[72]"></a>GPIO_Init</STRONG> (Thumb, 278 bytes, Stack size 24 bytes, stm32f10x_gpio.o(.text))
<BR><BR>[Stack]<UL><LI>Max Depth = 24<LI>Call Chain = GPIO_Init
</UL>
<BR>[Called By]<UL><LI><a href="#[74]">&gt;&gt;</a>&nbsp;&nbsp;&nbsp;USART_Configuration
<LI><a href="#[78]">&gt;&gt;</a>&nbsp;&nbsp;&nbsp;CAN2_Config
<LI><a href="#[76]">&gt;&gt;</a>&nbsp;&nbsp;&nbsp;CAN1_Config
<LI><a href="#[70]">&gt;&gt;</a>&nbsp;&nbsp;&nbsp;LED_Config
</UL>

<P><STRONG><a name="[2bd]"></a>GPIO_StructInit</STRONG> (Thumb, 16 bytes, Stack size 0 bytes, stm32f10x_gpio.o(.text), UNUSED)

<P><STRONG><a name="[2be]"></a>GPIO_ReadInputDataBit</STRONG> (Thumb, 18 bytes, Stack size 0 bytes, stm32f10x_gpio.o(.text), UNUSED)

<P><STRONG><a name="[2bf]"></a>GPIO_ReadInputData</STRONG> (Thumb, 8 bytes, Stack size 0 bytes, stm32f10x_gpio.o(.text), UNUSED)

<P><STRONG><a name="[2c0]"></a>GPIO_ReadOutputDataBit</STRONG> (Thumb, 18 bytes, Stack size 0 bytes, stm32f10x_gpio.o(.text), UNUSED)

<P><STRONG><a name="[2c1]"></a>GPIO_ReadOutputData</STRONG> (Thumb, 8 bytes, Stack size 0 bytes, stm32f10x_gpio.o(.text), UNUSED)

<P><STRONG><a name="[7b]"></a>GPIO_SetBits</STRONG> (Thumb, 4 bytes, Stack size 0 bytes, stm32f10x_gpio.o(.text))
<BR><BR>[Called By]<UL><LI><a href="#[6a]">&gt;&gt;</a>&nbsp;&nbsp;&nbsp;main
</UL>

<P><STRONG><a name="[7a]"></a>GPIO_ResetBits</STRONG> (Thumb, 4 bytes, Stack size 0 bytes, stm32f10x_gpio.o(.text))
<BR><BR>[Called By]<UL><LI><a href="#[6a]">&gt;&gt;</a>&nbsp;&nbsp;&nbsp;main
</UL>

<P><STRONG><a name="[2c2]"></a>GPIO_WriteBit</STRONG> (Thumb, 10 bytes, Stack size 0 bytes, stm32f10x_gpio.o(.text), UNUSED)

<P><STRONG><a name="[2c3]"></a>GPIO_Write</STRONG> (Thumb, 4 bytes, Stack size 0 bytes, stm32f10x_gpio.o(.text), UNUSED)

<P><STRONG><a name="[2c4]"></a>GPIO_PinLockConfig</STRONG> (Thumb, 18 bytes, Stack size 0 bytes, stm32f10x_gpio.o(.text), UNUSED)

<P><STRONG><a name="[2c5]"></a>GPIO_EventOutputConfig</STRONG> (Thumb, 26 bytes, Stack size 0 bytes, stm32f10x_gpio.o(.text), UNUSED)

<P><STRONG><a name="[2c6]"></a>GPIO_EventOutputCmd</STRONG> (Thumb, 6 bytes, Stack size 0 bytes, stm32f10x_gpio.o(.text), UNUSED)

<P><STRONG><a name="[90]"></a>GPIO_PinRemapConfig</STRONG> (Thumb, 138 bytes, Stack size 20 bytes, stm32f10x_gpio.o(.text))
<BR><BR>[Stack]<UL><LI>Max Depth = 20<LI>Call Chain = GPIO_PinRemapConfig
</UL>
<BR>[Called By]<UL><LI><a href="#[76]">&gt;&gt;</a>&nbsp;&nbsp;&nbsp;CAN1_Config
</UL>

<P><STRONG><a name="[2c7]"></a>GPIO_EXTILineConfig</STRONG> (Thumb, 66 bytes, Stack size 12 bytes, stm32f10x_gpio.o(.text), UNUSED)

<P><STRONG><a name="[2c8]"></a>GPIO_ETH_MediaInterfaceConfig</STRONG> (Thumb, 8 bytes, Stack size 0 bytes, stm32f10x_gpio.o(.text), UNUSED)

<P><STRONG><a name="[86]"></a>USART_DeInit</STRONG> (Thumb, 134 bytes, Stack size 8 bytes, stm32f10x_usart.o(.text))
<BR><BR>[Stack]<UL><LI>Max Depth = 8<LI>Call Chain = USART_DeInit
</UL>
<BR>[Calls]<UL><LI><a href="#[c2]">&gt;&gt;</a>&nbsp;&nbsp;&nbsp;RCC_APB1PeriphResetCmd
<LI><a href="#[c0]">&gt;&gt;</a>&nbsp;&nbsp;&nbsp;RCC_APB2PeriphResetCmd
</UL>
<BR>[Called By]<UL><LI><a href="#[74]">&gt;&gt;</a>&nbsp;&nbsp;&nbsp;USART_Configuration
</UL>

<P><STRONG><a name="[87]"></a>USART_Init</STRONG> (Thumb, 210 bytes, Stack size 56 bytes, stm32f10x_usart.o(.text))
<BR><BR>[Stack]<UL><LI>Max Depth = 80<LI>Call Chain = USART_Init &rArr; RCC_GetClocksFreq
</UL>
<BR>[Calls]<UL><LI><a href="#[c3]">&gt;&gt;</a>&nbsp;&nbsp;&nbsp;RCC_GetClocksFreq
</UL>
<BR>[Called By]<UL><LI><a href="#[74]">&gt;&gt;</a>&nbsp;&nbsp;&nbsp;USART_Configuration
</UL>

<P><STRONG><a name="[2c9]"></a>USART_StructInit</STRONG> (Thumb, 24 bytes, Stack size 0 bytes, stm32f10x_usart.o(.text), UNUSED)

<P><STRONG><a name="[2ca]"></a>USART_ClockInit</STRONG> (Thumb, 34 bytes, Stack size 8 bytes, stm32f10x_usart.o(.text), UNUSED)

<P><STRONG><a name="[2cb]"></a>USART_ClockStructInit</STRONG> (Thumb, 12 bytes, Stack size 0 bytes, stm32f10x_usart.o(.text), UNUSED)

<P><STRONG><a name="[88]"></a>USART_Cmd</STRONG> (Thumb, 24 bytes, Stack size 0 bytes, stm32f10x_usart.o(.text))
<BR><BR>[Called By]<UL><LI><a href="#[74]">&gt;&gt;</a>&nbsp;&nbsp;&nbsp;USART_Configuration
</UL>

<P><STRONG><a name="[81]"></a>USART_ITConfig</STRONG> (Thumb, 74 bytes, Stack size 20 bytes, stm32f10x_usart.o(.text))
<BR><BR>[Stack]<UL><LI>Max Depth = 20<LI>Call Chain = USART_ITConfig
</UL>
<BR>[Called By]<UL><LI><a href="#[39]">&gt;&gt;</a>&nbsp;&nbsp;&nbsp;USART2_IRQHandler
<LI><a href="#[74]">&gt;&gt;</a>&nbsp;&nbsp;&nbsp;USART_Configuration
</UL>

<P><STRONG><a name="[2cc]"></a>USART_DMACmd</STRONG> (Thumb, 18 bytes, Stack size 0 bytes, stm32f10x_usart.o(.text), UNUSED)

<P><STRONG><a name="[2cd]"></a>USART_SetAddress</STRONG> (Thumb, 18 bytes, Stack size 0 bytes, stm32f10x_usart.o(.text), UNUSED)

<P><STRONG><a name="[2ce]"></a>USART_WakeUpConfig</STRONG> (Thumb, 18 bytes, Stack size 0 bytes, stm32f10x_usart.o(.text), UNUSED)

<P><STRONG><a name="[2cf]"></a>USART_ReceiverWakeUpCmd</STRONG> (Thumb, 24 bytes, Stack size 0 bytes, stm32f10x_usart.o(.text), UNUSED)

<P><STRONG><a name="[2d0]"></a>USART_LINBreakDetectLengthConfig</STRONG> (Thumb, 18 bytes, Stack size 0 bytes, stm32f10x_usart.o(.text), UNUSED)

<P><STRONG><a name="[2d1]"></a>USART_LINCmd</STRONG> (Thumb, 24 bytes, Stack size 0 bytes, stm32f10x_usart.o(.text), UNUSED)

<P><STRONG><a name="[8d]"></a>USART_SendData</STRONG> (Thumb, 8 bytes, Stack size 0 bytes, stm32f10x_usart.o(.text))
<BR><BR>[Called By]<UL><LI><a href="#[8c]">&gt;&gt;</a>&nbsp;&nbsp;&nbsp;USART_Send
<LI><a href="#[75]">&gt;&gt;</a>&nbsp;&nbsp;&nbsp;USART_STR
</UL>

<P><STRONG><a name="[80]"></a>USART_ReceiveData</STRONG> (Thumb, 10 bytes, Stack size 0 bytes, stm32f10x_usart.o(.text))
<BR><BR>[Called By]<UL><LI><a href="#[39]">&gt;&gt;</a>&nbsp;&nbsp;&nbsp;USART2_IRQHandler
</UL>

<P><STRONG><a name="[2d2]"></a>USART_SendBreak</STRONG> (Thumb, 10 bytes, Stack size 0 bytes, stm32f10x_usart.o(.text), UNUSED)

<P><STRONG><a name="[2d3]"></a>USART_SetGuardTime</STRONG> (Thumb, 16 bytes, Stack size 0 bytes, stm32f10x_usart.o(.text), UNUSED)

<P><STRONG><a name="[2d4]"></a>USART_SetPrescaler</STRONG> (Thumb, 16 bytes, Stack size 0 bytes, stm32f10x_usart.o(.text), UNUSED)

<P><STRONG><a name="[2d5]"></a>USART_SmartCardCmd</STRONG> (Thumb, 24 bytes, Stack size 0 bytes, stm32f10x_usart.o(.text), UNUSED)

<P><STRONG><a name="[2d6]"></a>USART_SmartCardNACKCmd</STRONG> (Thumb, 24 bytes, Stack size 0 bytes, stm32f10x_usart.o(.text), UNUSED)

<P><STRONG><a name="[2d7]"></a>USART_HalfDuplexCmd</STRONG> (Thumb, 24 bytes, Stack size 0 bytes, stm32f10x_usart.o(.text), UNUSED)

<P><STRONG><a name="[2d8]"></a>USART_OverSampling8Cmd</STRONG> (Thumb, 22 bytes, Stack size 0 bytes, stm32f10x_usart.o(.text), UNUSED)

<P><STRONG><a name="[2d9]"></a>USART_OneBitMethodCmd</STRONG> (Thumb, 24 bytes, Stack size 0 bytes, stm32f10x_usart.o(.text), UNUSED)

<P><STRONG><a name="[2da]"></a>USART_IrDAConfig</STRONG> (Thumb, 18 bytes, Stack size 0 bytes, stm32f10x_usart.o(.text), UNUSED)

<P><STRONG><a name="[2db]"></a>USART_IrDACmd</STRONG> (Thumb, 24 bytes, Stack size 0 bytes, stm32f10x_usart.o(.text), UNUSED)

<P><STRONG><a name="[8e]"></a>USART_GetFlagStatus</STRONG> (Thumb, 26 bytes, Stack size 0 bytes, stm32f10x_usart.o(.text))
<BR><BR>[Called By]<UL><LI><a href="#[8c]">&gt;&gt;</a>&nbsp;&nbsp;&nbsp;USART_Send
<LI><a href="#[75]">&gt;&gt;</a>&nbsp;&nbsp;&nbsp;USART_STR
</UL>

<P><STRONG><a name="[89]"></a>USART_ClearFlag</STRONG> (Thumb, 18 bytes, Stack size 0 bytes, stm32f10x_usart.o(.text))
<BR><BR>[Called By]<UL><LI><a href="#[74]">&gt;&gt;</a>&nbsp;&nbsp;&nbsp;USART_Configuration
</UL>

<P><STRONG><a name="[7f]"></a>USART_GetITStatus</STRONG> (Thumb, 84 bytes, Stack size 16 bytes, stm32f10x_usart.o(.text))
<BR><BR>[Stack]<UL><LI>Max Depth = 16<LI>Call Chain = USART_GetITStatus
</UL>
<BR>[Called By]<UL><LI><a href="#[39]">&gt;&gt;</a>&nbsp;&nbsp;&nbsp;USART2_IRQHandler
</UL>

<P><STRONG><a name="[2dc]"></a>USART_ClearITPendingBit</STRONG> (Thumb, 52 bytes, Stack size 8 bytes, stm32f10x_usart.o(.text), UNUSED)

<P><STRONG><a name="[92]"></a>CAN_DeInit</STRONG> (Thumb, 50 bytes, Stack size 8 bytes, stm32f10x_can.o(.text))
<BR><BR>[Stack]<UL><LI>Max Depth = 8<LI>Call Chain = CAN_DeInit
</UL>
<BR>[Calls]<UL><LI><a href="#[c2]">&gt;&gt;</a>&nbsp;&nbsp;&nbsp;RCC_APB1PeriphResetCmd
</UL>
<BR>[Called By]<UL><LI><a href="#[78]">&gt;&gt;</a>&nbsp;&nbsp;&nbsp;CAN2_Config
<LI><a href="#[76]">&gt;&gt;</a>&nbsp;&nbsp;&nbsp;CAN1_Config
</UL>

<P><STRONG><a name="[94]"></a>CAN_Init</STRONG> (Thumb, 276 bytes, Stack size 12 bytes, stm32f10x_can.o(.text))
<BR><BR>[Stack]<UL><LI>Max Depth = 12<LI>Call Chain = CAN_Init
</UL>
<BR>[Called By]<UL><LI><a href="#[78]">&gt;&gt;</a>&nbsp;&nbsp;&nbsp;CAN2_Config
<LI><a href="#[76]">&gt;&gt;</a>&nbsp;&nbsp;&nbsp;CAN1_Config
</UL>

<P><STRONG><a name="[95]"></a>CAN_FilterInit</STRONG> (Thumb, 258 bytes, Stack size 8 bytes, stm32f10x_can.o(.text))
<BR><BR>[Stack]<UL><LI>Max Depth = 8<LI>Call Chain = CAN_FilterInit
</UL>
<BR>[Called By]<UL><LI><a href="#[78]">&gt;&gt;</a>&nbsp;&nbsp;&nbsp;CAN2_Config
<LI><a href="#[76]">&gt;&gt;</a>&nbsp;&nbsp;&nbsp;CAN1_Config
</UL>

<P><STRONG><a name="[93]"></a>CAN_StructInit</STRONG> (Thumb, 32 bytes, Stack size 0 bytes, stm32f10x_can.o(.text))
<BR><BR>[Called By]<UL><LI><a href="#[78]">&gt;&gt;</a>&nbsp;&nbsp;&nbsp;CAN2_Config
<LI><a href="#[76]">&gt;&gt;</a>&nbsp;&nbsp;&nbsp;CAN1_Config
</UL>

<P><STRONG><a name="[2dd]"></a>CAN_SlaveStartBank</STRONG> (Thumb, 48 bytes, Stack size 0 bytes, stm32f10x_can.o(.text), UNUSED)

<P><STRONG><a name="[2de]"></a>CAN_DBGFreeze</STRONG> (Thumb, 22 bytes, Stack size 0 bytes, stm32f10x_can.o(.text), UNUSED)

<P><STRONG><a name="[2df]"></a>CAN_TTComModeCmd</STRONG> (Thumb, 118 bytes, Stack size 0 bytes, stm32f10x_can.o(.text), UNUSED)

<P><STRONG><a name="[98]"></a>CAN_Transmit</STRONG> (Thumb, 304 bytes, Stack size 8 bytes, stm32f10x_can.o(.text))
<BR><BR>[Stack]<UL><LI>Max Depth = 8<LI>Call Chain = CAN_Transmit
</UL>
<BR>[Called By]<UL><LI><a href="#[9c]">&gt;&gt;</a>&nbsp;&nbsp;&nbsp;J1939_CAN_Transmit
<LI><a href="#[97]">&gt;&gt;</a>&nbsp;&nbsp;&nbsp;CAN_SendData
</UL>

<P><STRONG><a name="[9d]"></a>CAN_TransmitStatus</STRONG> (Thumb, 138 bytes, Stack size 8 bytes, stm32f10x_can.o(.text))
<BR><BR>[Stack]<UL><LI>Max Depth = 8<LI>Call Chain = CAN_TransmitStatus
</UL>
<BR>[Called By]<UL><LI><a href="#[9c]">&gt;&gt;</a>&nbsp;&nbsp;&nbsp;J1939_CAN_Transmit
</UL>

<P><STRONG><a name="[2e0]"></a>CAN_CancelTransmit</STRONG> (Thumb, 48 bytes, Stack size 0 bytes, stm32f10x_can.o(.text), UNUSED)

<P><STRONG><a name="[83]"></a>CAN_Receive</STRONG> (Thumb, 240 bytes, Stack size 8 bytes, stm32f10x_can.o(.text))
<BR><BR>[Stack]<UL><LI>Max Depth = 8<LI>Call Chain = CAN_Receive
</UL>
<BR>[Called By]<UL><LI><a href="#[9e]">&gt;&gt;</a>&nbsp;&nbsp;&nbsp;J1939_CAN_Receive
<LI><a href="#[4c]">&gt;&gt;</a>&nbsp;&nbsp;&nbsp;CAN2_RX0_IRQHandler
<LI><a href="#[4d]">&gt;&gt;</a>&nbsp;&nbsp;&nbsp;CAN2_RX1_IRQHandler
</UL>

<P><STRONG><a name="[2e1]"></a>CAN_FIFORelease</STRONG> (Thumb, 22 bytes, Stack size 0 bytes, stm32f10x_can.o(.text), UNUSED)

<P><STRONG><a name="[9f]"></a>CAN_MessagePending</STRONG> (Thumb, 30 bytes, Stack size 0 bytes, stm32f10x_can.o(.text))
<BR><BR>[Called By]<UL><LI><a href="#[9e]">&gt;&gt;</a>&nbsp;&nbsp;&nbsp;J1939_CAN_Receive
</UL>

<P><STRONG><a name="[2e2]"></a>CAN_OperatingModeRequest</STRONG> (Thumb, 162 bytes, Stack size 8 bytes, stm32f10x_can.o(.text), UNUSED)

<P><STRONG><a name="[2e3]"></a>CAN_Sleep</STRONG> (Thumb, 30 bytes, Stack size 0 bytes, stm32f10x_can.o(.text), UNUSED)

<P><STRONG><a name="[2e4]"></a>CAN_WakeUp</STRONG> (Thumb, 48 bytes, Stack size 0 bytes, stm32f10x_can.o(.text), UNUSED)

<P><STRONG><a name="[2e5]"></a>CAN_GetLastErrorCode</STRONG> (Thumb, 12 bytes, Stack size 0 bytes, stm32f10x_can.o(.text), UNUSED)

<P><STRONG><a name="[2e6]"></a>CAN_GetReceiveErrorCounter</STRONG> (Thumb, 10 bytes, Stack size 0 bytes, stm32f10x_can.o(.text), UNUSED)

<P><STRONG><a name="[2e7]"></a>CAN_GetLSBTransmitErrorCounter</STRONG> (Thumb, 12 bytes, Stack size 0 bytes, stm32f10x_can.o(.text), UNUSED)

<P><STRONG><a name="[96]"></a>CAN_ITConfig</STRONG> (Thumb, 18 bytes, Stack size 0 bytes, stm32f10x_can.o(.text))
<BR><BR>[Called By]<UL><LI><a href="#[78]">&gt;&gt;</a>&nbsp;&nbsp;&nbsp;CAN2_Config
<LI><a href="#[76]">&gt;&gt;</a>&nbsp;&nbsp;&nbsp;CAN1_Config
</UL>

<P><STRONG><a name="[2e8]"></a>CAN_GetFlagStatus</STRONG> (Thumb, 120 bytes, Stack size 8 bytes, stm32f10x_can.o(.text), UNUSED)

<P><STRONG><a name="[2e9]"></a>CAN_ClearFlag</STRONG> (Thumb, 52 bytes, Stack size 0 bytes, stm32f10x_can.o(.text), UNUSED)

<P><STRONG><a name="[c4]"></a>CAN_GetITStatus</STRONG> (Thumb, 310 bytes, Stack size 16 bytes, stm32f10x_can.o(.text), UNUSED)
<BR><BR>[Calls]<UL><LI><a href="#[c5]">&gt;&gt;</a>&nbsp;&nbsp;&nbsp;CheckITStatus
</UL>

<P><STRONG><a name="[2ea]"></a>CAN_ClearITPendingBit</STRONG> (Thumb, 162 bytes, Stack size 0 bytes, stm32f10x_can.o(.text), UNUSED)

<P><STRONG><a name="[50]"></a>SystemInit</STRONG> (Thumb, 68 bytes, Stack size 8 bytes, system_stm32f10x.o(.text))
<BR><BR>[Stack]<UL><LI>Max Depth = 28<LI>Call Chain = SystemInit &rArr; SetSysClock &rArr; SetSysClockTo72
</UL>
<BR>[Calls]<UL><LI><a href="#[c6]">&gt;&gt;</a>&nbsp;&nbsp;&nbsp;SetSysClock
</UL>
<BR>[Called By]<UL><LI><a href="#[73]">&gt;&gt;</a>&nbsp;&nbsp;&nbsp;RCC_Configuration
</UL>
<BR>[Address Reference Count : 1]<UL><LI> startup_stm32f10x_cl.o(.text)
</UL>
<P><STRONG><a name="[c8]"></a>Parameter_Translate</STRONG> (Thumb, 46 bytes, Stack size 32 bytes, msg.o(.text))
<BR><BR>[Stack]<UL><LI>Max Depth = 48<LI>Call Chain = Parameter_Translate &rArr; __aeabi_fmul
</UL>
<BR>[Calls]<UL><LI><a href="#[ca]">&gt;&gt;</a>&nbsp;&nbsp;&nbsp;__aeabi_fmul
<LI><a href="#[c9]">&gt;&gt;</a>&nbsp;&nbsp;&nbsp;__aeabi_ul2f
<LI><a href="#[cb]">&gt;&gt;</a>&nbsp;&nbsp;&nbsp;__aeabi_fadd
<LI><a href="#[cc]">&gt;&gt;</a>&nbsp;&nbsp;&nbsp;__aeabi_f2d
</UL>
<BR>[Called By]<UL><LI><a href="#[151]">&gt;&gt;</a>&nbsp;&nbsp;&nbsp;CheckA2GOC
<LI><a href="#[150]">&gt;&gt;</a>&nbsp;&nbsp;&nbsp;CheckA1DOC
<LI><a href="#[14f]">&gt;&gt;</a>&nbsp;&nbsp;&nbsp;CheckA2DOC
<LI><a href="#[14e]">&gt;&gt;</a>&nbsp;&nbsp;&nbsp;CheckATDT1
<LI><a href="#[14d]">&gt;&gt;</a>&nbsp;&nbsp;&nbsp;CheckATDT2
<LI><a href="#[14c]">&gt;&gt;</a>&nbsp;&nbsp;&nbsp;CheckDPF1S
<LI><a href="#[14b]">&gt;&gt;</a>&nbsp;&nbsp;&nbsp;CheckDPF2S
<LI><a href="#[14a]">&gt;&gt;</a>&nbsp;&nbsp;&nbsp;CheckAT1WUDOC
<LI><a href="#[149]">&gt;&gt;</a>&nbsp;&nbsp;&nbsp;CheckILI
<LI><a href="#[148]">&gt;&gt;</a>&nbsp;&nbsp;&nbsp;CheckBCH1
<LI><a href="#[147]">&gt;&gt;</a>&nbsp;&nbsp;&nbsp;CheckBCH2
<LI><a href="#[146]">&gt;&gt;</a>&nbsp;&nbsp;&nbsp;CheckMSCI
<LI><a href="#[145]">&gt;&gt;</a>&nbsp;&nbsp;&nbsp;CheckAT1IGC1
<LI><a href="#[144]">&gt;&gt;</a>&nbsp;&nbsp;&nbsp;CheckAT1IGC2
<LI><a href="#[143]">&gt;&gt;</a>&nbsp;&nbsp;&nbsp;CheckAT1OGC1
<LI><a href="#[142]">&gt;&gt;</a>&nbsp;&nbsp;&nbsp;CheckAT1OGC2
<LI><a href="#[141]">&gt;&gt;</a>&nbsp;&nbsp;&nbsp;CheckAT2IGC1
<LI><a href="#[140]">&gt;&gt;</a>&nbsp;&nbsp;&nbsp;CheckAT2IGC2
<LI><a href="#[13f]">&gt;&gt;</a>&nbsp;&nbsp;&nbsp;CheckAT2OGC1
<LI><a href="#[13e]">&gt;&gt;</a>&nbsp;&nbsp;&nbsp;CheckAT2OGC2
<LI><a href="#[13d]">&gt;&gt;</a>&nbsp;&nbsp;&nbsp;CheckEOM
<LI><a href="#[13c]">&gt;&gt;</a>&nbsp;&nbsp;&nbsp;CheckLVDS
<LI><a href="#[13b]">&gt;&gt;</a>&nbsp;&nbsp;&nbsp;CheckEFL_P10
<LI><a href="#[13a]">&gt;&gt;</a>&nbsp;&nbsp;&nbsp;CheckET5
<LI><a href="#[139]">&gt;&gt;</a>&nbsp;&nbsp;&nbsp;CheckEEC10
<LI><a href="#[138]">&gt;&gt;</a>&nbsp;&nbsp;&nbsp;CheckEEC9
<LI><a href="#[137]">&gt;&gt;</a>&nbsp;&nbsp;&nbsp;CheckEMAC
<LI><a href="#[136]">&gt;&gt;</a>&nbsp;&nbsp;&nbsp;CheckEMAP
<LI><a href="#[135]">&gt;&gt;</a>&nbsp;&nbsp;&nbsp;CheckEEC11
[...]
<BR><BR>[Stack]<UL><LI>Max Depth = 32<LI>Call Chain = __aeabi_d2f
</UL>
<BR>[Called By]<UL><LI><a href="#[14c]">&gt;&gt;</a>&nbsp;&nbsp;&nbsp;CheckDPF1S
<LI><a href="#[14b]">&gt;&gt;</a>&nbsp;&nbsp;&nbsp;CheckDPF2S
<LI><a href="#[146]">&gt;&gt;</a>&nbsp;&nbsp;&nbsp;CheckMSCI
<LI><a href="#[145]">&gt;&gt;</a>&nbsp;&nbsp;&nbsp;CheckAT1IGC1
<LI><a href="#[144]">&gt;&gt;</a>&nbsp;&nbsp;&nbsp;CheckAT1IGC2
<LI><a href="#[143]">&gt;&gt;</a>&nbsp;&nbsp;&nbsp;CheckAT1OGC1
<LI><a href="#[142]">&gt;&gt;</a>&nbsp;&nbsp;&nbsp;CheckAT1OGC2
<LI><a href="#[141]">&gt;&gt;</a>&nbsp;&nbsp;&nbsp;CheckAT2IGC1
<LI><a href="#[140]">&gt;&gt;</a>&nbsp;&nbsp;&nbsp;CheckAT2IGC2
<LI><a href="#[13f]">&gt;&gt;</a>&nbsp;&nbsp;&nbsp;CheckAT2OGC1
<LI><a href="#[13e]">&gt;&gt;</a>&nbsp;&nbsp;&nbsp;CheckAT2OGC2
<LI><a href="#[13c]">&gt;&gt;</a>&nbsp;&nbsp;&nbsp;CheckLVDS
<LI><a href="#[13b]">&gt;&gt;</a>&nbsp;&nbsp;&nbsp;CheckEFL_P10
<LI><a href="#[139]">&gt;&gt;</a>&nbsp;&nbsp;&nbsp;CheckEEC10
<LI><a href="#[132]">&gt;&gt;</a>&nbsp;&nbsp;&nbsp;CheckCAC1P
<LI><a href="#[131]">&gt;&gt;</a>&nbsp;&nbsp;&nbsp;CheckCAC1
<LI><a href="#[130]">&gt;&gt;</a>&nbsp;&nbsp;&nbsp;CheckCAC2P
<LI><a href="#[12f]">&gt;&gt;</a>&nbsp;&nbsp;&nbsp;CheckCAC2
<LI><a href="#[12e]">&gt;&gt;</a>&nbsp;&nbsp;&nbsp;CheckETCBI
<LI><a href="#[12d]">&gt;&gt;</a>&nbsp;&nbsp;&nbsp;CheckEFTVI1
<LI><a href="#[12c]">&gt;&gt;</a>&nbsp;&nbsp;&nbsp;CheckInformation
<LI><a href="#[12b]">&gt;&gt;</a>&nbsp;&nbsp;&nbsp;CheckEFS2
<LI><a href="#[126]">&gt;&gt;</a>&nbsp;&nbsp;&nbsp;CheckEC3
<LI><a href="#[123]">&gt;&gt;</a>&nbsp;&nbsp;&nbsp;CheckEBCC
<LI><a href="#[122]">&gt;&gt;</a>&nbsp;&nbsp;&nbsp;CheckSFS
<LI><a href="#[11f]">&gt;&gt;</a>&nbsp;&nbsp;&nbsp;CheckEFL_P12
<LI><a href="#[11c]">&gt;&gt;</a>&nbsp;&nbsp;&nbsp;CheckCCVS3
<LI><a href="#[115]">&gt;&gt;</a>&nbsp;&nbsp;&nbsp;CheckAT1P1I
<LI><a href="#[113]">&gt;&gt;</a>&nbsp;&nbsp;&nbsp;CheckEEGR1B
<LI><a href="#[112]">&gt;&gt;</a>&nbsp;&nbsp;&nbsp;CheckEEGR1A
<LI><a href="#[111]">&gt;&gt;</a>&nbsp;&nbsp;&nbsp;CheckEF_TVI2
<LI><a href="#[109]">&gt;&gt;</a>&nbsp;&nbsp;&nbsp;CheckWS
<LI><a href="#[108]">&gt;&gt;</a>&nbsp;&nbsp;&nbsp;CheckAEBS1
<LI><a href="#[105]">&gt;&gt;</a>&nbsp;&nbsp;&nbsp;CheckMSI2
<LI><a href="#[104]">&gt;&gt;</a>&nbsp;&nbsp;&nbsp;CheckARI
<LI><a href="#[103]">&gt;&gt;</a>&nbsp;&nbsp;&nbsp;CheckSSI2
<LI><a href="#[100]">&gt;&gt;</a>&nbsp;&nbsp;&nbsp;CheckA2SCRDSI1
<LI><a href="#[fd]">&gt;&gt;</a>&nbsp;&nbsp;&nbsp;CheckA1SCRDSI1
<LI><a href="#[f9]">&gt;&gt;</a>&nbsp;&nbsp;&nbsp;CheckKL3
<LI><a href="#[f8]">&gt;&gt;</a>&nbsp;&nbsp;&nbsp;CheckKL2
<LI><a href="#[f7]">&gt;&gt;</a>&nbsp;&nbsp;&nbsp;CheckKL1
<LI><a href="#[f6]">&gt;&gt;</a>&nbsp;&nbsp;&nbsp;CheckBI
<LI><a href="#[f5]">&gt;&gt;</a>&nbsp;&nbsp;&nbsp;CheckSSI
<LI><a href="#[ec]">&gt;&gt;</a>&nbsp;&nbsp;&nbsp;CheckVDC2
<LI><a href="#[ea]">&gt;&gt;</a>&nbsp;&nbsp;&nbsp;CheckETC2
<LI><a href="#[e9]">&gt;&gt;</a>&nbsp;&nbsp;&nbsp;CheckEEC1
<LI><a href="#[e8]">&gt;&gt;</a>&nbsp;&nbsp;&nbsp;CheckEEC2
<LI><a href="#[e7]">&gt;&gt;</a>&nbsp;&nbsp;&nbsp;CheckETC1
<LI><a href="#[e6]">&gt;&gt;</a>&nbsp;&nbsp;&nbsp;CheckEBC1
<LI><a href="#[e5]">&gt;&gt;</a>&nbsp;&nbsp;&nbsp;CheckERC1
<LI><a href="#[e4]">&gt;&gt;</a>&nbsp;&nbsp;&nbsp;CheckCM1
<LI><a href="#[e1]">&gt;&gt;</a>&nbsp;&nbsp;&nbsp;CheckTDA
<LI><a href="#[e0]">&gt;&gt;</a>&nbsp;&nbsp;&nbsp;CheckASC2
<LI><a href="#[de]">&gt;&gt;</a>&nbsp;&nbsp;&nbsp;CheckCL
<LI><a href="#[dd]">&gt;&gt;</a>&nbsp;&nbsp;&nbsp;CheckCTL
<LI><a href="#[dc]">&gt;&gt;</a>&nbsp;&nbsp;&nbsp;CheckTPRS
<LI><a href="#[db]">&gt;&gt;</a>&nbsp;&nbsp;&nbsp;CheckDISP1
<LI><a href="#[da]">&gt;&gt;</a>&nbsp;&nbsp;&nbsp;CheckAUXIO6
<LI><a href="#[d9]">&gt;&gt;</a>&nbsp;&nbsp;&nbsp;CheckAUXIO7
<LI><a href="#[d4]">&gt;&gt;</a>&nbsp;&nbsp;&nbsp;CheckRBR
<LI><a href="#[d3]">&gt;&gt;</a>&nbsp;&nbsp;&nbsp;CheckSRASI
<LI><a href="#[d1]">&gt;&gt;</a>&nbsp;&nbsp;&nbsp;CheckGPV4
<LI><a href="#[d0]">&gt;&gt;</a>&nbsp;&nbsp;&nbsp;CheckXBR
<LI><a href="#[cf]">&gt;&gt;</a>&nbsp;&nbsp;&nbsp;CheckTC1
<LI><a href="#[cd]">&gt;&gt;</a>&nbsp;&nbsp;&nbsp;CheckTSC1
<LI><a href="#[241]">&gt;&gt;</a>&nbsp;&nbsp;&nbsp;CheckAWPP
<LI><a href="#[240]">&gt;&gt;</a>&nbsp;&nbsp;&nbsp;CheckA1
<LI><a href="#[23f]">&gt;&gt;</a>&nbsp;&nbsp;&nbsp;CheckDD
<LI><a href="#[23e]">&gt;&gt;</a>&nbsp;&nbsp;&nbsp;CheckRF
<LI><a href="#[23d]">&gt;&gt;</a>&nbsp;&nbsp;&nbsp;CheckB
<LI><a href="#[23c]">&gt;&gt;</a>&nbsp;&nbsp;&nbsp;CheckAI
<LI><a href="#[23b]">&gt;&gt;</a>&nbsp;&nbsp;&nbsp;CheckTRF1
<LI><a href="#[23a]">&gt;&gt;</a>&nbsp;&nbsp;&nbsp;CheckVEP1
<LI><a href="#[239]">&gt;&gt;</a>&nbsp;&nbsp;&nbsp;CheckIC1
<LI><a href="#[238]">&gt;&gt;</a>&nbsp;&nbsp;&nbsp;CheckAMB
<LI><a href="#[237]">&gt;&gt;</a>&nbsp;&nbsp;&nbsp;CheckTIRE
<LI><a href="#[235]">&gt;&gt;</a>&nbsp;&nbsp;&nbsp;CheckLFE1
<LI><a href="#[234]">&gt;&gt;</a>&nbsp;&nbsp;&nbsp;CheckCCVS1
<LI><a href="#[233]">&gt;&gt;</a>&nbsp;&nbsp;&nbsp;CheckPTO
<LI><a href="#[232]">&gt;&gt;</a>&nbsp;&nbsp;&nbsp;CheckEFL_P1
<LI><a href="#[231]">&gt;&gt;</a>&nbsp;&nbsp;&nbsp;CheckET1
<LI><a href="#[230]">&gt;&gt;</a>&nbsp;&nbsp;&nbsp;CheckCCSS
<LI><a href="#[22b]">&gt;&gt;</a>&nbsp;&nbsp;&nbsp;CheckTD
<LI><a href="#[229]">&gt;&gt;</a>&nbsp;&nbsp;&nbsp;CheckTCFG
<LI><a href="#[227]">&gt;&gt;</a>&nbsp;&nbsp;&nbsp;CheckEEC3
<LI><a href="#[226]">&gt;&gt;</a>&nbsp;&nbsp;&nbsp;CheckAIR2
<LI><a href="#[225]">&gt;&gt;</a>&nbsp;&nbsp;&nbsp;CheckTC
<LI><a href="#[222]">&gt;&gt;</a>&nbsp;&nbsp;&nbsp;CheckSOFT
<LI><a href="#[21f]">&gt;&gt;</a>&nbsp;&nbsp;&nbsp;CheckETC3
<LI><a href="#[21e]">&gt;&gt;</a>&nbsp;&nbsp;&nbsp;CheckETC4
<LI><a href="#[21c]">&gt;&gt;</a>&nbsp;&nbsp;&nbsp;CheckEBC2
<LI><a href="#[21b]">&gt;&gt;</a>&nbsp;&nbsp;&nbsp;CheckEEC4
<LI><a href="#[21a]">&gt;&gt;</a>&nbsp;&nbsp;&nbsp;CheckFD1
<LI><a href="#[214]">&gt;&gt;</a>&nbsp;&nbsp;&nbsp;CheckLF
<LI><a href="#[20b]">&gt;&gt;</a>&nbsp;&nbsp;&nbsp;CheckAIR1
<LI><a href="#[20a]">&gt;&gt;</a>&nbsp;&nbsp;&nbsp;CheckEBC3
<LI><a href="#[209]">&gt;&gt;</a>&nbsp;&nbsp;&nbsp;CheckEBC4
<LI><a href="#[208]">&gt;&gt;</a>&nbsp;&nbsp;&nbsp;CheckETC6
<LI><a href="#[207]">&gt;&gt;</a>&nbsp;&nbsp;&nbsp;CheckAF2
<LI><a href="#[206]">&gt;&gt;</a>&nbsp;&nbsp;&nbsp;CheckEO1
<LI><a href="#[205]">&gt;&gt;</a>&nbsp;&nbsp;&nbsp;CheckACTL
<LI><a href="#[204]">&gt;&gt;</a>&nbsp;&nbsp;&nbsp;CheckAT
<LI><a href="#[202]">&gt;&gt;</a>&nbsp;&nbsp;&nbsp;CheckIMT2
<LI><a href="#[1f8]">&gt;&gt;</a>&nbsp;&nbsp;&nbsp;CheckTCI1
<LI><a href="#[1f3]">&gt;&gt;</a>&nbsp;&nbsp;&nbsp;CheckTCW
<LI><a href="#[1f1]">&gt;&gt;</a>&nbsp;&nbsp;&nbsp;CheckEAC
<LI><a href="#[1ef]">&gt;&gt;</a>&nbsp;&nbsp;&nbsp;CheckEI
<LI><a href="#[1ec]">&gt;&gt;</a>&nbsp;&nbsp;&nbsp;CheckAAI
<LI><a href="#[1ea]">&gt;&gt;</a>&nbsp;&nbsp;&nbsp;CheckISO3
<LI><a href="#[1e9]">&gt;&gt;</a>&nbsp;&nbsp;&nbsp;CheckISO2
<LI><a href="#[1e8]">&gt;&gt;</a>&nbsp;&nbsp;&nbsp;CheckISO1
<LI><a href="#[1e1]">&gt;&gt;</a>&nbsp;&nbsp;&nbsp;CheckGFI2
<LI><a href="#[1d8]">&gt;&gt;</a>&nbsp;&nbsp;&nbsp;CheckTP1
<LI><a href="#[1d6]">&gt;&gt;</a>&nbsp;&nbsp;&nbsp;CheckLVD
<LI><a href="#[1d2]">&gt;&gt;</a>&nbsp;&nbsp;&nbsp;CheckLTP
<LI><a href="#[1d0]">&gt;&gt;</a>&nbsp;&nbsp;&nbsp;CheckACC1
<LI><a href="#[1ce]">&gt;&gt;</a>&nbsp;&nbsp;&nbsp;CheckHTR
<LI><a href="#[1cc]">&gt;&gt;</a>&nbsp;&nbsp;&nbsp;CheckEFS
<LI><a href="#[1ca]">&gt;&gt;</a>&nbsp;&nbsp;&nbsp;CheckVF
<LI><a href="#[1c7]">&gt;&gt;</a>&nbsp;&nbsp;&nbsp;CheckASC5
<LI><a href="#[1c6]">&gt;&gt;</a>&nbsp;&nbsp;&nbsp;CheckAT1T1I
<LI><a href="#[1c4]">&gt;&gt;</a>&nbsp;&nbsp;&nbsp;CheckECT1
<LI><a href="#[1c3]">&gt;&gt;</a>&nbsp;&nbsp;&nbsp;CheckRTC1
<LI><a href="#[1c1]">&gt;&gt;</a>&nbsp;&nbsp;&nbsp;CheckBT1
<LI><a href="#[1bf]">&gt;&gt;</a>&nbsp;&nbsp;&nbsp;CheckML
<LI><a href="#[1bd]">&gt;&gt;</a>&nbsp;&nbsp;&nbsp;CheckETC7
<LI><a href="#[1bb]">&gt;&gt;</a>&nbsp;&nbsp;&nbsp;CheckHBS
<LI><a href="#[1ba]">&gt;&gt;</a>&nbsp;&nbsp;&nbsp;CheckMVS
<LI><a href="#[1b9]">&gt;&gt;</a>&nbsp;&nbsp;&nbsp;CheckEPD
<LI><a href="#[1b8]">&gt;&gt;</a>&nbsp;&nbsp;&nbsp;CheckEOAC
<LI><a href="#[1b7]">&gt;&gt;</a>&nbsp;&nbsp;&nbsp;CheckSPR
<LI><a href="#[1b6]">&gt;&gt;</a>&nbsp;&nbsp;&nbsp;CheckCACI
<LI><a href="#[1b5]">&gt;&gt;</a>&nbsp;&nbsp;&nbsp;CheckAMB2
<LI><a href="#[1b4]">&gt;&gt;</a>&nbsp;&nbsp;&nbsp;CheckEEC5
<LI><a href="#[1b2]">&gt;&gt;</a>&nbsp;&nbsp;&nbsp;CheckEP
<LI><a href="#[1b0]">&gt;&gt;</a>&nbsp;&nbsp;&nbsp;CheckIC2
<LI><a href="#[1af]">&gt;&gt;</a>&nbsp;&nbsp;&nbsp;CheckOWW
<LI><a href="#[1ae]">&gt;&gt;</a>&nbsp;&nbsp;&nbsp;CheckOEL
<LI><a href="#[1ad]">&gt;&gt;</a>&nbsp;&nbsp;&nbsp;CheckOHECS
<LI><a href="#[1ab]">&gt;&gt;</a>&nbsp;&nbsp;&nbsp;CheckCSA
<LI><a href="#[1aa]">&gt;&gt;</a>&nbsp;&nbsp;&nbsp;CheckEBC5
<LI><a href="#[1a9]">&gt;&gt;</a>&nbsp;&nbsp;&nbsp;CheckEEC15
<LI><a href="#[1a7]">&gt;&gt;</a>&nbsp;&nbsp;&nbsp;CheckEFL_P3
<LI><a href="#[1a6]">&gt;&gt;</a>&nbsp;&nbsp;&nbsp;CheckTR7
<LI><a href="#[1a5]">&gt;&gt;</a>&nbsp;&nbsp;&nbsp;CheckTR2
<LI><a href="#[1a4]">&gt;&gt;</a>&nbsp;&nbsp;&nbsp;CheckTR1
<LI><a href="#[1a2]">&gt;&gt;</a>&nbsp;&nbsp;&nbsp;CheckTR5
<LI><a href="#[1a1]">&gt;&gt;</a>&nbsp;&nbsp;&nbsp;CheckTPRI
<LI><a href="#[19a]">&gt;&gt;</a>&nbsp;&nbsp;&nbsp;CheckFWSS2
<LI><a href="#[199]">&gt;&gt;</a>&nbsp;&nbsp;&nbsp;CheckEFL_P4
<LI><a href="#[198]">&gt;&gt;</a>&nbsp;&nbsp;&nbsp;CheckWCM1
<LI><a href="#[197]">&gt;&gt;</a>&nbsp;&nbsp;&nbsp;CheckWCM2
<LI><a href="#[196]">&gt;&gt;</a>&nbsp;&nbsp;&nbsp;CheckEEC6
<LI><a href="#[195]">&gt;&gt;</a>&nbsp;&nbsp;&nbsp;CheckGFI
<LI><a href="#[194]">&gt;&gt;</a>&nbsp;&nbsp;&nbsp;CheckAT1FC1
<LI><a href="#[193]">&gt;&gt;</a>&nbsp;&nbsp;&nbsp;CheckAT2FC1
<LI><a href="#[192]">&gt;&gt;</a>&nbsp;&nbsp;&nbsp;CheckAT1AC1
<LI><a href="#[191]">&gt;&gt;</a>&nbsp;&nbsp;&nbsp;CheckAT2AC1
<LI><a href="#[18e]">&gt;&gt;</a>&nbsp;&nbsp;&nbsp;CheckA1DEFI
<LI><a href="#[18b]">&gt;&gt;</a>&nbsp;&nbsp;&nbsp;CheckTRF2
<LI><a href="#[189]">&gt;&gt;</a>&nbsp;&nbsp;&nbsp;CheckEOI
<LI><a href="#[186]">&gt;&gt;</a>&nbsp;&nbsp;&nbsp;CheckJ2012
<LI><a href="#[17f]">&gt;&gt;</a>&nbsp;&nbsp;&nbsp;CheckEGRBV
<LI><a href="#[17e]">&gt;&gt;</a>&nbsp;&nbsp;&nbsp;CheckEC2
<LI><a href="#[17d]">&gt;&gt;</a>&nbsp;&nbsp;&nbsp;CheckAT1S
<LI><a href="#[17c]">&gt;&gt;</a>&nbsp;&nbsp;&nbsp;CheckAT2S
<LI><a href="#[173]">&gt;&gt;</a>&nbsp;&nbsp;&nbsp;CheckEEC8
<LI><a href="#[172]">&gt;&gt;</a>&nbsp;&nbsp;&nbsp;CheckSCR1
<LI><a href="#[16c]">&gt;&gt;</a>&nbsp;&nbsp;&nbsp;CheckET4
<LI><a href="#[16b]">&gt;&gt;</a>&nbsp;&nbsp;&nbsp;CheckAT1FC2
<LI><a href="#[169]">&gt;&gt;</a>&nbsp;&nbsp;&nbsp;CheckECCVC
<LI><a href="#[168]">&gt;&gt;</a>&nbsp;&nbsp;&nbsp;CheckACCVC
<LI><a href="#[162]">&gt;&gt;</a>&nbsp;&nbsp;&nbsp;CheckA1SCRDSI2
<LI><a href="#[161]">&gt;&gt;</a>&nbsp;&nbsp;&nbsp;CheckA1SCRDSR2
<LI><a href="#[15e]">&gt;&gt;</a>&nbsp;&nbsp;&nbsp;CheckA1SCRRT2I
<LI><a href="#[15d]">&gt;&gt;</a>&nbsp;&nbsp;&nbsp;CheckA1DEFSI
<LI><a href="#[15c]">&gt;&gt;</a>&nbsp;&nbsp;&nbsp;CheckA2SCRDSI2
<LI><a href="#[15b]">&gt;&gt;</a>&nbsp;&nbsp;&nbsp;CheckA2SCRDSR2
<LI><a href="#[158]">&gt;&gt;</a>&nbsp;&nbsp;&nbsp;CheckA2SCRSI
<LI><a href="#[157]">&gt;&gt;</a>&nbsp;&nbsp;&nbsp;CheckA2DEFI
<LI><a href="#[156]">&gt;&gt;</a>&nbsp;&nbsp;&nbsp;CheckA2SCRRT1I
<LI><a href="#[155]">&gt;&gt;</a>&nbsp;&nbsp;&nbsp;CheckA2SCRRT2I
<LI><a href="#[154]">&gt;&gt;</a>&nbsp;&nbsp;&nbsp;CheckA2DEFSI
<LI><a href="#[153]">&gt;&gt;</a>&nbsp;&nbsp;&nbsp;CheckFD2
</UL>

<P><STRONG><a name="[269]"></a>_d2f</STRONG> (Thumb, 98 bytes, Stack size 32 bytes, d2f.o(x$fpl$d2f), UNUSED)
<BR><BR>[Calls]<UL><LI><a href="#[26a]">&gt;&gt;</a>&nbsp;&nbsp;&nbsp;__fpl_fretinf
<LI><a href="#[26b]">&gt;&gt;</a>&nbsp;&nbsp;&nbsp;__fpl_dnaninf
</UL>

<P><STRONG><a name="[26b]"></a>__fpl_dnaninf</STRONG> (Thumb, 156 bytes, Stack size 16 bytes, dnaninf.o(x$fpl$dnaninf), UNUSED)
<BR><BR>[Called By]<UL><LI><a href="#[269]">&gt;&gt;</a>&nbsp;&nbsp;&nbsp;_d2f
</UL>

<P><STRONG><a name="[26e]"></a>__fpl_dretinf</STRONG> (Thumb, 12 bytes, Stack size 0 bytes, dretinf.o(x$fpl$dretinf), UNUSED)
<BR><BR>[Called By]<UL><LI><a href="#[26c]">&gt;&gt;</a>&nbsp;&nbsp;&nbsp;_f2d
</UL>

<P><STRONG><a name="[cc]"></a>__aeabi_f2d</STRONG> (Thumb, 0 bytes, Stack size 16 bytes, f2d.o(x$fpl$f2d))
<BR><BR>[Stack]<UL><LI>Max Depth = 16<LI>Call Chain = __aeabi_f2d
</UL>
<BR>[Called By]<UL><LI><a href="#[c8]">&gt;&gt;</a>&nbsp;&nbsp;&nbsp;Parameter_Translate
<LI><a href="#[a8]">&gt;&gt;</a>&nbsp;&nbsp;&nbsp;transmit_USART_STR
</UL>

<P><STRONG><a name="[26c]"></a>_f2d</STRONG> (Thumb, 86 bytes, Stack size 16 bytes, f2d.o(x$fpl$f2d), UNUSED)
<BR><BR>[Calls]<UL><LI><a href="#[26d]">&gt;&gt;</a>&nbsp;&nbsp;&nbsp;__fpl_fnaninf
<LI><a href="#[26e]">&gt;&gt;</a>&nbsp;&nbsp;&nbsp;__fpl_dretinf
</UL>

<P><STRONG><a name="[cb]"></a>__aeabi_fadd</STRONG> (Thumb, 0 bytes, Stack size 16 bytes, faddsub_clz.o(x$fpl$fadd))
<BR><BR>[Stack]<UL><LI>Max Depth = 16<LI>Call Chain = __aeabi_fadd
</UL>
<BR>[Called By]<UL><LI><a href="#[c8]">&gt;&gt;</a>&nbsp;&nbsp;&nbsp;Parameter_Translate
</UL>

<P><STRONG><a name="[26f]"></a>_fadd</STRONG> (Thumb, 196 bytes, Stack size 16 bytes, faddsub_clz.o(x$fpl$fadd), UNUSED)
<BR><BR>[Calls]<UL><LI><a href="#[26a]">&gt;&gt;</a>&nbsp;&nbsp;&nbsp;__fpl_fretinf
<LI><a href="#[26d]">&gt;&gt;</a>&nbsp;&nbsp;&nbsp;__fpl_fnaninf
<LI><a href="#[270]">&gt;&gt;</a>&nbsp;&nbsp;&nbsp;_fsub1
</UL>

<P><STRONG><a name="[c9]"></a>__aeabi_ul2f</STRONG> (Thumb, 0 bytes, Stack size 0 bytes, ffltll_clz.o(x$fpl$ffltll))
<BR><BR>[Called By]<UL><LI><a href="#[c8]">&gt;&gt;</a>&nbsp;&nbsp;&nbsp;Parameter_Translate
</UL>

<P><STRONG><a name="[350]"></a>_ll_uto_f</STRONG> (Thumb, 6 bytes, Stack size 0 bytes, ffltll_clz.o(x$fpl$ffltll), UNUSED)

<P><STRONG><a name="[351]"></a>__aeabi_l2f</STRONG> (Thumb, 0 bytes, Stack size 0 bytes, ffltll_clz.o(x$fpl$ffltll), UNUSED)

<P><STRONG><a name="[352]"></a>_ll_sto_f</STRONG> (Thumb, 90 bytes, Stack size 0 bytes, ffltll_clz.o(x$fpl$ffltll), UNUSED)

<P><STRONG><a name="[ca]"></a>__aeabi_fmul</STRONG> (Thumb, 0 bytes, Stack size 16 bytes, fmul.o(x$fpl$fmul))
<BR><BR>[Stack]<UL><LI>Max Depth = 16<LI>Call Chain = __aeabi_fmul
</UL>
<BR>[Called By]<UL><LI><a href="#[c8]">&gt;&gt;</a>&nbsp;&nbsp;&nbsp;Parameter_Translate
</UL>

<P><STRONG><a name="[271]"></a>_fmul</STRONG> (Thumb, 258 bytes, Stack size 16 bytes, fmul.o(x$fpl$fmul), UNUSED)
<BR><BR>[Calls]<UL><LI><a href="#[26a]">&gt;&gt;</a>&nbsp;&nbsp;&nbsp;__fpl_fretinf
<LI><a href="#[26d]">&gt;&gt;</a>&nbsp;&nbsp;&nbsp;__fpl_fnaninf
</UL>

<P><STRONG><a name="[26d]"></a>__fpl_fnaninf</STRONG> (Thumb, 140 bytes, Stack size 8 bytes, fnaninf.o(x$fpl$fnaninf), UNUSED)
<BR><BR>[Called By]<UL><LI><a href="#[271]">&gt;&gt;</a>&nbsp;&nbsp;&nbsp;_fmul
<LI><a href="#[272]">&gt;&gt;</a>&nbsp;&nbsp;&nbsp;_fsub
<LI><a href="#[26f]">&gt;&gt;</a>&nbsp;&nbsp;&nbsp;_fadd
<LI><a href="#[26c]">&gt;&gt;</a>&nbsp;&nbsp;&nbsp;_f2d
</UL>

<P><STRONG><a name="[26a]"></a>__fpl_fretinf</STRONG> (Thumb, 10 bytes, Stack size 0 bytes, fretinf.o(x$fpl$fretinf), UNUSED)
<BR><BR>[Called By]<UL><LI><a href="#[271]">&gt;&gt;</a>&nbsp;&nbsp;&nbsp;_fmul
<LI><a href="#[26f]">&gt;&gt;</a>&nbsp;&nbsp;&nbsp;_fadd
<LI><a href="#[269]">&gt;&gt;</a>&nbsp;&nbsp;&nbsp;_d2f
</UL>

<P><STRONG><a name="[353]"></a>__aeabi_fsub</STRONG> (Thumb, 0 bytes, Stack size 16 bytes, faddsub_clz.o(x$fpl$fsub), UNUSED)

<P><STRONG><a name="[272]"></a>_fsub</STRONG> (Thumb, 234 bytes, Stack size 16 bytes, faddsub_clz.o(x$fpl$fsub), UNUSED)
<BR><BR>[Calls]<UL><LI><a href="#[26d]">&gt;&gt;</a>&nbsp;&nbsp;&nbsp;__fpl_fnaninf
<LI><a href="#[273]">&gt;&gt;</a>&nbsp;&nbsp;&nbsp;_fadd1
</UL>

<P><STRONG><a name="[5a]"></a>_printf_fp_dec</STRONG> (Thumb, 4 bytes, Stack size 0 bytes, printf1.o(x$fpl$printf1))
<BR><BR>[Stack]<UL><LI>Max Depth = 320<LI>Call Chain = _printf_fp_dec &rArr; _printf_fp_dec_real &rArr; _fp_digits &rArr; _btod_etento &rArr; _btod_emul &rArr; _e2e
</UL>
<BR>[Calls]<UL><LI><a href="#[259]">&gt;&gt;</a>&nbsp;&nbsp;&nbsp;_printf_fp_dec_real
</UL>
<BR>[Called By]<UL><LI><a href="#[59]">&gt;&gt;</a>&nbsp;&nbsp;&nbsp;_printf_f
</UL>
<P>
<H3>
Local Symbols
</H3>
<P><STRONG><a name="[99]"></a>Char2Str</STRONG> (Thumb, 38 bytes, Stack size 24 bytes, can.o(.text))
<BR><BR>[Stack]<UL><LI>Max Depth = 160 + Unknown Stack Size
<LI>Call Chain = Char2Str &rArr; __2sprintf &rArr; _printf_char_common &rArr; __printf
</UL>
<BR>[Calls]<UL><LI><a href="#[9a]">&gt;&gt;</a>&nbsp;&nbsp;&nbsp;__2sprintf
</UL>
<BR>[Called By]<UL><LI><a href="#[84]">&gt;&gt;</a>&nbsp;&nbsp;&nbsp;Comm_Send_CANmsg_str
</UL>

<P><STRONG><a name="[a1]"></a>J1939_TransmitMessages</STRONG> (Thumb, 414 bytes, Stack size 8 bytes, j1939.o(.text))
<BR><BR>[Stack]<UL><LI>Max Depth = 64<LI>Call Chain = J1939_TransmitMessages &rArr; SendOneMessage &rArr; J1939_CAN_Transmit &rArr; CAN_TransmitStatus
</UL>
<BR>[Calls]<UL><LI><a href="#[a0]">&gt;&gt;</a>&nbsp;&nbsp;&nbsp;SendOneMessage
<LI><a href="#[a2]">&gt;&gt;</a>&nbsp;&nbsp;&nbsp;J1939_TXinterruptEnable
</UL>
<BR>[Called By]<UL><LI><a href="#[82]">&gt;&gt;</a>&nbsp;&nbsp;&nbsp;J1939_ISR
</UL>

<P><STRONG><a name="[a5]"></a>J1939_ReceiveMessages</STRONG> (Thumb, 1450 bytes, Stack size 8 bytes, j1939.o(.text))
<BR><BR>[Stack]<UL><LI>Max Depth = 432 + Unknown Stack Size
<LI>Call Chain = J1939_ReceiveMessages &rArr; transmit_USART_STR &rArr; __2sprintf &rArr; _printf_char_common &rArr; __printf
</UL>
<BR>[Calls]<UL><LI><a href="#[a8]">&gt;&gt;</a>&nbsp;&nbsp;&nbsp;transmit_USART_STR
<LI><a href="#[a6]">&gt;&gt;</a>&nbsp;&nbsp;&nbsp;J1939_Messages_Filter
<LI><a href="#[a3]">&gt;&gt;</a>&nbsp;&nbsp;&nbsp;J1939_Response
<LI><a href="#[9e]">&gt;&gt;</a>&nbsp;&nbsp;&nbsp;J1939_CAN_Receive
<LI><a href="#[a7]">&gt;&gt;</a>&nbsp;&nbsp;&nbsp;__aeabi_memcpy
</UL>
<BR>[Called By]<UL><LI><a href="#[82]">&gt;&gt;</a>&nbsp;&nbsp;&nbsp;J1939_ISR
</UL>

<P><STRONG><a name="[c5]"></a>CheckITStatus</STRONG> (Thumb, 18 bytes, Stack size 0 bytes, stm32f10x_can.o(.text), UNUSED)
<BR><BR>[Called By]<UL><LI><a href="#[c4]">&gt;&gt;</a>&nbsp;&nbsp;&nbsp;CAN_GetITStatus
</UL>

<P><STRONG><a name="[c7]"></a>SetSysClockTo72</STRONG> (Thumb, 220 bytes, Stack size 12 bytes, system_stm32f10x.o(.text))
<BR><BR>[Stack]<UL><LI>Max Depth = 12<LI>Call Chain = SetSysClockTo72
</UL>
<BR>[Called By]<UL><LI><a href="#[c6]">&gt;&gt;</a>&nbsp;&nbsp;&nbsp;SetSysClock
</UL>

<P><STRONG><a name="[c6]"></a>SetSysClock</STRONG> (Thumb, 8 bytes, Stack size 8 bytes, system_stm32f10x.o(.text))
<BR><BR>[Stack]<UL><LI>Max Depth = 20<LI>Call Chain = SetSysClock &rArr; SetSysClockTo72
</UL>
<BR>[Calls]<UL><LI><a href="#[c7]">&gt;&gt;</a>&nbsp;&nbsp;&nbsp;SetSysClockTo72
</UL>
<BR>[Called By]<UL><LI><a href="#[50]">&gt;&gt;</a>&nbsp;&nbsp;&nbsp;SystemInit
</UL>

<P><STRONG><a name="[273]"></a>_fadd1</STRONG> (Thumb, 0 bytes, Stack size unknown bytes, faddsub_clz.o(x$fpl$fadd), UNUSED)
<BR><BR>[Called By]<UL><LI><a href="#[272]">&gt;&gt;</a>&nbsp;&nbsp;&nbsp;_fsub
</UL>

<P><STRONG><a name="[270]"></a>_fsub1</STRONG> (Thumb, 0 bytes, Stack size unknown bytes, faddsub_clz.o(x$fpl$fsub), UNUSED)
<BR><BR>[Called By]<UL><LI><a href="#[26f]">&gt;&gt;</a>&nbsp;&nbsp;&nbsp;_fadd
</UL>

<P><STRONG><a name="[253]"></a>_fp_digits</STRONG> (Thumb, 428 bytes, Stack size 96 bytes, _printf_fp_dec.o(.text))
<BR><BR>[Stack]<UL><LI>Max Depth = 216<LI>Call Chain = _fp_digits &rArr; _btod_etento &rArr; _btod_emul &rArr; _e2e
</UL>
<BR>[Calls]<UL><LI><a href="#[257]">&gt;&gt;</a>&nbsp;&nbsp;&nbsp;_btod_emul
<LI><a href="#[256]">&gt;&gt;</a>&nbsp;&nbsp;&nbsp;_btod_ediv
<LI><a href="#[255]">&gt;&gt;</a>&nbsp;&nbsp;&nbsp;_btod_d2e
<LI><a href="#[254]">&gt;&gt;</a>&nbsp;&nbsp;&nbsp;_btod_etento
<LI><a href="#[258]">&gt;&gt;</a>&nbsp;&nbsp;&nbsp;_ll_udiv10
</UL>
<BR>[Called By]<UL><LI><a href="#[259]">&gt;&gt;</a>&nbsp;&nbsp;&nbsp;_printf_fp_dec_real
</UL>

<P><STRONG><a name="[53]"></a>_printf_input_char</STRONG> (Thumb, 10 bytes, Stack size 0 bytes, _printf_char_common.o(.text))
<BR>[Address Reference Count : 1]<UL><LI> _printf_char_common.o(.text)
</UL><P>
<H3>
Undefined Global Symbols
</H3><HR></body></html>
