<html>
<body>
<pre>
<h1>礦ision Build Log</h1>
<h2>Project:</h2>
C:\Users\杨勇\Desktop\毕业设计\git工程\j1939-\驾驶室显示器\STM32.uvproj
Project File Date:  03/29/2023

<h2>Output:</h2>
Rebuild target 'STM32_USART1'
assembling startup_stm32f10x_cl.s...
compiling main.c...
.\j1939\j1939.h(303): warning:  #40-D: expected an identifier
        };
user\main.c(160): warning:  #223-D: function "J1939_EnqueueMessage" declared implicitly
          while (J1939_EnqueueMessage(&Msg,Select_CAN_NODE_1) != RC_SUCCESS){ 
user\main.c: 2 warnings, 0 errors
compiling stm32f10x_it.c...
user\stm32f10x_it.c(67): warning:  #550-D: variable "rece" was set but never used
        u8 rece;
user\stm32f10x_it.c(94): warning:  #223-D: function "J1939_ISR" declared implicitly
        J1939_ISR( );
user\stm32f10x_it.c(131): warning:  #223-D: function "Comm_Send_CANmsg_str" declared implicitly
        Comm_Send_CANmsg_str(2,&RxMessage);
user\stm32f10x_it.c: 3 warnings, 0 errors
compiling usart.c...
compiling CAN.c...
compiling J1939.c...
j1939\J1939.H(303): warning:  #40-D: expected an identifier
        };
j1939\J1939_config.H(263): warning:  #111-D: statement is unreachable
              break;
j1939\J1939_config.H(272): warning:  #111-D: statement is unreachable
              return 0;
j1939\J1939_config.H(273): warning:  #111-D: statement is unreachable
              break;
j1939\J1939_config.H(283): warning:  #111-D: statement is unreachable
              return 0;
j1939\J1939_config.H(284): warning:  #111-D: statement is unreachable
              break;
j1939\J1939_config.H(294): warning:  #111-D: statement is unreachable
              return 0;
j1939\J1939_config.H(295): warning:  #111-D: statement is unreachable
              break;
j1939\J1939_config.H(300): warning:  #111-D: statement is unreachable
              break;
.\msg\msg.h(6280): warning:  #1-D: last line of file ends without a newline
  #endif
j1939\J1939.c(527): warning:  #223-D: function "J1939_TP_Poll" declared implicitly
      J1939_TP_Poll();
j1939\J1939.c(548): warning:  #159-D: declaration is incompatible with previous "J1939_TP_Poll" (declared at line 527)
  void J1939_TP_Poll(void);
j1939\J1939.c(707): warning:  #111-D: statement is unreachable
                      break;
j1939\J1939.c(762): warning:  #111-D: statement is unreachable
              break;
j1939\J1939.c(942): warning:  #9-D: nested comment is not allowed
                                /*
j1939\J1939.c(1115): warning:  #111-D: statement is unreachable
          break;
j1939\J1939.c(1673): warning:  #223-D: function "malloc" declared implicitly
      _requestList->next = (struct Request_List *)malloc(sizeof(struct Request_List));
j1939\J1939.c: 17 warnings, 0 errors
compiling misc.c...
compiling stm32f10x_rcc.c...
compiling stm32f10x_gpio.c...
compiling stm32f10x_usart.c...
compiling stm32f10x_can.c...
compiling stm32f10x_tim.c...
compiling stm32f10x_flash.c...
compiling core_cm3.c...
compiling system_stm32f10x.c...
compiling msg.c...
.\j1939\J1939.H(303): warning:  #40-D: expected an identifier
        };
msg\msg.h(6280): warning:  #1-D: last line of file ends without a newline
  #endif
msg\msg.c(25): warning:  #177-D: variable "buff" was declared but never referenced
         uint64_t buff;
msg\msg.c(95): warning:  #177-D: variable "buff" was declared but never referenced
         uint64_t buff;
msg\msg.c(101): warning:  #177-D: variable "buff" was declared but never referenced
         uint64_t buff;
msg\msg.c(108): warning:  #177-D: variable "buff" was declared but never referenced
         uint64_t buff;
msg\msg.c(115): warning:  #177-D: variable "buff" was declared but never referenced
         uint64_t buff;
msg\msg.c(133): warning:  #177-D: variable "buff" was declared but never referenced
         uint64_t buff;
msg\msg.c(148): warning:  #177-D: variable "buff" was declared but never referenced
         uint64_t buff;
msg\msg.c(188): warning:  #177-D: variable "buff" was declared but never referenced
         uint64_t buff;
msg\msg.c(193): warning:  #177-D: variable "buff" was declared but never referenced
         uint64_t buff;
msg\msg.c(199): warning:  #177-D: variable "buff" was declared but never referenced
         uint64_t buff;
msg\msg.c(205): warning:  #177-D: variable "buff" was declared but never referenced
         uint64_t buff;
msg\msg.c(239): warning:  #177-D: variable "buff" was declared but never referenced
         uint64_t buff;
msg\msg.c(251): warning:  #177-D: variable "buff" was declared but never referenced
         uint64_t buff;
msg\msg.c(263): warning:  #177-D: variable "buff" was declared but never referenced
         uint64_t buff;
msg\msg.c(299): warning:  #177-D: variable "buff" was declared but never referenced
         uint64_t buff;
msg\msg.c(335): warning:  #177-D: variable "buff" was declared but never referenced
         uint64_t buff;
msg\msg.c(371): warning:  #177-D: variable "buff" was declared but never referenced
         uint64_t buff;
msg\msg.c(377): warning:  #177-D: variable "buff" was declared but never referenced
         uint64_t buff;
msg\msg.c(382): warning:  #177-D: variable "buff" was declared but never referenced
         uint64_t buff;
msg\msg.c(388): warning:  #177-D: variable "buff" was declared but never referenced
         uint64_t buff;
msg\msg.c(400): warning:  #177-D: variable "buff" was declared but never referenced
         uint64_t buff;
msg\msg.c(422): warning:  #177-D: variable "buff" was declared but never referenced
         uint64_t buff;
msg\msg.c(445): warning:  #177-D: variable "buff" was declared but never referenced
         uint64_t buff;
msg\msg.c(511): warning:  #177-D: variable "buff" was declared but never referenced
         uint64_t buff;
msg\msg.c(528): warning:  #177-D: variable "buff" was declared but never referenced
         uint64_t buff;
msg\msg.c(573): warning:  #177-D: variable "buff" was declared but never referenced
         uint64_t buff;
msg\msg.c(620): warning:  #177-D: variable "buff" was declared but never referenced
         uint64_t buff;
msg\msg.c(634): warning:  #177-D: variable "buff" was declared but never referenced
         uint64_t buff;
msg\msg.c(685): warning:  #62-D: shift count is negative
      ESC1->bt3.Axle_Location = J1939_MESSAGE->Mxe.Data[2]>>-1;
msg\msg.c(704): warning:  #177-D: variable "buff" was declared but never referenced
         uint64_t buff;
msg\msg.c(840): warning:  #177-D: variable "buff" was declared but never referenced
         uint64_t buff;
msg\msg.c(868): warning:  #177-D: variable "buff" was declared but never referenced
         uint64_t buff;
msg\msg.c(880): warning:  #177-D: variable "buff" was declared but never referenced
         uint64_t buff;
msg\msg.c(892): warning:  #177-D: variable "buff" was declared but never referenced
         uint64_t buff;
msg\msg.c(1058): warning:  #177-D: variable "buff" was declared but never referenced
         uint64_t buff;
msg\msg.c(1111): warning:  #177-D: variable "buff" was declared but never referenced
         uint64_t buff;
msg\msg.c(1175): warning:  #177-D: variable "buff" was declared but never referenced
         uint64_t buff;
msg\msg.c(1205): warning:  #177-D: variable "buff" was declared but never referenced
         uint64_t buff;
msg\msg.c(1212): warning:  #177-D: variable "buff" was declared but never referenced
         uint64_t buff;
msg\msg.c(1221): warning:  #177-D: variable "buff" was declared but never referenced
         uint64_t buff;
msg\msg.c(1235): warning:  #177-D: variable "buff" was declared but never referenced
         uint64_t buff;
msg\msg.c(1249): warning:  #177-D: variable "buff" was declared but never referenced
         uint64_t buff;
msg\msg.c(1257): warning:  #177-D: variable "buff" was declared but never referenced
         uint64_t buff;
msg\msg.c(1275): warning:  #177-D: variable "buff" was declared but never referenced
         uint64_t buff;
msg\msg.c(1376): warning:  #177-D: variable "buff" was declared but never referenced
         uint64_t buff;
msg\msg.c(1398): warning:  #177-D: variable "buff" was declared but never referenced
         uint64_t buff;
msg\msg.c(1448): warning:  #177-D: variable "buff" was declared but never referenced
         uint64_t buff;
msg\msg.c(1489): warning:  #177-D: variable "buff" was declared but never referenced
         uint64_t buff;
msg\msg.c(1499): warning:  #177-D: variable "buff" was declared but never referenced
         uint64_t buff;
msg\msg.c(1510): warning:  #177-D: variable "buff" was declared but never referenced
         uint64_t buff;
msg\msg.c(1516): warning:  #177-D: variable "buff" was declared but never referenced
         uint64_t buff;
msg\msg.c(1531): warning:  #177-D: variable "buff" was declared but never referenced
         uint64_t buff;
msg\msg.c(1537): warning:  #177-D: variable "buff" was declared but never referenced
         uint64_t buff;
msg\msg.c(1579): warning:  #177-D: variable "buff" was declared but never referenced
         uint64_t buff;
msg\msg.c(1584): warning:  #177-D: variable "buff" was declared but never referenced
         uint64_t buff;
msg\msg.c(1599): warning:  #177-D: variable "buff" was declared but never referenced
         uint64_t buff;
msg\msg.c(1617): warning:  #177-D: variable "buff" was declared but never referenced
         uint64_t buff;
msg\msg.c(1791): warning:  #177-D: variable "buff" was declared but never referenced
         uint64_t buff;
msg\msg.c(1803): warning:  #177-D: variable "buff" was declared but never referenced
         uint64_t buff;
msg\msg.c(1812): warning:  #177-D: variable "buff" was declared but never referenced
         uint64_t buff;
msg\msg.c(1829): warning:  #177-D: variable "buff" was declared but never referenced
         uint64_t buff;
msg\msg.c(1838): warning:  #177-D: variable "buff" was declared but never referenced
         uint64_t buff;
msg\msg.c(1872): warning:  #177-D: variable "buff" was declared but never referenced
         uint64_t buff;
msg\msg.c(1895): warning:  #177-D: variable "buff" was declared but never referenced
         uint64_t buff;
msg\msg.c(1918): warning:  #177-D: variable "buff" was declared but never referenced
         uint64_t buff;
msg\msg.c(1941): warning:  #177-D: variable "buff" was declared but never referenced
         uint64_t buff;
msg\msg.c(1964): warning:  #177-D: variable "buff" was declared but never referenced
         uint64_t buff;
msg\msg.c(2008): warning:  #177-D: variable "buff" was declared but never referenced
         uint64_t buff;
msg\msg.c(2022): warning:  #177-D: variable "buff" was declared but never referenced
         uint64_t buff;
msg\msg.c(2054): warning:  #175-D: subscript out of range
      CSI->bt9.Rollover_Sensor___Type = J1939_MESSAGE->Mxe.Data[8]>>0;
msg\msg.c(2037): warning:  #177-D: variable "buff" was declared but never referenced
         uint64_t buff;
msg\msg.c(2076): warning:  #175-D: subscript out of range
      buff |= (uint64_t)(J1939_MESSAGE->Mxe.Data[8])<<8;
msg\msg.c(2077): warning:  #175-D: subscript out of range
      buff |= (uint64_t)(J1939_MESSAGE->Mxe.Data[9]);
msg\msg.c(2079): warning:  #175-D: subscript out of range
      buff=(uint64_t)(J1939_MESSAGE->Mxe.Data[8])<<24;
msg\msg.c(2080): warning:  #175-D: subscript out of range
      buff |= (uint64_t)(J1939_MESSAGE->Mxe.Data[9])<<16;
msg\msg.c(2081): warning:  #175-D: subscript out of range
      buff |= (uint64_t)(J1939_MESSAGE->Mxe.Data[10])<<8;
msg\msg.c(2082): warning:  #175-D: subscript out of range
      buff |= (uint64_t)(J1939_MESSAGE->Mxe.Data[11]);
msg\msg.c(2084): warning:  #175-D: subscript out of range
      buff=(uint64_t)(J1939_MESSAGE->Mxe.Data[10])<<24;
msg\msg.c(2085): warning:  #175-D: subscript out of range
      buff |= (uint64_t)(J1939_MESSAGE->Mxe.Data[11])<<16;
msg\msg.c(2086): warning:  #175-D: subscript out of range
      buff |= (uint64_t)(J1939_MESSAGE->Mxe.Data[12])<<8;
msg\msg.c(2087): warning:  #175-D: subscript out of range
      buff |= (uint64_t)(J1939_MESSAGE->Mxe.Data[13]);
msg\msg.c(2089): warning:  #175-D: subscript out of range
      buff=(uint64_t)(J1939_MESSAGE->Mxe.Data[12])<<24;
msg\msg.c(2090): warning:  #175-D: subscript out of range
      buff |= (uint64_t)(J1939_MESSAGE->Mxe.Data[13])<<16;
msg\msg.c(2091): warning:  #175-D: subscript out of range
      buff |= (uint64_t)(J1939_MESSAGE->Mxe.Data[14])<<8;
msg\msg.c(2092): warning:  #175-D: subscript out of range
      buff |= (uint64_t)(J1939_MESSAGE->Mxe.Data[15]);
msg\msg.c(2094): warning:  #175-D: subscript out of range
      buff=(uint64_t)(J1939_MESSAGE->Mxe.Data[14])<<24;
msg\msg.c(2095): warning:  #175-D: subscript out of range
      buff |= (uint64_t)(J1939_MESSAGE->Mxe.Data[15])<<16;
msg\msg.c(2096): warning:  #175-D: subscript out of range
      buff |= (uint64_t)(J1939_MESSAGE->Mxe.Data[16])<<8;
msg\msg.c(2097): warning:  #175-D: subscript out of range
      buff |= (uint64_t)(J1939_MESSAGE->Mxe.Data[17]);
msg\msg.c(2099): warning:  #175-D: subscript out of range
      buff=(uint64_t)(J1939_MESSAGE->Mxe.Data[16])<<24;
msg\msg.c(2100): warning:  #175-D: subscript out of range
      buff |= (uint64_t)(J1939_MESSAGE->Mxe.Data[17])<<16;
msg\msg.c(2101): warning:  #175-D: subscript out of range
      buff |= (uint64_t)(J1939_MESSAGE->Mxe.Data[18])<<8;
msg\msg.c(2102): warning:  #175-D: subscript out of range
      buff |= (uint64_t)(J1939_MESSAGE->Mxe.Data[19]);
msg\msg.c(2104): warning:  #175-D: subscript out of range
      buff=(uint64_t)(J1939_MESSAGE->Mxe.Data[18])<<24;
msg\msg.c(2105): warning:  #175-D: subscript out of range
      buff |= (uint64_t)(J1939_MESSAGE->Mxe.Data[19])<<16;
msg\msg.c(2106): warning:  #175-D: subscript out of range
      buff |= (uint64_t)(J1939_MESSAGE->Mxe.Data[20])<<8;
msg\msg.c(2107): warning:  #175-D: subscript out of range
      buff |= (uint64_t)(J1939_MESSAGE->Mxe.Data[21]);
msg\msg.c(2109): warning:  #175-D: subscript out of range
      buff=(uint64_t)(J1939_MESSAGE->Mxe.Data[20])<<24;
msg\msg.c(2110): warning:  #175-D: subscript out of range
      buff |= (uint64_t)(J1939_MESSAGE->Mxe.Data[21])<<16;
msg\msg.c(2111): warning:  #175-D: subscript out of range
      buff |= (uint64_t)(J1939_MESSAGE->Mxe.Data[22])<<8;
msg\msg.c(2112): warning:  #175-D: subscript out of range
      buff |= (uint64_t)(J1939_MESSAGE->Mxe.Data[23]);
msg\msg.c(2114): warning:  #175-D: subscript out of range
      buff=(uint64_t)(J1939_MESSAGE->Mxe.Data[22])<<24;
msg\msg.c(2115): warning:  #175-D: subscript out of range
      buff |= (uint64_t)(J1939_MESSAGE->Mxe.Data[23])<<16;
msg\msg.c(2116): warning:  #175-D: subscript out of range
      buff |= (uint64_t)(J1939_MESSAGE->Mxe.Data[24])<<8;
msg\msg.c(2117): warning:  #175-D: subscript out of range
      buff |= (uint64_t)(J1939_MESSAGE->Mxe.Data[25]);
msg\msg.c(2119): warning:  #175-D: subscript out of range
      buff=(uint64_t)(J1939_MESSAGE->Mxe.Data[24])<<24;
msg\msg.c(2120): warning:  #175-D: subscript out of range
      buff |= (uint64_t)(J1939_MESSAGE->Mxe.Data[25])<<16;
msg\msg.c(2121): warning:  #175-D: subscript out of range
      buff |= (uint64_t)(J1939_MESSAGE->Mxe.Data[26])<<8;
msg\msg.c(2122): warning:  #175-D: subscript out of range
      buff |= (uint64_t)(J1939_MESSAGE->Mxe.Data[27]);
msg\msg.c(2124): warning:  #175-D: subscript out of range
      buff=(uint64_t)(J1939_MESSAGE->Mxe.Data[26])<<24;
msg\msg.c(2125): warning:  #175-D: subscript out of range
      buff |= (uint64_t)(J1939_MESSAGE->Mxe.Data[27])<<16;
msg\msg.c(2126): warning:  #175-D: subscript out of range
      buff |= (uint64_t)(J1939_MESSAGE->Mxe.Data[28])<<8;
msg\msg.c(2127): warning:  #175-D: subscript out of range
      buff |= (uint64_t)(J1939_MESSAGE->Mxe.Data[29]);
msg\msg.c(2129): warning:  #175-D: subscript out of range
      buff=(uint64_t)(J1939_MESSAGE->Mxe.Data[28])<<24;
msg\msg.c(2130): warning:  #175-D: subscript out of range
      buff |= (uint64_t)(J1939_MESSAGE->Mxe.Data[29])<<16;
msg\msg.c(2131): warning:  #175-D: subscript out of range
      buff |= (uint64_t)(J1939_MESSAGE->Mxe.Data[30])<<8;
msg\msg.c(2132): warning:  #175-D: subscript out of range
      buff |= (uint64_t)(J1939_MESSAGE->Mxe.Data[31]);
msg\msg.c(2134): warning:  #175-D: subscript out of range
      buff=(uint64_t)(J1939_MESSAGE->Mxe.Data[30])<<24;
msg\msg.c(2135): warning:  #175-D: subscript out of range
      buff |= (uint64_t)(J1939_MESSAGE->Mxe.Data[31])<<16;
msg\msg.c(2136): warning:  #175-D: subscript out of range
      buff |= (uint64_t)(J1939_MESSAGE->Mxe.Data[32])<<8;
msg\msg.c(2137): warning:  #175-D: subscript out of range
      buff |= (uint64_t)(J1939_MESSAGE->Mxe.Data[33]);
msg\msg.c(2139): warning:  #175-D: subscript out of range
      buff=(uint64_t)(J1939_MESSAGE->Mxe.Data[32])<<24;
msg\msg.c(2140): warning:  #175-D: subscript out of range
      buff |= (uint64_t)(J1939_MESSAGE->Mxe.Data[33])<<16;
msg\msg.c(2141): warning:  #175-D: subscript out of range
      buff |= (uint64_t)(J1939_MESSAGE->Mxe.Data[34])<<8;
msg\msg.c(2142): warning:  #175-D: subscript out of range
      buff |= (uint64_t)(J1939_MESSAGE->Mxe.Data[35]);
msg\msg.c(2144): warning:  #175-D: subscript out of range
      buff=(uint64_t)(J1939_MESSAGE->Mxe.Data[34])<<24;
msg\msg.c(2145): warning:  #175-D: subscript out of range
      buff |= (uint64_t)(J1939_MESSAGE->Mxe.Data[35])<<16;
msg\msg.c(2146): warning:  #175-D: subscript out of range
      buff |= (uint64_t)(J1939_MESSAGE->Mxe.Data[36])<<8;
msg\msg.c(2147): warning:  #175-D: subscript out of range
      buff |= (uint64_t)(J1939_MESSAGE->Mxe.Data[37]);
msg\msg.c(2149): warning:  #175-D: subscript out of range
      buff=(uint64_t)(J1939_MESSAGE->Mxe.Data[36])<<24;
msg\msg.c(2150): warning:  #175-D: subscript out of range
      buff |= (uint64_t)(J1939_MESSAGE->Mxe.Data[37])<<16;
msg\msg.c(2151): warning:  #175-D: subscript out of range
      buff |= (uint64_t)(J1939_MESSAGE->Mxe.Data[38])<<8;
msg\msg.c(2152): warning:  #175-D: subscript out of range
      buff |= (uint64_t)(J1939_MESSAGE->Mxe.Data[39]);
msg\msg.c(2154): warning:  #175-D: subscript out of range
      buff=(uint64_t)(J1939_MESSAGE->Mxe.Data[38])<<24;
msg\msg.c(2155): warning:  #175-D: subscript out of range
      buff |= (uint64_t)(J1939_MESSAGE->Mxe.Data[39])<<16;
msg\msg.c(2156): warning:  #175-D: subscript out of range
      buff |= (uint64_t)(J1939_MESSAGE->Mxe.Data[40])<<8;
msg\msg.c(2157): warning:  #175-D: subscript out of range
      buff |= (uint64_t)(J1939_MESSAGE->Mxe.Data[41]);
msg\msg.c(2159): warning:  #175-D: subscript out of range
      buff=(uint64_t)(J1939_MESSAGE->Mxe.Data[40])<<24;
msg\msg.c(2160): warning:  #175-D: subscript out of range
      buff |= (uint64_t)(J1939_MESSAGE->Mxe.Data[41])<<16;
msg\msg.c(2161): warning:  #175-D: subscript out of range
      buff |= (uint64_t)(J1939_MESSAGE->Mxe.Data[42])<<8;
msg\msg.c(2162): warning:  #175-D: subscript out of range
      buff |= (uint64_t)(J1939_MESSAGE->Mxe.Data[43]);
msg\msg.c(2164): warning:  #175-D: subscript out of range
      buff=(uint64_t)(J1939_MESSAGE->Mxe.Data[42])<<24;
msg\msg.c(2165): warning:  #175-D: subscript out of range
      buff |= (uint64_t)(J1939_MESSAGE->Mxe.Data[43])<<16;
msg\msg.c(2166): warning:  #175-D: subscript out of range
      buff |= (uint64_t)(J1939_MESSAGE->Mxe.Data[44])<<8;
msg\msg.c(2167): warning:  #175-D: subscript out of range
      buff |= (uint64_t)(J1939_MESSAGE->Mxe.Data[45]);
msg\msg.c(2169): warning:  #175-D: subscript out of range
      buff=(uint64_t)(J1939_MESSAGE->Mxe.Data[44])<<24;
msg\msg.c(2170): warning:  #175-D: subscript out of range
      buff |= (uint64_t)(J1939_MESSAGE->Mxe.Data[45])<<16;
msg\msg.c(2171): warning:  #175-D: subscript out of range
      buff |= (uint64_t)(J1939_MESSAGE->Mxe.Data[46])<<8;
msg\msg.c(2172): warning:  #175-D: subscript out of range
      buff |= (uint64_t)(J1939_MESSAGE->Mxe.Data[47]);
msg\msg.c(2174): warning:  #175-D: subscript out of range
      buff=(uint64_t)(J1939_MESSAGE->Mxe.Data[46])<<24;
msg\msg.c(2175): warning:  #175-D: subscript out of range
      buff |= (uint64_t)(J1939_MESSAGE->Mxe.Data[47])<<16;
msg\msg.c(2176): warning:  #175-D: subscript out of range
      buff |= (uint64_t)(J1939_MESSAGE->Mxe.Data[48])<<8;
msg\msg.c(2177): warning:  #175-D: subscript out of range
      buff |= (uint64_t)(J1939_MESSAGE->Mxe.Data[49]);
msg\msg.c(2179): warning:  #175-D: subscript out of range
      buff=(uint64_t)(J1939_MESSAGE->Mxe.Data[48])<<24;
msg\msg.c(2180): warning:  #175-D: subscript out of range
      buff |= (uint64_t)(J1939_MESSAGE->Mxe.Data[49])<<16;
msg\msg.c(2181): warning:  #175-D: subscript out of range
      buff |= (uint64_t)(J1939_MESSAGE->Mxe.Data[50])<<8;
msg\msg.c(2182): warning:  #175-D: subscript out of range
      buff |= (uint64_t)(J1939_MESSAGE->Mxe.Data[51]);
msg\msg.c(2184): warning:  #175-D: subscript out of range
      buff=(uint64_t)(J1939_MESSAGE->Mxe.Data[50])<<24;
msg\msg.c(2185): warning:  #175-D: subscript out of range
      buff |= (uint64_t)(J1939_MESSAGE->Mxe.Data[51])<<16;
msg\msg.c(2186): warning:  #175-D: subscript out of range
      buff |= (uint64_t)(J1939_MESSAGE->Mxe.Data[52])<<8;
msg\msg.c(2187): warning:  #175-D: subscript out of range
      buff |= (uint64_t)(J1939_MESSAGE->Mxe.Data[53]);
msg\msg.c(2189): warning:  #175-D: subscript out of range
      buff=(uint64_t)(J1939_MESSAGE->Mxe.Data[52])<<24;
msg\msg.c(2190): warning:  #175-D: subscript out of range
      buff |= (uint64_t)(J1939_MESSAGE->Mxe.Data[53])<<16;
msg\msg.c(2191): warning:  #175-D: subscript out of range
      buff |= (uint64_t)(J1939_MESSAGE->Mxe.Data[54])<<8;
msg\msg.c(2192): warning:  #175-D: subscript out of range
      buff |= (uint64_t)(J1939_MESSAGE->Mxe.Data[55]);
msg\msg.c(2194): warning:  #175-D: subscript out of range
      buff=(uint64_t)(J1939_MESSAGE->Mxe.Data[54])<<24;
msg\msg.c(2195): warning:  #175-D: subscript out of range
      buff |= (uint64_t)(J1939_MESSAGE->Mxe.Data[55])<<16;
msg\msg.c(2196): warning:  #175-D: subscript out of range
      buff |= (uint64_t)(J1939_MESSAGE->Mxe.Data[56])<<8;
msg\msg.c(2197): warning:  #175-D: subscript out of range
      buff |= (uint64_t)(J1939_MESSAGE->Mxe.Data[57]);
msg\msg.c(2199): warning:  #175-D: subscript out of range
      buff=(uint64_t)(J1939_MESSAGE->Mxe.Data[56])<<24;
msg\msg.c(2200): warning:  #175-D: subscript out of range
      buff |= (uint64_t)(J1939_MESSAGE->Mxe.Data[57])<<16;
msg\msg.c(2201): warning:  #175-D: subscript out of range
      buff |= (uint64_t)(J1939_MESSAGE->Mxe.Data[58])<<8;
msg\msg.c(2202): warning:  #175-D: subscript out of range
      buff |= (uint64_t)(J1939_MESSAGE->Mxe.Data[59]);
msg\msg.c(2204): warning:  #175-D: subscript out of range
      buff=(uint64_t)(J1939_MESSAGE->Mxe.Data[58])<<24;
msg\msg.c(2205): warning:  #175-D: subscript out of range
      buff |= (uint64_t)(J1939_MESSAGE->Mxe.Data[59])<<16;
msg\msg.c(2206): warning:  #175-D: subscript out of range
      buff |= (uint64_t)(J1939_MESSAGE->Mxe.Data[60])<<8;
msg\msg.c(2207): warning:  #175-D: subscript out of range
      buff |= (uint64_t)(J1939_MESSAGE->Mxe.Data[61]);
msg\msg.c(2209): warning:  #175-D: subscript out of range
      buff=(uint64_t)(J1939_MESSAGE->Mxe.Data[60])<<24;
msg\msg.c(2210): warning:  #175-D: subscript out of range
      buff |= (uint64_t)(J1939_MESSAGE->Mxe.Data[61])<<16;
msg\msg.c(2211): warning:  #175-D: subscript out of range
      buff |= (uint64_t)(J1939_MESSAGE->Mxe.Data[62])<<8;
msg\msg.c(2212): warning:  #175-D: subscript out of range
      buff |= (uint64_t)(J1939_MESSAGE->Mxe.Data[63]);
msg\msg.c(2214): warning:  #175-D: subscript out of range
      buff=(uint64_t)(J1939_MESSAGE->Mxe.Data[62])<<24;
msg\msg.c(2215): warning:  #175-D: subscript out of range
      buff |= (uint64_t)(J1939_MESSAGE->Mxe.Data[63])<<16;
msg\msg.c(2216): warning:  #175-D: subscript out of range
      buff |= (uint64_t)(J1939_MESSAGE->Mxe.Data[64])<<8;
msg\msg.c(2217): warning:  #175-D: subscript out of range
      buff |= (uint64_t)(J1939_MESSAGE->Mxe.Data[65]);
msg\msg.c(2219): warning:  #175-D: subscript out of range
      buff=(uint64_t)(J1939_MESSAGE->Mxe.Data[64])<<24;
msg\msg.c(2220): warning:  #175-D: subscript out of range
      buff |= (uint64_t)(J1939_MESSAGE->Mxe.Data[65])<<16;
msg\msg.c(2221): warning:  #175-D: subscript out of range
      buff |= (uint64_t)(J1939_MESSAGE->Mxe.Data[66])<<8;
msg\msg.c(2222): warning:  #175-D: subscript out of range
      buff |= (uint64_t)(J1939_MESSAGE->Mxe.Data[67]);
msg\msg.c(2224): warning:  #175-D: subscript out of range
      buff=(uint64_t)(J1939_MESSAGE->Mxe.Data[66])<<24;
msg\msg.c(2225): warning:  #175-D: subscript out of range
      buff |= (uint64_t)(J1939_MESSAGE->Mxe.Data[67])<<16;
msg\msg.c(2226): warning:  #175-D: subscript out of range
      buff |= (uint64_t)(J1939_MESSAGE->Mxe.Data[68])<<8;
msg\msg.c(2227): warning:  #175-D: subscript out of range
      buff |= (uint64_t)(J1939_MESSAGE->Mxe.Data[69]);
msg\msg.c(2229): warning:  #175-D: subscript out of range
      buff=(uint64_t)(J1939_MESSAGE->Mxe.Data[68])<<24;
msg\msg.c(2230): warning:  #175-D: subscript out of range
      buff |= (uint64_t)(J1939_MESSAGE->Mxe.Data[69])<<16;
msg\msg.c(2231): warning:  #175-D: subscript out of range
      buff |= (uint64_t)(J1939_MESSAGE->Mxe.Data[70])<<8;
msg\msg.c(2232): warning:  #175-D: subscript out of range
      buff |= (uint64_t)(J1939_MESSAGE->Mxe.Data[71]);
msg\msg.c(2234): warning:  #175-D: subscript out of range
      buff=(uint64_t)(J1939_MESSAGE->Mxe.Data[70])<<24;
msg\msg.c(2235): warning:  #175-D: subscript out of range
      buff |= (uint64_t)(J1939_MESSAGE->Mxe.Data[71])<<16;
msg\msg.c(2236): warning:  #175-D: subscript out of range
      buff |= (uint64_t)(J1939_MESSAGE->Mxe.Data[72])<<8;
msg\msg.c(2237): warning:  #175-D: subscript out of range
      buff |= (uint64_t)(J1939_MESSAGE->Mxe.Data[73]);
msg\msg.c(2239): warning:  #175-D: subscript out of range
      buff=(uint64_t)(J1939_MESSAGE->Mxe.Data[72])<<24;
msg\msg.c(2240): warning:  #175-D: subscript out of range
      buff |= (uint64_t)(J1939_MESSAGE->Mxe.Data[73])<<16;
msg\msg.c(2241): warning:  #175-D: subscript out of range
      buff |= (uint64_t)(J1939_MESSAGE->Mxe.Data[74])<<8;
msg\msg.c(2242): warning:  #175-D: subscript out of range
      buff |= (uint64_t)(J1939_MESSAGE->Mxe.Data[75]);
msg\msg.c(2244): warning:  #175-D: subscript out of range
      buff=(uint64_t)(J1939_MESSAGE->Mxe.Data[74])<<24;
msg\msg.c(2245): warning:  #175-D: subscript out of range
      buff |= (uint64_t)(J1939_MESSAGE->Mxe.Data[75])<<16;
msg\msg.c(2246): warning:  #175-D: subscript out of range
      buff |= (uint64_t)(J1939_MESSAGE->Mxe.Data[76])<<8;
msg\msg.c(2247): warning:  #175-D: subscript out of range
      buff |= (uint64_t)(J1939_MESSAGE->Mxe.Data[77]);
msg\msg.c(2249): warning:  #175-D: subscript out of range
      buff=(uint64_t)(J1939_MESSAGE->Mxe.Data[76])<<24;
msg\msg.c(2250): warning:  #175-D: subscript out of range
      buff |= (uint64_t)(J1939_MESSAGE->Mxe.Data[77])<<16;
msg\msg.c(2251): warning:  #175-D: subscript out of range
      buff |= (uint64_t)(J1939_MESSAGE->Mxe.Data[78])<<8;
msg\msg.c(2252): warning:  #175-D: subscript out of range
      buff |= (uint64_t)(J1939_MESSAGE->Mxe.Data[79]);
msg\msg.c(2254): warning:  #175-D: subscript out of range
      buff=(uint64_t)(J1939_MESSAGE->Mxe.Data[78])<<24;
msg\msg.c(2255): warning:  #175-D: subscript out of range
      buff |= (uint64_t)(J1939_MESSAGE->Mxe.Data[79])<<16;
msg\msg.c(2256): warning:  #175-D: subscript out of range
      buff |= (uint64_t)(J1939_MESSAGE->Mxe.Data[80])<<8;
msg\msg.c(2257): warning:  #175-D: subscript out of range
      buff |= (uint64_t)(J1939_MESSAGE->Mxe.Data[81]);
msg\msg.c(2259): warning:  #175-D: subscript out of range
      buff=(uint64_t)(J1939_MESSAGE->Mxe.Data[80])<<24;
msg\msg.c(2260): warning:  #175-D: subscript out of range
      buff |= (uint64_t)(J1939_MESSAGE->Mxe.Data[81])<<16;
msg\msg.c(2261): warning:  #175-D: subscript out of range
      buff |= (uint64_t)(J1939_MESSAGE->Mxe.Data[82])<<8;
msg\msg.c(2262): warning:  #175-D: subscript out of range
      buff |= (uint64_t)(J1939_MESSAGE->Mxe.Data[83]);
msg\msg.c(2264): warning:  #175-D: subscript out of range
      buff=(uint64_t)(J1939_MESSAGE->Mxe.Data[82])<<24;
msg\msg.c(2265): warning:  #175-D: subscript out of range
      buff |= (uint64_t)(J1939_MESSAGE->Mxe.Data[83])<<16;
msg\msg.c(2266): warning:  #175-D: subscript out of range
      buff |= (uint64_t)(J1939_MESSAGE->Mxe.Data[84])<<8;
msg\msg.c(2267): warning:  #175-D: subscript out of range
      buff |= (uint64_t)(J1939_MESSAGE->Mxe.Data[85]);
msg\msg.c(2269): warning:  #175-D: subscript out of range
      buff=(uint64_t)(J1939_MESSAGE->Mxe.Data[84])<<24;
msg\msg.c(2270): warning:  #175-D: subscript out of range
      buff |= (uint64_t)(J1939_MESSAGE->Mxe.Data[85])<<16;
msg\msg.c(2271): warning:  #175-D: subscript out of range
      buff |= (uint64_t)(J1939_MESSAGE->Mxe.Data[86])<<8;
msg\msg.c(2272): warning:  #175-D: subscript out of range
      buff |= (uint64_t)(J1939_MESSAGE->Mxe.Data[87]);
msg\msg.c(2274): warning:  #175-D: subscript out of range
      buff=(uint64_t)(J1939_MESSAGE->Mxe.Data[86])<<24;
msg\msg.c(2275): warning:  #175-D: subscript out of range
      buff |= (uint64_t)(J1939_MESSAGE->Mxe.Data[87])<<16;
msg\msg.c(2276): warning:  #175-D: subscript out of range
      buff |= (uint64_t)(J1939_MESSAGE->Mxe.Data[88])<<8;
msg\msg.c(2277): warning:  #175-D: subscript out of range
      buff |= (uint64_t)(J1939_MESSAGE->Mxe.Data[89]);
msg\msg.c(2279): warning:  #175-D: subscript out of range
      buff=(uint64_t)(J1939_MESSAGE->Mxe.Data[88])<<24;
msg\msg.c(2280): warning:  #175-D: subscript out of range
      buff |= (uint64_t)(J1939_MESSAGE->Mxe.Data[89])<<16;
msg\msg.c(2281): warning:  #175-D: subscript out of range
      buff |= (uint64_t)(J1939_MESSAGE->Mxe.Data[90])<<8;
msg\msg.c(2282): warning:  #175-D: subscript out of range
      buff |= (uint64_t)(J1939_MESSAGE->Mxe.Data[91]);
msg\msg.c(2284): warning:  #175-D: subscript out of range
      buff=(uint64_t)(J1939_MESSAGE->Mxe.Data[90])<<24;
msg\msg.c(2285): warning:  #175-D: subscript out of range
      buff |= (uint64_t)(J1939_MESSAGE->Mxe.Data[91])<<16;
msg\msg.c(2286): warning:  #175-D: subscript out of range
      buff |= (uint64_t)(J1939_MESSAGE->Mxe.Data[92])<<8;
msg\msg.c(2287): warning:  #175-D: subscript out of range
      buff |= (uint64_t)(J1939_MESSAGE->Mxe.Data[93]);
msg\msg.c(2289): warning:  #175-D: subscript out of range
      buff=(uint64_t)(J1939_MESSAGE->Mxe.Data[92])<<24;
msg\msg.c(2290): warning:  #175-D: subscript out of range
      buff |= (uint64_t)(J1939_MESSAGE->Mxe.Data[93])<<16;
msg\msg.c(2291): warning:  #175-D: subscript out of range
      buff |= (uint64_t)(J1939_MESSAGE->Mxe.Data[94])<<8;
msg\msg.c(2292): warning:  #175-D: subscript out of range
      buff |= (uint64_t)(J1939_MESSAGE->Mxe.Data[95]);
msg\msg.c(2294): warning:  #175-D: subscript out of range
      buff=(uint64_t)(J1939_MESSAGE->Mxe.Data[94])<<24;
msg\msg.c(2295): warning:  #175-D: subscript out of range
      buff |= (uint64_t)(J1939_MESSAGE->Mxe.Data[95])<<16;
msg\msg.c(2296): warning:  #175-D: subscript out of range
      buff |= (uint64_t)(J1939_MESSAGE->Mxe.Data[96])<<8;
msg\msg.c(2297): warning:  #175-D: subscript out of range
      buff |= (uint64_t)(J1939_MESSAGE->Mxe.Data[97]);
msg\msg.c(2299): warning:  #175-D: subscript out of range
      buff=(uint64_t)(J1939_MESSAGE->Mxe.Data[96])<<24;
msg\msg.c(2300): warning:  #175-D: subscript out of range
      buff |= (uint64_t)(J1939_MESSAGE->Mxe.Data[97])<<16;
msg\msg.c(2301): warning:  #175-D: subscript out of range
      buff |= (uint64_t)(J1939_MESSAGE->Mxe.Data[98])<<8;
msg\msg.c(2302): warning:  #175-D: subscript out of range
      buff |= (uint64_t)(J1939_MESSAGE->Mxe.Data[99]);
msg\msg.c(2304): warning:  #175-D: subscript out of range
      buff=(uint64_t)(J1939_MESSAGE->Mxe.Data[98])<<24;
msg\msg.c(2305): warning:  #175-D: subscript out of range
      buff |= (uint64_t)(J1939_MESSAGE->Mxe.Data[99])<<16;
msg\msg.c(2306): warning:  #175-D: subscript out of range
      buff |= (uint64_t)(J1939_MESSAGE->Mxe.Data[100])<<8;
msg\msg.c(2307): warning:  #175-D: subscript out of range
      buff |= (uint64_t)(J1939_MESSAGE->Mxe.Data[101]);
msg\msg.c(2309): warning:  #175-D: subscript out of range
      buff=(uint64_t)(J1939_MESSAGE->Mxe.Data[100])<<24;
msg\msg.c(2310): warning:  #175-D: subscript out of range
      buff |= (uint64_t)(J1939_MESSAGE->Mxe.Data[101])<<16;
msg\msg.c(2311): warning:  #175-D: subscript out of range
      buff |= (uint64_t)(J1939_MESSAGE->Mxe.Data[102])<<8;
msg\msg.c(2312): warning:  #175-D: subscript out of range
      buff |= (uint64_t)(J1939_MESSAGE->Mxe.Data[103]);
msg\msg.c(2314): warning:  #175-D: subscript out of range
      buff=(uint64_t)(J1939_MESSAGE->Mxe.Data[102])<<24;
msg\msg.c(2315): warning:  #175-D: subscript out of range
      buff |= (uint64_t)(J1939_MESSAGE->Mxe.Data[103])<<16;
msg\msg.c(2316): warning:  #175-D: subscript out of range
      buff |= (uint64_t)(J1939_MESSAGE->Mxe.Data[104])<<8;
msg\msg.c(2317): warning:  #175-D: subscript out of range
      buff |= (uint64_t)(J1939_MESSAGE->Mxe.Data[105]);
msg\msg.c(2319): warning:  #175-D: subscript out of range
      buff=(uint64_t)(J1939_MESSAGE->Mxe.Data[104])<<24;
msg\msg.c(2320): warning:  #175-D: subscript out of range
      buff |= (uint64_t)(J1939_MESSAGE->Mxe.Data[105])<<16;
msg\msg.c(2321): warning:  #175-D: subscript out of range
      buff |= (uint64_t)(J1939_MESSAGE->Mxe.Data[106])<<8;
msg\msg.c(2322): warning:  #175-D: subscript out of range
      buff |= (uint64_t)(J1939_MESSAGE->Mxe.Data[107]);
msg\msg.c(2324): warning:  #175-D: subscript out of range
      buff=(uint64_t)(J1939_MESSAGE->Mxe.Data[106])<<24;
msg\msg.c(2325): warning:  #175-D: subscript out of range
      buff |= (uint64_t)(J1939_MESSAGE->Mxe.Data[107])<<16;
msg\msg.c(2326): warning:  #175-D: subscript out of range
      buff |= (uint64_t)(J1939_MESSAGE->Mxe.Data[108])<<8;
msg\msg.c(2327): warning:  #175-D: subscript out of range
      buff |= (uint64_t)(J1939_MESSAGE->Mxe.Data[109]);
msg\msg.c(2329): warning:  #175-D: subscript out of range
      buff=(uint64_t)(J1939_MESSAGE->Mxe.Data[108])<<24;
msg\msg.c(2330): warning:  #175-D: subscript out of range
      buff |= (uint64_t)(J1939_MESSAGE->Mxe.Data[109])<<16;
msg\msg.c(2331): warning:  #175-D: subscript out of range
      buff |= (uint64_t)(J1939_MESSAGE->Mxe.Data[110])<<8;
msg\msg.c(2332): warning:  #175-D: subscript out of range
      buff |= (uint64_t)(J1939_MESSAGE->Mxe.Data[111]);
msg\msg.c(2334): warning:  #175-D: subscript out of range
      buff=(uint64_t)(J1939_MESSAGE->Mxe.Data[110])<<24;
msg\msg.c(2335): warning:  #175-D: subscript out of range
      buff |= (uint64_t)(J1939_MESSAGE->Mxe.Data[111])<<16;
msg\msg.c(2336): warning:  #175-D: subscript out of range
      buff |= (uint64_t)(J1939_MESSAGE->Mxe.Data[112])<<8;
msg\msg.c(2337): warning:  #175-D: subscript out of range
      buff |= (uint64_t)(J1939_MESSAGE->Mxe.Data[113]);
msg\msg.c(2339): warning:  #175-D: subscript out of range
      buff=(uint64_t)(J1939_MESSAGE->Mxe.Data[112])<<24;
msg\msg.c(2340): warning:  #175-D: subscript out of range
      buff |= (uint64_t)(J1939_MESSAGE->Mxe.Data[113])<<16;
msg\msg.c(2341): warning:  #175-D: subscript out of range
      buff |= (uint64_t)(J1939_MESSAGE->Mxe.Data[114])<<8;
msg\msg.c(2342): warning:  #175-D: subscript out of range
      buff |= (uint64_t)(J1939_MESSAGE->Mxe.Data[115]);
msg\msg.c(2344): warning:  #175-D: subscript out of range
      buff=(uint64_t)(J1939_MESSAGE->Mxe.Data[114])<<24;
msg\msg.c(2345): warning:  #175-D: subscript out of range
      buff |= (uint64_t)(J1939_MESSAGE->Mxe.Data[115])<<16;
msg\msg.c(2346): warning:  #175-D: subscript out of range
      buff |= (uint64_t)(J1939_MESSAGE->Mxe.Data[116])<<8;
msg\msg.c(2347): warning:  #175-D: subscript out of range
      buff |= (uint64_t)(J1939_MESSAGE->Mxe.Data[117]);
msg\msg.c(2349): warning:  #175-D: subscript out of range
      buff=(uint64_t)(J1939_MESSAGE->Mxe.Data[116])<<24;
msg\msg.c(2350): warning:  #175-D: subscript out of range
      buff |= (uint64_t)(J1939_MESSAGE->Mxe.Data[117])<<16;
msg\msg.c(2351): warning:  #175-D: subscript out of range
      buff |= (uint64_t)(J1939_MESSAGE->Mxe.Data[118])<<8;
msg\msg.c(2352): warning:  #175-D: subscript out of range
      buff |= (uint64_t)(J1939_MESSAGE->Mxe.Data[119]);
msg\msg.c(2354): warning:  #175-D: subscript out of range
      buff=(uint64_t)(J1939_MESSAGE->Mxe.Data[118])<<24;
msg\msg.c(2355): warning:  #175-D: subscript out of range
      buff |= (uint64_t)(J1939_MESSAGE->Mxe.Data[119])<<16;
msg\msg.c(2356): warning:  #175-D: subscript out of range
      buff |= (uint64_t)(J1939_MESSAGE->Mxe.Data[120])<<8;
msg\msg.c(2357): warning:  #175-D: subscript out of range
      buff |= (uint64_t)(J1939_MESSAGE->Mxe.Data[121]);
msg\msg.c(2359): warning:  #175-D: subscript out of range
      buff=(uint64_t)(J1939_MESSAGE->Mxe.Data[120])<<24;
msg\msg.c(2360): warning:  #175-D: subscript out of range
      buff |= (uint64_t)(J1939_MESSAGE->Mxe.Data[121])<<16;
msg\msg.c(2361): warning:  #175-D: subscript out of range
      buff |= (uint64_t)(J1939_MESSAGE->Mxe.Data[122])<<8;
msg\msg.c(2362): warning:  #175-D: subscript out of range
      buff |= (uint64_t)(J1939_MESSAGE->Mxe.Data[123]);
msg\msg.c(2364): warning:  #175-D: subscript out of range
      buff=(uint64_t)(J1939_MESSAGE->Mxe.Data[122])<<24;
msg\msg.c(2365): warning:  #175-D: subscript out of range
      buff |= (uint64_t)(J1939_MESSAGE->Mxe.Data[123])<<16;
msg\msg.c(2366): warning:  #175-D: subscript out of range
      buff |= (uint64_t)(J1939_MESSAGE->Mxe.Data[124])<<8;
msg\msg.c(2367): warning:  #175-D: subscript out of range
      buff |= (uint64_t)(J1939_MESSAGE->Mxe.Data[125]);
msg\msg.c(2369): warning:  #175-D: subscript out of range
      buff=(uint64_t)(J1939_MESSAGE->Mxe.Data[124])<<24;
msg\msg.c(2370): warning:  #175-D: subscript out of range
      buff |= (uint64_t)(J1939_MESSAGE->Mxe.Data[125])<<16;
msg\msg.c(2371): warning:  #175-D: subscript out of range
      buff |= (uint64_t)(J1939_MESSAGE->Mxe.Data[126])<<8;
msg\msg.c(2372): warning:  #175-D: subscript out of range
      buff |= (uint64_t)(J1939_MESSAGE->Mxe.Data[127]);
msg\msg.c(2374): warning:  #175-D: subscript out of range
      buff=(uint64_t)(J1939_MESSAGE->Mxe.Data[126])<<24;
msg\msg.c(2375): warning:  #175-D: subscript out of range
      buff |= (uint64_t)(J1939_MESSAGE->Mxe.Data[127])<<16;
msg\msg.c(2376): warning:  #175-D: subscript out of range
      buff |= (uint64_t)(J1939_MESSAGE->Mxe.Data[128])<<8;
msg\msg.c(2377): warning:  #175-D: subscript out of range
      buff |= (uint64_t)(J1939_MESSAGE->Mxe.Data[129]);
msg\msg.c(2379): warning:  #175-D: subscript out of range
      buff=(uint64_t)(J1939_MESSAGE->Mxe.Data[128])<<24;
msg\msg.c(2380): warning:  #175-D: subscript out of range
      buff |= (uint64_t)(J1939_MESSAGE->Mxe.Data[129])<<16;
msg\msg.c(2381): warning:  #175-D: subscript out of range
      buff |= (uint64_t)(J1939_MESSAGE->Mxe.Data[130])<<8;
msg\msg.c(2382): warning:  #175-D: subscript out of range
      buff |= (uint64_t)(J1939_MESSAGE->Mxe.Data[131]);
msg\msg.c(2384): warning:  #175-D: subscript out of range
      buff=(uint64_t)(J1939_MESSAGE->Mxe.Data[130])<<24;
msg\msg.c(2385): warning:  #175-D: subscript out of range
      buff |= (uint64_t)(J1939_MESSAGE->Mxe.Data[131])<<16;
msg\msg.c(2386): warning:  #175-D: subscript out of range
      buff |= (uint64_t)(J1939_MESSAGE->Mxe.Data[132])<<8;
msg\msg.c(2387): warning:  #175-D: subscript out of range
      buff |= (uint64_t)(J1939_MESSAGE->Mxe.Data[133]);
msg\msg.c(2389): warning:  #175-D: subscript out of range
      buff=(uint64_t)(J1939_MESSAGE->Mxe.Data[132])<<24;
msg\msg.c(2390): warning:  #175-D: subscript out of range
      buff |= (uint64_t)(J1939_MESSAGE->Mxe.Data[133])<<16;
msg\msg.c(2391): warning:  #175-D: subscript out of range
      buff |= (uint64_t)(J1939_MESSAGE->Mxe.Data[134])<<8;
msg\msg.c(2392): warning:  #175-D: subscript out of range
      buff |= (uint64_t)(J1939_MESSAGE->Mxe.Data[135]);
msg\msg.c(2394): warning:  #175-D: subscript out of range
      buff=(uint64_t)(J1939_MESSAGE->Mxe.Data[134])<<24;
msg\msg.c(2395): warning:  #175-D: subscript out of range
      buff |= (uint64_t)(J1939_MESSAGE->Mxe.Data[135])<<16;
msg\msg.c(2396): warning:  #175-D: subscript out of range
      buff |= (uint64_t)(J1939_MESSAGE->Mxe.Data[136])<<8;
msg\msg.c(2397): warning:  #175-D: subscript out of range
      buff |= (uint64_t)(J1939_MESSAGE->Mxe.Data[137]);
msg\msg.c(2399): warning:  #175-D: subscript out of range
      buff=(uint64_t)(J1939_MESSAGE->Mxe.Data[136])<<24;
msg\msg.c(2400): warning:  #175-D: subscript out of range
      buff |= (uint64_t)(J1939_MESSAGE->Mxe.Data[137])<<16;
msg\msg.c(2401): warning:  #175-D: subscript out of range
      buff |= (uint64_t)(J1939_MESSAGE->Mxe.Data[138])<<8;
msg\msg.c(2402): warning:  #175-D: subscript out of range
      buff |= (uint64_t)(J1939_MESSAGE->Mxe.Data[139]);
msg\msg.c(2404): warning:  #175-D: subscript out of range
      buff=(uint64_t)(J1939_MESSAGE->Mxe.Data[138])<<24;
msg\msg.c(2405): warning:  #175-D: subscript out of range
      buff |= (uint64_t)(J1939_MESSAGE->Mxe.Data[139])<<16;
msg\msg.c(2406): warning:  #175-D: subscript out of range
      buff |= (uint64_t)(J1939_MESSAGE->Mxe.Data[140])<<8;
msg\msg.c(2407): warning:  #175-D: subscript out of range
      buff |= (uint64_t)(J1939_MESSAGE->Mxe.Data[141]);
msg\msg.c(2409): warning:  #175-D: subscript out of range
      buff=(uint64_t)(J1939_MESSAGE->Mxe.Data[140])<<24;
msg\msg.c(2410): warning:  #175-D: subscript out of range
      buff |= (uint64_t)(J1939_MESSAGE->Mxe.Data[141])<<16;
msg\msg.c(2411): warning:  #175-D: subscript out of range
      buff |= (uint64_t)(J1939_MESSAGE->Mxe.Data[142])<<8;
msg\msg.c(2412): warning:  #175-D: subscript out of range
      buff |= (uint64_t)(J1939_MESSAGE->Mxe.Data[143]);
msg\msg.c(2414): warning:  #175-D: subscript out of range
      buff=(uint64_t)(J1939_MESSAGE->Mxe.Data[142])<<24;
msg\msg.c(2415): warning:  #175-D: subscript out of range
      buff |= (uint64_t)(J1939_MESSAGE->Mxe.Data[143])<<16;
msg\msg.c(2416): warning:  #175-D: subscript out of range
      buff |= (uint64_t)(J1939_MESSAGE->Mxe.Data[144])<<8;
msg\msg.c(2417): warning:  #175-D: subscript out of range
      buff |= (uint64_t)(J1939_MESSAGE->Mxe.Data[145]);
msg\msg.c(2419): warning:  #175-D: subscript out of range
      buff=(uint64_t)(J1939_MESSAGE->Mxe.Data[144])<<24;
msg\msg.c(2420): warning:  #175-D: subscript out of range
      buff |= (uint64_t)(J1939_MESSAGE->Mxe.Data[145])<<16;
msg\msg.c(2421): warning:  #175-D: subscript out of range
      buff |= (uint64_t)(J1939_MESSAGE->Mxe.Data[146])<<8;
msg\msg.c(2422): warning:  #175-D: subscript out of range
      buff |= (uint64_t)(J1939_MESSAGE->Mxe.Data[147]);
msg\msg.c(2424): warning:  #175-D: subscript out of range
      buff=(uint64_t)(J1939_MESSAGE->Mxe.Data[146])<<24;
msg\msg.c(2425): warning:  #175-D: subscript out of range
      buff |= (uint64_t)(J1939_MESSAGE->Mxe.Data[147])<<16;
msg\msg.c(2426): warning:  #175-D: subscript out of range
      buff |= (uint64_t)(J1939_MESSAGE->Mxe.Data[148])<<8;
msg\msg.c(2427): warning:  #175-D: subscript out of range
      buff |= (uint64_t)(J1939_MESSAGE->Mxe.Data[149]);
msg\msg.c(2429): warning:  #175-D: subscript out of range
      buff=(uint64_t)(J1939_MESSAGE->Mxe.Data[148])<<24;
msg\msg.c(2430): warning:  #175-D: subscript out of range
      buff |= (uint64_t)(J1939_MESSAGE->Mxe.Data[149])<<16;
msg\msg.c(2431): warning:  #175-D: subscript out of range
      buff |= (uint64_t)(J1939_MESSAGE->Mxe.Data[150])<<8;
msg\msg.c(2432): warning:  #175-D: subscript out of range
      buff |= (uint64_t)(J1939_MESSAGE->Mxe.Data[151]);
msg\msg.c(2434): warning:  #175-D: subscript out of range
      buff=(uint64_t)(J1939_MESSAGE->Mxe.Data[150])<<24;
msg\msg.c(2435): warning:  #175-D: subscript out of range
      buff |= (uint64_t)(J1939_MESSAGE->Mxe.Data[151])<<16;
msg\msg.c(2436): warning:  #175-D: subscript out of range
      buff |= (uint64_t)(J1939_MESSAGE->Mxe.Data[152])<<8;
msg\msg.c(2437): warning:  #175-D: subscript out of range
      buff |= (uint64_t)(J1939_MESSAGE->Mxe.Data[153]);
msg\msg.c(2439): warning:  #175-D: subscript out of range
      buff=(uint64_t)(J1939_MESSAGE->Mxe.Data[152])<<24;
msg\msg.c(2440): warning:  #175-D: subscript out of range
      buff |= (uint64_t)(J1939_MESSAGE->Mxe.Data[153])<<16;
msg\msg.c(2441): warning:  #175-D: subscript out of range
      buff |= (uint64_t)(J1939_MESSAGE->Mxe.Data[154])<<8;
msg\msg.c(2442): warning:  #175-D: subscript out of range
      buff |= (uint64_t)(J1939_MESSAGE->Mxe.Data[155]);
msg\msg.c(2444): warning:  #175-D: subscript out of range
      buff=(uint64_t)(J1939_MESSAGE->Mxe.Data[154])<<24;
msg\msg.c(2445): warning:  #175-D: subscript out of range
      buff |= (uint64_t)(J1939_MESSAGE->Mxe.Data[155])<<16;
msg\msg.c(2446): warning:  #175-D: subscript out of range
      buff |= (uint64_t)(J1939_MESSAGE->Mxe.Data[156])<<8;
msg\msg.c(2447): warning:  #175-D: subscript out of range
      buff |= (uint64_t)(J1939_MESSAGE->Mxe.Data[157]);
msg\msg.c(2449): warning:  #175-D: subscript out of range
      buff=(uint64_t)(J1939_MESSAGE->Mxe.Data[156])<<24;
msg\msg.c(2450): warning:  #175-D: subscript out of range
      buff |= (uint64_t)(J1939_MESSAGE->Mxe.Data[157])<<16;
msg\msg.c(2451): warning:  #175-D: subscript out of range
      buff |= (uint64_t)(J1939_MESSAGE->Mxe.Data[158])<<8;
msg\msg.c(2452): warning:  #175-D: subscript out of range
      buff |= (uint64_t)(J1939_MESSAGE->Mxe.Data[159]);
msg\msg.c(2454): warning:  #175-D: subscript out of range
      buff=(uint64_t)(J1939_MESSAGE->Mxe.Data[158])<<24;
msg\msg.c(2455): warning:  #175-D: subscript out of range
      buff |= (uint64_t)(J1939_MESSAGE->Mxe.Data[159])<<16;
msg\msg.c(2456): warning:  #175-D: subscript out of range
      buff |= (uint64_t)(J1939_MESSAGE->Mxe.Data[160])<<8;
msg\msg.c(2457): warning:  #175-D: subscript out of range
      buff |= (uint64_t)(J1939_MESSAGE->Mxe.Data[161]);
msg\msg.c(2459): warning:  #175-D: subscript out of range
      buff=(uint64_t)(J1939_MESSAGE->Mxe.Data[160])<<24;
msg\msg.c(2460): warning:  #175-D: subscript out of range
      buff |= (uint64_t)(J1939_MESSAGE->Mxe.Data[161])<<16;
msg\msg.c(2461): warning:  #175-D: subscript out of range
      buff |= (uint64_t)(J1939_MESSAGE->Mxe.Data[162])<<8;
msg\msg.c(2462): warning:  #175-D: subscript out of range
      buff |= (uint64_t)(J1939_MESSAGE->Mxe.Data[163]);
msg\msg.c(2464): warning:  #175-D: subscript out of range
      buff=(uint64_t)(J1939_MESSAGE->Mxe.Data[162])<<24;
msg\msg.c(2465): warning:  #175-D: subscript out of range
      buff |= (uint64_t)(J1939_MESSAGE->Mxe.Data[163])<<16;
msg\msg.c(2466): warning:  #175-D: subscript out of range
      buff |= (uint64_t)(J1939_MESSAGE->Mxe.Data[164])<<8;
msg\msg.c(2467): warning:  #175-D: subscript out of range
      buff |= (uint64_t)(J1939_MESSAGE->Mxe.Data[165]);
msg\msg.c(2469): warning:  #175-D: subscript out of range
      buff=(uint64_t)(J1939_MESSAGE->Mxe.Data[164])<<24;
msg\msg.c(2470): warning:  #175-D: subscript out of range
      buff |= (uint64_t)(J1939_MESSAGE->Mxe.Data[165])<<16;
msg\msg.c(2471): warning:  #175-D: subscript out of range
      buff |= (uint64_t)(J1939_MESSAGE->Mxe.Data[166])<<8;
msg\msg.c(2472): warning:  #175-D: subscript out of range
      buff |= (uint64_t)(J1939_MESSAGE->Mxe.Data[167]);
msg\msg.c(2474): warning:  #175-D: subscript out of range
      buff=(uint64_t)(J1939_MESSAGE->Mxe.Data[166])<<24;
msg\msg.c(2475): warning:  #175-D: subscript out of range
      buff |= (uint64_t)(J1939_MESSAGE->Mxe.Data[167])<<16;
msg\msg.c(2476): warning:  #175-D: subscript out of range
      buff |= (uint64_t)(J1939_MESSAGE->Mxe.Data[168])<<8;
msg\msg.c(2477): warning:  #175-D: subscript out of range
      buff |= (uint64_t)(J1939_MESSAGE->Mxe.Data[169]);
msg\msg.c(2479): warning:  #175-D: subscript out of range
      buff=(uint64_t)(J1939_MESSAGE->Mxe.Data[168])<<24;
msg\msg.c(2480): warning:  #175-D: subscript out of range
      buff |= (uint64_t)(J1939_MESSAGE->Mxe.Data[169])<<16;
msg\msg.c(2481): warning:  #175-D: subscript out of range
      buff |= (uint64_t)(J1939_MESSAGE->Mxe.Data[170])<<8;
msg\msg.c(2482): warning:  #175-D: subscript out of range
      buff |= (uint64_t)(J1939_MESSAGE->Mxe.Data[171]);
msg\msg.c(2484): warning:  #175-D: subscript out of range
      buff=(uint64_t)(J1939_MESSAGE->Mxe.Data[170])<<24;
msg\msg.c(2485): warning:  #175-D: subscript out of range
      buff |= (uint64_t)(J1939_MESSAGE->Mxe.Data[171])<<16;
msg\msg.c(2486): warning:  #175-D: subscript out of range
      buff |= (uint64_t)(J1939_MESSAGE->Mxe.Data[172])<<8;
msg\msg.c(2487): warning:  #175-D: subscript out of range
      buff |= (uint64_t)(J1939_MESSAGE->Mxe.Data[173]);
msg\msg.c(2489): warning:  #175-D: subscript out of range
      buff=(uint64_t)(J1939_MESSAGE->Mxe.Data[172])<<24;
msg\msg.c(2490): warning:  #175-D: subscript out of range
      buff |= (uint64_t)(J1939_MESSAGE->Mxe.Data[173])<<16;
msg\msg.c(2491): warning:  #175-D: subscript out of range
      buff |= (uint64_t)(J1939_MESSAGE->Mxe.Data[174])<<8;
msg\msg.c(2492): warning:  #175-D: subscript out of range
      buff |= (uint64_t)(J1939_MESSAGE->Mxe.Data[175]);
msg\msg.c(2494): warning:  #175-D: subscript out of range
      buff=(uint64_t)(J1939_MESSAGE->Mxe.Data[174])<<24;
msg\msg.c(2495): warning:  #175-D: subscript out of range
      buff |= (uint64_t)(J1939_MESSAGE->Mxe.Data[175])<<16;
msg\msg.c(2496): warning:  #175-D: subscript out of range
      buff |= (uint64_t)(J1939_MESSAGE->Mxe.Data[176])<<8;
msg\msg.c(2497): warning:  #175-D: subscript out of range
      buff |= (uint64_t)(J1939_MESSAGE->Mxe.Data[177]);
msg\msg.c(2499): warning:  #175-D: subscript out of range
      buff=(uint64_t)(J1939_MESSAGE->Mxe.Data[176])<<24;
msg\msg.c(2500): warning:  #175-D: subscript out of range
      buff |= (uint64_t)(J1939_MESSAGE->Mxe.Data[177])<<16;
msg\msg.c(2501): warning:  #175-D: subscript out of range
      buff |= (uint64_t)(J1939_MESSAGE->Mxe.Data[178])<<8;
msg\msg.c(2502): warning:  #175-D: subscript out of range
      buff |= (uint64_t)(J1939_MESSAGE->Mxe.Data[179]);
msg\msg.c(2504): warning:  #175-D: subscript out of range
      buff=(uint64_t)(J1939_MESSAGE->Mxe.Data[178])<<24;
msg\msg.c(2505): warning:  #175-D: subscript out of range
      buff |= (uint64_t)(J1939_MESSAGE->Mxe.Data[179])<<16;
msg\msg.c(2506): warning:  #175-D: subscript out of range
      buff |= (uint64_t)(J1939_MESSAGE->Mxe.Data[180])<<8;
msg\msg.c(2507): warning:  #175-D: subscript out of range
      buff |= (uint64_t)(J1939_MESSAGE->Mxe.Data[181]);
msg\msg.c(2509): warning:  #175-D: subscript out of range
      buff=(uint64_t)(J1939_MESSAGE->Mxe.Data[180])<<24;
msg\msg.c(2510): warning:  #175-D: subscript out of range
      buff |= (uint64_t)(J1939_MESSAGE->Mxe.Data[181])<<16;
msg\msg.c(2511): warning:  #175-D: subscript out of range
      buff |= (uint64_t)(J1939_MESSAGE->Mxe.Data[182])<<8;
msg\msg.c(2512): warning:  #175-D: subscript out of range
      buff |= (uint64_t)(J1939_MESSAGE->Mxe.Data[183]);
msg\msg.c(2514): warning:  #175-D: subscript out of range
      buff=(uint64_t)(J1939_MESSAGE->Mxe.Data[182])<<24;
msg\msg.c(2515): warning:  #175-D: subscript out of range
      buff |= (uint64_t)(J1939_MESSAGE->Mxe.Data[183])<<16;
msg\msg.c(2516): warning:  #175-D: subscript out of range
      buff |= (uint64_t)(J1939_MESSAGE->Mxe.Data[184])<<8;
msg\msg.c(2517): warning:  #175-D: subscript out of range
      buff |= (uint64_t)(J1939_MESSAGE->Mxe.Data[185]);
msg\msg.c(2519): warning:  #175-D: subscript out of range
      buff=(uint64_t)(J1939_MESSAGE->Mxe.Data[184])<<24;
msg\msg.c(2520): warning:  #175-D: subscript out of range
      buff |= (uint64_t)(J1939_MESSAGE->Mxe.Data[185])<<16;
msg\msg.c(2521): warning:  #175-D: subscript out of range
      buff |= (uint64_t)(J1939_MESSAGE->Mxe.Data[186])<<8;
msg\msg.c(2522): warning:  #175-D: subscript out of range
      buff |= (uint64_t)(J1939_MESSAGE->Mxe.Data[187]);
msg\msg.c(2524): warning:  #175-D: subscript out of range
      buff=(uint64_t)(J1939_MESSAGE->Mxe.Data[186])<<24;
msg\msg.c(2525): warning:  #175-D: subscript out of range
      buff |= (uint64_t)(J1939_MESSAGE->Mxe.Data[187])<<16;
msg\msg.c(2526): warning:  #175-D: subscript out of range
      buff |= (uint64_t)(J1939_MESSAGE->Mxe.Data[188])<<8;
msg\msg.c(2527): warning:  #175-D: subscript out of range
      buff |= (uint64_t)(J1939_MESSAGE->Mxe.Data[189]);
msg\msg.c(2529): warning:  #175-D: subscript out of range
      buff=(uint64_t)(J1939_MESSAGE->Mxe.Data[188])<<24;
msg\msg.c(2530): warning:  #175-D: subscript out of range
      buff |= (uint64_t)(J1939_MESSAGE->Mxe.Data[189])<<16;
msg\msg.c(2531): warning:  #175-D: subscript out of range
      buff |= (uint64_t)(J1939_MESSAGE->Mxe.Data[190])<<8;
msg\msg.c(2532): warning:  #175-D: subscript out of range
      buff |= (uint64_t)(J1939_MESSAGE->Mxe.Data[191]);
msg\msg.c(2534): warning:  #175-D: subscript out of range
      buff=(uint64_t)(J1939_MESSAGE->Mxe.Data[190])<<24;
msg\msg.c(2535): warning:  #175-D: subscript out of range
      buff |= (uint64_t)(J1939_MESSAGE->Mxe.Data[191])<<16;
msg\msg.c(2536): warning:  #175-D: subscript out of range
      buff |= (uint64_t)(J1939_MESSAGE->Mxe.Data[192])<<8;
msg\msg.c(2537): warning:  #175-D: subscript out of range
      buff |= (uint64_t)(J1939_MESSAGE->Mxe.Data[193]);
msg\msg.c(2539): warning:  #175-D: subscript out of range
      buff=(uint64_t)(J1939_MESSAGE->Mxe.Data[192])<<24;
msg\msg.c(2540): warning:  #175-D: subscript out of range
      buff |= (uint64_t)(J1939_MESSAGE->Mxe.Data[193])<<16;
msg\msg.c(2541): warning:  #175-D: subscript out of range
      buff |= (uint64_t)(J1939_MESSAGE->Mxe.Data[194])<<8;
msg\msg.c(2542): warning:  #175-D: subscript out of range
      buff |= (uint64_t)(J1939_MESSAGE->Mxe.Data[195]);
msg\msg.c(2544): warning:  #175-D: subscript out of range
      buff=(uint64_t)(J1939_MESSAGE->Mxe.Data[194])<<24;
msg\msg.c(2545): warning:  #175-D: subscript out of range
      buff |= (uint64_t)(J1939_MESSAGE->Mxe.Data[195])<<16;
msg\msg.c(2546): warning:  #175-D: subscript out of range
      buff |= (uint64_t)(J1939_MESSAGE->Mxe.Data[196])<<8;
msg\msg.c(2547): warning:  #175-D: subscript out of range
      buff |= (uint64_t)(J1939_MESSAGE->Mxe.Data[197]);
msg\msg.c(2549): warning:  #175-D: subscript out of range
      buff=(uint64_t)(J1939_MESSAGE->Mxe.Data[196])<<24;
msg\msg.c(2550): warning:  #175-D: subscript out of range
      buff |= (uint64_t)(J1939_MESSAGE->Mxe.Data[197])<<16;
msg\msg.c(2551): warning:  #175-D: subscript out of range
      buff |= (uint64_t)(J1939_MESSAGE->Mxe.Data[198])<<8;
msg\msg.c(2552): warning:  #175-D: subscript out of range
      buff |= (uint64_t)(J1939_MESSAGE->Mxe.Data[199]);
msg\msg.c(2554): warning:  #175-D: subscript out of range
      buff=(uint64_t)(J1939_MESSAGE->Mxe.Data[198])<<24;
msg\msg.c(2555): warning:  #175-D: subscript out of range
      buff |= (uint64_t)(J1939_MESSAGE->Mxe.Data[199])<<16;
msg\msg.c(2556): warning:  #175-D: subscript out of range
      buff |= (uint64_t)(J1939_MESSAGE->Mxe.Data[200])<<8;
msg\msg.c(2557): warning:  #175-D: subscript out of range
      buff |= (uint64_t)(J1939_MESSAGE->Mxe.Data[201]);
msg\msg.c(2696): warning:  #177-D: variable "buff" was declared but never referenced
         uint64_t buff;
msg\msg.c(2712): warning:  #177-D: variable "buff" was declared but never referenced
         uint64_t buff;
msg\msg.c(2736): warning:  #177-D: variable "buff" was declared but never referenced
         uint64_t buff;
msg\msg.c(2752): warning:  #177-D: variable "buff" was declared but never referenced
         uint64_t buff;
msg\msg.c(2776): warning:  #177-D: variable "buff" was declared but never referenced
         uint64_t buff;
msg\msg.c(2792): warning:  #177-D: variable "buff" was declared but never referenced
         uint64_t buff;
msg\msg.c(2816): warning:  #177-D: variable "buff" was declared but never referenced
         uint64_t buff;
msg\msg.c(2832): warning:  #177-D: variable "buff" was declared but never referenced
         uint64_t buff;
msg\msg.c(2856): warning:  #177-D: variable "buff" was declared but never referenced
         uint64_t buff;
msg\msg.c(2872): warning:  #177-D: variable "buff" was declared but never referenced
         uint64_t buff;
msg\msg.c(2896): warning:  #177-D: variable "buff" was declared but never referenced
         uint64_t buff;
msg\msg.c(2912): warning:  #177-D: variable "buff" was declared but never referenced
         uint64_t buff;
msg\msg.c(2936): warning:  #177-D: variable "buff" was declared but never referenced
         uint64_t buff;
msg\msg.c(2952): warning:  #177-D: variable "buff" was declared but never referenced
         uint64_t buff;
msg\msg.c(3009): warning:  #62-D: shift count is negative
      A2SCRRT2I->bt7.Aftertreatment_2_Diesel_Exhaust_Fluid_Tank_2_Heater = J1939_MESSAGE->Mxe.Data[6]>>-1;
msg\msg.c(3027): warning:  #177-D: variable "buff" was declared but never referenced
         uint64_t buff;
msg\msg.c(3068): warning:  #177-D: variable "buff" was declared but never referenced
         uint64_t buff;
msg\msg.c(3080): warning:  #177-D: variable "buff" was declared but never referenced
         uint64_t buff;
msg\msg.c(3142): warning:  #177-D: variable "buff" was declared but never referenced
         uint64_t buff;
msg\msg.c(3155): warning:  #177-D: variable "buff" was declared but never referenced
         uint64_t buff;
msg\msg.c(3244): warning:  #177-D: variable "buff" was declared but never referenced
         uint64_t buff;
msg\msg.c(3251): warning:  #177-D: variable "buff" was declared but never referenced
         uint64_t buff;
msg\msg.c(3299): warning:  #177-D: variable "buff" was declared but never referenced
         uint64_t buff;
msg\msg.c(3335): warning:  #177-D: variable "buff" was declared but never referenced
         uint64_t buff;
msg\msg.c(3413): warning:  #177-D: variable "buff" was declared but never referenced
         uint64_t buff;
msg\msg.c(3432): warning:  #177-D: variable "buff" was declared but never referenced
         uint64_t buff;
msg\msg.c(3574): warning:  #175-D: subscript out of range
      buff=(uint64_t)(J1939_MESSAGE->Mxe.Data[8])<<24;
msg\msg.c(3575): warning:  #175-D: subscript out of range
      buff |= (uint64_t)(J1939_MESSAGE->Mxe.Data[9])<<16;
msg\msg.c(3576): warning:  #175-D: subscript out of range
      buff |= (uint64_t)(J1939_MESSAGE->Mxe.Data[10])<<8;
msg\msg.c(3577): warning:  #175-D: subscript out of range
      buff |= (uint64_t)(J1939_MESSAGE->Mxe.Data[11]);
msg\msg.c(3579): warning:  #175-D: subscript out of range
      buff=(uint64_t)(J1939_MESSAGE->Mxe.Data[12])<<24;
msg\msg.c(3580): warning:  #175-D: subscript out of range
      buff |= (uint64_t)(J1939_MESSAGE->Mxe.Data[13])<<16;
msg\msg.c(3581): warning:  #175-D: subscript out of range
      buff |= (uint64_t)(J1939_MESSAGE->Mxe.Data[14])<<8;
msg\msg.c(3582): warning:  #175-D: subscript out of range
      buff |= (uint64_t)(J1939_MESSAGE->Mxe.Data[15]);
msg\msg.c(3584): warning:  #175-D: subscript out of range
      buff=(uint64_t)(J1939_MESSAGE->Mxe.Data[16])<<24;
msg\msg.c(3585): warning:  #175-D: subscript out of range
      buff |= (uint64_t)(J1939_MESSAGE->Mxe.Data[17])<<16;
msg\msg.c(3586): warning:  #175-D: subscript out of range
      buff |= (uint64_t)(J1939_MESSAGE->Mxe.Data[18])<<8;
msg\msg.c(3587): warning:  #175-D: subscript out of range
      buff |= (uint64_t)(J1939_MESSAGE->Mxe.Data[19]);
msg\msg.c(3589): warning:  #175-D: subscript out of range
      buff=(uint64_t)(J1939_MESSAGE->Mxe.Data[20])<<24;
msg\msg.c(3590): warning:  #175-D: subscript out of range
      buff |= (uint64_t)(J1939_MESSAGE->Mxe.Data[21])<<16;
msg\msg.c(3591): warning:  #175-D: subscript out of range
      buff |= (uint64_t)(J1939_MESSAGE->Mxe.Data[22])<<8;
msg\msg.c(3592): warning:  #175-D: subscript out of range
      buff |= (uint64_t)(J1939_MESSAGE->Mxe.Data[23]);
msg\msg.c(3594): warning:  #175-D: subscript out of range
      buff=(uint64_t)(J1939_MESSAGE->Mxe.Data[24])<<24;
msg\msg.c(3595): warning:  #175-D: subscript out of range
      buff |= (uint64_t)(J1939_MESSAGE->Mxe.Data[25])<<16;
msg\msg.c(3596): warning:  #175-D: subscript out of range
      buff |= (uint64_t)(J1939_MESSAGE->Mxe.Data[26])<<8;
msg\msg.c(3597): warning:  #175-D: subscript out of range
      buff |= (uint64_t)(J1939_MESSAGE->Mxe.Data[27]);
msg\msg.c(3599): warning:  #175-D: subscript out of range
      buff=(uint64_t)(J1939_MESSAGE->Mxe.Data[28])<<24;
msg\msg.c(3600): warning:  #175-D: subscript out of range
      buff |= (uint64_t)(J1939_MESSAGE->Mxe.Data[29])<<16;
msg\msg.c(3601): warning:  #175-D: subscript out of range
      buff |= (uint64_t)(J1939_MESSAGE->Mxe.Data[30])<<8;
msg\msg.c(3602): warning:  #175-D: subscript out of range
      buff |= (uint64_t)(J1939_MESSAGE->Mxe.Data[31]);
msg\msg.c(3618): warning:  #175-D: subscript out of range
      buff=(uint64_t)(J1939_MESSAGE->Mxe.Data[8])<<24;
msg\msg.c(3619): warning:  #175-D: subscript out of range
      buff |= (uint64_t)(J1939_MESSAGE->Mxe.Data[9])<<16;
msg\msg.c(3620): warning:  #175-D: subscript out of range
      buff |= (uint64_t)(J1939_MESSAGE->Mxe.Data[10])<<8;
msg\msg.c(3621): warning:  #175-D: subscript out of range
      buff |= (uint64_t)(J1939_MESSAGE->Mxe.Data[11]);
msg\msg.c(3623): warning:  #175-D: subscript out of range
      buff=(uint64_t)(J1939_MESSAGE->Mxe.Data[12])<<24;
msg\msg.c(3624): warning:  #175-D: subscript out of range
      buff |= (uint64_t)(J1939_MESSAGE->Mxe.Data[13])<<16;
msg\msg.c(3625): warning:  #175-D: subscript out of range
      buff |= (uint64_t)(J1939_MESSAGE->Mxe.Data[14])<<8;
msg\msg.c(3626): warning:  #175-D: subscript out of range
      buff |= (uint64_t)(J1939_MESSAGE->Mxe.Data[15]);
msg\msg.c(3628): warning:  #175-D: subscript out of range
      buff=(uint64_t)(J1939_MESSAGE->Mxe.Data[16])<<24;
msg\msg.c(3629): warning:  #175-D: subscript out of range
      buff |= (uint64_t)(J1939_MESSAGE->Mxe.Data[17])<<16;
msg\msg.c(3630): warning:  #175-D: subscript out of range
      buff |= (uint64_t)(J1939_MESSAGE->Mxe.Data[18])<<8;
msg\msg.c(3631): warning:  #175-D: subscript out of range
      buff |= (uint64_t)(J1939_MESSAGE->Mxe.Data[19]);
msg\msg.c(3633): warning:  #175-D: subscript out of range
      buff=(uint64_t)(J1939_MESSAGE->Mxe.Data[20])<<24;
msg\msg.c(3634): warning:  #175-D: subscript out of range
      buff |= (uint64_t)(J1939_MESSAGE->Mxe.Data[21])<<16;
msg\msg.c(3635): warning:  #175-D: subscript out of range
      buff |= (uint64_t)(J1939_MESSAGE->Mxe.Data[22])<<8;
msg\msg.c(3636): warning:  #175-D: subscript out of range
      buff |= (uint64_t)(J1939_MESSAGE->Mxe.Data[23]);
msg\msg.c(3638): warning:  #175-D: subscript out of range
      buff=(uint64_t)(J1939_MESSAGE->Mxe.Data[24])<<24;
msg\msg.c(3639): warning:  #175-D: subscript out of range
      buff |= (uint64_t)(J1939_MESSAGE->Mxe.Data[25])<<16;
msg\msg.c(3640): warning:  #175-D: subscript out of range
      buff |= (uint64_t)(J1939_MESSAGE->Mxe.Data[26])<<8;
msg\msg.c(3641): warning:  #175-D: subscript out of range
      buff |= (uint64_t)(J1939_MESSAGE->Mxe.Data[27]);
msg\msg.c(3643): warning:  #175-D: subscript out of range
      buff=(uint64_t)(J1939_MESSAGE->Mxe.Data[28])<<24;
msg\msg.c(3644): warning:  #175-D: subscript out of range
      buff |= (uint64_t)(J1939_MESSAGE->Mxe.Data[29])<<16;
msg\msg.c(3645): warning:  #175-D: subscript out of range
      buff |= (uint64_t)(J1939_MESSAGE->Mxe.Data[30])<<8;
msg\msg.c(3646): warning:  #175-D: subscript out of range
      buff |= (uint64_t)(J1939_MESSAGE->Mxe.Data[31]);
msg\msg.c(3679): warning:  #177-D: variable "buff" was declared but never referenced
         uint64_t buff;
msg\msg.c(3708): warning:  #177-D: variable "buff" was declared but never referenced
         uint64_t buff;
msg\msg.c(3716): warning:  #177-D: variable "buff" was declared but never referenced
         uint64_t buff;
msg\msg.c(3721): warning:  #177-D: variable "buff" was declared but never referenced
         uint64_t buff;
msg\msg.c(3726): warning:  #177-D: variable "buff" was declared but never referenced
         uint64_t buff;
msg\msg.c(3851): warning:  #177-D: variable "buff" was declared but never referenced
         uint64_t buff;
msg\msg.c(3922): warning:  #175-D: subscript out of range
      buff=(uint64_t)(J1939_MESSAGE->Mxe.Data[8])<<24;
msg\msg.c(3923): warning:  #175-D: subscript out of range
      buff |= (uint64_t)(J1939_MESSAGE->Mxe.Data[9])<<16;
msg\msg.c(3924): warning:  #175-D: subscript out of range
      buff |= (uint64_t)(J1939_MESSAGE->Mxe.Data[10])<<8;
msg\msg.c(3925): warning:  #175-D: subscript out of range
      buff |= (uint64_t)(J1939_MESSAGE->Mxe.Data[11]);
msg\msg.c(3927): warning:  #175-D: subscript out of range
      buff=(uint64_t)(J1939_MESSAGE->Mxe.Data[12])<<24;
msg\msg.c(3928): warning:  #175-D: subscript out of range
      buff |= (uint64_t)(J1939_MESSAGE->Mxe.Data[13])<<16;
msg\msg.c(3929): warning:  #175-D: subscript out of range
      buff |= (uint64_t)(J1939_MESSAGE->Mxe.Data[14])<<8;
msg\msg.c(3930): warning:  #175-D: subscript out of range
      buff |= (uint64_t)(J1939_MESSAGE->Mxe.Data[15]);
msg\msg.c(3932): warning:  #175-D: subscript out of range
      buff=(uint64_t)(J1939_MESSAGE->Mxe.Data[16])<<24;
msg\msg.c(3933): warning:  #175-D: subscript out of range
      buff |= (uint64_t)(J1939_MESSAGE->Mxe.Data[17])<<16;
msg\msg.c(3934): warning:  #175-D: subscript out of range
      buff |= (uint64_t)(J1939_MESSAGE->Mxe.Data[18])<<8;
msg\msg.c(3935): warning:  #175-D: subscript out of range
      buff |= (uint64_t)(J1939_MESSAGE->Mxe.Data[19]);
msg\msg.c(3937): warning:  #175-D: subscript out of range
      buff=(uint64_t)(J1939_MESSAGE->Mxe.Data[20])<<24;
msg\msg.c(3938): warning:  #175-D: subscript out of range
      buff |= (uint64_t)(J1939_MESSAGE->Mxe.Data[21])<<16;
msg\msg.c(3939): warning:  #175-D: subscript out of range
      buff |= (uint64_t)(J1939_MESSAGE->Mxe.Data[22])<<8;
msg\msg.c(3940): warning:  #175-D: subscript out of range
      buff |= (uint64_t)(J1939_MESSAGE->Mxe.Data[23]);
msg\msg.c(3942): warning:  #175-D: subscript out of range
      buff=(uint64_t)(J1939_MESSAGE->Mxe.Data[24])<<24;
msg\msg.c(3943): warning:  #175-D: subscript out of range
      buff |= (uint64_t)(J1939_MESSAGE->Mxe.Data[25])<<16;
msg\msg.c(3944): warning:  #175-D: subscript out of range
      buff |= (uint64_t)(J1939_MESSAGE->Mxe.Data[26])<<8;
msg\msg.c(3945): warning:  #175-D: subscript out of range
      buff |= (uint64_t)(J1939_MESSAGE->Mxe.Data[27]);
msg\msg.c(3947): warning:  #175-D: subscript out of range
      buff=(uint64_t)(J1939_MESSAGE->Mxe.Data[28])<<24;
msg\msg.c(3948): warning:  #175-D: subscript out of range
      buff |= (uint64_t)(J1939_MESSAGE->Mxe.Data[29])<<16;
msg\msg.c(3949): warning:  #175-D: subscript out of range
      buff |= (uint64_t)(J1939_MESSAGE->Mxe.Data[30])<<8;
msg\msg.c(3950): warning:  #175-D: subscript out of range
      buff |= (uint64_t)(J1939_MESSAGE->Mxe.Data[31]);
msg\msg.c(3952): warning:  #175-D: subscript out of range
      buff=(uint64_t)(J1939_MESSAGE->Mxe.Data[32])<<24;
msg\msg.c(3953): warning:  #175-D: subscript out of range
      buff |= (uint64_t)(J1939_MESSAGE->Mxe.Data[33])<<16;
msg\msg.c(3954): warning:  #175-D: subscript out of range
      buff |= (uint64_t)(J1939_MESSAGE->Mxe.Data[34])<<8;
msg\msg.c(3955): warning:  #175-D: subscript out of range
      buff |= (uint64_t)(J1939_MESSAGE->Mxe.Data[35]);
msg\msg.c(3957): warning:  #175-D: subscript out of range
      buff=(uint64_t)(J1939_MESSAGE->Mxe.Data[36])<<24;
msg\msg.c(3958): warning:  #175-D: subscript out of range
      buff |= (uint64_t)(J1939_MESSAGE->Mxe.Data[37])<<16;
msg\msg.c(3959): warning:  #175-D: subscript out of range
      buff |= (uint64_t)(J1939_MESSAGE->Mxe.Data[38])<<8;
msg\msg.c(3960): warning:  #175-D: subscript out of range
      buff |= (uint64_t)(J1939_MESSAGE->Mxe.Data[39]);
msg\msg.c(3976): warning:  #175-D: subscript out of range
      buff=(uint64_t)(J1939_MESSAGE->Mxe.Data[8])<<24;
msg\msg.c(3977): warning:  #175-D: subscript out of range
      buff |= (uint64_t)(J1939_MESSAGE->Mxe.Data[9])<<16;
msg\msg.c(3978): warning:  #175-D: subscript out of range
      buff |= (uint64_t)(J1939_MESSAGE->Mxe.Data[10])<<8;
msg\msg.c(3979): warning:  #175-D: subscript out of range
      buff |= (uint64_t)(J1939_MESSAGE->Mxe.Data[11]);
msg\msg.c(3981): warning:  #175-D: subscript out of range
      buff=(uint64_t)(J1939_MESSAGE->Mxe.Data[12])<<24;
msg\msg.c(3982): warning:  #175-D: subscript out of range
      buff |= (uint64_t)(J1939_MESSAGE->Mxe.Data[13])<<16;
msg\msg.c(3983): warning:  #175-D: subscript out of range
      buff |= (uint64_t)(J1939_MESSAGE->Mxe.Data[14])<<8;
msg\msg.c(3984): warning:  #175-D: subscript out of range
      buff |= (uint64_t)(J1939_MESSAGE->Mxe.Data[15]);
msg\msg.c(3986): warning:  #175-D: subscript out of range
      buff=(uint64_t)(J1939_MESSAGE->Mxe.Data[16])<<24;
msg\msg.c(3987): warning:  #175-D: subscript out of range
      buff |= (uint64_t)(J1939_MESSAGE->Mxe.Data[17])<<16;
msg\msg.c(3988): warning:  #175-D: subscript out of range
      buff |= (uint64_t)(J1939_MESSAGE->Mxe.Data[18])<<8;
msg\msg.c(3989): warning:  #175-D: subscript out of range
      buff |= (uint64_t)(J1939_MESSAGE->Mxe.Data[19]);
msg\msg.c(3991): warning:  #175-D: subscript out of range
      buff=(uint64_t)(J1939_MESSAGE->Mxe.Data[20])<<24;
msg\msg.c(3992): warning:  #175-D: subscript out of range
      buff |= (uint64_t)(J1939_MESSAGE->Mxe.Data[21])<<16;
msg\msg.c(3993): warning:  #175-D: subscript out of range
      buff |= (uint64_t)(J1939_MESSAGE->Mxe.Data[22])<<8;
msg\msg.c(3994): warning:  #175-D: subscript out of range
      buff |= (uint64_t)(J1939_MESSAGE->Mxe.Data[23]);
msg\msg.c(3996): warning:  #175-D: subscript out of range
      buff=(uint64_t)(J1939_MESSAGE->Mxe.Data[24])<<24;
msg\msg.c(3997): warning:  #175-D: subscript out of range
      buff |= (uint64_t)(J1939_MESSAGE->Mxe.Data[25])<<16;
msg\msg.c(3998): warning:  #175-D: subscript out of range
      buff |= (uint64_t)(J1939_MESSAGE->Mxe.Data[26])<<8;
msg\msg.c(3999): warning:  #175-D: subscript out of range
      buff |= (uint64_t)(J1939_MESSAGE->Mxe.Data[27]);
msg\msg.c(4001): warning:  #175-D: subscript out of range
      buff=(uint64_t)(J1939_MESSAGE->Mxe.Data[28])<<24;
msg\msg.c(4002): warning:  #175-D: subscript out of range
      buff |= (uint64_t)(J1939_MESSAGE->Mxe.Data[29])<<16;
msg\msg.c(4003): warning:  #175-D: subscript out of range
      buff |= (uint64_t)(J1939_MESSAGE->Mxe.Data[30])<<8;
msg\msg.c(4004): warning:  #175-D: subscript out of range
      buff |= (uint64_t)(J1939_MESSAGE->Mxe.Data[31]);
msg\msg.c(4006): warning:  #175-D: subscript out of range
      buff=(uint64_t)(J1939_MESSAGE->Mxe.Data[32])<<24;
msg\msg.c(4007): warning:  #175-D: subscript out of range
      buff |= (uint64_t)(J1939_MESSAGE->Mxe.Data[33])<<16;
msg\msg.c(4008): warning:  #175-D: subscript out of range
      buff |= (uint64_t)(J1939_MESSAGE->Mxe.Data[34])<<8;
msg\msg.c(4009): warning:  #175-D: subscript out of range
      buff |= (uint64_t)(J1939_MESSAGE->Mxe.Data[35]);
msg\msg.c(4011): warning:  #175-D: subscript out of range
      buff=(uint64_t)(J1939_MESSAGE->Mxe.Data[36])<<24;
msg\msg.c(4012): warning:  #175-D: subscript out of range
      buff |= (uint64_t)(J1939_MESSAGE->Mxe.Data[37])<<16;
msg\msg.c(4013): warning:  #175-D: subscript out of range
      buff |= (uint64_t)(J1939_MESSAGE->Mxe.Data[38])<<8;
msg\msg.c(4014): warning:  #175-D: subscript out of range
      buff |= (uint64_t)(J1939_MESSAGE->Mxe.Data[39]);
msg\msg.c(4019): warning:  #177-D: variable "buff" was declared but never referenced
         uint64_t buff;
msg\msg.c(4164): warning:  #177-D: variable "buff" was declared but never referenced
         uint64_t buff;
msg\msg.c(4190): warning:  #177-D: variable "buff" was declared but never referenced
         uint64_t buff;
msg\msg.c(4224): warning:  #177-D: variable "buff" was declared but never referenced
         uint64_t buff;
msg\msg.c(4233): warning:  #177-D: variable "buff" was declared but never referenced
         uint64_t buff;
msg\msg.c(4254): warning:  #177-D: variable "buff" was declared but never referenced
         uint64_t buff;
msg\msg.c(4349): warning:  #177-D: variable "buff" was declared but never referenced
         uint64_t buff;
msg\msg.c(4355): warning:  #177-D: variable "buff" was declared but never referenced
         uint64_t buff;
msg\msg.c(4361): warning:  #177-D: variable "buff" was declared but never referenced
         uint64_t buff;
msg\msg.c(4388): warning:  #177-D: variable "buff" was declared but never referenced
         uint64_t buff;
msg\msg.c(4396): warning:  #177-D: variable "buff" was declared but never referenced
         uint64_t buff;
msg\msg.c(4401): warning:  #177-D: variable "buff" was declared but never referenced
         uint64_t buff;
msg\msg.c(4439): warning:  #177-D: variable "buff" was declared but never referenced
         uint64_t buff;
msg\msg.c(4447): warning:  #177-D: variable "buff" was declared but never referenced
         uint64_t buff;
msg\msg.c(4460): warning:  #177-D: variable "buff" was declared but never referenced
         uint64_t buff;
msg\msg.c(4471): warning:  #177-D: variable "buff" was declared but never referenced
         uint64_t buff;
msg\msg.c(4483): warning:  #177-D: variable "buff" was declared but never referenced
         uint64_t buff;
msg\msg.c(4495): warning:  #177-D: variable "buff" was declared but never referenced
         uint64_t buff;
msg\msg.c(4500): warning:  #177-D: variable "buff" was declared but never referenced
         uint64_t buff;
msg\msg.c(4525): warning:  #177-D: variable "buff" was declared but never referenced
         uint64_t buff;
msg\msg.c(4586): warning:  #177-D: variable "buff" was declared but never referenced
         uint64_t buff;
msg\msg.c(4611): warning:  #177-D: variable "buff" was declared but never referenced
         uint64_t buff;
msg\msg.c(4635): warning:  #177-D: variable "buff" was declared but never referenced
         uint64_t buff;
msg\msg.c(4651): warning:  #177-D: variable "buff" was declared but never referenced
         uint64_t buff;
msg\msg.c(4675): warning:  #177-D: variable "buff" was declared but never referenced
         uint64_t buff;
msg\msg.c(4691): warning:  #177-D: variable "buff" was declared but never referenced
         uint64_t buff;
msg\msg.c(4715): warning:  #177-D: variable "buff" was declared but never referenced
         uint64_t buff;
msg\msg.c(4731): warning:  #177-D: variable "buff" was declared but never referenced
         uint64_t buff;
msg\msg.c(4738): warning:  #177-D: variable "buff" was declared but never referenced
         uint64_t buff;
msg\msg.c(4758): warning:  #177-D: variable "buff" was declared but never referenced
         uint64_t buff;
msg\msg.c(4763): warning:  #177-D: variable "buff" was declared but never referenced
         uint64_t buff;
msg\msg.c(4773): warning:  #177-D: variable "buff" was declared but never referenced
         uint64_t buff;
msg\msg.c(4778): warning:  #177-D: variable "buff" was declared but never referenced
         uint64_t buff;
msg\msg.c(4783): warning:  #177-D: variable "buff" was declared but never referenced
         uint64_t buff;
msg\msg.c(4795): warning:  #177-D: variable "buff" was declared but never referenced
         uint64_t buff;
msg\msg.c(4817): warning:  #177-D: variable "buff" was declared but never referenced
         uint64_t buff;
msg\msg.c(4852): warning:  #177-D: variable "buff" was declared but never referenced
         uint64_t buff;
msg\msg.c(4888): warning:  #177-D: variable "buff" was declared but never referenced
         uint64_t buff;
msg\msg.c(4918): warning:  #177-D: variable "buff" was declared but never referenced
         uint64_t buff;
msg\msg.c(4940): warning:  #177-D: variable "buff" was declared but never referenced
         uint64_t buff;
msg\msg.c(4947): warning:  #177-D: variable "buff" was declared but never referenced
         uint64_t buff;
msg\msg.c(4959): warning:  #177-D: variable "buff" was declared but never referenced
         uint64_t buff;
msg\msg.c(4965): warning:  #177-D: variable "buff" was declared but never referenced
         uint64_t buff;
msg\msg.c(4981): warning:  #177-D: variable "buff" was declared but never referenced
         uint64_t buff;
msg\msg.c(4993): warning:  #177-D: variable "buff" was declared but never referenced
         uint64_t buff;
msg\msg.c(5033): warning:  #177-D: variable "buff" was declared but never referenced
         uint64_t buff;
msg\msg.c(5068): warning:  #177-D: variable "buff" was declared but never referenced
         uint64_t buff;
msg\msg.c(5097): warning:  #177-D: variable "buff" was declared but never referenced
         uint64_t buff;
msg\msg.c(5104): warning:  #177-D: variable "buff" was declared but never referenced
         uint64_t buff;
msg\msg.c(5116): warning:  #177-D: variable "buff" was declared but never referenced
         uint64_t buff;
msg\msg.c(5140): warning:  #177-D: variable "buff" was declared but never referenced
         uint64_t buff;
msg\msg.c(5177): warning:  #177-D: variable "buff" was declared but never referenced
         uint64_t buff;
msg\msg.c(5288): warning:  #177-D: variable "buff" was declared but never referenced
         uint64_t buff;
msg\msg.c(5310): warning:  #177-D: variable "buff" was declared but never referenced
         uint64_t buff;
msg\msg.c(5551): warning:  #177-D: variable "buff" was declared but never referenced
         uint64_t buff;
msg\msg.c(5563): warning:  #177-D: variable "buff" was declared but never referenced
         uint64_t buff;
msg\msg.c(5575): warning:  #177-D: variable "buff" was declared but never referenced
         uint64_t buff;
msg\msg.c(5634): warning:  #177-D: variable "buff" was declared but never referenced
         uint64_t buff;
msg\msg.c(5663): warning:  #177-D: variable "buff" was declared but never referenced
         uint64_t buff;
msg\msg.c(5680): warning:  #177-D: variable "buff" was declared but never referenced
         uint64_t buff;
msg\msg.c(5912): warning:  #177-D: variable "buff" was declared but never referenced
         uint64_t buff;
msg\msg.c(5937): warning:  #177-D: variable "buff" was declared but never referenced
         uint64_t buff;
msg\msg.c(5946): warning:  #177-D: variable "buff" was declared but never referenced
         uint64_t buff;
msg\msg.c(5976): warning:  #177-D: variable "buff" was declared but never referenced
         uint64_t buff;
msg\msg.c(5984): warning:  #177-D: variable "buff" was declared but never referenced
         uint64_t buff;
msg\msg.c(5996): warning:  #177-D: variable "buff" was declared but never referenced
         uint64_t buff;
msg\msg.c(6008): warning:  #177-D: variable "buff" was declared but never referenced
         uint64_t buff;
msg\msg.c(6044): warning:  #175-D: subscript out of range
      buff=(uint64_t)(J1939_MESSAGE->Mxe.Data[8])<<24;
msg\msg.c(6045): warning:  #175-D: subscript out of range
      buff |= (uint64_t)(J1939_MESSAGE->Mxe.Data[9])<<16;
msg\msg.c(6046): warning:  #175-D: subscript out of range
      buff |= (uint64_t)(J1939_MESSAGE->Mxe.Data[10])<<8;
msg\msg.c(6047): warning:  #175-D: subscript out of range
      buff |= (uint64_t)(J1939_MESSAGE->Mxe.Data[11]);
msg\msg.c(6049): warning:  #175-D: subscript out of range
      buff=(uint64_t)(J1939_MESSAGE->Mxe.Data[12])<<24;
msg\msg.c(6050): warning:  #175-D: subscript out of range
      buff |= (uint64_t)(J1939_MESSAGE->Mxe.Data[13])<<16;
msg\msg.c(6051): warning:  #175-D: subscript out of range
      buff |= (uint64_t)(J1939_MESSAGE->Mxe.Data[14])<<8;
msg\msg.c(6052): warning:  #175-D: subscript out of range
      buff |= (uint64_t)(J1939_MESSAGE->Mxe.Data[15]);
msg\msg.c(6054): warning:  #175-D: subscript out of range
      buff=(uint64_t)(J1939_MESSAGE->Mxe.Data[16])<<24;
msg\msg.c(6055): warning:  #175-D: subscript out of range
      buff |= (uint64_t)(J1939_MESSAGE->Mxe.Data[17])<<16;
msg\msg.c(6056): warning:  #175-D: subscript out of range
      buff |= (uint64_t)(J1939_MESSAGE->Mxe.Data[18])<<8;
msg\msg.c(6057): warning:  #175-D: subscript out of range
      buff |= (uint64_t)(J1939_MESSAGE->Mxe.Data[19]);
msg\msg.c(6117): warning:  #175-D: subscript out of range
      buff=(uint64_t)(J1939_MESSAGE->Mxe.Data[8])<<24;
msg\msg.c(6118): warning:  #175-D: subscript out of range
      buff |= (uint64_t)(J1939_MESSAGE->Mxe.Data[9])<<16;
msg\msg.c(6119): warning:  #175-D: subscript out of range
      buff |= (uint64_t)(J1939_MESSAGE->Mxe.Data[10])<<8;
msg\msg.c(6120): warning:  #175-D: subscript out of range
      buff |= (uint64_t)(J1939_MESSAGE->Mxe.Data[11]);
msg\msg.c(6122): warning:  #175-D: subscript out of range
      buff=(uint64_t)(J1939_MESSAGE->Mxe.Data[12])<<24;
msg\msg.c(6123): warning:  #175-D: subscript out of range
      buff |= (uint64_t)(J1939_MESSAGE->Mxe.Data[13])<<16;
msg\msg.c(6124): warning:  #175-D: subscript out of range
      buff |= (uint64_t)(J1939_MESSAGE->Mxe.Data[14])<<8;
msg\msg.c(6125): warning:  #175-D: subscript out of range
      buff |= (uint64_t)(J1939_MESSAGE->Mxe.Data[15]);
msg\msg.c(6169): warning:  #175-D: subscript out of range
      buff |= (uint64_t)(J1939_MESSAGE->Mxe.Data[8])<<8;
msg\msg.c(6170): warning:  #175-D: subscript out of range
      buff |= (uint64_t)(J1939_MESSAGE->Mxe.Data[9]);
msg\msg.c(6186): warning:  #175-D: subscript out of range
      buff=(uint64_t)(J1939_MESSAGE->Mxe.Data[8])<<24;
msg\msg.c(6187): warning:  #175-D: subscript out of range
      buff |= (uint64_t)(J1939_MESSAGE->Mxe.Data[9])<<16;
msg\msg.c(6188): warning:  #175-D: subscript out of range
      buff |= (uint64_t)(J1939_MESSAGE->Mxe.Data[10])<<8;
msg\msg.c(6189): warning:  #175-D: subscript out of range
      buff |= (uint64_t)(J1939_MESSAGE->Mxe.Data[11]);
msg\msg.c(6191): warning:  #175-D: subscript out of range
      buff=(uint64_t)(J1939_MESSAGE->Mxe.Data[12])<<24;
msg\msg.c(6192): warning:  #175-D: subscript out of range
      buff |= (uint64_t)(J1939_MESSAGE->Mxe.Data[13])<<16;
msg\msg.c(6193): warning:  #175-D: subscript out of range
      buff |= (uint64_t)(J1939_MESSAGE->Mxe.Data[14])<<8;
msg\msg.c(6194): warning:  #175-D: subscript out of range
      buff |= (uint64_t)(J1939_MESSAGE->Mxe.Data[15]);
msg\msg.c(6196): warning:  #175-D: subscript out of range
      buff=(uint64_t)(J1939_MESSAGE->Mxe.Data[16])<<24;
msg\msg.c(6197): warning:  #175-D: subscript out of range
      buff |= (uint64_t)(J1939_MESSAGE->Mxe.Data[17])<<16;
msg\msg.c(6198): warning:  #175-D: subscript out of range
      buff |= (uint64_t)(J1939_MESSAGE->Mxe.Data[18])<<8;
msg\msg.c(6199): warning:  #175-D: subscript out of range
      buff |= (uint64_t)(J1939_MESSAGE->Mxe.Data[19]);
msg\msg.c(6218): warning:  #175-D: subscript out of range
      buff=(uint64_t)(J1939_MESSAGE->Mxe.Data[8])<<24;
msg\msg.c(6219): warning:  #175-D: subscript out of range
      buff |= (uint64_t)(J1939_MESSAGE->Mxe.Data[9])<<16;
msg\msg.c(6220): warning:  #175-D: subscript out of range
      buff |= (uint64_t)(J1939_MESSAGE->Mxe.Data[10])<<8;
msg\msg.c(6221): warning:  #175-D: subscript out of range
      buff |= (uint64_t)(J1939_MESSAGE->Mxe.Data[11]);
msg\msg.c(6223): warning:  #175-D: subscript out of range
      buff=(uint64_t)(J1939_MESSAGE->Mxe.Data[12])<<24;
msg\msg.c(6224): warning:  #175-D: subscript out of range
      buff |= (uint64_t)(J1939_MESSAGE->Mxe.Data[13])<<16;
msg\msg.c(6225): warning:  #175-D: subscript out of range
      buff |= (uint64_t)(J1939_MESSAGE->Mxe.Data[14])<<8;
msg\msg.c(6226): warning:  #175-D: subscript out of range
      buff |= (uint64_t)(J1939_MESSAGE->Mxe.Data[15]);
msg\msg.c(6228): warning:  #175-D: subscript out of range
      buff=(uint64_t)(J1939_MESSAGE->Mxe.Data[16])<<24;
msg\msg.c(6229): warning:  #175-D: subscript out of range
      buff |= (uint64_t)(J1939_MESSAGE->Mxe.Data[17])<<16;
msg\msg.c(6230): warning:  #175-D: subscript out of range
      buff |= (uint64_t)(J1939_MESSAGE->Mxe.Data[18])<<8;
msg\msg.c(6231): warning:  #175-D: subscript out of range
      buff |= (uint64_t)(J1939_MESSAGE->Mxe.Data[19]);
msg\msg.c(6250): warning:  #175-D: subscript out of range
      buff=(uint64_t)(J1939_MESSAGE->Mxe.Data[8])<<24;
msg\msg.c(6251): warning:  #175-D: subscript out of range
      buff |= (uint64_t)(J1939_MESSAGE->Mxe.Data[9])<<16;
msg\msg.c(6252): warning:  #175-D: subscript out of range
      buff |= (uint64_t)(J1939_MESSAGE->Mxe.Data[10])<<8;
msg\msg.c(6253): warning:  #175-D: subscript out of range
      buff |= (uint64_t)(J1939_MESSAGE->Mxe.Data[11]);
msg\msg.c(6269): warning:  #175-D: subscript out of range
      buff=(uint64_t)(J1939_MESSAGE->Mxe.Data[8])<<24;
msg\msg.c(6270): warning:  #175-D: subscript out of range
      buff |= (uint64_t)(J1939_MESSAGE->Mxe.Data[9])<<16;
msg\msg.c(6271): warning:  #175-D: subscript out of range
      buff |= (uint64_t)(J1939_MESSAGE->Mxe.Data[10])<<8;
msg\msg.c(6272): warning:  #175-D: subscript out of range
      buff |= (uint64_t)(J1939_MESSAGE->Mxe.Data[11]);
msg\msg.c(6274): warning:  #175-D: subscript out of range
      buff=(uint64_t)(J1939_MESSAGE->Mxe.Data[12])<<24;
msg\msg.c(6275): warning:  #175-D: subscript out of range
      buff |= (uint64_t)(J1939_MESSAGE->Mxe.Data[13])<<16;
msg\msg.c(6276): warning:  #175-D: subscript out of range
      buff |= (uint64_t)(J1939_MESSAGE->Mxe.Data[14])<<8;
msg\msg.c(6277): warning:  #175-D: subscript out of range
      buff |= (uint64_t)(J1939_MESSAGE->Mxe.Data[15]);
msg\msg.c(6293): warning:  #175-D: subscript out of range
      buff=(uint64_t)(J1939_MESSAGE->Mxe.Data[8])<<24;
msg\msg.c(6294): warning:  #175-D: subscript out of range
      buff |= (uint64_t)(J1939_MESSAGE->Mxe.Data[9])<<16;
msg\msg.c(6295): warning:  #175-D: subscript out of range
      buff |= (uint64_t)(J1939_MESSAGE->Mxe.Data[10])<<8;
msg\msg.c(6296): warning:  #175-D: subscript out of range
      buff |= (uint64_t)(J1939_MESSAGE->Mxe.Data[11]);
msg\msg.c(6298): warning:  #175-D: subscript out of range
      buff=(uint64_t)(J1939_MESSAGE->Mxe.Data[12])<<24;
msg\msg.c(6299): warning:  #175-D: subscript out of range
      buff |= (uint64_t)(J1939_MESSAGE->Mxe.Data[13])<<16;
msg\msg.c(6300): warning:  #175-D: subscript out of range
      buff |= (uint64_t)(J1939_MESSAGE->Mxe.Data[14])<<8;
msg\msg.c(6301): warning:  #175-D: subscript out of range
      buff |= (uint64_t)(J1939_MESSAGE->Mxe.Data[15]);
msg\msg.c(6359): warning:  #177-D: variable "buff" was declared but never referenced
         uint64_t buff;
msg\msg.c(6364): warning:  #177-D: variable "buff" was declared but never referenced
         uint64_t buff;
msg\msg.c(6373): warning:  #177-D: variable "buff" was declared but never referenced
         uint64_t buff;
msg\msg.c(6379): warning:  #177-D: variable "buff" was declared but never referenced
         uint64_t buff;
msg\msg.c(6437): warning:  #177-D: variable "buff" was declared but never referenced
         uint64_t buff;
msg\msg.c(6481): warning:  #177-D: variable "buff" was declared but never referenced
         uint64_t buff;
msg\msg.c(6526): warning:  #177-D: variable "buff" was declared but never referenced
         uint64_t buff;
msg\msg.c(6565): warning:  #177-D: variable "buff" was declared but never referenced
         uint64_t buff;
msg\msg.c(6635): warning:  #177-D: variable "buff" was declared but never referenced
         uint64_t buff;
msg\msg.c(6818): warning:  #177-D: variable "buff" was declared but never referenced
         uint64_t buff;
msg\msg.c(6828): warning:  #177-D: variable "buff" was declared but never referenced
         uint64_t buff;
msg\msg.c(6838): warning:  #177-D: variable "buff" was declared but never referenced
         uint64_t buff;
msg\msg.c(6865): warning:  #177-D: variable "buff" was declared but never referenced
         uint64_t buff;
msg\msg.c(6887): warning:  #223-D: function "sprintf" declared implicitly
                                        sprintf(data,"\nPGN : %d Array:%X %X %X %X %X %X %X %X\n",J1939_MESSAGE->Mxe.PGN,J1939_MESSAGE->Mxe.Data[0],J1939_MESSAGE->Mxe.Data[1],J1939_MESSAGE->Mxe.Data[2],
msg\msg.c(6889): warning:  #223-D: function "USART_STR" declared implicitly
                                USART_STR(USART2,data);
msg\msg.c(6904): warning:  #223-D: function "sprintf" declared implicitly
                                        sprintf(data,"\nPGN : %d Array:%X %X %X %X %X %X %X %X\n",J1939_MESSAGE->Mxe.PGN,J1939_MESSAGE->Mxe.Data[0],J1939_MESSAGE->Mxe.Data[1],J1939_MESSAGE->Mxe.Data[2],
msg\msg.c(6906): warning:  #223-D: function "USART_STR" declared implicitly
                                USART_STR(USART2,data);
msg\msg.c: 753 warnings, 0 errors
linking...
Program Size: Code=93326 RO-data=602 RW-data=64 ZI-data=2584  
FromELF: creating hex file...
".\Obj\STM32.axf" - 0 Error(s), 775 Warning(s).
</pre>
</body>
</html>
eferenced
         uint64_t buff;
msg\msg.c(4798): warning:  #177-D: variable "buff" was declared but never referenced
         uint64_t buff;
msg\msg.c(4838): warning:  #177-D: variable "buff" was declared but never referenced
         uint64_t buff;
msg\msg.c(4873): warning:  #177-D: variable "buff" was declared but never referenced
         uint64_t buff;
msg\msg.c(4902): warning:  #177-D: variable "buff" was declared but never referenced
         uint64_t buff;
msg\msg.c(4909): warning:  #177-D: variable "buff" was declared but never referenced
         uint64_t buff;
msg\msg.c(4921): warning:  #177-D: variable "buff" was declared but never referenced
         uint64_t buff;
msg\msg.c(4945): warning:  #177-D: variable "buff" was declared but never referenced
         uint64_t buff;
msg\msg.c(4982): warning:  #177-D: variable "buff" was declared but never referenced
         uint64_t buff;
msg\msg.c(5093): warning:  #177-D: variable "buff" was declared but never referenced
         uint64_t buff;
msg\msg.c(5115): warning:  #177-D: variable "buff" was declared but never referenced
         uint64_t buff;
msg\msg.c(5356): warning:  #177-D: variable "buff" was declared but never referenced
         uint64_t buff;
msg\msg.c(5368): warning:  #177-D: variable "buff" was declared but never referenced
         uint64_t buff;
msg\msg.c(5380): warning:  #177-D: variable "buff" was declared but never referenced
         uint64_t buff;
msg\msg.c(5439): warning:  #177-D: variable "buff" was declared but never referenced
         uint64_t buff;
msg\msg.c(5468): warning:  #177-D: variable "buff" was declared but never referenced
         uint64_t buff;
msg\msg.c(5485): warning:  #177-D: variable "buff" was declared but never referenced
         uint64_t buff;
msg\msg.c(5717): warning:  #177-D: variable "buff" was declared but never referenced
         uint64_t buff;
msg\msg.c(5742): warning:  #177-D: variable "buff" was declared but never referenced
         uint64_t buff;
msg\msg.c(5751): warning:  #177-D: variable "buff" was declared but never referenced
         uint64_t buff;
msg\msg.c(5781): warning:  #177-D: variable "buff" was declared but never referenced
         uint64_t buff;
msg\msg.c(5789): warning:  #177-D: variable "buff" was declared but never referenced
         uint64_t buff;
msg\msg.c(5801): warning:  #177-D: variable "buff" was declared but never referenced
         uint64_t buff;
msg\msg.c(5813): warning:  #177-D: variable "buff" was declared but never referenced
         uint64_t buff;
msg\msg.c(5839): warning:  #175-D: subscript out of range
      buff=(uint64_t)(J1939_MESSAGE->Mxe.Data[-1])<<24;
msg\msg.c(5844): warning:  #175-D: subscript out of range
      buff=(uint64_t)(J1939_MESSAGE->Mxe.Data[-1])<<24;
msg\msg.c(5849): warning:  #175-D: subscript out of range
      buff=(uint64_t)(J1939_MESSAGE->Mxe.Data[-1])<<24;
msg\msg.c(5912): warning:  #175-D: subscript out of range
      buff=(uint64_t)(J1939_MESSAGE->Mxe.Data[-1])<<24;
msg\msg.c(5917): warning:  #175-D: subscript out of range
      buff=(uint64_t)(J1939_MESSAGE->Mxe.Data[-1])<<24;
msg\msg.c(5922): warning:  #175-D: subscript out of range
      buff=(uint64_t)(J1939_MESSAGE->Mxe.Data[-1])<<24;
msg\msg.c(5974): warning:  #175-D: subscript out of range
      buff |= (uint64_t)(J1939_MESSAGE->Mxe.Data[8])<<8;
msg\msg.c(5975): warning:  #175-D: subscript out of range
      buff |= (uint64_t)(J1939_MESSAGE->Mxe.Data[9]);
msg\msg.c(5981): warning:  #175-D: subscript out of range
      buff=(uint64_t)(J1939_MESSAGE->Mxe.Data[-1])<<24;
msg\msg.c(5986): warning:  #175-D: subscript out of range
      buff=(uint64_t)(J1939_MESSAGE->Mxe.Data[-1])<<24;
msg\msg.c(5991): warning:  #175-D: subscript out of range
      buff=(uint64_t)(J1939_MESSAGE->Mxe.Data[-1])<<24;
msg\msg.c(6013): warning:  #175-D: subscript out of range
      buff=(uint64_t)(J1939_MESSAGE->Mxe.Data[-1])<<24;
msg\msg.c(6018): warning:  #175-D: subscript out of range
      buff=(uint64_t)(J1939_MESSAGE->Mxe.Data[-1])<<24;
msg\msg.c(6023): warning:  #175-D: subscript out of range
      buff=(uint64_t)(J1939_MESSAGE->Mxe.Data[-1])<<24;
msg\msg.c(6055): warning:  #175-D: subscript out of range
      buff=(uint64_t)(J1939_MESSAGE->Mxe.Data[8])<<24;
msg\msg.c(6056): warning:  #175-D: subscript out of range
      buff |= (uint64_t)(J1939_MESSAGE->Mxe.Data[9])<<16;
msg\msg.c(6057): warning:  #175-D: subscript out of range
      buff |= (uint64_t)(J1939_MESSAGE->Mxe.Data[10])<<8;
msg\msg.c(6058): warning:  #175-D: subscript out of range
      buff |= (uint64_t)(J1939_MESSAGE->Mxe.Data[11]);
msg\msg.c(6064): warning:  #175-D: subscript out of range
      buff=(uint64_t)(J1939_MESSAGE->Mxe.Data[-1])<<24;
msg\msg.c(6069): warning:  #175-D: subscript out of range
      buff=(uint64_t)(J1939_MESSAGE->Mxe.Data[-1])<<24;
msg\msg.c(6074): warning:  #175-D: subscript out of range
      buff=(uint64_t)(J1939_MESSAGE->Mxe.Data[-1])<<24;
msg\msg.c(6088): warning:  #175-D: subscript out of range
      buff=(uint64_t)(J1939_MESSAGE->Mxe.Data[-1])<<24;
msg\msg.c(6093): warning:  #175-D: subscript out of range
      buff=(uint64_t)(J1939_MESSAGE->Mxe.Data[-1])<<24;
msg\msg.c(6098): warning:  #175-D: subscript out of range
      buff=(uint64_t)(J1939_MESSAGE->Mxe.Data[-1])<<24;
msg\msg.c(6164): warning:  #177-D: variable "buff" was declared but never referenced
         uint64_t buff;
msg\msg.c(6169): warning:  #177-D: variable "buff" was declared but never referenced
         uint64_t buff;
msg\msg.c(6178): warning:  #177-D: variable "buff" was declared but never referenced
         uint64_t buff;
msg\msg.c(6184): warning:  #177-D: variable "buff" was declared but never referenced
         uint64_t buff;
msg\msg.c(6242): warning:  #177-D: variable "buff" was declared but never referenced
         uint64_t buff;
msg\msg.c(6286): warning:  #177-D: variable "buff" was declared but never referenced
         uint64_t buff;
msg\msg.c(6331): warning:  #177-D: variable "buff" was declared but never referenced
         uint64_t buff;
msg\msg.c(6370): warning:  #177-D: variable "buff" was declared but never referenced
         uint64_t buff;
msg\msg.c(6440): warning:  #177-D: variable "buff" was declared but never referenced
         uint64_t buff;
msg\msg.c(6623): warning:  #177-D: variable "buff" was declared but never referenced
         uint64_t buff;
msg\msg.c(6633): warning:  #177-D: variable "buff" was declared but never referenced
         uint64_t buff;
msg\msg.c(6643): warning:  #177-D: variable "buff" was declared but never referenced
         uint64_t buff;
msg\msg.c(6670): warning:  #177-D: variable "buff" was declared but never referenced
         uint64_t buff;
msg\msg.c(6692): warning:  #223-D: function "sprintf" declared implicitly
                                        sprintf(data,"\nPGN : %d Array:%X %X %X %X %X %X %X %X\n",J1939_MESSAGE->Mxe.PGN,J1939_MESSAGE->Mxe.Data[0],J1939_MESSAGE->Mxe.Data[1],J1939_MESSAGE->Mxe.Data[2],
msg\msg.c(6694): warning:  #223-D: function "USART_STR" declared implicitly
                                USART_STR(USART2,data);
msg\msg.c(6709): warning:  #223-D: function "sprintf" declared implicitly
                                        sprintf(data,"\nPGN : %d Array:%X %X %X %X %X %X %X %X\n",J1939_MESSAGE->Mxe.PGN,J1939_MESSAGE->Mxe.Data[0],J1939_MESSAGE->Mxe.Data[1],J1939_MESSAGE->Mxe.Data[2],
msg\msg.c(6711): warning:  #223-D: function "USART_STR" declared implicitly
                                USART_STR(USART2,data);
msg\msg.c: 275 warnings, 4 errors
"msg\msg.c" - 4 Error(s), 275 Warning(s).
