<html>
<body>
<pre>
<h1>礦ision Build Log</h1>
<h2>Project:</h2>
C:\Users\杨勇\Desktop\毕业设计\git\j1939-\数据接收及其oled显示\User\OLED.uvproj
Project File Date:  04/04/2023

<h2>Output:</h2>
Rebuild target 'Target 1'
compiling main.c...
..\j1939\J1939\j1939.h(290): warning:  #40-D: expected an identifier
        };
..\j1939\J1939\j1939.h(319): warning:  #1295-D: Deprecated declaration J1939_Initialization - give arg types
  extern void                   J1939_Initialization( );
..\j1939\J1939\j1939.h(321): warning:  #1295-D: Deprecated declaration J1939_ISR - give arg types
  extern void                       J1939_ISR( );
..\j1939\J1939\j1939.h(323): warning:  #1295-D: Deprecated declaration J1939_Poll - give arg types
  extern void                   J1939_Poll( );
main.c(176): warning:  #223-D: function "J1939_EnqueueMessage" declared implicitly
          while (J1939_EnqueueMessage(&Msg,Select_CAN_NODE_1) != RC_SUCCESS){ 
main.c: 5 warnings, 0 errors
compiling stm32f10x_it.c...
compiling system_stm32f10x.c...
compiling oled.c...
compiling delay.c...
compiling sys.c...
compiling core_cm3.c...
assembling startup_stm32f10x_hd.s...
compiling misc.c...
compiling stm32f10x_gpio.c...
compiling stm32f10x_rcc.c...
compiling stm32f10x_usart.c...
compiling stm32f10x_can.c...
compiling stm32f10x_exti.c...
compiling can.c...
..\j1939\can\can.c(80): warning:  #177-D: variable "TxMessage" was declared but never referenced
    CanTxMsg TxMessage;  
..\j1939\can\can.c(138): warning:  #223-D: function "J1939_ISR" declared implicitly
    J1939_ISR( );
..\j1939\can\can.c: 2 warnings, 0 errors
compiling led.c...
compiling usart1.c...
compiling J1939.c...
..\j1939\J1939\J1939.H(290): warning:  #40-D: expected an identifier
        };
..\j1939\J1939\J1939.H(319): warning:  #1295-D: Deprecated declaration J1939_Initialization - give arg types
  extern void                   J1939_Initialization( );
..\j1939\J1939\J1939.H(321): warning:  #1295-D: Deprecated declaration J1939_ISR - give arg types
  extern void                       J1939_ISR( );
..\j1939\J1939\J1939.H(323): warning:  #1295-D: Deprecated declaration J1939_Poll - give arg types
  extern void                   J1939_Poll( );
..\j1939\J1939\J1939_config.H(260): warning:  #111-D: statement is unreachable
                        break;
..\j1939\J1939\J1939_config.H(269): warning:  #111-D: statement is unreachable
                        return 0;
..\j1939\J1939\J1939_config.H(270): warning:  #111-D: statement is unreachable
                        break;
..\j1939\J1939\J1939_config.H(280): warning:  #111-D: statement is unreachable
                        return 0;
..\j1939\J1939\J1939_config.H(281): warning:  #111-D: statement is unreachable
                        break;
..\j1939\J1939\J1939_config.H(291): warning:  #111-D: statement is unreachable
                        return 0;
..\j1939\J1939\J1939_config.H(292): warning:  #111-D: statement is unreachable
                        break;
..\j1939\J1939\J1939_config.H(297): warning:  #111-D: statement is unreachable
                        break;
..\msg\msg.h(123): warning:  #1-D: last line of file ends without a newline
  #endif
..\j1939\J1939\J1939.c(499): warning:  #223-D: function "J1939_TP_Poll" declared implicitly
          J1939_TP_Poll();
..\j1939\J1939\J1939.c(678): warning:  #111-D: statement is unreachable
                      break;
..\j1939\J1939\J1939.c(735): warning:  #111-D: statement is unreachable
                                break;
..\j1939\J1939\J1939.c(1054): warning:  #111-D: statement is unreachable
                        break;
..\j1939\J1939\J1939.c(1356): warning:  #159-D: declaration is incompatible with previous "J1939_TP_Poll" (declared at line 499)
  void J1939_TP_Poll(void)
..\j1939\J1939\J1939.c(1595): warning:  #223-D: function "malloc" declared implicitly
        _requestList->next = (struct Request_List *)malloc(sizeof(struct Request_List));
..\j1939\J1939\J1939.c: 19 warnings, 0 errors
compiling msg.c...
..\j1939\J1939\J1939.H(290): warning:  #40-D: expected an identifier
        };
..\j1939\J1939\J1939.H(319): warning:  #1295-D: Deprecated declaration J1939_Initialization - give arg types
  extern void                   J1939_Initialization( );
..\j1939\J1939\J1939.H(321): warning:  #1295-D: Deprecated declaration J1939_ISR - give arg types
  extern void                       J1939_ISR( );
..\j1939\J1939\J1939.H(323): warning:  #1295-D: Deprecated declaration J1939_Poll - give arg types
  extern void                   J1939_Poll( );
..\msg\msg.h(123): warning:  #1-D: last line of file ends without a newline
  #endif
..\msg\msg.c(65): warning:  #177-D: variable "buff" was declared but never referenced
         uint64_t buff;
..\msg\msg.c(126): warning:  #223-D: function "sprintf" declared implicitly
                                                sprintf(data,"Speed:%.2f",CCVS1.Wheel_Based_Vehicle_Speed);
..\msg\msg.c(127): warning:  #223-D: function "OLED_ShowString" declared implicitly
                                                OLED_ShowString(0,0,data,26);
..\msg\msg.c(140): warning:  #223-D: function "sprintf" declared implicitly
                                                sprintf(data,"Temp:%.2f",ET1.Engine_Coolant_Temperature);
..\msg\msg.c(141): warning:  #223-D: function "OLED_ShowString" declared implicitly
                                                OLED_ShowString(0,1,data,26);
..\msg\msg.c(200): warning:  #223-D: function "sprintf" declared implicitly
                                        sprintf(data,"LLit:%d RLit:%d BkUpLtH:%d",LD.bt2.Left_Turn_Signal_Lights,LD.bt2.Right_Turn_Signal_Lights,LD.bt3.Back_Up_Light_and_Alarm_Horn);
..\msg\msg.c(201): warning:  #223-D: function "OLED_ShowString" declared implicitly
                                                OLED_ShowString(0,3,data,26);
..\msg\msg.c(102): warning:  #177-D: variable "LLRE" was declared but never referenced
                                getLLRE_t LLRE;
..\msg\msg.c: 13 warnings, 0 errors
compiling exti.c...
..\exti\exti.c(3): warning:  #177-D: function "NVIC_ConfigurationEXTI9_5_IRQn" was declared but never referenced
  static void NVIC_ConfigurationEXTI9_5_IRQn(void)
..\exti\exti.c: 1 warning, 0 errors
linking...
Program Size: Code=22834 RO-data=2586 RW-data=88 ZI-data=2672  
FromELF: creating hex file...
"..\OBJ\OLED.axf" - 0 Error(s), 40 Warning(s).
Load "..\\OBJ\\OLED.axf" 
Full Chip Erase Done.
Programming Done.
Verify OK.
Application running ...
axf" 
Full Chip Erase Done.
Programming Done.
Verify OK.
Application running ...
xti\exti.c(187): warning:  #223-D: function "printf" declared implicitly
                printf("\r\n EXTI_Line12\r\n");
..\exti\exti.c(193): warning:  #223-D: function "printf" declared implicitly
                printf("\r\n EXTI_Line11\r\n");
..\exti\exti.c(199): warning:  #223-D: function "printf" declared implicitly
                printf("\r\n EXTI_Line13\r\n");
..\exti\exti.c(207): warning:  #223-D: function "printf" declared implicitly
          printf("\r\n EXTI_Line1\r\n");
..\exti\exti.c(3): warning:  #177-D: function "NVIC_ConfigurationEXTI9_5_IRQn" was declared but never referenced
  static void NVIC_ConfigurationEXTI9_5_IRQn(void)
..\exti\exti.c(19): warning:  #177-D: function "NVIC_ConfigurationEXTI15_10_IRQn" was declared but never referenced
  static void NVIC_ConfigurationEXTI15_10_IRQn(void)
..\exti\exti.c: 11 warnings, 0 errors
linking...
Program Size: Code=26322 RO-data=2690 RW-data=100 ZI-data=2924  
FromELF: creating hex file...
"..\OBJ\OLED.axf" - 0 Error(s), 50 Warning(s).
om exti.o).
..\OBJ\OLED.axf: Error: L6218E: Undefined symbol EXTI_Init (referred from exti.o).
Not enough information to list image symbols.
Finished: 1 information, 0 warning and 3 error messages.
"..\OBJ\OLED.axf" - 3 Error(s), 50 Warning(s).
Target not created
